[2025-07-02T07:13:28.752+0000] {local_task_job_runner.py:123} INFO - ::group::Pre task execution logs
[2025-07-02T07:13:28.773+0000] {taskinstance.py:2612} INFO - Dependencies all met for dep_context=non-requeueable deps ti=<TaskInstance: extract_raw_data_pipeline.run_dbt_trusted scheduled__2025-07-02T07:12:00+00:00 [queued]>
[2025-07-02T07:13:28.782+0000] {taskinstance.py:2612} INFO - Dependencies all met for dep_context=requeueable deps ti=<TaskInstance: extract_raw_data_pipeline.run_dbt_trusted scheduled__2025-07-02T07:12:00+00:00 [queued]>
[2025-07-02T07:13:28.782+0000] {taskinstance.py:2865} INFO - Starting attempt 1 of 1
[2025-07-02T07:13:29.303+0000] {taskinstance.py:2888} INFO - Executing <Task(BashOperator): run_dbt_trusted> on 2025-07-02 07:12:00+00:00
[2025-07-02T07:13:29.310+0000] {warnings.py:112} WARNING - /home/***/.local/lib/python3.12/site-packages/***/task/task_runner/standard_task_runner.py:70: DeprecationWarning: This process (pid=4258) is multi-threaded, use of fork() may lead to deadlocks in the child.
  pid = os.fork()

[2025-07-02T07:13:29.311+0000] {standard_task_runner.py:72} INFO - Started process 4260 to run task
[2025-07-02T07:13:29.312+0000] {standard_task_runner.py:104} INFO - Running: ['***', 'tasks', 'run', 'extract_raw_data_pipeline', 'run_dbt_trusted', 'scheduled__2025-07-02T07:12:00+00:00', '--job-id', '118', '--raw', '--subdir', 'DAGS_FOLDER/driven_data_pipeline.py', '--cfg-path', '/tmp/tmpfbxob_rz']
[2025-07-02T07:13:29.313+0000] {standard_task_runner.py:105} INFO - Job 118: Subtask run_dbt_trusted
[2025-07-02T07:13:29.520+0000] {task_command.py:467} INFO - Running <TaskInstance: extract_raw_data_pipeline.run_dbt_trusted scheduled__2025-07-02T07:12:00+00:00 [running]> on host 48b6d860598d
[2025-07-02T07:13:29.729+0000] {taskinstance.py:3131} INFO - Exporting env vars: AIRFLOW_CTX_DAG_OWNER='***' AIRFLOW_CTX_DAG_ID='extract_raw_data_pipeline' AIRFLOW_CTX_TASK_ID='run_dbt_trusted' AIRFLOW_CTX_EXECUTION_DATE='2025-07-02T07:12:00+00:00' AIRFLOW_CTX_TRY_NUMBER='1' AIRFLOW_CTX_DAG_RUN_ID='scheduled__2025-07-02T07:12:00+00:00'
[2025-07-02T07:13:29.732+0000] {taskinstance.py:731} INFO - ::endgroup::
[2025-07-02T07:13:29.770+0000] {subprocess.py:63} INFO - Tmp dir root location: /tmp
[2025-07-02T07:13:29.771+0000] {subprocess.py:75} INFO - Running command: ['/usr/bin/bash', '-c', 'set -x; cd /opt/***/dbt && dbt run --select tag:trusted']
[2025-07-02T07:13:29.784+0000] {subprocess.py:86} INFO - Output:
[2025-07-02T07:13:29.786+0000] {subprocess.py:93} INFO - + cd /opt/***/dbt
[2025-07-02T07:13:29.786+0000] {subprocess.py:93} INFO - + dbt run --select tag:trusted
[2025-07-02T07:13:32.558+0000] {subprocess.py:93} INFO - [0m07:13:32  Running with dbt=1.8.0
[2025-07-02T07:13:32.869+0000] {subprocess.py:93} INFO - [0m07:13:32  Registered adapter: postgres=1.8.2
[2025-07-02T07:13:33.315+0000] {subprocess.py:93} INFO - [0m07:13:33  Found 9 models, 10 sources, 428 macros
[2025-07-02T07:13:33.318+0000] {subprocess.py:93} INFO - [0m07:13:33
[2025-07-02T07:13:33.452+0000] {subprocess.py:93} INFO - [0m07:13:33  Concurrency: 1 threads (target='dev')
[2025-07-02T07:13:33.453+0000] {subprocess.py:93} INFO - [0m07:13:33
[2025-07-02T07:13:33.465+0000] {subprocess.py:93} INFO - [0m07:13:33  1 of 4 START sql table model driven_trusted.non_pii_data ....................... [RUN]
[2025-07-02T07:13:37.168+0000] {subprocess.py:93} INFO - [0m07:13:37  1 of 4 OK created sql table model driven_trusted.non_pii_data .................. [[32mSELECT 75640[0m in 3.70s]
[2025-07-02T07:13:37.173+0000] {subprocess.py:93} INFO - [0m07:13:37  2 of 4 START sql table model driven_trusted.payment_data ....................... [RUN]
[2025-07-02T07:13:38.009+0000] {subprocess.py:93} INFO - [0m07:13:38  2 of 4 OK created sql table model driven_trusted.payment_data .................. [[32mSELECT 75640[0m in 0.83s]
[2025-07-02T07:13:38.013+0000] {subprocess.py:93} INFO - [0m07:13:38  3 of 4 START sql table model driven_trusted.pii_data ........................... [RUN]
[2025-07-02T07:13:44.002+0000] {subprocess.py:93} INFO - [0m07:13:44  3 of 4 OK created sql table model driven_trusted.pii_data ...................... [[32mSELECT 75640[0m in 5.98s]
[2025-07-02T07:13:44.011+0000] {subprocess.py:93} INFO - [0m07:13:44  4 of 4 START sql table model driven_trusted.technical_data ..................... [RUN]
[2025-07-02T07:13:45.769+0000] {subprocess.py:93} INFO - [0m07:13:45  4 of 4 OK created sql table model driven_trusted.technical_data ................ [[32mSELECT 75640[0m in 1.75s]
[2025-07-02T07:13:45.799+0000] {subprocess.py:93} INFO - [0m07:13:45
[2025-07-02T07:13:45.800+0000] {subprocess.py:93} INFO - [0m07:13:45  Finished running 4 table models in 0 hours 0 minutes and 12.48 seconds (12.48s).
[2025-07-02T07:13:45.837+0000] {subprocess.py:93} INFO - [0m07:13:45
[2025-07-02T07:13:45.838+0000] {subprocess.py:93} INFO - [0m07:13:45  [32mCompleted successfully[0m
[2025-07-02T07:13:45.838+0000] {subprocess.py:93} INFO - [0m07:13:45
[2025-07-02T07:13:45.839+0000] {subprocess.py:93} INFO - [0m07:13:45  Done. PASS=4 WARN=0 ERROR=0 SKIP=0 TOTAL=4
[2025-07-02T07:13:46.516+0000] {subprocess.py:97} INFO - Command exited with return code 0
[2025-07-02T07:13:46.742+0000] {taskinstance.py:340} INFO - ::group::Post task execution logs
[2025-07-02T07:13:46.742+0000] {taskinstance.py:352} INFO - Marking task as SUCCESS. dag_id=extract_raw_data_pipeline, task_id=run_dbt_trusted, run_id=scheduled__2025-07-02T07:12:00+00:00, execution_date=20250702T071200, start_date=20250702T071328, end_date=20250702T071346
[2025-07-02T07:13:47.248+0000] {local_task_job_runner.py:266} INFO - Task exited with return code 0
[2025-07-02T07:13:47.267+0000] {taskinstance.py:3900} INFO - 0 downstream tasks scheduled from follow-on schedule check
[2025-07-02T07:13:47.313+0000] {local_task_job_runner.py:245} INFO - ::endgroup::
