[2025-07-03T02:29:16.594+0000] {local_task_job_runner.py:123} INFO - ::group::Pre task execution logs
[2025-07-03T02:29:16.692+0000] {taskinstance.py:2612} INFO - Dependencies all met for dep_context=non-requeueable deps ti=<TaskInstance: extract_raw_data_pipeline.extract_raw_data manual__2025-07-03T02:28:23.977982+00:00 [queued]>
[2025-07-03T02:29:16.719+0000] {taskinstance.py:2612} INFO - Dependencies all met for dep_context=requeueable deps ti=<TaskInstance: extract_raw_data_pipeline.extract_raw_data manual__2025-07-03T02:28:23.977982+00:00 [queued]>
[2025-07-03T02:29:16.720+0000] {taskinstance.py:2865} INFO - Starting attempt 1 of 1
[2025-07-03T02:29:16.859+0000] {taskinstance.py:2888} INFO - Executing <Task(PythonOperator): extract_raw_data> on 2025-07-03 02:28:23.977982+00:00
[2025-07-03T02:29:16.870+0000] {standard_task_runner.py:104} INFO - Running: ['***', 'tasks', 'run', 'extract_raw_data_pipeline', 'extract_raw_data', 'manual__2025-07-03T02:28:23.977982+00:00', '--job-id', '253', '--raw', '--subdir', 'DAGS_FOLDER/driven_data_pipeline.py', '--cfg-path', '/tmp/tmpzsu9uq0s']
[2025-07-03T02:29:16.868+0000] {warnings.py:112} WARNING - /home/***/.local/lib/python3.12/site-packages/***/task/task_runner/standard_task_runner.py:70: DeprecationWarning: This process (pid=13390) is multi-threaded, use of fork() may lead to deadlocks in the child.
  pid = os.fork()

[2025-07-03T02:29:16.955+0000] {standard_task_runner.py:105} INFO - Job 253: Subtask extract_raw_data
[2025-07-03T02:29:16.955+0000] {standard_task_runner.py:72} INFO - Started process 13427 to run task
[2025-07-03T02:29:17.069+0000] {task_command.py:467} INFO - Running <TaskInstance: extract_raw_data_pipeline.extract_raw_data manual__2025-07-03T02:28:23.977982+00:00 [running]> on host 48b6d860598d
[2025-07-03T02:29:17.573+0000] {taskinstance.py:3131} INFO - Exporting env vars: AIRFLOW_CTX_DAG_OWNER='***' AIRFLOW_CTX_DAG_ID='extract_raw_data_pipeline' AIRFLOW_CTX_TASK_ID='extract_raw_data' AIRFLOW_CTX_EXECUTION_DATE='2025-07-03T02:28:23.977982+00:00' AIRFLOW_CTX_TRY_NUMBER='1' AIRFLOW_CTX_DAG_RUN_ID='manual__2025-07-03T02:28:23.977982+00:00'
[2025-07-03T02:29:17.608+0000] {taskinstance.py:731} INFO - ::endgroup::
[2025-07-03T02:29:17.721+0000] {driven_data_pipeline.py:153} INFO - Started batch processing for 2025-07-03.
[2025-07-03T02:29:17.721+0000] {driven_data_pipeline.py:35} INFO - Created synthetic data for MX country code.
[2025-07-03T02:29:18.595+0000] {driven_data_pipeline.py:108} INFO - Written 1093 records to the CSV file.
[2025-07-03T02:29:18.892+0000] {driven_data_pipeline.py:125} INFO - Added UUID to the dataset.
[2025-07-03T02:29:18.981+0000] {driven_data_pipeline.py:145} INFO - Updated accessed timestamp.
[2025-07-03T02:29:18.981+0000] {driven_data_pipeline.py:161} INFO - Finished batch processing 2025-07-03.
[2025-07-03T02:29:18.982+0000] {python.py:240} INFO - Done. Returned value was: None
[2025-07-03T02:29:19.001+0000] {taskinstance.py:340} INFO - ::group::Post task execution logs
[2025-07-03T02:29:19.001+0000] {taskinstance.py:352} INFO - Marking task as SUCCESS. dag_id=extract_raw_data_pipeline, task_id=extract_raw_data, run_id=manual__2025-07-03T02:28:23.977982+00:00, execution_date=20250703T022823, start_date=20250703T022916, end_date=20250703T022919
[2025-07-03T02:29:19.947+0000] {local_task_job_runner.py:266} INFO - Task exited with return code 0
[2025-07-03T02:29:20.793+0000] {taskinstance.py:3900} INFO - 0 downstream tasks scheduled from follow-on schedule check
[2025-07-03T02:29:20.822+0000] {local_task_job_runner.py:245} INFO - ::endgroup::
