[2025-07-02T07:18:17.794+0000] {local_task_job_runner.py:123} INFO - ::group::Pre task execution logs
[2025-07-02T07:18:17.824+0000] {taskinstance.py:2612} INFO - Dependencies all met for dep_context=non-requeueable deps ti=<TaskInstance: extract_raw_data_pipeline.run_dbt_staging scheduled__2025-07-02T07:16:00+00:00 [queued]>
[2025-07-02T07:18:17.837+0000] {taskinstance.py:2612} INFO - Dependencies all met for dep_context=requeueable deps ti=<TaskInstance: extract_raw_data_pipeline.run_dbt_staging scheduled__2025-07-02T07:16:00+00:00 [queued]>
[2025-07-02T07:18:17.838+0000] {taskinstance.py:2865} INFO - Starting attempt 1 of 1
[2025-07-02T07:18:17.969+0000] {taskinstance.py:2888} INFO - Executing <Task(BashOperator): run_dbt_staging> on 2025-07-02 07:16:00+00:00
[2025-07-02T07:18:17.996+0000] {warnings.py:112} WARNING - /home/***/.local/lib/python3.12/site-packages/***/task/task_runner/standard_task_runner.py:70: DeprecationWarning: This process (pid=4533) is multi-threaded, use of fork() may lead to deadlocks in the child.
  pid = os.fork()

[2025-07-02T07:18:18.002+0000] {standard_task_runner.py:72} INFO - Started process 4535 to run task
[2025-07-02T07:18:18.006+0000] {standard_task_runner.py:104} INFO - Running: ['***', 'tasks', 'run', 'extract_raw_data_pipeline', 'run_dbt_staging', 'scheduled__2025-07-02T07:16:00+00:00', '--job-id', '146', '--raw', '--subdir', 'DAGS_FOLDER/driven_data_pipeline.py', '--cfg-path', '/tmp/tmp3j5kbpcy']
[2025-07-02T07:18:18.012+0000] {standard_task_runner.py:105} INFO - Job 146: Subtask run_dbt_staging
[2025-07-02T07:18:18.126+0000] {task_command.py:467} INFO - Running <TaskInstance: extract_raw_data_pipeline.run_dbt_staging scheduled__2025-07-02T07:16:00+00:00 [running]> on host 48b6d860598d
[2025-07-02T07:18:18.615+0000] {taskinstance.py:3131} INFO - Exporting env vars: AIRFLOW_CTX_DAG_OWNER='***' AIRFLOW_CTX_DAG_ID='extract_raw_data_pipeline' AIRFLOW_CTX_TASK_ID='run_dbt_staging' AIRFLOW_CTX_EXECUTION_DATE='2025-07-02T07:16:00+00:00' AIRFLOW_CTX_TRY_NUMBER='1' AIRFLOW_CTX_DAG_RUN_ID='scheduled__2025-07-02T07:16:00+00:00'
[2025-07-02T07:18:18.618+0000] {taskinstance.py:731} INFO - ::endgroup::
[2025-07-02T07:18:18.676+0000] {subprocess.py:63} INFO - Tmp dir root location: /tmp
[2025-07-02T07:18:18.679+0000] {subprocess.py:75} INFO - Running command: ['/usr/bin/bash', '-c', 'set -x; cd /opt/***/dbt && dbt run --select tag:staging']
[2025-07-02T07:18:18.721+0000] {subprocess.py:86} INFO - Output:
[2025-07-02T07:18:18.728+0000] {subprocess.py:93} INFO - + cd /opt/***/dbt
[2025-07-02T07:18:18.730+0000] {subprocess.py:93} INFO - + dbt run --select tag:staging
[2025-07-02T07:18:22.005+0000] {subprocess.py:93} INFO - [0m07:18:22  Running with dbt=1.8.0
[2025-07-02T07:18:22.351+0000] {subprocess.py:93} INFO - [0m07:18:22  Registered adapter: postgres=1.8.2
[2025-07-02T07:18:22.885+0000] {subprocess.py:93} INFO - [0m07:18:22  Found 9 models, 10 sources, 428 macros
[2025-07-02T07:18:22.889+0000] {subprocess.py:93} INFO - [0m07:18:22
[2025-07-02T07:18:23.051+0000] {subprocess.py:93} INFO - [0m07:18:23  Concurrency: 1 threads (target='dev')
[2025-07-02T07:18:23.053+0000] {subprocess.py:93} INFO - [0m07:18:23
[2025-07-02T07:18:23.067+0000] {subprocess.py:93} INFO - [0m07:18:23  1 of 5 START sql table model driven_staging.dim_address ........................ [RUN]
[2025-07-02T07:18:24.597+0000] {subprocess.py:93} INFO - [0m07:18:24  1 of 5 OK created sql table model driven_staging.dim_address ................... [[32mSELECT 124141[0m in 1.53s]
[2025-07-02T07:18:24.601+0000] {subprocess.py:93} INFO - [0m07:18:24  2 of 5 START sql table model driven_staging.dim_date ........................... [RUN]
[2025-07-02T07:18:25.465+0000] {subprocess.py:93} INFO - [0m07:18:25  2 of 5 OK created sql table model driven_staging.dim_date ...................... [[32mSELECT 124141[0m in 0.86s]
[2025-07-02T07:18:25.473+0000] {subprocess.py:93} INFO - [0m07:18:25  3 of 5 START sql table model driven_staging.dim_finance ........................ [RUN]
[2025-07-02T07:18:27.938+0000] {subprocess.py:93} INFO - [0m07:18:27  3 of 5 OK created sql table model driven_staging.dim_finance ................... [[32mSELECT 124141[0m in 2.46s]
[2025-07-02T07:18:27.941+0000] {subprocess.py:93} INFO - [0m07:18:27  4 of 5 START sql table model driven_staging.dim_person ......................... [RUN]
[2025-07-02T07:18:30.421+0000] {subprocess.py:93} INFO - [0m07:18:30  4 of 5 OK created sql table model driven_staging.dim_person .................... [[32mSELECT 124141[0m in 2.48s]
[2025-07-02T07:18:30.427+0000] {subprocess.py:93} INFO - [0m07:18:30  5 of 5 START sql table model driven_staging.fact_network_usage ................. [RUN]
[2025-07-02T07:18:31.220+0000] {subprocess.py:93} INFO - [0m07:18:31  5 of 5 OK created sql table model driven_staging.fact_network_usage ............ [[32mSELECT 124141[0m in 0.79s]
[2025-07-02T07:18:31.239+0000] {subprocess.py:93} INFO - [0m07:18:31
[2025-07-02T07:18:31.242+0000] {subprocess.py:93} INFO - [0m07:18:31  Finished running 5 table models in 0 hours 0 minutes and 8.35 seconds (8.35s).
[2025-07-02T07:18:31.307+0000] {subprocess.py:93} INFO - [0m07:18:31
[2025-07-02T07:18:31.308+0000] {subprocess.py:93} INFO - [0m07:18:31  [32mCompleted successfully[0m
[2025-07-02T07:18:31.309+0000] {subprocess.py:93} INFO - [0m07:18:31
[2025-07-02T07:18:31.309+0000] {subprocess.py:93} INFO - [0m07:18:31  Done. PASS=5 WARN=0 ERROR=0 SKIP=0 TOTAL=5
[2025-07-02T07:18:32.135+0000] {subprocess.py:97} INFO - Command exited with return code 0
[2025-07-02T07:18:33.114+0000] {taskinstance.py:340} INFO - ::group::Post task execution logs
[2025-07-02T07:18:33.271+0000] {taskinstance.py:352} INFO - Marking task as SUCCESS. dag_id=extract_raw_data_pipeline, task_id=run_dbt_staging, run_id=scheduled__2025-07-02T07:16:00+00:00, execution_date=20250702T071600, start_date=20250702T071817, end_date=20250702T071833
[2025-07-02T07:18:33.762+0000] {local_task_job_runner.py:266} INFO - Task exited with return code 0
[2025-07-02T07:18:33.785+0000] {taskinstance.py:3900} INFO - 1 downstream tasks scheduled from follow-on schedule check
[2025-07-02T07:18:33.882+0000] {local_task_job_runner.py:245} INFO - ::endgroup::
