[2025-07-01T07:58:03.119+0000] {local_task_job_runner.py:123} INFO - ::group::Pre task execution logs
[2025-07-01T07:58:03.147+0000] {taskinstance.py:2612} INFO - Dependencies all met for dep_context=non-requeueable deps ti=<TaskInstance: extract_raw_data_pipeline.create_raw_schema scheduled__2025-07-01T07:57:00+00:00 [queued]>
[2025-07-01T07:58:03.160+0000] {taskinstance.py:2612} INFO - Dependencies all met for dep_context=requeueable deps ti=<TaskInstance: extract_raw_data_pipeline.create_raw_schema scheduled__2025-07-01T07:57:00+00:00 [queued]>
[2025-07-01T07:58:03.160+0000] {taskinstance.py:2865} INFO - Starting attempt 1 of 1
[2025-07-01T07:58:03.194+0000] {taskinstance.py:2888} INFO - Executing <Task(SQLExecuteQueryOperator): create_raw_schema> on 2025-07-01 07:57:00+00:00
[2025-07-01T07:58:03.210+0000] {warnings.py:112} WARNING - /home/***/.local/lib/python3.12/site-packages/***/task/task_runner/standard_task_runner.py:70: DeprecationWarning: This process (pid=2471) is multi-threaded, use of fork() may lead to deadlocks in the child.
  pid = os.fork()

[2025-07-01T07:58:03.212+0000] {standard_task_runner.py:72} INFO - Started process 2475 to run task
[2025-07-01T07:58:03.214+0000] {standard_task_runner.py:104} INFO - Running: ['***', 'tasks', 'run', 'extract_raw_data_pipeline', 'create_raw_schema', 'scheduled__2025-07-01T07:57:00+00:00', '--job-id', '149', '--raw', '--subdir', 'DAGS_FOLDER/driven_data_pipeline.py', '--cfg-path', '/tmp/tmpp3uri33_']
[2025-07-01T07:58:03.216+0000] {standard_task_runner.py:105} INFO - Job 149: Subtask create_raw_schema
[2025-07-01T07:58:03.309+0000] {task_command.py:467} INFO - Running <TaskInstance: extract_raw_data_pipeline.create_raw_schema scheduled__2025-07-01T07:57:00+00:00 [running]> on host 849c33af5dcf
[2025-07-01T07:58:03.493+0000] {taskinstance.py:3131} INFO - Exporting env vars: AIRFLOW_CTX_DAG_OWNER='***' AIRFLOW_CTX_DAG_ID='extract_raw_data_pipeline' AIRFLOW_CTX_TASK_ID='create_raw_schema' AIRFLOW_CTX_EXECUTION_DATE='2025-07-01T07:57:00+00:00' AIRFLOW_CTX_TRY_NUMBER='1' AIRFLOW_CTX_DAG_RUN_ID='scheduled__2025-07-01T07:57:00+00:00'
[2025-07-01T07:58:03.495+0000] {taskinstance.py:731} INFO - ::endgroup::
[2025-07-01T07:58:03.529+0000] {sql.py:266} INFO - Executing: CREATE SCHEMA IF NOT EXISTS driven_raw;
[2025-07-01T07:58:03.546+0000] {base.py:84} INFO - Retrieving connection 'postgres_conn'
[2025-07-01T07:58:03.569+0000] {base.py:84} INFO - Retrieving connection 'postgres_conn'
[2025-07-01T07:58:03.585+0000] {sql.py:509} INFO - Running statement: CREATE SCHEMA IF NOT EXISTS driven_raw;, parameters: None
[2025-07-01T07:58:03.620+0000] {taskinstance.py:340} INFO - ::group::Post task execution logs
[2025-07-01T07:58:03.621+0000] {taskinstance.py:352} INFO - Marking task as SUCCESS. dag_id=extract_raw_data_pipeline, task_id=create_raw_schema, run_id=scheduled__2025-07-01T07:57:00+00:00, execution_date=20250701T075700, start_date=20250701T075803, end_date=20250701T075803
[2025-07-01T07:58:03.679+0000] {local_task_job_runner.py:266} INFO - Task exited with return code 0
[2025-07-01T07:58:03.724+0000] {local_task_job_runner.py:245} INFO - ::endgroup::
