[2025-07-02T07:05:22.311+0000] {local_task_job_runner.py:123} INFO - ::group::Pre task execution logs
[2025-07-02T07:05:22.328+0000] {taskinstance.py:2612} INFO - Dependencies all met for dep_context=non-requeueable deps ti=<TaskInstance: extract_raw_data_pipeline.run_dbt_trusted scheduled__2025-07-02T07:04:00+00:00 [queued]>
[2025-07-02T07:05:22.339+0000] {taskinstance.py:2612} INFO - Dependencies all met for dep_context=requeueable deps ti=<TaskInstance: extract_raw_data_pipeline.run_dbt_trusted scheduled__2025-07-02T07:04:00+00:00 [queued]>
[2025-07-02T07:05:22.339+0000] {taskinstance.py:2865} INFO - Starting attempt 1 of 1
[2025-07-02T07:05:22.371+0000] {taskinstance.py:2888} INFO - Executing <Task(BashOperator): run_dbt_trusted> on 2025-07-02 07:04:00+00:00
[2025-07-02T07:05:22.378+0000] {warnings.py:112} WARNING - /home/***/.local/lib/python3.12/site-packages/***/task/task_runner/standard_task_runner.py:70: DeprecationWarning: This process (pid=3776) is multi-threaded, use of fork() may lead to deadlocks in the child.
  pid = os.fork()

[2025-07-02T07:05:22.379+0000] {standard_task_runner.py:72} INFO - Started process 3778 to run task
[2025-07-02T07:05:22.380+0000] {standard_task_runner.py:104} INFO - Running: ['***', 'tasks', 'run', 'extract_raw_data_pipeline', 'run_dbt_trusted', 'scheduled__2025-07-02T07:04:00+00:00', '--job-id', '70', '--raw', '--subdir', 'DAGS_FOLDER/driven_data_pipeline.py', '--cfg-path', '/tmp/tmp821bhoq8']
[2025-07-02T07:05:22.382+0000] {standard_task_runner.py:105} INFO - Job 70: Subtask run_dbt_trusted
[2025-07-02T07:05:22.475+0000] {task_command.py:467} INFO - Running <TaskInstance: extract_raw_data_pipeline.run_dbt_trusted scheduled__2025-07-02T07:04:00+00:00 [running]> on host 48b6d860598d
[2025-07-02T07:05:23.069+0000] {taskinstance.py:3131} INFO - Exporting env vars: AIRFLOW_CTX_DAG_OWNER='***' AIRFLOW_CTX_DAG_ID='extract_raw_data_pipeline' AIRFLOW_CTX_TASK_ID='run_dbt_trusted' AIRFLOW_CTX_EXECUTION_DATE='2025-07-02T07:04:00+00:00' AIRFLOW_CTX_TRY_NUMBER='1' AIRFLOW_CTX_DAG_RUN_ID='scheduled__2025-07-02T07:04:00+00:00'
[2025-07-02T07:05:23.070+0000] {taskinstance.py:731} INFO - ::endgroup::
[2025-07-02T07:05:23.093+0000] {subprocess.py:63} INFO - Tmp dir root location: /tmp
[2025-07-02T07:05:23.094+0000] {subprocess.py:75} INFO - Running command: ['/usr/bin/bash', '-c', 'set -x; cd /opt/***/dbt && dbt run --select tag:trusted']
[2025-07-02T07:05:23.109+0000] {subprocess.py:86} INFO - Output:
[2025-07-02T07:05:23.111+0000] {subprocess.py:93} INFO - + cd /opt/***/dbt
[2025-07-02T07:05:23.111+0000] {subprocess.py:93} INFO - + dbt run --select tag:trusted
[2025-07-02T07:05:25.745+0000] {subprocess.py:93} INFO - [0m07:05:25  Running with dbt=1.8.0
[2025-07-02T07:05:26.032+0000] {subprocess.py:93} INFO - [0m07:05:26  Registered adapter: postgres=1.8.2
[2025-07-02T07:05:26.543+0000] {subprocess.py:93} INFO - [0m07:05:26  Found 9 models, 10 sources, 428 macros
[2025-07-02T07:05:26.546+0000] {subprocess.py:93} INFO - [0m07:05:26
[2025-07-02T07:05:26.682+0000] {subprocess.py:93} INFO - [0m07:05:26  Concurrency: 1 threads (target='dev')
[2025-07-02T07:05:26.682+0000] {subprocess.py:93} INFO - [0m07:05:26
[2025-07-02T07:05:26.693+0000] {subprocess.py:93} INFO - [0m07:05:26  1 of 4 START sql table model driven_trusted.non_pii_data ....................... [RUN]
[2025-07-02T07:05:27.998+0000] {subprocess.py:93} INFO - [0m07:05:27  1 of 4 OK created sql table model driven_trusted.non_pii_data .................. [[32mSELECT 25962[0m in 1.30s]
[2025-07-02T07:05:28.004+0000] {subprocess.py:93} INFO - [0m07:05:28  2 of 4 START sql table model driven_trusted.payment_data ....................... [RUN]
[2025-07-02T07:05:28.318+0000] {subprocess.py:93} INFO - [0m07:05:28  2 of 4 OK created sql table model driven_trusted.payment_data .................. [[32mSELECT 25962[0m in 0.31s]
[2025-07-02T07:05:28.321+0000] {subprocess.py:93} INFO - [0m07:05:28  3 of 4 START sql table model driven_trusted.pii_data ........................... [RUN]
[2025-07-02T07:05:30.155+0000] {subprocess.py:93} INFO - [0m07:05:30  3 of 4 OK created sql table model driven_trusted.pii_data ...................... [[32mSELECT 25962[0m in 1.83s]
[2025-07-02T07:05:30.158+0000] {subprocess.py:93} INFO - [0m07:05:30  4 of 4 START sql table model driven_trusted.technical_data ..................... [RUN]
[2025-07-02T07:05:31.162+0000] {subprocess.py:93} INFO - [0m07:05:31  4 of 4 OK created sql table model driven_trusted.technical_data ................ [[32mSELECT 25962[0m in 1.00s]
[2025-07-02T07:05:31.178+0000] {subprocess.py:93} INFO - [0m07:05:31
[2025-07-02T07:05:31.179+0000] {subprocess.py:93} INFO - [0m07:05:31  Finished running 4 table models in 0 hours 0 minutes and 4.63 seconds (4.63s).
[2025-07-02T07:05:31.308+0000] {subprocess.py:93} INFO - [0m07:05:31
[2025-07-02T07:05:31.309+0000] {subprocess.py:93} INFO - [0m07:05:31  [32mCompleted successfully[0m
[2025-07-02T07:05:31.309+0000] {subprocess.py:93} INFO - [0m07:05:31
[2025-07-02T07:05:31.310+0000] {subprocess.py:93} INFO - [0m07:05:31  Done. PASS=4 WARN=0 ERROR=0 SKIP=0 TOTAL=4
[2025-07-02T07:05:31.941+0000] {subprocess.py:97} INFO - Command exited with return code 0
[2025-07-02T07:05:32.268+0000] {taskinstance.py:340} INFO - ::group::Post task execution logs
[2025-07-02T07:05:32.269+0000] {taskinstance.py:352} INFO - Marking task as SUCCESS. dag_id=extract_raw_data_pipeline, task_id=run_dbt_trusted, run_id=scheduled__2025-07-02T07:04:00+00:00, execution_date=20250702T070400, start_date=20250702T070522, end_date=20250702T070532
[2025-07-02T07:05:32.494+0000] {local_task_job_runner.py:266} INFO - Task exited with return code 0
[2025-07-02T07:05:32.516+0000] {taskinstance.py:3900} INFO - 0 downstream tasks scheduled from follow-on schedule check
[2025-07-02T07:05:32.677+0000] {local_task_job_runner.py:245} INFO - ::endgroup::
