[2025-07-02T01:29:29.494+0000] {local_task_job_runner.py:123} INFO - ::group::Pre task execution logs
[2025-07-02T01:29:29.515+0000] {taskinstance.py:2612} INFO - Dependencies all met for dep_context=non-requeueable deps ti=<TaskInstance: extract_raw_data_pipeline.run_dbt_staging manual__2025-07-02T01:29:20.005894+00:00 [queued]>
[2025-07-02T01:29:29.527+0000] {taskinstance.py:2612} INFO - Dependencies all met for dep_context=requeueable deps ti=<TaskInstance: extract_raw_data_pipeline.run_dbt_staging manual__2025-07-02T01:29:20.005894+00:00 [queued]>
[2025-07-02T01:29:29.527+0000] {taskinstance.py:2865} INFO - Starting attempt 1 of 1
[2025-07-02T01:29:29.560+0000] {taskinstance.py:2888} INFO - Executing <Task(BashOperator): run_dbt_staging> on 2025-07-02 01:29:20.005894+00:00
[2025-07-02T01:29:29.569+0000] {warnings.py:112} WARNING - /home/***/.local/lib/python3.12/site-packages/***/task/task_runner/standard_task_runner.py:70: DeprecationWarning: This process (pid=359) is multi-threaded, use of fork() may lead to deadlocks in the child.
  pid = os.fork()

[2025-07-02T01:29:29.572+0000] {standard_task_runner.py:72} INFO - Started process 368 to run task
[2025-07-02T01:29:29.573+0000] {standard_task_runner.py:104} INFO - Running: ['***', 'tasks', 'run', 'extract_raw_data_pipeline', 'run_dbt_staging', 'manual__2025-07-02T01:29:20.005894+00:00', '--job-id', '19', '--raw', '--subdir', 'DAGS_FOLDER/driven_data_pipeline.py', '--cfg-path', '/tmp/tmpybit_xna']
[2025-07-02T01:29:29.574+0000] {standard_task_runner.py:105} INFO - Job 19: Subtask run_dbt_staging
[2025-07-02T01:29:29.641+0000] {task_command.py:467} INFO - Running <TaskInstance: extract_raw_data_pipeline.run_dbt_staging manual__2025-07-02T01:29:20.005894+00:00 [running]> on host 48b6d860598d
[2025-07-02T01:29:29.765+0000] {taskinstance.py:3131} INFO - Exporting env vars: AIRFLOW_CTX_DAG_OWNER='***' AIRFLOW_CTX_DAG_ID='extract_raw_data_pipeline' AIRFLOW_CTX_TASK_ID='run_dbt_staging' AIRFLOW_CTX_EXECUTION_DATE='2025-07-02T01:29:20.005894+00:00' AIRFLOW_CTX_TRY_NUMBER='1' AIRFLOW_CTX_DAG_RUN_ID='manual__2025-07-02T01:29:20.005894+00:00'
[2025-07-02T01:29:29.765+0000] {taskinstance.py:731} INFO - ::endgroup::
[2025-07-02T01:29:29.782+0000] {subprocess.py:63} INFO - Tmp dir root location: /tmp
[2025-07-02T01:29:29.782+0000] {subprocess.py:75} INFO - Running command: ['/usr/bin/bash', '-c', 'set -x; cd /opt/***/dbt && dbt run --select tag:staging']
[2025-07-02T01:29:29.819+0000] {subprocess.py:86} INFO - Output:
[2025-07-02T01:29:29.822+0000] {subprocess.py:93} INFO - + cd /opt/***/dbt
[2025-07-02T01:29:29.823+0000] {subprocess.py:93} INFO - + dbt run --select tag:staging
[2025-07-02T01:29:33.126+0000] {subprocess.py:93} INFO - [0m01:29:33  Running with dbt=1.8.0
[2025-07-02T01:29:33.493+0000] {subprocess.py:93} INFO - [0m01:29:33  Registered adapter: postgres=1.8.2
[2025-07-02T01:29:34.056+0000] {subprocess.py:93} INFO - [0m01:29:34  Found 9 models, 10 sources, 428 macros
[2025-07-02T01:29:34.060+0000] {subprocess.py:93} INFO - [0m01:29:34
[2025-07-02T01:29:34.239+0000] {subprocess.py:93} INFO - [0m01:29:34  Concurrency: 1 threads (target='dev')
[2025-07-02T01:29:34.240+0000] {subprocess.py:93} INFO - [0m01:29:34
[2025-07-02T01:29:34.253+0000] {subprocess.py:93} INFO - [0m01:29:34  1 of 5 START sql table model driven_staging.dim_address ........................ [RUN]
[2025-07-02T01:29:34.721+0000] {subprocess.py:93} INFO - [0m01:29:34  1 of 5 OK created sql table model driven_staging.dim_address ................... [[32mSELECT 2017[0m in 0.46s]
[2025-07-02T01:29:34.731+0000] {subprocess.py:93} INFO - [0m01:29:34  2 of 5 START sql table model driven_staging.dim_date ........................... [RUN]
[2025-07-02T01:29:34.860+0000] {subprocess.py:93} INFO - [0m01:29:34  2 of 5 OK created sql table model driven_staging.dim_date ...................... [[32mSELECT 2017[0m in 0.13s]
[2025-07-02T01:29:34.863+0000] {subprocess.py:93} INFO - [0m01:29:34  3 of 5 START sql table model driven_staging.dim_finance ........................ [RUN]
[2025-07-02T01:29:35.013+0000] {subprocess.py:93} INFO - [0m01:29:35  3 of 5 OK created sql table model driven_staging.dim_finance ................... [[32mSELECT 2017[0m in 0.14s]
[2025-07-02T01:29:35.023+0000] {subprocess.py:93} INFO - [0m01:29:35  4 of 5 START sql table model driven_staging.dim_person ......................... [RUN]
[2025-07-02T01:29:35.227+0000] {subprocess.py:93} INFO - [0m01:29:35  4 of 5 OK created sql table model driven_staging.dim_person .................... [[32mSELECT 2017[0m in 0.20s]
[2025-07-02T01:29:35.231+0000] {subprocess.py:93} INFO - [0m01:29:35  5 of 5 START sql table model driven_staging.fact_network_usage ................. [RUN]
[2025-07-02T01:29:35.369+0000] {subprocess.py:93} INFO - [0m01:29:35  5 of 5 OK created sql table model driven_staging.fact_network_usage ............ [[32mSELECT 2017[0m in 0.13s]
[2025-07-02T01:29:35.385+0000] {subprocess.py:93} INFO - [0m01:29:35
[2025-07-02T01:29:35.387+0000] {subprocess.py:93} INFO - [0m01:29:35  Finished running 5 table models in 0 hours 0 minutes and 1.32 seconds (1.32s).
[2025-07-02T01:29:35.440+0000] {subprocess.py:93} INFO - [0m01:29:35
[2025-07-02T01:29:35.441+0000] {subprocess.py:93} INFO - [0m01:29:35  [32mCompleted successfully[0m
[2025-07-02T01:29:35.442+0000] {subprocess.py:93} INFO - [0m01:29:35
[2025-07-02T01:29:35.442+0000] {subprocess.py:93} INFO - [0m01:29:35  Done. PASS=5 WARN=0 ERROR=0 SKIP=0 TOTAL=5
[2025-07-02T01:29:36.536+0000] {subprocess.py:97} INFO - Command exited with return code 0
[2025-07-02T01:29:36.637+0000] {taskinstance.py:340} INFO - ::group::Post task execution logs
[2025-07-02T01:29:36.639+0000] {taskinstance.py:352} INFO - Marking task as SUCCESS. dag_id=extract_raw_data_pipeline, task_id=run_dbt_staging, run_id=manual__2025-07-02T01:29:20.005894+00:00, execution_date=20250702T012920, start_date=20250702T012929, end_date=20250702T012936
[2025-07-02T01:29:36.763+0000] {local_task_job_runner.py:266} INFO - Task exited with return code 0
[2025-07-02T01:29:36.802+0000] {taskinstance.py:3900} INFO - 1 downstream tasks scheduled from follow-on schedule check
[2025-07-02T01:29:36.836+0000] {local_task_job_runner.py:245} INFO - ::endgroup::
