[2025-07-02T07:04:18.534+0000] {local_task_job_runner.py:123} INFO - ::group::Pre task execution logs
[2025-07-02T07:04:18.552+0000] {taskinstance.py:2612} INFO - Dependencies all met for dep_context=non-requeueable deps ti=<TaskInstance: extract_raw_data_pipeline.run_dbt_trusted scheduled__2025-07-02T07:03:00+00:00 [queued]>
[2025-07-02T07:04:18.562+0000] {taskinstance.py:2612} INFO - Dependencies all met for dep_context=requeueable deps ti=<TaskInstance: extract_raw_data_pipeline.run_dbt_trusted scheduled__2025-07-02T07:03:00+00:00 [queued]>
[2025-07-02T07:04:18.562+0000] {taskinstance.py:2865} INFO - Starting attempt 1 of 1
[2025-07-02T07:04:18.608+0000] {taskinstance.py:2888} INFO - Executing <Task(BashOperator): run_dbt_trusted> on 2025-07-02 07:03:00+00:00
[2025-07-02T07:04:18.615+0000] {warnings.py:112} WARNING - /home/***/.local/lib/python3.12/site-packages/***/task/task_runner/standard_task_runner.py:70: DeprecationWarning: This process (pid=3715) is multi-threaded, use of fork() may lead to deadlocks in the child.
  pid = os.fork()

[2025-07-02T07:04:18.616+0000] {standard_task_runner.py:72} INFO - Started process 3717 to run task
[2025-07-02T07:04:18.617+0000] {standard_task_runner.py:104} INFO - Running: ['***', 'tasks', 'run', 'extract_raw_data_pipeline', 'run_dbt_trusted', 'scheduled__2025-07-02T07:03:00+00:00', '--job-id', '64', '--raw', '--subdir', 'DAGS_FOLDER/driven_data_pipeline.py', '--cfg-path', '/tmp/tmpxe9jvuvy']
[2025-07-02T07:04:18.618+0000] {standard_task_runner.py:105} INFO - Job 64: Subtask run_dbt_trusted
[2025-07-02T07:04:18.705+0000] {task_command.py:467} INFO - Running <TaskInstance: extract_raw_data_pipeline.run_dbt_trusted scheduled__2025-07-02T07:03:00+00:00 [running]> on host 48b6d860598d
[2025-07-02T07:04:18.946+0000] {taskinstance.py:3131} INFO - Exporting env vars: AIRFLOW_CTX_DAG_OWNER='***' AIRFLOW_CTX_DAG_ID='extract_raw_data_pipeline' AIRFLOW_CTX_TASK_ID='run_dbt_trusted' AIRFLOW_CTX_EXECUTION_DATE='2025-07-02T07:03:00+00:00' AIRFLOW_CTX_TRY_NUMBER='1' AIRFLOW_CTX_DAG_RUN_ID='scheduled__2025-07-02T07:03:00+00:00'
[2025-07-02T07:04:18.948+0000] {taskinstance.py:731} INFO - ::endgroup::
[2025-07-02T07:04:18.969+0000] {subprocess.py:63} INFO - Tmp dir root location: /tmp
[2025-07-02T07:04:18.970+0000] {subprocess.py:75} INFO - Running command: ['/usr/bin/bash', '-c', 'set -x; cd /opt/***/dbt && dbt run --select tag:trusted']
[2025-07-02T07:04:18.984+0000] {subprocess.py:86} INFO - Output:
[2025-07-02T07:04:18.986+0000] {subprocess.py:93} INFO - + cd /opt/***/dbt
[2025-07-02T07:04:18.987+0000] {subprocess.py:93} INFO - + dbt run --select tag:trusted
[2025-07-02T07:04:21.549+0000] {subprocess.py:93} INFO - [0m07:04:21  Running with dbt=1.8.0
[2025-07-02T07:04:21.861+0000] {subprocess.py:93} INFO - [0m07:04:21  Registered adapter: postgres=1.8.2
[2025-07-02T07:04:22.455+0000] {subprocess.py:93} INFO - [0m07:04:22  Found 9 models, 10 sources, 428 macros
[2025-07-02T07:04:22.460+0000] {subprocess.py:93} INFO - [0m07:04:22
[2025-07-02T07:04:22.602+0000] {subprocess.py:93} INFO - [0m07:04:22  Concurrency: 1 threads (target='dev')
[2025-07-02T07:04:22.604+0000] {subprocess.py:93} INFO - [0m07:04:22
[2025-07-02T07:04:22.616+0000] {subprocess.py:93} INFO - [0m07:04:22  1 of 4 START sql table model driven_trusted.non_pii_data ....................... [RUN]
[2025-07-02T07:04:23.922+0000] {subprocess.py:93} INFO - [0m07:04:23  1 of 4 OK created sql table model driven_trusted.non_pii_data .................. [[32mSELECT 21475[0m in 1.30s]
[2025-07-02T07:04:23.925+0000] {subprocess.py:93} INFO - [0m07:04:23  2 of 4 START sql table model driven_trusted.payment_data ....................... [RUN]
[2025-07-02T07:04:24.903+0000] {subprocess.py:93} INFO - [0m07:04:24  2 of 4 OK created sql table model driven_trusted.payment_data .................. [[32mSELECT 21475[0m in 0.97s]
[2025-07-02T07:04:24.907+0000] {subprocess.py:93} INFO - [0m07:04:24  3 of 4 START sql table model driven_trusted.pii_data ........................... [RUN]
[2025-07-02T07:04:26.184+0000] {subprocess.py:93} INFO - [0m07:04:26  3 of 4 OK created sql table model driven_trusted.pii_data ...................... [[32mSELECT 21475[0m in 1.27s]
[2025-07-02T07:04:26.193+0000] {subprocess.py:93} INFO - [0m07:04:26  4 of 4 START sql table model driven_trusted.technical_data ..................... [RUN]
[2025-07-02T07:04:26.930+0000] {subprocess.py:93} INFO - [0m07:04:26  4 of 4 OK created sql table model driven_trusted.technical_data ................ [[32mSELECT 21475[0m in 0.73s]
[2025-07-02T07:04:26.956+0000] {subprocess.py:93} INFO - [0m07:04:26
[2025-07-02T07:04:26.958+0000] {subprocess.py:93} INFO - [0m07:04:26  Finished running 4 table models in 0 hours 0 minutes and 4.50 seconds (4.50s).
[2025-07-02T07:04:27.004+0000] {subprocess.py:93} INFO - [0m07:04:27
[2025-07-02T07:04:27.005+0000] {subprocess.py:93} INFO - [0m07:04:27  [32mCompleted successfully[0m
[2025-07-02T07:04:27.006+0000] {subprocess.py:93} INFO - [0m07:04:27
[2025-07-02T07:04:27.007+0000] {subprocess.py:93} INFO - [0m07:04:27  Done. PASS=4 WARN=0 ERROR=0 SKIP=0 TOTAL=4
[2025-07-02T07:04:27.640+0000] {subprocess.py:97} INFO - Command exited with return code 0
[2025-07-02T07:04:27.724+0000] {taskinstance.py:340} INFO - ::group::Post task execution logs
[2025-07-02T07:04:27.725+0000] {taskinstance.py:352} INFO - Marking task as SUCCESS. dag_id=extract_raw_data_pipeline, task_id=run_dbt_trusted, run_id=scheduled__2025-07-02T07:03:00+00:00, execution_date=20250702T070300, start_date=20250702T070418, end_date=20250702T070427
[2025-07-02T07:04:27.842+0000] {local_task_job_runner.py:266} INFO - Task exited with return code 0
[2025-07-02T07:04:27.862+0000] {taskinstance.py:3900} INFO - 0 downstream tasks scheduled from follow-on schedule check
[2025-07-02T07:04:27.913+0000] {local_task_job_runner.py:245} INFO - ::endgroup::
