[2025-07-02T07:00:07.337+0000] {local_task_job_runner.py:123} INFO - ::group::Pre task execution logs
[2025-07-02T07:00:07.365+0000] {taskinstance.py:2612} INFO - Dependencies all met for dep_context=non-requeueable deps ti=<TaskInstance: extract_raw_data_pipeline.run_dbt_staging scheduled__2025-07-01T07:59:00+00:00 [queued]>
[2025-07-02T07:00:07.381+0000] {taskinstance.py:2612} INFO - Dependencies all met for dep_context=requeueable deps ti=<TaskInstance: extract_raw_data_pipeline.run_dbt_staging scheduled__2025-07-01T07:59:00+00:00 [queued]>
[2025-07-02T07:00:07.382+0000] {taskinstance.py:2865} INFO - Starting attempt 1 of 1
[2025-07-02T07:00:07.431+0000] {taskinstance.py:2888} INFO - Executing <Task(BashOperator): run_dbt_staging> on 2025-07-01 07:59:00+00:00
[2025-07-02T07:00:07.441+0000] {warnings.py:112} WARNING - /home/***/.local/lib/python3.12/site-packages/***/task/task_runner/standard_task_runner.py:70: DeprecationWarning: This process (pid=3460) is multi-threaded, use of fork() may lead to deadlocks in the child.
  pid = os.fork()

[2025-07-02T07:00:07.443+0000] {standard_task_runner.py:72} INFO - Started process 3462 to run task
[2025-07-02T07:00:07.450+0000] {standard_task_runner.py:104} INFO - Running: ['***', 'tasks', 'run', 'extract_raw_data_pipeline', 'run_dbt_staging', 'scheduled__2025-07-01T07:59:00+00:00', '--job-id', '39', '--raw', '--subdir', 'DAGS_FOLDER/driven_data_pipeline.py', '--cfg-path', '/tmp/tmpokbtsto3']
[2025-07-02T07:00:07.452+0000] {standard_task_runner.py:105} INFO - Job 39: Subtask run_dbt_staging
[2025-07-02T07:00:07.550+0000] {task_command.py:467} INFO - Running <TaskInstance: extract_raw_data_pipeline.run_dbt_staging scheduled__2025-07-01T07:59:00+00:00 [running]> on host 48b6d860598d
[2025-07-02T07:00:07.720+0000] {taskinstance.py:3131} INFO - Exporting env vars: AIRFLOW_CTX_DAG_OWNER='***' AIRFLOW_CTX_DAG_ID='extract_raw_data_pipeline' AIRFLOW_CTX_TASK_ID='run_dbt_staging' AIRFLOW_CTX_EXECUTION_DATE='2025-07-01T07:59:00+00:00' AIRFLOW_CTX_TRY_NUMBER='1' AIRFLOW_CTX_DAG_RUN_ID='scheduled__2025-07-01T07:59:00+00:00'
[2025-07-02T07:00:07.721+0000] {taskinstance.py:731} INFO - ::endgroup::
[2025-07-02T07:00:07.736+0000] {subprocess.py:63} INFO - Tmp dir root location: /tmp
[2025-07-02T07:00:07.759+0000] {subprocess.py:75} INFO - Running command: ['/usr/bin/bash', '-c', 'set -x; cd /opt/***/dbt && dbt run --select tag:staging']
[2025-07-02T07:00:07.775+0000] {subprocess.py:86} INFO - Output:
[2025-07-02T07:00:07.778+0000] {subprocess.py:93} INFO - + cd /opt/***/dbt
[2025-07-02T07:00:07.779+0000] {subprocess.py:93} INFO - + dbt run --select tag:staging
[2025-07-02T07:00:10.487+0000] {subprocess.py:93} INFO - [0m07:00:10  Running with dbt=1.8.0
[2025-07-02T07:00:10.774+0000] {subprocess.py:93} INFO - [0m07:00:10  Registered adapter: postgres=1.8.2
[2025-07-02T07:00:11.304+0000] {subprocess.py:93} INFO - [0m07:00:11  Found 9 models, 10 sources, 428 macros
[2025-07-02T07:00:11.308+0000] {subprocess.py:93} INFO - [0m07:00:11
[2025-07-02T07:00:11.493+0000] {subprocess.py:93} INFO - [0m07:00:11  Concurrency: 1 threads (target='dev')
[2025-07-02T07:00:11.494+0000] {subprocess.py:93} INFO - [0m07:00:11
[2025-07-02T07:00:11.509+0000] {subprocess.py:93} INFO - [0m07:00:11  1 of 5 START sql table model driven_staging.dim_address ........................ [RUN]
[2025-07-02T07:00:13.052+0000] {subprocess.py:93} INFO - [0m07:00:13  1 of 5 OK created sql table model driven_staging.dim_address ................... [[32mSELECT 8403[0m in 1.53s]
[2025-07-02T07:00:13.059+0000] {subprocess.py:93} INFO - [0m07:00:13  2 of 5 START sql table model driven_staging.dim_date ........................... [RUN]
[2025-07-02T07:00:13.231+0000] {subprocess.py:93} INFO - [0m07:00:13  2 of 5 OK created sql table model driven_staging.dim_date ...................... [[32mSELECT 8403[0m in 0.16s]
[2025-07-02T07:00:13.241+0000] {subprocess.py:93} INFO - [0m07:00:13  3 of 5 START sql table model driven_staging.dim_finance ........................ [RUN]
[2025-07-02T07:00:13.439+0000] {subprocess.py:93} INFO - [0m07:00:13  3 of 5 OK created sql table model driven_staging.dim_finance ................... [[32mSELECT 8403[0m in 0.19s]
[2025-07-02T07:00:13.451+0000] {subprocess.py:93} INFO - [0m07:00:13  4 of 5 START sql table model driven_staging.dim_person ......................... [RUN]
[2025-07-02T07:00:13.691+0000] {subprocess.py:93} INFO - [0m07:00:13  4 of 5 OK created sql table model driven_staging.dim_person .................... [[32mSELECT 8403[0m in 0.24s]
[2025-07-02T07:00:13.697+0000] {subprocess.py:93} INFO - [0m07:00:13  5 of 5 START sql table model driven_staging.fact_network_usage ................. [RUN]
[2025-07-02T07:00:13.899+0000] {subprocess.py:93} INFO - [0m07:00:13  5 of 5 OK created sql table model driven_staging.fact_network_usage ............ [[32mSELECT 8403[0m in 0.19s]
[2025-07-02T07:00:13.949+0000] {subprocess.py:93} INFO - [0m07:00:13
[2025-07-02T07:00:13.950+0000] {subprocess.py:93} INFO - [0m07:00:13  Finished running 5 table models in 0 hours 0 minutes and 2.64 seconds (2.64s).
[2025-07-02T07:00:13.994+0000] {subprocess.py:93} INFO - [0m07:00:13
[2025-07-02T07:00:13.995+0000] {subprocess.py:93} INFO - [0m07:00:13  [32mCompleted successfully[0m
[2025-07-02T07:00:13.996+0000] {subprocess.py:93} INFO - [0m07:00:13
[2025-07-02T07:00:13.997+0000] {subprocess.py:93} INFO - [0m07:00:13  Done. PASS=5 WARN=0 ERROR=0 SKIP=0 TOTAL=5
[2025-07-02T07:00:14.806+0000] {subprocess.py:97} INFO - Command exited with return code 0
[2025-07-02T07:00:14.877+0000] {taskinstance.py:340} INFO - ::group::Post task execution logs
[2025-07-02T07:00:14.878+0000] {taskinstance.py:352} INFO - Marking task as SUCCESS. dag_id=extract_raw_data_pipeline, task_id=run_dbt_staging, run_id=scheduled__2025-07-01T07:59:00+00:00, execution_date=20250701T075900, start_date=20250702T070007, end_date=20250702T070014
[2025-07-02T07:00:14.951+0000] {local_task_job_runner.py:266} INFO - Task exited with return code 0
[2025-07-02T07:00:14.980+0000] {taskinstance.py:3900} INFO - 1 downstream tasks scheduled from follow-on schedule check
[2025-07-02T07:00:15.012+0000] {local_task_job_runner.py:245} INFO - ::endgroup::
