[2025-07-01T22:52:36.393+0000] {local_task_job_runner.py:123} INFO - ::group::Pre task execution logs
[2025-07-01T22:52:36.411+0000] {taskinstance.py:2612} INFO - Dependencies all met for dep_context=non-requeueable deps ti=<TaskInstance: extract_raw_data_pipeline.create_raw_table scheduled__2025-07-01T07:58:00+00:00 [queued]>
[2025-07-01T22:52:36.419+0000] {taskinstance.py:2612} INFO - Dependencies all met for dep_context=requeueable deps ti=<TaskInstance: extract_raw_data_pipeline.create_raw_table scheduled__2025-07-01T07:58:00+00:00 [queued]>
[2025-07-01T22:52:36.420+0000] {taskinstance.py:2865} INFO - Starting attempt 1 of 1
[2025-07-01T22:52:36.646+0000] {taskinstance.py:2888} INFO - Executing <Task(SQLExecuteQueryOperator): create_raw_table> on 2025-07-01 07:58:00+00:00
[2025-07-01T22:52:36.671+0000] {warnings.py:112} WARNING - /home/***/.local/lib/python3.12/site-packages/***/task/task_runner/standard_task_runner.py:70: DeprecationWarning: This process (pid=220) is multi-threaded, use of fork() may lead to deadlocks in the child.
  pid = os.fork()

[2025-07-01T22:52:36.676+0000] {standard_task_runner.py:72} INFO - Started process 222 to run task
[2025-07-01T22:52:36.678+0000] {standard_task_runner.py:104} INFO - Running: ['***', 'tasks', 'run', 'extract_raw_data_pipeline', 'create_raw_table', 'scheduled__2025-07-01T07:58:00+00:00', '--job-id', '9', '--raw', '--subdir', 'DAGS_FOLDER/driven_data_pipeline.py', '--cfg-path', '/tmp/tmp0nkzuzzk']
[2025-07-01T22:52:36.680+0000] {standard_task_runner.py:105} INFO - Job 9: Subtask create_raw_table
[2025-07-01T22:52:37.004+0000] {task_command.py:467} INFO - Running <TaskInstance: extract_raw_data_pipeline.create_raw_table scheduled__2025-07-01T07:58:00+00:00 [running]> on host 943703dd0104
[2025-07-01T22:52:37.628+0000] {taskinstance.py:3131} INFO - Exporting env vars: AIRFLOW_CTX_DAG_OWNER='***' AIRFLOW_CTX_DAG_ID='extract_raw_data_pipeline' AIRFLOW_CTX_TASK_ID='create_raw_table' AIRFLOW_CTX_EXECUTION_DATE='2025-07-01T07:58:00+00:00' AIRFLOW_CTX_TRY_NUMBER='1' AIRFLOW_CTX_DAG_RUN_ID='scheduled__2025-07-01T07:58:00+00:00'
[2025-07-01T22:52:37.631+0000] {taskinstance.py:731} INFO - ::endgroup::
[2025-07-01T22:52:37.678+0000] {sql.py:266} INFO - Executing: 
        CREATE TABLE IF NOT EXISTS driven_raw.raw_batch_data (
            person_name VARCHAR(100),
            user_name VARCHAR(100),
            email VARCHAR(100),
            personal_number VARCHAR(100), 
            birth_date VARCHAR(100), 
            address VARCHAR(250),
            phone VARCHAR(100), 
            mac_address VARCHAR(100),
            ip_address VARCHAR(100),
            iban VARCHAR(100),
            accessed_at TIMESTAMP,
            session_duration INT,
            download_speed INT,
            upload_speed INT,
            consumed_traffic INT,
            unique_id VARCHAR(100)
        );
    
[2025-07-01T22:52:37.689+0000] {base.py:84} INFO - Retrieving connection 'postgres_conn'
[2025-07-01T22:52:37.699+0000] {base.py:84} INFO - Retrieving connection 'postgres_conn'
[2025-07-01T22:52:37.703+0000] {sql.py:509} INFO - Running statement: 
        CREATE TABLE IF NOT EXISTS driven_raw.raw_batch_data (
            person_name VARCHAR(100),
            user_name VARCHAR(100),
            email VARCHAR(100),
            personal_number VARCHAR(100), 
            birth_date VARCHAR(100), 
            address VARCHAR(250),
            phone VARCHAR(100), 
            mac_address VARCHAR(100),
            ip_address VARCHAR(100),
            iban VARCHAR(100),
            accessed_at TIMESTAMP,
            session_duration INT,
            download_speed INT,
            upload_speed INT,
            consumed_traffic INT,
            unique_id VARCHAR(100)
        );
    , parameters: None
[2025-07-01T22:52:38.353+0000] {taskinstance.py:340} INFO - ::group::Post task execution logs
[2025-07-01T22:52:38.354+0000] {taskinstance.py:352} INFO - Marking task as SUCCESS. dag_id=extract_raw_data_pipeline, task_id=create_raw_table, run_id=scheduled__2025-07-01T07:58:00+00:00, execution_date=20250701T075800, start_date=20250701T225236, end_date=20250701T225238
[2025-07-01T22:52:38.464+0000] {local_task_job_runner.py:266} INFO - Task exited with return code 0
[2025-07-01T22:52:38.535+0000] {taskinstance.py:3900} INFO - 1 downstream tasks scheduled from follow-on schedule check
[2025-07-01T22:52:38.579+0000] {local_task_job_runner.py:245} INFO - ::endgroup::
[2025-07-02T01:23:32.522+0000] {local_task_job_runner.py:123} INFO - ::group::Pre task execution logs
[2025-07-02T01:23:32.656+0000] {taskinstance.py:2612} INFO - Dependencies all met for dep_context=non-requeueable deps ti=<TaskInstance: extract_raw_data_pipeline.create_raw_table scheduled__2025-07-01T07:58:00+00:00 [queued]>
[2025-07-02T01:23:32.667+0000] {taskinstance.py:2612} INFO - Dependencies all met for dep_context=requeueable deps ti=<TaskInstance: extract_raw_data_pipeline.create_raw_table scheduled__2025-07-01T07:58:00+00:00 [queued]>
[2025-07-02T01:23:32.668+0000] {taskinstance.py:2865} INFO - Starting attempt 1 of 1
[2025-07-02T01:23:33.040+0000] {taskinstance.py:2888} INFO - Executing <Task(SQLExecuteQueryOperator): create_raw_table> on 2025-07-01 07:58:00+00:00
[2025-07-02T01:23:33.068+0000] {warnings.py:112} WARNING - /home/***/.local/lib/python3.12/site-packages/***/task/task_runner/standard_task_runner.py:70: DeprecationWarning: This process (pid=185) is multi-threaded, use of fork() may lead to deadlocks in the child.
  pid = os.fork()

[2025-07-02T01:23:33.073+0000] {standard_task_runner.py:72} INFO - Started process 187 to run task
[2025-07-02T01:23:33.075+0000] {standard_task_runner.py:104} INFO - Running: ['***', 'tasks', 'run', 'extract_raw_data_pipeline', 'create_raw_table', 'scheduled__2025-07-01T07:58:00+00:00', '--job-id', '5', '--raw', '--subdir', 'DAGS_FOLDER/driven_data_pipeline.py', '--cfg-path', '/tmp/tmp0vv84cp1']
[2025-07-02T01:23:33.079+0000] {standard_task_runner.py:105} INFO - Job 5: Subtask create_raw_table
[2025-07-02T01:23:33.482+0000] {task_command.py:467} INFO - Running <TaskInstance: extract_raw_data_pipeline.create_raw_table scheduled__2025-07-01T07:58:00+00:00 [running]> on host 48b6d860598d
[2025-07-02T01:23:33.617+0000] {taskinstance.py:3131} INFO - Exporting env vars: AIRFLOW_CTX_DAG_OWNER='***' AIRFLOW_CTX_DAG_ID='extract_raw_data_pipeline' AIRFLOW_CTX_TASK_ID='create_raw_table' AIRFLOW_CTX_EXECUTION_DATE='2025-07-01T07:58:00+00:00' AIRFLOW_CTX_TRY_NUMBER='1' AIRFLOW_CTX_DAG_RUN_ID='scheduled__2025-07-01T07:58:00+00:00'
[2025-07-02T01:23:33.621+0000] {taskinstance.py:731} INFO - ::endgroup::
[2025-07-02T01:23:33.692+0000] {sql.py:266} INFO - Executing: 
        CREATE TABLE IF NOT EXISTS driven_raw.raw_batch_data (
            person_name VARCHAR(100),
            user_name VARCHAR(100),
            email VARCHAR(100),
            personal_number NUMERIC, 
            birth_date VARCHAR(100), 
            address VARCHAR(250),
            phone VARCHAR(100), 
            mac_address VARCHAR(100),
            ip_address VARCHAR(100),
            iban VARCHAR(100),
            accessed_at TIMESTAMP,
            session_duration INT,
            download_speed INT,
            upload_speed INT,
            consumed_traffic INT,
            unique_id VARCHAR(100)
        );
    
[2025-07-02T01:23:33.717+0000] {base.py:84} INFO - Retrieving connection 'postgres_conn'
[2025-07-02T01:23:33.736+0000] {base.py:84} INFO - Retrieving connection 'postgres_conn'
[2025-07-02T01:23:33.744+0000] {sql.py:509} INFO - Running statement: 
        CREATE TABLE IF NOT EXISTS driven_raw.raw_batch_data (
            person_name VARCHAR(100),
            user_name VARCHAR(100),
            email VARCHAR(100),
            personal_number NUMERIC, 
            birth_date VARCHAR(100), 
            address VARCHAR(250),
            phone VARCHAR(100), 
            mac_address VARCHAR(100),
            ip_address VARCHAR(100),
            iban VARCHAR(100),
            accessed_at TIMESTAMP,
            session_duration INT,
            download_speed INT,
            upload_speed INT,
            consumed_traffic INT,
            unique_id VARCHAR(100)
        );
    , parameters: None
[2025-07-02T01:23:33.841+0000] {taskinstance.py:340} INFO - ::group::Post task execution logs
[2025-07-02T01:23:33.842+0000] {taskinstance.py:352} INFO - Marking task as SUCCESS. dag_id=extract_raw_data_pipeline, task_id=create_raw_table, run_id=scheduled__2025-07-01T07:58:00+00:00, execution_date=20250701T075800, start_date=20250702T012332, end_date=20250702T012333
[2025-07-02T01:23:33.898+0000] {local_task_job_runner.py:266} INFO - Task exited with return code 0
[2025-07-02T01:23:33.928+0000] {taskinstance.py:3900} INFO - 1 downstream tasks scheduled from follow-on schedule check
[2025-07-02T01:23:33.944+0000] {local_task_job_runner.py:245} INFO - ::endgroup::
