[2025-06-30T23:23:57.318+0000] {local_task_job_runner.py:123} INFO - ::group::Pre task execution logs
[2025-06-30T23:23:57.337+0000] {taskinstance.py:2612} INFO - Dependencies all met for dep_context=non-requeueable deps ti=<TaskInstance: extract_raw_data_pipeline.run_dbt_staging manual__2025-06-30T23:23:41.840407+00:00 [queued]>
[2025-06-30T23:23:57.346+0000] {taskinstance.py:2612} INFO - Dependencies all met for dep_context=requeueable deps ti=<TaskInstance: extract_raw_data_pipeline.run_dbt_staging manual__2025-06-30T23:23:41.840407+00:00 [queued]>
[2025-06-30T23:23:57.346+0000] {taskinstance.py:2865} INFO - Starting attempt 1 of 1
[2025-06-30T23:23:57.436+0000] {taskinstance.py:2888} INFO - Executing <Task(BashOperator): run_dbt_staging> on 2025-06-30 23:23:41.840407+00:00
[2025-06-30T23:23:57.456+0000] {warnings.py:112} WARNING - /home/***/.local/lib/python3.12/site-packages/***/task/task_runner/standard_task_runner.py:70: DeprecationWarning: This process (pid=11263) is multi-threaded, use of fork() may lead to deadlocks in the child.
  pid = os.fork()

[2025-06-30T23:23:57.458+0000] {standard_task_runner.py:72} INFO - Started process 11265 to run task
[2025-06-30T23:23:57.460+0000] {standard_task_runner.py:104} INFO - Running: ['***', 'tasks', 'run', 'extract_raw_data_pipeline', 'run_dbt_staging', 'manual__2025-06-30T23:23:41.840407+00:00', '--job-id', '29', '--raw', '--subdir', 'DAGS_FOLDER/driven_data_pipeline.py', '--cfg-path', '/tmp/tmpnwuqibgf']
[2025-06-30T23:23:57.461+0000] {standard_task_runner.py:105} INFO - Job 29: Subtask run_dbt_staging
[2025-06-30T23:23:57.556+0000] {task_command.py:467} INFO - Running <TaskInstance: extract_raw_data_pipeline.run_dbt_staging manual__2025-06-30T23:23:41.840407+00:00 [running]> on host 849c33af5dcf
[2025-06-30T23:23:57.718+0000] {taskinstance.py:3131} INFO - Exporting env vars: AIRFLOW_CTX_DAG_OWNER='***' AIRFLOW_CTX_DAG_ID='extract_raw_data_pipeline' AIRFLOW_CTX_TASK_ID='run_dbt_staging' AIRFLOW_CTX_EXECUTION_DATE='2025-06-30T23:23:41.840407+00:00' AIRFLOW_CTX_TRY_NUMBER='1' AIRFLOW_CTX_DAG_RUN_ID='manual__2025-06-30T23:23:41.840407+00:00'
[2025-06-30T23:23:57.719+0000] {taskinstance.py:731} INFO - ::endgroup::
[2025-06-30T23:23:57.800+0000] {subprocess.py:63} INFO - Tmp dir root location: /tmp
[2025-06-30T23:23:57.900+0000] {subprocess.py:75} INFO - Running command: ['/usr/bin/bash', '-c', 'set -x; cd /opt/***/dbt && dbt run --select tag:staging']
[2025-06-30T23:23:58.091+0000] {subprocess.py:86} INFO - Output:
[2025-06-30T23:23:58.093+0000] {subprocess.py:93} INFO - + cd /opt/***/dbt
[2025-06-30T23:23:58.095+0000] {subprocess.py:93} INFO - + dbt run --select tag:staging
[2025-06-30T23:24:06.947+0000] {subprocess.py:93} INFO - [0m23:24:06  Running with dbt=1.8.0
[2025-06-30T23:24:08.262+0000] {subprocess.py:93} INFO - [0m23:24:08  Registered adapter: postgres=1.8.2
[2025-06-30T23:24:08.975+0000] {subprocess.py:93} INFO - [0m23:24:08  Unable to do partial parsing because of a version mismatch
[2025-06-30T23:24:11.223+0000] {subprocess.py:93} INFO - [0m23:24:11  Found 9 models, 10 sources, 428 macros
[2025-06-30T23:24:11.227+0000] {subprocess.py:93} INFO - [0m23:24:11
[2025-06-30T23:24:11.775+0000] {subprocess.py:93} INFO - [0m23:24:11  Concurrency: 1 threads (target='dev')
[2025-06-30T23:24:11.776+0000] {subprocess.py:93} INFO - [0m23:24:11
[2025-06-30T23:24:11.789+0000] {subprocess.py:93} INFO - [0m23:24:11  1 of 5 START sql table model driven_staging.dim_address ........................ [RUN]
[2025-06-30T23:24:12.139+0000] {subprocess.py:93} INFO - [0m23:24:12  1 of 5 OK created sql table model driven_staging.dim_address ................... [[32mSELECT 374[0m in 0.35s]
[2025-06-30T23:24:12.141+0000] {subprocess.py:93} INFO - [0m23:24:12  2 of 5 START sql table model driven_staging.dim_date ........................... [RUN]
[2025-06-30T23:24:12.226+0000] {subprocess.py:93} INFO - [0m23:24:12  2 of 5 OK created sql table model driven_staging.dim_date ...................... [[32mSELECT 374[0m in 0.08s]
[2025-06-30T23:24:12.228+0000] {subprocess.py:93} INFO - [0m23:24:12  3 of 5 START sql table model driven_staging.dim_finance ........................ [RUN]
[2025-06-30T23:24:12.373+0000] {subprocess.py:93} INFO - [0m23:24:12  3 of 5 OK created sql table model driven_staging.dim_finance ................... [[32mSELECT 374[0m in 0.13s]
[2025-06-30T23:24:12.390+0000] {subprocess.py:93} INFO - [0m23:24:12  4 of 5 START sql table model driven_staging.dim_person ......................... [RUN]
[2025-06-30T23:24:12.567+0000] {subprocess.py:93} INFO - [0m23:24:12  4 of 5 OK created sql table model driven_staging.dim_person .................... [[32mSELECT 374[0m in 0.17s]
[2025-06-30T23:24:12.569+0000] {subprocess.py:93} INFO - [0m23:24:12  5 of 5 START sql table model driven_staging.fact_network_usage ................. [RUN]
[2025-06-30T23:24:12.647+0000] {subprocess.py:93} INFO - [0m23:24:12  5 of 5 OK created sql table model driven_staging.fact_network_usage ............ [[32mSELECT 374[0m in 0.07s]
[2025-06-30T23:24:12.668+0000] {subprocess.py:93} INFO - [0m23:24:12
[2025-06-30T23:24:12.669+0000] {subprocess.py:93} INFO - [0m23:24:12  Finished running 5 table models in 0 hours 0 minutes and 1.44 seconds (1.44s).
[2025-06-30T23:24:12.738+0000] {subprocess.py:93} INFO - [0m23:24:12
[2025-06-30T23:24:12.739+0000] {subprocess.py:93} INFO - [0m23:24:12  [32mCompleted successfully[0m
[2025-06-30T23:24:12.740+0000] {subprocess.py:93} INFO - [0m23:24:12
[2025-06-30T23:24:12.741+0000] {subprocess.py:93} INFO - [0m23:24:12  Done. PASS=5 WARN=0 ERROR=0 SKIP=0 TOTAL=5
[2025-06-30T23:24:13.829+0000] {subprocess.py:97} INFO - Command exited with return code 0
[2025-06-30T23:24:14.359+0000] {taskinstance.py:340} INFO - ::group::Post task execution logs
[2025-06-30T23:24:14.359+0000] {taskinstance.py:352} INFO - Marking task as SUCCESS. dag_id=extract_raw_data_pipeline, task_id=run_dbt_staging, run_id=manual__2025-06-30T23:23:41.840407+00:00, execution_date=20250630T232341, start_date=20250630T232357, end_date=20250630T232414
[2025-06-30T23:24:14.399+0000] {local_task_job_runner.py:266} INFO - Task exited with return code 0
[2025-06-30T23:24:14.419+0000] {taskinstance.py:3900} INFO - 1 downstream tasks scheduled from follow-on schedule check
[2025-06-30T23:24:14.436+0000] {local_task_job_runner.py:245} INFO - ::endgroup::
