[2025-07-02T07:42:02.994+0000] {local_task_job_runner.py:123} INFO - ::group::Pre task execution logs
[2025-07-02T07:42:03.029+0000] {taskinstance.py:2612} INFO - Dependencies all met for dep_context=non-requeueable deps ti=<TaskInstance: extract_raw_data_pipeline.run_dbt_staging scheduled__2025-07-02T07:40:00+00:00 [queued]>
[2025-07-02T07:42:03.041+0000] {taskinstance.py:2612} INFO - Dependencies all met for dep_context=requeueable deps ti=<TaskInstance: extract_raw_data_pipeline.run_dbt_staging scheduled__2025-07-02T07:40:00+00:00 [queued]>
[2025-07-02T07:42:03.041+0000] {taskinstance.py:2865} INFO - Starting attempt 1 of 1
[2025-07-02T07:42:03.745+0000] {taskinstance.py:2888} INFO - Executing <Task(BashOperator): run_dbt_staging> on 2025-07-02 07:40:00+00:00
[2025-07-02T07:42:03.754+0000] {warnings.py:112} WARNING - /home/***/.local/lib/python3.12/site-packages/***/task/task_runner/standard_task_runner.py:70: DeprecationWarning: This process (pid=5477) is multi-threaded, use of fork() may lead to deadlocks in the child.
  pid = os.fork()

[2025-07-02T07:42:03.756+0000] {standard_task_runner.py:72} INFO - Started process 5481 to run task
[2025-07-02T07:42:03.757+0000] {standard_task_runner.py:104} INFO - Running: ['***', 'tasks', 'run', 'extract_raw_data_pipeline', 'run_dbt_staging', 'scheduled__2025-07-02T07:40:00+00:00', '--job-id', '228', '--raw', '--subdir', 'DAGS_FOLDER/driven_data_pipeline.py', '--cfg-path', '/tmp/tmp36jj7e00']
[2025-07-02T07:42:03.758+0000] {standard_task_runner.py:105} INFO - Job 228: Subtask run_dbt_staging
[2025-07-02T07:42:04.023+0000] {task_command.py:467} INFO - Running <TaskInstance: extract_raw_data_pipeline.run_dbt_staging scheduled__2025-07-02T07:40:00+00:00 [running]> on host 48b6d860598d
[2025-07-02T07:42:04.557+0000] {taskinstance.py:3131} INFO - Exporting env vars: AIRFLOW_CTX_DAG_OWNER='***' AIRFLOW_CTX_DAG_ID='extract_raw_data_pipeline' AIRFLOW_CTX_TASK_ID='run_dbt_staging' AIRFLOW_CTX_EXECUTION_DATE='2025-07-02T07:40:00+00:00' AIRFLOW_CTX_TRY_NUMBER='1' AIRFLOW_CTX_DAG_RUN_ID='scheduled__2025-07-02T07:40:00+00:00'
[2025-07-02T07:42:04.558+0000] {taskinstance.py:731} INFO - ::endgroup::
[2025-07-02T07:42:04.587+0000] {subprocess.py:63} INFO - Tmp dir root location: /tmp
[2025-07-02T07:42:04.603+0000] {subprocess.py:75} INFO - Running command: ['/usr/bin/bash', '-c', 'set -x; cd /opt/***/dbt && dbt run --select tag:staging']
[2025-07-02T07:42:04.617+0000] {subprocess.py:86} INFO - Output:
[2025-07-02T07:42:04.620+0000] {subprocess.py:93} INFO - + cd /opt/***/dbt
[2025-07-02T07:42:04.620+0000] {subprocess.py:93} INFO - + dbt run --select tag:staging
[2025-07-02T07:42:07.438+0000] {subprocess.py:93} INFO - [0m07:42:07  Running with dbt=1.8.0
[2025-07-02T07:42:07.723+0000] {subprocess.py:93} INFO - [0m07:42:07  Registered adapter: postgres=1.8.2
[2025-07-02T07:42:08.189+0000] {subprocess.py:93} INFO - [0m07:42:08  Found 9 models, 10 sources, 428 macros
[2025-07-02T07:42:08.192+0000] {subprocess.py:93} INFO - [0m07:42:08
[2025-07-02T07:42:09.736+0000] {subprocess.py:93} INFO - [0m07:42:09  Concurrency: 1 threads (target='dev')
[2025-07-02T07:42:09.742+0000] {subprocess.py:93} INFO - [0m07:42:09
[2025-07-02T07:42:09.761+0000] {subprocess.py:93} INFO - [0m07:42:09  1 of 5 START sql table model driven_staging.dim_address ........................ [RUN]
[2025-07-02T07:42:28.980+0000] {job.py:229} INFO - Heartbeat recovered after 13.85 seconds
[2025-07-02T07:42:37.550+0000] {job.py:229} INFO - Heartbeat recovered after 16.56 seconds
[2025-07-02T07:43:25.243+0000] {subprocess.py:93} INFO - [0m07:43:25  1 of 5 OK created sql table model driven_staging.dim_address ................... [[32mSELECT 334664[0m in 75.48s]
[2025-07-02T07:43:25.247+0000] {subprocess.py:93} INFO - [0m07:43:25  2 of 5 START sql table model driven_staging.dim_date ........................... [RUN]
[2025-07-02T07:43:43.902+0000] {subprocess.py:93} INFO - [0m07:43:43  2 of 5 OK created sql table model driven_staging.dim_date ...................... [[32mSELECT 334664[0m in 18.65s]
[2025-07-02T07:43:43.906+0000] {subprocess.py:93} INFO - [0m07:43:43  3 of 5 START sql table model driven_staging.dim_finance ........................ [RUN]
[2025-07-02T07:44:11.623+0000] {subprocess.py:93} INFO - [0m07:44:11  3 of 5 OK created sql table model driven_staging.dim_finance ................... [[32mSELECT 334664[0m in 27.71s]
[2025-07-02T07:44:11.641+0000] {subprocess.py:93} INFO - [0m07:44:11  4 of 5 START sql table model driven_staging.dim_person ......................... [RUN]
[2025-07-02T07:44:31.145+0000] {subprocess.py:93} INFO - [0m07:44:31  4 of 5 OK created sql table model driven_staging.dim_person .................... [[32mSELECT 334664[0m in 19.49s]
[2025-07-02T07:44:31.159+0000] {subprocess.py:93} INFO - [0m07:44:31  5 of 5 START sql table model driven_staging.fact_network_usage ................. [RUN]
[2025-07-02T07:44:39.789+0000] {subprocess.py:93} INFO - [0m07:44:39  5 of 5 OK created sql table model driven_staging.fact_network_usage ............ [[32mSELECT 334664[0m in 8.63s]
[2025-07-02T07:44:39.805+0000] {subprocess.py:93} INFO - [0m07:44:39
[2025-07-02T07:44:39.806+0000] {subprocess.py:93} INFO - [0m07:44:39  Finished running 5 table models in 0 hours 2 minutes and 31.61 seconds (151.61s).
[2025-07-02T07:44:39.870+0000] {subprocess.py:93} INFO - [0m07:44:39
[2025-07-02T07:44:39.871+0000] {subprocess.py:93} INFO - [0m07:44:39  [32mCompleted successfully[0m
[2025-07-02T07:44:39.872+0000] {subprocess.py:93} INFO - [0m07:44:39
[2025-07-02T07:44:39.872+0000] {subprocess.py:93} INFO - [0m07:44:39  Done. PASS=5 WARN=0 ERROR=0 SKIP=0 TOTAL=5
[2025-07-02T07:44:40.584+0000] {subprocess.py:97} INFO - Command exited with return code 0
[2025-07-02T07:44:41.570+0000] {taskinstance.py:340} INFO - ::group::Post task execution logs
[2025-07-02T07:44:41.571+0000] {taskinstance.py:352} INFO - Marking task as SUCCESS. dag_id=extract_raw_data_pipeline, task_id=run_dbt_staging, run_id=scheduled__2025-07-02T07:40:00+00:00, execution_date=20250702T074000, start_date=20250702T074203, end_date=20250702T074441
[2025-07-02T07:44:41.780+0000] {local_task_job_runner.py:266} INFO - Task exited with return code 0
[2025-07-02T07:44:41.805+0000] {taskinstance.py:3900} INFO - 1 downstream tasks scheduled from follow-on schedule check
[2025-07-02T07:44:41.950+0000] {local_task_job_runner.py:245} INFO - ::endgroup::
