[2025-07-02T07:14:33.431+0000] {local_task_job_runner.py:123} INFO - ::group::Pre task execution logs
[2025-07-02T07:14:33.447+0000] {taskinstance.py:2612} INFO - Dependencies all met for dep_context=non-requeueable deps ti=<TaskInstance: extract_raw_data_pipeline.run_dbt_trusted scheduled__2025-07-02T07:13:00+00:00 [queued]>
[2025-07-02T07:14:33.456+0000] {taskinstance.py:2612} INFO - Dependencies all met for dep_context=requeueable deps ti=<TaskInstance: extract_raw_data_pipeline.run_dbt_trusted scheduled__2025-07-02T07:13:00+00:00 [queued]>
[2025-07-02T07:14:33.457+0000] {taskinstance.py:2865} INFO - Starting attempt 1 of 1
[2025-07-02T07:14:33.486+0000] {taskinstance.py:2888} INFO - Executing <Task(BashOperator): run_dbt_trusted> on 2025-07-02 07:13:00+00:00
[2025-07-02T07:14:33.492+0000] {warnings.py:112} WARNING - /home/***/.local/lib/python3.12/site-packages/***/task/task_runner/standard_task_runner.py:70: DeprecationWarning: This process (pid=4320) is multi-threaded, use of fork() may lead to deadlocks in the child.
  pid = os.fork()

[2025-07-02T07:14:33.494+0000] {standard_task_runner.py:72} INFO - Started process 4322 to run task
[2025-07-02T07:14:33.494+0000] {standard_task_runner.py:104} INFO - Running: ['***', 'tasks', 'run', 'extract_raw_data_pipeline', 'run_dbt_trusted', 'scheduled__2025-07-02T07:13:00+00:00', '--job-id', '124', '--raw', '--subdir', 'DAGS_FOLDER/driven_data_pipeline.py', '--cfg-path', '/tmp/tmplzffpkad']
[2025-07-02T07:14:33.495+0000] {standard_task_runner.py:105} INFO - Job 124: Subtask run_dbt_trusted
[2025-07-02T07:14:33.603+0000] {task_command.py:467} INFO - Running <TaskInstance: extract_raw_data_pipeline.run_dbt_trusted scheduled__2025-07-02T07:13:00+00:00 [running]> on host 48b6d860598d
[2025-07-02T07:14:33.733+0000] {taskinstance.py:3131} INFO - Exporting env vars: AIRFLOW_CTX_DAG_OWNER='***' AIRFLOW_CTX_DAG_ID='extract_raw_data_pipeline' AIRFLOW_CTX_TASK_ID='run_dbt_trusted' AIRFLOW_CTX_EXECUTION_DATE='2025-07-02T07:13:00+00:00' AIRFLOW_CTX_TRY_NUMBER='1' AIRFLOW_CTX_DAG_RUN_ID='scheduled__2025-07-02T07:13:00+00:00'
[2025-07-02T07:14:33.735+0000] {taskinstance.py:731} INFO - ::endgroup::
[2025-07-02T07:14:33.765+0000] {subprocess.py:63} INFO - Tmp dir root location: /tmp
[2025-07-02T07:14:33.767+0000] {subprocess.py:75} INFO - Running command: ['/usr/bin/bash', '-c', 'set -x; cd /opt/***/dbt && dbt run --select tag:trusted']
[2025-07-02T07:14:33.780+0000] {subprocess.py:86} INFO - Output:
[2025-07-02T07:14:33.782+0000] {subprocess.py:93} INFO - + cd /opt/***/dbt
[2025-07-02T07:14:33.782+0000] {subprocess.py:93} INFO - + dbt run --select tag:trusted
[2025-07-02T07:14:36.545+0000] {subprocess.py:93} INFO - [0m07:14:36  Running with dbt=1.8.0
[2025-07-02T07:14:36.919+0000] {subprocess.py:93} INFO - [0m07:14:36  Registered adapter: postgres=1.8.2
[2025-07-02T07:14:37.481+0000] {subprocess.py:93} INFO - [0m07:14:37  Found 9 models, 10 sources, 428 macros
[2025-07-02T07:14:37.485+0000] {subprocess.py:93} INFO - [0m07:14:37
[2025-07-02T07:14:37.623+0000] {subprocess.py:93} INFO - [0m07:14:37  Concurrency: 1 threads (target='dev')
[2025-07-02T07:14:37.624+0000] {subprocess.py:93} INFO - [0m07:14:37
[2025-07-02T07:14:37.636+0000] {subprocess.py:93} INFO - [0m07:14:37  1 of 4 START sql table model driven_trusted.non_pii_data ....................... [RUN]
[2025-07-02T07:14:41.746+0000] {subprocess.py:93} INFO - [0m07:14:41  1 of 4 OK created sql table model driven_trusted.non_pii_data .................. [[32mSELECT 83794[0m in 4.10s]
[2025-07-02T07:14:41.753+0000] {subprocess.py:93} INFO - [0m07:14:41  2 of 4 START sql table model driven_trusted.payment_data ....................... [RUN]
[2025-07-02T07:14:43.409+0000] {subprocess.py:93} INFO - [0m07:14:43  2 of 4 OK created sql table model driven_trusted.payment_data .................. [[32mSELECT 83794[0m in 1.65s]
[2025-07-02T07:14:43.413+0000] {subprocess.py:93} INFO - [0m07:14:43  3 of 4 START sql table model driven_trusted.pii_data ........................... [RUN]
[2025-07-02T07:14:51.880+0000] {subprocess.py:93} INFO - [0m07:14:51  3 of 4 OK created sql table model driven_trusted.pii_data ...................... [[32mSELECT 83794[0m in 8.46s]
[2025-07-02T07:14:51.885+0000] {subprocess.py:93} INFO - [0m07:14:51  4 of 4 START sql table model driven_trusted.technical_data ..................... [RUN]
[2025-07-02T07:14:54.990+0000] {subprocess.py:93} INFO - [0m07:14:54  4 of 4 OK created sql table model driven_trusted.technical_data ................ [[32mSELECT 83794[0m in 3.10s]
[2025-07-02T07:14:55.026+0000] {subprocess.py:93} INFO - [0m07:14:55
[2025-07-02T07:14:55.028+0000] {subprocess.py:93} INFO - [0m07:14:55  Finished running 4 table models in 0 hours 0 minutes and 17.54 seconds (17.54s).
[2025-07-02T07:14:55.070+0000] {subprocess.py:93} INFO - [0m07:14:55
[2025-07-02T07:14:55.070+0000] {subprocess.py:93} INFO - [0m07:14:55  [32mCompleted successfully[0m
[2025-07-02T07:14:55.071+0000] {subprocess.py:93} INFO - [0m07:14:55
[2025-07-02T07:14:55.071+0000] {subprocess.py:93} INFO - [0m07:14:55  Done. PASS=4 WARN=0 ERROR=0 SKIP=0 TOTAL=4
[2025-07-02T07:14:55.755+0000] {subprocess.py:97} INFO - Command exited with return code 0
[2025-07-02T07:14:55.983+0000] {taskinstance.py:340} INFO - ::group::Post task execution logs
[2025-07-02T07:14:55.983+0000] {taskinstance.py:352} INFO - Marking task as SUCCESS. dag_id=extract_raw_data_pipeline, task_id=run_dbt_trusted, run_id=scheduled__2025-07-02T07:13:00+00:00, execution_date=20250702T071300, start_date=20250702T071433, end_date=20250702T071455
[2025-07-02T07:14:56.249+0000] {local_task_job_runner.py:266} INFO - Task exited with return code 0
[2025-07-02T07:14:56.269+0000] {taskinstance.py:3900} INFO - 0 downstream tasks scheduled from follow-on schedule check
[2025-07-02T07:14:56.310+0000] {local_task_job_runner.py:245} INFO - ::endgroup::
