[2025-07-02T07:11:11.424+0000] {local_task_job_runner.py:123} INFO - ::group::Pre task execution logs
[2025-07-02T07:11:11.443+0000] {taskinstance.py:2612} INFO - Dependencies all met for dep_context=non-requeueable deps ti=<TaskInstance: extract_raw_data_pipeline.run_dbt_staging scheduled__2025-07-02T07:10:00+00:00 [queued]>
[2025-07-02T07:11:11.452+0000] {taskinstance.py:2612} INFO - Dependencies all met for dep_context=requeueable deps ti=<TaskInstance: extract_raw_data_pipeline.run_dbt_staging scheduled__2025-07-02T07:10:00+00:00 [queued]>
[2025-07-02T07:11:11.453+0000] {taskinstance.py:2865} INFO - Starting attempt 1 of 1
[2025-07-02T07:11:11.499+0000] {taskinstance.py:2888} INFO - Executing <Task(BashOperator): run_dbt_staging> on 2025-07-02 07:10:00+00:00
[2025-07-02T07:11:11.506+0000] {warnings.py:112} WARNING - /home/***/.local/lib/python3.12/site-packages/***/task/task_runner/standard_task_runner.py:70: DeprecationWarning: This process (pid=4120) is multi-threaded, use of fork() may lead to deadlocks in the child.
  pid = os.fork()

[2025-07-02T07:11:11.508+0000] {standard_task_runner.py:72} INFO - Started process 4122 to run task
[2025-07-02T07:11:11.509+0000] {standard_task_runner.py:104} INFO - Running: ['***', 'tasks', 'run', 'extract_raw_data_pipeline', 'run_dbt_staging', 'scheduled__2025-07-02T07:10:00+00:00', '--job-id', '105', '--raw', '--subdir', 'DAGS_FOLDER/driven_data_pipeline.py', '--cfg-path', '/tmp/tmpxrab2udw']
[2025-07-02T07:11:11.510+0000] {standard_task_runner.py:105} INFO - Job 105: Subtask run_dbt_staging
[2025-07-02T07:11:11.632+0000] {task_command.py:467} INFO - Running <TaskInstance: extract_raw_data_pipeline.run_dbt_staging scheduled__2025-07-02T07:10:00+00:00 [running]> on host 48b6d860598d
[2025-07-02T07:11:12.536+0000] {taskinstance.py:3131} INFO - Exporting env vars: AIRFLOW_CTX_DAG_OWNER='***' AIRFLOW_CTX_DAG_ID='extract_raw_data_pipeline' AIRFLOW_CTX_TASK_ID='run_dbt_staging' AIRFLOW_CTX_EXECUTION_DATE='2025-07-02T07:10:00+00:00' AIRFLOW_CTX_TRY_NUMBER='1' AIRFLOW_CTX_DAG_RUN_ID='scheduled__2025-07-02T07:10:00+00:00'
[2025-07-02T07:11:12.536+0000] {taskinstance.py:731} INFO - ::endgroup::
[2025-07-02T07:11:12.552+0000] {subprocess.py:63} INFO - Tmp dir root location: /tmp
[2025-07-02T07:11:12.552+0000] {subprocess.py:75} INFO - Running command: ['/usr/bin/bash', '-c', 'set -x; cd /opt/***/dbt && dbt run --select tag:staging']
[2025-07-02T07:11:12.566+0000] {subprocess.py:86} INFO - Output:
[2025-07-02T07:11:12.568+0000] {subprocess.py:93} INFO - + cd /opt/***/dbt
[2025-07-02T07:11:12.568+0000] {subprocess.py:93} INFO - + dbt run --select tag:staging
[2025-07-02T07:11:15.084+0000] {subprocess.py:93} INFO - [0m07:11:15  Running with dbt=1.8.0
[2025-07-02T07:11:15.404+0000] {subprocess.py:93} INFO - [0m07:11:15  Registered adapter: postgres=1.8.2
[2025-07-02T07:11:16.808+0000] {subprocess.py:93} INFO - [0m07:11:16  Found 9 models, 10 sources, 428 macros
[2025-07-02T07:11:16.812+0000] {subprocess.py:93} INFO - [0m07:11:16
[2025-07-02T07:11:16.997+0000] {subprocess.py:93} INFO - [0m07:11:16  Concurrency: 1 threads (target='dev')
[2025-07-02T07:11:16.998+0000] {subprocess.py:93} INFO - [0m07:11:16
[2025-07-02T07:11:17.012+0000] {subprocess.py:93} INFO - [0m07:11:17  1 of 5 START sql table model driven_staging.dim_address ........................ [RUN]
[2025-07-02T07:11:17.709+0000] {subprocess.py:93} INFO - [0m07:11:17  1 of 5 OK created sql table model driven_staging.dim_address ................... [[32mSELECT 61590[0m in 0.70s]
[2025-07-02T07:11:17.712+0000] {subprocess.py:93} INFO - [0m07:11:17  2 of 5 START sql table model driven_staging.dim_date ........................... [RUN]
[2025-07-02T07:11:18.457+0000] {subprocess.py:93} INFO - [0m07:11:18  2 of 5 OK created sql table model driven_staging.dim_date ...................... [[32mSELECT 61590[0m in 0.74s]
[2025-07-02T07:11:18.462+0000] {subprocess.py:93} INFO - [0m07:11:18  3 of 5 START sql table model driven_staging.dim_finance ........................ [RUN]
[2025-07-02T07:11:18.845+0000] {subprocess.py:93} INFO - [0m07:11:18  3 of 5 OK created sql table model driven_staging.dim_finance ................... [[32mSELECT 61590[0m in 0.37s]
[2025-07-02T07:11:18.854+0000] {subprocess.py:93} INFO - [0m07:11:18  4 of 5 START sql table model driven_staging.dim_person ......................... [RUN]
[2025-07-02T07:11:19.391+0000] {subprocess.py:93} INFO - [0m07:11:19  4 of 5 OK created sql table model driven_staging.dim_person .................... [[32mSELECT 61590[0m in 0.53s]
[2025-07-02T07:11:19.396+0000] {subprocess.py:93} INFO - [0m07:11:19  5 of 5 START sql table model driven_staging.fact_network_usage ................. [RUN]
[2025-07-02T07:11:20.063+0000] {subprocess.py:93} INFO - [0m07:11:20  5 of 5 OK created sql table model driven_staging.fact_network_usage ............ [[32mSELECT 61590[0m in 0.66s]
[2025-07-02T07:11:20.089+0000] {subprocess.py:93} INFO - [0m07:11:20
[2025-07-02T07:11:20.090+0000] {subprocess.py:93} INFO - [0m07:11:20  Finished running 5 table models in 0 hours 0 minutes and 3.28 seconds (3.28s).
[2025-07-02T07:11:20.130+0000] {subprocess.py:93} INFO - [0m07:11:20
[2025-07-02T07:11:20.131+0000] {subprocess.py:93} INFO - [0m07:11:20  [32mCompleted successfully[0m
[2025-07-02T07:11:20.132+0000] {subprocess.py:93} INFO - [0m07:11:20
[2025-07-02T07:11:20.133+0000] {subprocess.py:93} INFO - [0m07:11:20  Done. PASS=5 WARN=0 ERROR=0 SKIP=0 TOTAL=5
[2025-07-02T07:11:20.880+0000] {subprocess.py:97} INFO - Command exited with return code 0
[2025-07-02T07:11:20.975+0000] {taskinstance.py:340} INFO - ::group::Post task execution logs
[2025-07-02T07:11:20.976+0000] {taskinstance.py:352} INFO - Marking task as SUCCESS. dag_id=extract_raw_data_pipeline, task_id=run_dbt_staging, run_id=scheduled__2025-07-02T07:10:00+00:00, execution_date=20250702T071000, start_date=20250702T071111, end_date=20250702T071120
[2025-07-02T07:11:21.068+0000] {local_task_job_runner.py:266} INFO - Task exited with return code 0
[2025-07-02T07:11:21.104+0000] {taskinstance.py:3900} INFO - 1 downstream tasks scheduled from follow-on schedule check
[2025-07-02T07:11:21.144+0000] {local_task_job_runner.py:245} INFO - ::endgroup::
