[2025-07-03T02:30:04.750+0000] {local_task_job_runner.py:123} INFO - ::group::Pre task execution logs
[2025-07-03T02:30:04.792+0000] {taskinstance.py:2612} INFO - Dependencies all met for dep_context=non-requeueable deps ti=<TaskInstance: extract_raw_data_pipeline.run_dbt_trusted scheduled__2025-07-02T07:58:00+00:00 [queued]>
[2025-07-03T02:30:04.805+0000] {taskinstance.py:2612} INFO - Dependencies all met for dep_context=requeueable deps ti=<TaskInstance: extract_raw_data_pipeline.run_dbt_trusted scheduled__2025-07-02T07:58:00+00:00 [queued]>
[2025-07-03T02:30:04.805+0000] {taskinstance.py:2865} INFO - Starting attempt 1 of 1
[2025-07-03T02:30:05.326+0000] {taskinstance.py:2888} INFO - Executing <Task(BashOperator): run_dbt_trusted> on 2025-07-02 07:58:00+00:00
[2025-07-03T02:30:05.388+0000] {warnings.py:112} WARNING - /home/***/.local/lib/python3.12/site-packages/***/task/task_runner/standard_task_runner.py:70: DeprecationWarning: This process (pid=13469) is multi-threaded, use of fork() may lead to deadlocks in the child.
  pid = os.fork()

[2025-07-03T02:30:05.390+0000] {standard_task_runner.py:104} INFO - Running: ['***', 'tasks', 'run', 'extract_raw_data_pipeline', 'run_dbt_trusted', 'scheduled__2025-07-02T07:58:00+00:00', '--job-id', '257', '--raw', '--subdir', 'DAGS_FOLDER/driven_data_pipeline.py', '--cfg-path', '/tmp/tmpwe4mroco']
[2025-07-03T02:30:05.394+0000] {standard_task_runner.py:105} INFO - Job 257: Subtask run_dbt_trusted
[2025-07-03T02:30:05.394+0000] {standard_task_runner.py:72} INFO - Started process 13471 to run task
[2025-07-03T02:30:05.896+0000] {task_command.py:467} INFO - Running <TaskInstance: extract_raw_data_pipeline.run_dbt_trusted scheduled__2025-07-02T07:58:00+00:00 [running]> on host 48b6d860598d
[2025-07-03T02:30:07.662+0000] {taskinstance.py:3131} INFO - Exporting env vars: AIRFLOW_CTX_DAG_OWNER='***' AIRFLOW_CTX_DAG_ID='extract_raw_data_pipeline' AIRFLOW_CTX_TASK_ID='run_dbt_trusted' AIRFLOW_CTX_EXECUTION_DATE='2025-07-02T07:58:00+00:00' AIRFLOW_CTX_TRY_NUMBER='1' AIRFLOW_CTX_DAG_RUN_ID='scheduled__2025-07-02T07:58:00+00:00'
[2025-07-03T02:30:07.666+0000] {taskinstance.py:731} INFO - ::endgroup::
[2025-07-03T02:30:07.714+0000] {subprocess.py:63} INFO - Tmp dir root location: /tmp
[2025-07-03T02:30:07.715+0000] {subprocess.py:75} INFO - Running command: ['/usr/bin/bash', '-c', 'set -x; cd /opt/***/dbt && dbt run --select tag:trusted']
[2025-07-03T02:30:07.727+0000] {subprocess.py:86} INFO - Output:
[2025-07-03T02:30:07.729+0000] {subprocess.py:93} INFO - + cd /opt/***/dbt
[2025-07-03T02:30:07.730+0000] {subprocess.py:93} INFO - + dbt run --select tag:trusted
[2025-07-03T02:30:10.762+0000] {subprocess.py:93} INFO - [0m02:30:10  Running with dbt=1.8.0
[2025-07-03T02:30:11.052+0000] {subprocess.py:93} INFO - [0m02:30:11  Registered adapter: postgres=1.8.2
[2025-07-03T02:30:11.512+0000] {subprocess.py:93} INFO - [0m02:30:11  Found 9 models, 10 sources, 428 macros
[2025-07-03T02:30:11.517+0000] {subprocess.py:93} INFO - [0m02:30:11
[2025-07-03T02:30:12.098+0000] {subprocess.py:93} INFO - [0m02:30:12  Concurrency: 1 threads (target='dev')
[2025-07-03T02:30:12.101+0000] {subprocess.py:93} INFO - [0m02:30:12
[2025-07-03T02:30:12.122+0000] {subprocess.py:93} INFO - [0m02:30:12  1 of 4 START sql table model driven_trusted.non_pii_data ....................... [RUN]
[2025-07-03T02:30:59.632+0000] {subprocess.py:93} INFO - [0m02:30:59  1 of 4 OK created sql table model driven_trusted.non_pii_data .................. [[32mSELECT 750642[0m in 47.51s]
[2025-07-03T02:30:59.636+0000] {subprocess.py:93} INFO - [0m02:30:59  2 of 4 START sql table model driven_trusted.payment_data ....................... [RUN]
[2025-07-03T02:31:13.118+0000] {subprocess.py:93} INFO - [0m02:31:13  2 of 4 OK created sql table model driven_trusted.payment_data .................. [[32mSELECT 447906[0m in 13.48s]
[2025-07-03T02:31:13.121+0000] {subprocess.py:93} INFO - [0m02:31:13  3 of 4 START sql table model driven_trusted.pii_data ........................... [RUN]
[2025-07-03T02:32:45.574+0000] {subprocess.py:93} INFO - [0m02:32:45  3 of 4 OK created sql table model driven_trusted.pii_data ...................... [[32mSELECT 750642[0m in 92.45s]
[2025-07-03T02:32:45.583+0000] {subprocess.py:93} INFO - [0m02:32:45  4 of 4 START sql table model driven_trusted.technical_data ..................... [RUN]
[2025-07-03T02:33:18.027+0000] {subprocess.py:93} INFO - [0m02:33:18  4 of 4 OK created sql table model driven_trusted.technical_data ................ [[32mSELECT 447906[0m in 32.44s]
[2025-07-03T02:33:18.048+0000] {subprocess.py:93} INFO - [0m02:33:18
[2025-07-03T02:33:18.049+0000] {subprocess.py:93} INFO - [0m02:33:18  Finished running 4 table models in 0 hours 3 minutes and 6.53 seconds (186.53s).
[2025-07-03T02:33:18.103+0000] {subprocess.py:93} INFO - [0m02:33:18
[2025-07-03T02:33:18.104+0000] {subprocess.py:93} INFO - [0m02:33:18  [32mCompleted successfully[0m
[2025-07-03T02:33:18.105+0000] {subprocess.py:93} INFO - [0m02:33:18
[2025-07-03T02:33:18.106+0000] {subprocess.py:93} INFO - [0m02:33:18  Done. PASS=4 WARN=0 ERROR=0 SKIP=0 TOTAL=4
[2025-07-03T02:33:19.578+0000] {subprocess.py:97} INFO - Command exited with return code 0
[2025-07-03T02:33:21.411+0000] {taskinstance.py:340} INFO - ::group::Post task execution logs
[2025-07-03T02:33:21.412+0000] {taskinstance.py:352} INFO - Marking task as SUCCESS. dag_id=extract_raw_data_pipeline, task_id=run_dbt_trusted, run_id=scheduled__2025-07-02T07:58:00+00:00, execution_date=20250702T075800, start_date=20250703T023004, end_date=20250703T023321
[2025-07-03T02:33:21.730+0000] {local_task_job_runner.py:266} INFO - Task exited with return code 0
[2025-07-03T02:33:21.806+0000] {taskinstance.py:3900} INFO - 0 downstream tasks scheduled from follow-on schedule check
[2025-07-03T02:33:22.145+0000] {local_task_job_runner.py:245} INFO - ::endgroup::
