[2025-07-02T07:01:10.294+0000] {local_task_job_runner.py:123} INFO - ::group::Pre task execution logs
[2025-07-02T07:01:10.315+0000] {taskinstance.py:2612} INFO - Dependencies all met for dep_context=non-requeueable deps ti=<TaskInstance: extract_raw_data_pipeline.run_dbt_staging scheduled__2025-07-02T07:00:00+00:00 [queued]>
[2025-07-02T07:01:10.323+0000] {taskinstance.py:2612} INFO - Dependencies all met for dep_context=requeueable deps ti=<TaskInstance: extract_raw_data_pipeline.run_dbt_staging scheduled__2025-07-02T07:00:00+00:00 [queued]>
[2025-07-02T07:01:10.324+0000] {taskinstance.py:2865} INFO - Starting attempt 1 of 1
[2025-07-02T07:01:10.367+0000] {taskinstance.py:2888} INFO - Executing <Task(BashOperator): run_dbt_staging> on 2025-07-02 07:00:00+00:00
[2025-07-02T07:01:10.374+0000] {warnings.py:112} WARNING - /home/***/.local/lib/python3.12/site-packages/***/task/task_runner/standard_task_runner.py:70: DeprecationWarning: This process (pid=3515) is multi-threaded, use of fork() may lead to deadlocks in the child.
  pid = os.fork()

[2025-07-02T07:01:10.376+0000] {standard_task_runner.py:72} INFO - Started process 3517 to run task
[2025-07-02T07:01:10.377+0000] {standard_task_runner.py:104} INFO - Running: ['***', 'tasks', 'run', 'extract_raw_data_pipeline', 'run_dbt_staging', 'scheduled__2025-07-02T07:00:00+00:00', '--job-id', '45', '--raw', '--subdir', 'DAGS_FOLDER/driven_data_pipeline.py', '--cfg-path', '/tmp/tmpbx5mcxry']
[2025-07-02T07:01:10.378+0000] {standard_task_runner.py:105} INFO - Job 45: Subtask run_dbt_staging
[2025-07-02T07:01:10.476+0000] {task_command.py:467} INFO - Running <TaskInstance: extract_raw_data_pipeline.run_dbt_staging scheduled__2025-07-02T07:00:00+00:00 [running]> on host 48b6d860598d
[2025-07-02T07:01:10.642+0000] {taskinstance.py:3131} INFO - Exporting env vars: AIRFLOW_CTX_DAG_OWNER='***' AIRFLOW_CTX_DAG_ID='extract_raw_data_pipeline' AIRFLOW_CTX_TASK_ID='run_dbt_staging' AIRFLOW_CTX_EXECUTION_DATE='2025-07-02T07:00:00+00:00' AIRFLOW_CTX_TRY_NUMBER='1' AIRFLOW_CTX_DAG_RUN_ID='scheduled__2025-07-02T07:00:00+00:00'
[2025-07-02T07:01:10.645+0000] {taskinstance.py:731} INFO - ::endgroup::
[2025-07-02T07:01:10.668+0000] {subprocess.py:63} INFO - Tmp dir root location: /tmp
[2025-07-02T07:01:10.669+0000] {subprocess.py:75} INFO - Running command: ['/usr/bin/bash', '-c', 'set -x; cd /opt/***/dbt && dbt run --select tag:staging']
[2025-07-02T07:01:10.683+0000] {subprocess.py:86} INFO - Output:
[2025-07-02T07:01:10.686+0000] {subprocess.py:93} INFO - + cd /opt/***/dbt
[2025-07-02T07:01:10.686+0000] {subprocess.py:93} INFO - + dbt run --select tag:staging
[2025-07-02T07:01:13.876+0000] {subprocess.py:93} INFO - [0m07:01:13  Running with dbt=1.8.0
[2025-07-02T07:01:14.344+0000] {subprocess.py:93} INFO - [0m07:01:14  Registered adapter: postgres=1.8.2
[2025-07-02T07:01:15.062+0000] {subprocess.py:93} INFO - [0m07:01:15  Found 9 models, 10 sources, 428 macros
[2025-07-02T07:01:15.065+0000] {subprocess.py:93} INFO - [0m07:01:15
[2025-07-02T07:01:15.221+0000] {subprocess.py:93} INFO - [0m07:01:15  Concurrency: 1 threads (target='dev')
[2025-07-02T07:01:15.223+0000] {subprocess.py:93} INFO - [0m07:01:15
[2025-07-02T07:01:15.235+0000] {subprocess.py:93} INFO - [0m07:01:15  1 of 5 START sql table model driven_staging.dim_address ........................ [RUN]
[2025-07-02T07:01:15.585+0000] {subprocess.py:93} INFO - [0m07:01:15  1 of 5 OK created sql table model driven_staging.dim_address ................... [[32mSELECT 11225[0m in 0.34s]
[2025-07-02T07:01:15.589+0000] {subprocess.py:93} INFO - [0m07:01:15  2 of 5 START sql table model driven_staging.dim_date ........................... [RUN]
[2025-07-02T07:01:15.776+0000] {subprocess.py:93} INFO - [0m07:01:15  2 of 5 OK created sql table model driven_staging.dim_date ...................... [[32mSELECT 11225[0m in 0.18s]
[2025-07-02T07:01:15.788+0000] {subprocess.py:93} INFO - [0m07:01:15  3 of 5 START sql table model driven_staging.dim_finance ........................ [RUN]
[2025-07-02T07:01:16.381+0000] {subprocess.py:93} INFO - [0m07:01:16  3 of 5 OK created sql table model driven_staging.dim_finance ................... [[32mSELECT 11225[0m in 0.58s]
[2025-07-02T07:01:16.387+0000] {subprocess.py:93} INFO - [0m07:01:16  4 of 5 START sql table model driven_staging.dim_person ......................... [RUN]
[2025-07-02T07:01:17.184+0000] {subprocess.py:93} INFO - [0m07:01:17  4 of 5 OK created sql table model driven_staging.dim_person .................... [[32mSELECT 11225[0m in 0.79s]
[2025-07-02T07:01:17.188+0000] {subprocess.py:93} INFO - [0m07:01:17  5 of 5 START sql table model driven_staging.fact_network_usage ................. [RUN]
[2025-07-02T07:01:17.430+0000] {subprocess.py:93} INFO - [0m07:01:17  5 of 5 OK created sql table model driven_staging.fact_network_usage ............ [[32mSELECT 11225[0m in 0.23s]
[2025-07-02T07:01:17.486+0000] {subprocess.py:93} INFO - [0m07:01:17
[2025-07-02T07:01:17.487+0000] {subprocess.py:93} INFO - [0m07:01:17  Finished running 5 table models in 0 hours 0 minutes and 2.42 seconds (2.42s).
[2025-07-02T07:01:17.564+0000] {subprocess.py:93} INFO - [0m07:01:17
[2025-07-02T07:01:17.565+0000] {subprocess.py:93} INFO - [0m07:01:17  [32mCompleted successfully[0m
[2025-07-02T07:01:17.565+0000] {subprocess.py:93} INFO - [0m07:01:17
[2025-07-02T07:01:17.567+0000] {subprocess.py:93} INFO - [0m07:01:17  Done. PASS=5 WARN=0 ERROR=0 SKIP=0 TOTAL=5
[2025-07-02T07:01:18.453+0000] {subprocess.py:97} INFO - Command exited with return code 0
[2025-07-02T07:01:19.159+0000] {taskinstance.py:340} INFO - ::group::Post task execution logs
[2025-07-02T07:01:19.160+0000] {taskinstance.py:352} INFO - Marking task as SUCCESS. dag_id=extract_raw_data_pipeline, task_id=run_dbt_staging, run_id=scheduled__2025-07-02T07:00:00+00:00, execution_date=20250702T070000, start_date=20250702T070110, end_date=20250702T070119
[2025-07-02T07:01:19.245+0000] {local_task_job_runner.py:266} INFO - Task exited with return code 0
[2025-07-02T07:01:19.268+0000] {taskinstance.py:3900} INFO - 1 downstream tasks scheduled from follow-on schedule check
[2025-07-02T07:01:19.286+0000] {local_task_job_runner.py:245} INFO - ::endgroup::
