[2025-07-01T22:00:26.903+0000] {local_task_job_runner.py:123} INFO - ::group::Pre task execution logs
[2025-07-01T22:00:26.931+0000] {taskinstance.py:2612} INFO - Dependencies all met for dep_context=non-requeueable deps ti=<TaskInstance: extract_raw_data_pipeline.extract_raw_data manual__2025-07-01T22:00:25.191045+00:00 [queued]>
[2025-07-01T22:00:26.946+0000] {taskinstance.py:2612} INFO - Dependencies all met for dep_context=requeueable deps ti=<TaskInstance: extract_raw_data_pipeline.extract_raw_data manual__2025-07-01T22:00:25.191045+00:00 [queued]>
[2025-07-01T22:00:26.947+0000] {taskinstance.py:2865} INFO - Starting attempt 1 of 1
[2025-07-01T22:00:26.976+0000] {taskinstance.py:2888} INFO - Executing <Task(PythonOperator): extract_raw_data> on 2025-07-01 22:00:25.191045+00:00
[2025-07-01T22:00:26.986+0000] {warnings.py:112} WARNING - /home/***/.local/lib/python3.12/site-packages/***/task/task_runner/standard_task_runner.py:70: DeprecationWarning: This process (pid=334) is multi-threaded, use of fork() may lead to deadlocks in the child.
  pid = os.fork()

[2025-07-01T22:00:26.989+0000] {standard_task_runner.py:72} INFO - Started process 337 to run task
[2025-07-01T22:00:26.992+0000] {standard_task_runner.py:104} INFO - Running: ['***', 'tasks', 'run', 'extract_raw_data_pipeline', 'extract_raw_data', 'manual__2025-07-01T22:00:25.191045+00:00', '--job-id', '17', '--raw', '--subdir', 'DAGS_FOLDER/driven_data_pipeline.py', '--cfg-path', '/tmp/tmpe03k19d_']
[2025-07-01T22:00:26.994+0000] {standard_task_runner.py:105} INFO - Job 17: Subtask extract_raw_data
[2025-07-01T22:00:27.094+0000] {task_command.py:467} INFO - Running <TaskInstance: extract_raw_data_pipeline.extract_raw_data manual__2025-07-01T22:00:25.191045+00:00 [running]> on host c163bf459d7a
[2025-07-01T22:00:27.233+0000] {taskinstance.py:3131} INFO - Exporting env vars: AIRFLOW_CTX_DAG_OWNER='***' AIRFLOW_CTX_DAG_ID='extract_raw_data_pipeline' AIRFLOW_CTX_TASK_ID='extract_raw_data' AIRFLOW_CTX_EXECUTION_DATE='2025-07-01T22:00:25.191045+00:00' AIRFLOW_CTX_TRY_NUMBER='1' AIRFLOW_CTX_DAG_RUN_ID='manual__2025-07-01T22:00:25.191045+00:00'
[2025-07-01T22:00:27.234+0000] {taskinstance.py:731} INFO - ::endgroup::
[2025-07-01T22:00:27.251+0000] {driven_data_pipeline.py:143} INFO - Started batch processing for 2025-07-01.
[2025-07-01T22:00:27.251+0000] {driven_data_pipeline.py:34} INFO - Created synthetic data for MX country code.
[2025-07-01T22:00:27.567+0000] {driven_data_pipeline.py:100} INFO - Written 508 records to the CSV file.
[2025-07-01T22:00:27.580+0000] {driven_data_pipeline.py:116} INFO - Added UUID to the dataset.
[2025-07-01T22:00:27.584+0000] {driven_data_pipeline.py:135} INFO - Updated accessed timestamp.
[2025-07-01T22:00:27.585+0000] {driven_data_pipeline.py:151} INFO - Finished batch processing 2025-07-01.
[2025-07-01T22:00:27.585+0000] {python.py:240} INFO - Done. Returned value was: None
[2025-07-01T22:00:27.596+0000] {taskinstance.py:340} INFO - ::group::Post task execution logs
[2025-07-01T22:00:27.597+0000] {taskinstance.py:352} INFO - Marking task as SUCCESS. dag_id=extract_raw_data_pipeline, task_id=extract_raw_data, run_id=manual__2025-07-01T22:00:25.191045+00:00, execution_date=20250701T220025, start_date=20250701T220026, end_date=20250701T220027
[2025-07-01T22:00:27.687+0000] {local_task_job_runner.py:266} INFO - Task exited with return code 0
[2025-07-01T22:00:27.717+0000] {taskinstance.py:3900} INFO - 1 downstream tasks scheduled from follow-on schedule check
[2025-07-01T22:00:27.739+0000] {local_task_job_runner.py:245} INFO - ::endgroup::
