[2025-07-01T23:45:54.846+0000] {local_task_job_runner.py:123} INFO - ::group::Pre task execution logs
[2025-07-01T23:45:54.863+0000] {taskinstance.py:2612} INFO - Dependencies all met for dep_context=non-requeueable deps ti=<TaskInstance: extract_raw_data_pipeline.run_dbt_staging manual__2025-07-01T23:45:42.297266+00:00 [queued]>
[2025-07-01T23:45:54.871+0000] {taskinstance.py:2612} INFO - Dependencies all met for dep_context=requeueable deps ti=<TaskInstance: extract_raw_data_pipeline.run_dbt_staging manual__2025-07-01T23:45:42.297266+00:00 [queued]>
[2025-07-01T23:45:54.871+0000] {taskinstance.py:2865} INFO - Starting attempt 1 of 1
[2025-07-01T23:45:54.902+0000] {taskinstance.py:2888} INFO - Executing <Task(BashOperator): run_dbt_staging> on 2025-07-01 23:45:42.297266+00:00
[2025-07-01T23:45:54.910+0000] {warnings.py:112} WARNING - /home/***/.local/lib/python3.12/site-packages/***/task/task_runner/standard_task_runner.py:70: DeprecationWarning: This process (pid=294) is multi-threaded, use of fork() may lead to deadlocks in the child.
  pid = os.fork()

[2025-07-01T23:45:54.911+0000] {standard_task_runner.py:72} INFO - Started process 296 to run task
[2025-07-01T23:45:54.912+0000] {standard_task_runner.py:104} INFO - Running: ['***', 'tasks', 'run', 'extract_raw_data_pipeline', 'run_dbt_staging', 'manual__2025-07-01T23:45:42.297266+00:00', '--job-id', '11', '--raw', '--subdir', 'DAGS_FOLDER/driven_data_pipeline.py', '--cfg-path', '/tmp/tmpb20nq_9j']
[2025-07-01T23:45:54.913+0000] {standard_task_runner.py:105} INFO - Job 11: Subtask run_dbt_staging
[2025-07-01T23:45:55.017+0000] {task_command.py:467} INFO - Running <TaskInstance: extract_raw_data_pipeline.run_dbt_staging manual__2025-07-01T23:45:42.297266+00:00 [running]> on host 174a9d4057ca
[2025-07-01T23:45:56.110+0000] {taskinstance.py:3131} INFO - Exporting env vars: AIRFLOW_CTX_DAG_OWNER='***' AIRFLOW_CTX_DAG_ID='extract_raw_data_pipeline' AIRFLOW_CTX_TASK_ID='run_dbt_staging' AIRFLOW_CTX_EXECUTION_DATE='2025-07-01T23:45:42.297266+00:00' AIRFLOW_CTX_TRY_NUMBER='1' AIRFLOW_CTX_DAG_RUN_ID='manual__2025-07-01T23:45:42.297266+00:00'
[2025-07-01T23:45:56.111+0000] {taskinstance.py:731} INFO - ::endgroup::
[2025-07-01T23:45:56.124+0000] {subprocess.py:63} INFO - Tmp dir root location: /tmp
[2025-07-01T23:45:56.125+0000] {subprocess.py:75} INFO - Running command: ['/usr/bin/bash', '-c', 'set -x; cd /opt/***/dbt && dbt run --select tag:staging']
[2025-07-01T23:45:56.140+0000] {subprocess.py:86} INFO - Output:
[2025-07-01T23:45:56.142+0000] {subprocess.py:93} INFO - + cd /opt/***/dbt
[2025-07-01T23:45:56.142+0000] {subprocess.py:93} INFO - + dbt run --select tag:staging
[2025-07-01T23:46:06.064+0000] {subprocess.py:93} INFO - [0m23:46:06  Running with dbt=1.8.0
[2025-07-01T23:46:06.616+0000] {subprocess.py:93} INFO - [0m23:46:06  Registered adapter: postgres=1.8.2
[2025-07-01T23:46:07.454+0000] {subprocess.py:93} INFO - [0m23:46:07  Found 9 models, 10 sources, 428 macros
[2025-07-01T23:46:07.457+0000] {subprocess.py:93} INFO - [0m23:46:07
[2025-07-01T23:46:07.835+0000] {subprocess.py:93} INFO - [0m23:46:07  Concurrency: 1 threads (target='dev')
[2025-07-01T23:46:07.836+0000] {subprocess.py:93} INFO - [0m23:46:07
[2025-07-01T23:46:07.853+0000] {subprocess.py:93} INFO - [0m23:46:07  1 of 5 START sql table model driven_staging.dim_address ........................ [RUN]
[2025-07-01T23:46:08.261+0000] {subprocess.py:93} INFO - [0m23:46:08  1 of 5 OK created sql table model driven_staging.dim_address ................... [[32mSELECT 1028[0m in 0.40s]
[2025-07-01T23:46:08.264+0000] {subprocess.py:93} INFO - [0m23:46:08  2 of 5 START sql table model driven_staging.dim_date ........................... [RUN]
[2025-07-01T23:46:08.338+0000] {subprocess.py:93} INFO - [0m23:46:08  2 of 5 OK created sql table model driven_staging.dim_date ...................... [[32mSELECT 1028[0m in 0.07s]
[2025-07-01T23:46:08.340+0000] {subprocess.py:93} INFO - [0m23:46:08  3 of 5 START sql table model driven_staging.dim_finance ........................ [RUN]
[2025-07-01T23:46:08.481+0000] {subprocess.py:93} INFO - [0m23:46:08  3 of 5 OK created sql table model driven_staging.dim_finance ................... [[32mSELECT 1028[0m in 0.13s]
[2025-07-01T23:46:08.487+0000] {subprocess.py:93} INFO - [0m23:46:08  4 of 5 START sql table model driven_staging.dim_person ......................... [RUN]
[2025-07-01T23:46:08.966+0000] {subprocess.py:93} INFO - [0m23:46:08  4 of 5 OK created sql table model driven_staging.dim_person .................... [[32mSELECT 1028[0m in 0.47s]
[2025-07-01T23:46:08.980+0000] {subprocess.py:93} INFO - [0m23:46:08  5 of 5 START sql table model driven_staging.fact_network_usage ................. [RUN]
[2025-07-01T23:46:09.576+0000] {subprocess.py:93} INFO - [0m23:46:09  5 of 5 OK created sql table model driven_staging.fact_network_usage ............ [[32mSELECT 1028[0m in 0.59s]
[2025-07-01T23:46:09.593+0000] {subprocess.py:93} INFO - [0m23:46:09
[2025-07-01T23:46:09.594+0000] {subprocess.py:93} INFO - [0m23:46:09  Finished running 5 table models in 0 hours 0 minutes and 2.13 seconds (2.13s).
[2025-07-01T23:46:09.642+0000] {subprocess.py:93} INFO - [0m23:46:09
[2025-07-01T23:46:09.643+0000] {subprocess.py:93} INFO - [0m23:46:09  [32mCompleted successfully[0m
[2025-07-01T23:46:09.643+0000] {subprocess.py:93} INFO - [0m23:46:09
[2025-07-01T23:46:09.644+0000] {subprocess.py:93} INFO - [0m23:46:09  Done. PASS=5 WARN=0 ERROR=0 SKIP=0 TOTAL=5
[2025-07-01T23:46:10.848+0000] {subprocess.py:97} INFO - Command exited with return code 0
[2025-07-01T23:46:11.460+0000] {taskinstance.py:340} INFO - ::group::Post task execution logs
[2025-07-01T23:46:11.461+0000] {taskinstance.py:352} INFO - Marking task as SUCCESS. dag_id=extract_raw_data_pipeline, task_id=run_dbt_staging, run_id=manual__2025-07-01T23:45:42.297266+00:00, execution_date=20250701T234542, start_date=20250701T234554, end_date=20250701T234611
[2025-07-01T23:46:11.526+0000] {local_task_job_runner.py:266} INFO - Task exited with return code 0
[2025-07-01T23:46:11.558+0000] {taskinstance.py:3900} INFO - 1 downstream tasks scheduled from follow-on schedule check
[2025-07-01T23:46:11.578+0000] {local_task_job_runner.py:245} INFO - ::endgroup::
