[2025-07-01T22:55:12.894+0000] {local_task_job_runner.py:123} INFO - ::group::Pre task execution logs
[2025-07-01T22:55:12.936+0000] {taskinstance.py:2612} INFO - Dependencies all met for dep_context=non-requeueable deps ti=<TaskInstance: extract_raw_data_pipeline.create_raw_schema manual__2025-07-01T22:55:09.278841+00:00 [queued]>
[2025-07-01T22:55:12.950+0000] {taskinstance.py:2612} INFO - Dependencies all met for dep_context=requeueable deps ti=<TaskInstance: extract_raw_data_pipeline.create_raw_schema manual__2025-07-01T22:55:09.278841+00:00 [queued]>
[2025-07-01T22:55:12.951+0000] {taskinstance.py:2865} INFO - Starting attempt 1 of 1
[2025-07-01T22:55:13.220+0000] {taskinstance.py:2888} INFO - Executing <Task(SQLExecuteQueryOperator): create_raw_schema> on 2025-07-01 22:55:09.278841+00:00
[2025-07-01T22:55:13.231+0000] {warnings.py:112} WARNING - /home/***/.local/lib/python3.12/site-packages/***/task/task_runner/standard_task_runner.py:70: DeprecationWarning: This process (pid=339) is multi-threaded, use of fork() may lead to deadlocks in the child.
  pid = os.fork()

[2025-07-01T22:55:13.233+0000] {standard_task_runner.py:72} INFO - Started process 343 to run task
[2025-07-01T22:55:13.235+0000] {standard_task_runner.py:104} INFO - Running: ['***', 'tasks', 'run', 'extract_raw_data_pipeline', 'create_raw_schema', 'manual__2025-07-01T22:55:09.278841+00:00', '--job-id', '19', '--raw', '--subdir', 'DAGS_FOLDER/driven_data_pipeline.py', '--cfg-path', '/tmp/tmp15m8cth6']
[2025-07-01T22:55:13.237+0000] {standard_task_runner.py:105} INFO - Job 19: Subtask create_raw_schema
[2025-07-01T22:55:13.850+0000] {task_command.py:467} INFO - Running <TaskInstance: extract_raw_data_pipeline.create_raw_schema manual__2025-07-01T22:55:09.278841+00:00 [running]> on host 943703dd0104
[2025-07-01T22:55:14.615+0000] {taskinstance.py:3131} INFO - Exporting env vars: AIRFLOW_CTX_DAG_OWNER='***' AIRFLOW_CTX_DAG_ID='extract_raw_data_pipeline' AIRFLOW_CTX_TASK_ID='create_raw_schema' AIRFLOW_CTX_EXECUTION_DATE='2025-07-01T22:55:09.278841+00:00' AIRFLOW_CTX_TRY_NUMBER='1' AIRFLOW_CTX_DAG_RUN_ID='manual__2025-07-01T22:55:09.278841+00:00'
[2025-07-01T22:55:14.618+0000] {taskinstance.py:731} INFO - ::endgroup::
[2025-07-01T22:55:14.673+0000] {sql.py:266} INFO - Executing: CREATE SCHEMA IF NOT EXISTS driven_raw;
[2025-07-01T22:55:14.702+0000] {base.py:84} INFO - Retrieving connection 'postgres_conn'
[2025-07-01T22:55:14.729+0000] {base.py:84} INFO - Retrieving connection 'postgres_conn'
[2025-07-01T22:55:14.740+0000] {sql.py:509} INFO - Running statement: CREATE SCHEMA IF NOT EXISTS driven_raw;, parameters: None
[2025-07-01T22:55:14.767+0000] {taskinstance.py:340} INFO - ::group::Post task execution logs
[2025-07-01T22:55:14.768+0000] {taskinstance.py:352} INFO - Marking task as SUCCESS. dag_id=extract_raw_data_pipeline, task_id=create_raw_schema, run_id=manual__2025-07-01T22:55:09.278841+00:00, execution_date=20250701T225509, start_date=20250701T225512, end_date=20250701T225514
[2025-07-01T22:55:14.861+0000] {local_task_job_runner.py:266} INFO - Task exited with return code 0
[2025-07-01T22:55:14.902+0000] {taskinstance.py:3900} INFO - 0 downstream tasks scheduled from follow-on schedule check
[2025-07-01T22:55:14.996+0000] {local_task_job_runner.py:245} INFO - ::endgroup::
