[2025-07-02T01:26:28.126+0000] {local_task_job_runner.py:123} INFO - ::group::Pre task execution logs
[2025-07-02T01:26:28.147+0000] {taskinstance.py:2612} INFO - Dependencies all met for dep_context=non-requeueable deps ti=<TaskInstance: extract_raw_data_pipeline.run_dbt_staging manual__2025-07-02T01:26:10.995704+00:00 [queued]>
[2025-07-02T01:26:28.159+0000] {taskinstance.py:2612} INFO - Dependencies all met for dep_context=requeueable deps ti=<TaskInstance: extract_raw_data_pipeline.run_dbt_staging manual__2025-07-02T01:26:10.995704+00:00 [queued]>
[2025-07-02T01:26:28.160+0000] {taskinstance.py:2865} INFO - Starting attempt 1 of 1
[2025-07-02T01:26:28.187+0000] {taskinstance.py:2888} INFO - Executing <Task(BashOperator): run_dbt_staging> on 2025-07-02 01:26:10.995704+00:00
[2025-07-02T01:26:28.196+0000] {warnings.py:112} WARNING - /home/***/.local/lib/python3.12/site-packages/***/task/task_runner/standard_task_runner.py:70: DeprecationWarning: This process (pid=276) is multi-threaded, use of fork() may lead to deadlocks in the child.
  pid = os.fork()

[2025-07-02T01:26:28.197+0000] {standard_task_runner.py:72} INFO - Started process 278 to run task
[2025-07-02T01:26:28.198+0000] {standard_task_runner.py:104} INFO - Running: ['***', 'tasks', 'run', 'extract_raw_data_pipeline', 'run_dbt_staging', 'manual__2025-07-02T01:26:10.995704+00:00', '--job-id', '13', '--raw', '--subdir', 'DAGS_FOLDER/driven_data_pipeline.py', '--cfg-path', '/tmp/tmpg_wuxj9n']
[2025-07-02T01:26:28.199+0000] {standard_task_runner.py:105} INFO - Job 13: Subtask run_dbt_staging
[2025-07-02T01:26:28.261+0000] {task_command.py:467} INFO - Running <TaskInstance: extract_raw_data_pipeline.run_dbt_staging manual__2025-07-02T01:26:10.995704+00:00 [running]> on host 48b6d860598d
[2025-07-02T01:26:28.382+0000] {taskinstance.py:3131} INFO - Exporting env vars: AIRFLOW_CTX_DAG_OWNER='***' AIRFLOW_CTX_DAG_ID='extract_raw_data_pipeline' AIRFLOW_CTX_TASK_ID='run_dbt_staging' AIRFLOW_CTX_EXECUTION_DATE='2025-07-02T01:26:10.995704+00:00' AIRFLOW_CTX_TRY_NUMBER='1' AIRFLOW_CTX_DAG_RUN_ID='manual__2025-07-02T01:26:10.995704+00:00'
[2025-07-02T01:26:28.383+0000] {taskinstance.py:731} INFO - ::endgroup::
[2025-07-02T01:26:28.398+0000] {subprocess.py:63} INFO - Tmp dir root location: /tmp
[2025-07-02T01:26:28.399+0000] {subprocess.py:75} INFO - Running command: ['/usr/bin/bash', '-c', 'set -x; cd /opt/***/dbt && dbt run --select tag:staging']
[2025-07-02T01:26:28.413+0000] {subprocess.py:86} INFO - Output:
[2025-07-02T01:26:28.415+0000] {subprocess.py:93} INFO - + cd /opt/***/dbt
[2025-07-02T01:26:28.415+0000] {subprocess.py:93} INFO - + dbt run --select tag:staging
[2025-07-02T01:26:31.095+0000] {subprocess.py:93} INFO - [0m01:26:31  Running with dbt=1.8.0
[2025-07-02T01:26:31.420+0000] {subprocess.py:93} INFO - [0m01:26:31  Registered adapter: postgres=1.8.2
[2025-07-02T01:26:31.910+0000] {subprocess.py:93} INFO - [0m01:26:31  Found 9 models, 10 sources, 428 macros
[2025-07-02T01:26:31.914+0000] {subprocess.py:93} INFO - [0m01:26:31
[2025-07-02T01:26:32.069+0000] {subprocess.py:93} INFO - [0m01:26:32  Concurrency: 1 threads (target='dev')
[2025-07-02T01:26:32.070+0000] {subprocess.py:93} INFO - [0m01:26:32
[2025-07-02T01:26:32.084+0000] {subprocess.py:93} INFO - [0m01:26:32  1 of 5 START sql table model driven_staging.dim_address ........................ [RUN]
[2025-07-02T01:26:32.687+0000] {subprocess.py:93} INFO - [0m01:26:32  1 of 5 OK created sql table model driven_staging.dim_address ................... [[32mSELECT 854[0m in 0.60s]
[2025-07-02T01:26:32.689+0000] {subprocess.py:93} INFO - [0m01:26:32  2 of 5 START sql table model driven_staging.dim_date ........................... [RUN]
[2025-07-02T01:26:32.779+0000] {subprocess.py:93} INFO - [0m01:26:32  2 of 5 OK created sql table model driven_staging.dim_date ...................... [[32mSELECT 854[0m in 0.09s]
[2025-07-02T01:26:32.781+0000] {subprocess.py:93} INFO - [0m01:26:32  3 of 5 START sql table model driven_staging.dim_finance ........................ [RUN]
[2025-07-02T01:26:32.890+0000] {subprocess.py:93} INFO - [0m01:26:32  3 of 5 OK created sql table model driven_staging.dim_finance ................... [[32mSELECT 854[0m in 0.11s]
[2025-07-02T01:26:32.893+0000] {subprocess.py:93} INFO - [0m01:26:32  4 of 5 START sql table model driven_staging.dim_person ......................... [RUN]
[2025-07-02T01:26:33.081+0000] {subprocess.py:93} INFO - [0m01:26:33  4 of 5 OK created sql table model driven_staging.dim_person .................... [[32mSELECT 854[0m in 0.18s]
[2025-07-02T01:26:33.088+0000] {subprocess.py:93} INFO - [0m01:26:33  5 of 5 START sql table model driven_staging.fact_network_usage ................. [RUN]
[2025-07-02T01:26:33.203+0000] {subprocess.py:93} INFO - [0m01:26:33  5 of 5 OK created sql table model driven_staging.fact_network_usage ............ [[32mSELECT 854[0m in 0.11s]
[2025-07-02T01:26:33.217+0000] {subprocess.py:93} INFO - [0m01:26:33
[2025-07-02T01:26:33.218+0000] {subprocess.py:93} INFO - [0m01:26:33  Finished running 5 table models in 0 hours 0 minutes and 1.30 seconds (1.30s).
[2025-07-02T01:26:33.266+0000] {subprocess.py:93} INFO - [0m01:26:33
[2025-07-02T01:26:33.267+0000] {subprocess.py:93} INFO - [0m01:26:33  [32mCompleted successfully[0m
[2025-07-02T01:26:33.268+0000] {subprocess.py:93} INFO - [0m01:26:33
[2025-07-02T01:26:33.269+0000] {subprocess.py:93} INFO - [0m01:26:33  Done. PASS=5 WARN=0 ERROR=0 SKIP=0 TOTAL=5
[2025-07-02T01:26:34.317+0000] {subprocess.py:97} INFO - Command exited with return code 0
[2025-07-02T01:26:34.374+0000] {taskinstance.py:340} INFO - ::group::Post task execution logs
[2025-07-02T01:26:34.375+0000] {taskinstance.py:352} INFO - Marking task as SUCCESS. dag_id=extract_raw_data_pipeline, task_id=run_dbt_staging, run_id=manual__2025-07-02T01:26:10.995704+00:00, execution_date=20250702T012610, start_date=20250702T012628, end_date=20250702T012634
[2025-07-02T01:26:34.481+0000] {local_task_job_runner.py:266} INFO - Task exited with return code 0
[2025-07-02T01:26:34.505+0000] {taskinstance.py:3900} INFO - 1 downstream tasks scheduled from follow-on schedule check
[2025-07-02T01:26:34.531+0000] {local_task_job_runner.py:245} INFO - ::endgroup::
