[2025-07-01T07:59:02.361+0000] {local_task_job_runner.py:123} INFO - ::group::Pre task execution logs
[2025-07-01T07:59:02.383+0000] {taskinstance.py:2612} INFO - Dependencies all met for dep_context=non-requeueable deps ti=<TaskInstance: extract_raw_data_pipeline.extract_raw_data scheduled__2025-07-01T07:58:00+00:00 [queued]>
[2025-07-01T07:59:02.397+0000] {taskinstance.py:2612} INFO - Dependencies all met for dep_context=requeueable deps ti=<TaskInstance: extract_raw_data_pipeline.extract_raw_data scheduled__2025-07-01T07:58:00+00:00 [queued]>
[2025-07-01T07:59:02.397+0000] {taskinstance.py:2865} INFO - Starting attempt 1 of 1
[2025-07-01T07:59:02.444+0000] {taskinstance.py:2888} INFO - Executing <Task(PythonOperator): extract_raw_data> on 2025-07-01 07:58:00+00:00
[2025-07-01T07:59:02.460+0000] {warnings.py:112} WARNING - /home/***/.local/lib/python3.12/site-packages/***/task/task_runner/standard_task_runner.py:70: DeprecationWarning: This process (pid=2497) is multi-threaded, use of fork() may lead to deadlocks in the child.
  pid = os.fork()

[2025-07-01T07:59:02.463+0000] {standard_task_runner.py:104} INFO - Running: ['***', 'tasks', 'run', 'extract_raw_data_pipeline', 'extract_raw_data', 'scheduled__2025-07-01T07:58:00+00:00', '--job-id', '151', '--raw', '--subdir', 'DAGS_FOLDER/driven_data_pipeline.py', '--cfg-path', '/tmp/tmpkrvxrizg']
[2025-07-01T07:59:02.465+0000] {standard_task_runner.py:105} INFO - Job 151: Subtask extract_raw_data
[2025-07-01T07:59:02.466+0000] {standard_task_runner.py:72} INFO - Started process 2501 to run task
[2025-07-01T07:59:02.608+0000] {task_command.py:467} INFO - Running <TaskInstance: extract_raw_data_pipeline.extract_raw_data scheduled__2025-07-01T07:58:00+00:00 [running]> on host 849c33af5dcf
[2025-07-01T07:59:02.799+0000] {taskinstance.py:3131} INFO - Exporting env vars: AIRFLOW_CTX_DAG_OWNER='***' AIRFLOW_CTX_DAG_ID='extract_raw_data_pipeline' AIRFLOW_CTX_TASK_ID='extract_raw_data' AIRFLOW_CTX_EXECUTION_DATE='2025-07-01T07:58:00+00:00' AIRFLOW_CTX_TRY_NUMBER='1' AIRFLOW_CTX_DAG_RUN_ID='scheduled__2025-07-01T07:58:00+00:00'
[2025-07-01T07:59:02.801+0000] {taskinstance.py:731} INFO - ::endgroup::
[2025-07-01T07:59:02.817+0000] {driven_data_pipeline.py:143} INFO - Started batch processing for 2025-07-01.
[2025-07-01T07:59:02.817+0000] {driven_data_pipeline.py:34} INFO - Created synthetic data for MX country code.
[2025-07-01T07:59:03.159+0000] {driven_data_pipeline.py:100} INFO - Written 471 records to the CSV file.
[2025-07-01T07:59:03.165+0000] {taskinstance.py:3310} ERROR - Task failed with exception
Traceback (most recent call last):
  File "/home/airflow/.local/lib/python3.12/site-packages/airflow/models/taskinstance.py", line 767, in _execute_task
    result = _execute_callable(context=context, **execute_callable_kwargs)
             ^^^^^^^^^^^^^^^^^^^^^^^^^^^^^^^^^^^^^^^^^^^^^^^^^^^^^^^^^^^^^
  File "/home/airflow/.local/lib/python3.12/site-packages/airflow/models/taskinstance.py", line 733, in _execute_callable
    return ExecutionCallableRunner(
           ^^^^^^^^^^^^^^^^^^^^^^^^
  File "/home/airflow/.local/lib/python3.12/site-packages/airflow/utils/operator_helpers.py", line 252, in run
    return self.func(*args, **kwargs)
           ^^^^^^^^^^^^^^^^^^^^^^^^^^
  File "/home/airflow/.local/lib/python3.12/site-packages/airflow/models/baseoperator.py", line 406, in wrapper
    return func(self, *args, **kwargs)
           ^^^^^^^^^^^^^^^^^^^^^^^^^^^
  File "/home/airflow/.local/lib/python3.12/site-packages/airflow/operators/python.py", line 238, in execute
    return_value = self.execute_callable()
                   ^^^^^^^^^^^^^^^^^^^^^^^
  File "/home/airflow/.local/lib/python3.12/site-packages/airflow/operators/python.py", line 256, in execute_callable
    return runner.run(*self.op_args, **self.op_kwargs)
           ^^^^^^^^^^^^^^^^^^^^^^^^^^^^^^^^^^^^^^^^^^^
  File "/home/airflow/.local/lib/python3.12/site-packages/airflow/utils/operator_helpers.py", line 252, in run
    return self.func(*args, **kwargs)
           ^^^^^^^^^^^^^^^^^^^^^^^^^^
  File "/opt/airflow/dags/driven_data_pipeline.py", line 147, in save_raw_data
    _add_id()
  File "/opt/airflow/dags/driven_data_pipeline.py", line 108, in _add_id
    df = pl.read_csv("/opt/airflow/data/raw_data.csv")
         ^^^^^^^^^^^^^^^^^^^^^^^^^^^^^^^^^^^^^^^^^^^^^
  File "/home/airflow/.local/lib/python3.12/site-packages/polars/_utils/deprecation.py", line 91, in wrapper
    return function(*args, **kwargs)
           ^^^^^^^^^^^^^^^^^^^^^^^^^
  File "/home/airflow/.local/lib/python3.12/site-packages/polars/_utils/deprecation.py", line 91, in wrapper
    return function(*args, **kwargs)
           ^^^^^^^^^^^^^^^^^^^^^^^^^
  File "/home/airflow/.local/lib/python3.12/site-packages/polars/_utils/deprecation.py", line 91, in wrapper
    return function(*args, **kwargs)
           ^^^^^^^^^^^^^^^^^^^^^^^^^
  File "/home/airflow/.local/lib/python3.12/site-packages/polars/io/csv/functions.py", line 500, in read_csv
    df = _read_csv_impl(
         ^^^^^^^^^^^^^^^
  File "/home/airflow/.local/lib/python3.12/site-packages/polars/io/csv/functions.py", line 646, in _read_csv_impl
    pydf = PyDataFrame.read_csv(
           ^^^^^^^^^^^^^^^^^^^^^
polars.exceptions.ComputeError: could not parse `personal_number` as dtype `i64` at column 'personal_number' (column number 4)

The current offset in the file is 2435175 bytes.

You might want to try:
- increasing `infer_schema_length` (e.g. `infer_schema_length=10000`),
- specifying correct dtype with the `dtypes` argument
- setting `ignore_errors` to `True`,
- adding `personal_number` to the `null_values` list.

Original error: ```remaining bytes non-empty```
[2025-07-01T07:59:03.180+0000] {taskinstance.py:1225} INFO - Marking task as FAILED. dag_id=extract_raw_data_pipeline, task_id=extract_raw_data, run_id=scheduled__2025-07-01T07:58:00+00:00, execution_date=20250701T075800, start_date=20250701T075902, end_date=20250701T075903
[2025-07-01T07:59:03.210+0000] {taskinstance.py:340} INFO - ::group::Post task execution logs
[2025-07-01T07:59:03.212+0000] {standard_task_runner.py:124} ERROR - Failed to execute job 151 for task extract_raw_data (could not parse `personal_number` as dtype `i64` at column 'personal_number' (column number 4)

The current offset in the file is 2435175 bytes.

You might want to try:
- increasing `infer_schema_length` (e.g. `infer_schema_length=10000`),
- specifying correct dtype with the `dtypes` argument
- setting `ignore_errors` to `True`,
- adding `personal_number` to the `null_values` list.

Original error: ```remaining bytes non-empty```; 2501)
Traceback (most recent call last):
  File "/home/airflow/.local/lib/python3.12/site-packages/airflow/task/task_runner/standard_task_runner.py", line 117, in _start_by_fork
    ret = args.func(args, dag=self.dag)
          ^^^^^^^^^^^^^^^^^^^^^^^^^^^^^
  File "/home/airflow/.local/lib/python3.12/site-packages/airflow/cli/cli_config.py", line 49, in command
    return func(*args, **kwargs)
           ^^^^^^^^^^^^^^^^^^^^^
  File "/home/airflow/.local/lib/python3.12/site-packages/airflow/utils/cli.py", line 115, in wrapper
    return f(*args, **kwargs)
           ^^^^^^^^^^^^^^^^^^
  File "/home/airflow/.local/lib/python3.12/site-packages/airflow/cli/commands/task_command.py", line 483, in task_run
    task_return_code = _run_task_by_selected_method(args, _dag, ti)
                       ^^^^^^^^^^^^^^^^^^^^^^^^^^^^^^^^^^^^^^^^^^^^
  File "/home/airflow/.local/lib/python3.12/site-packages/airflow/cli/commands/task_command.py", line 256, in _run_task_by_selected_method
    return _run_raw_task(args, ti)
           ^^^^^^^^^^^^^^^^^^^^^^^
  File "/home/airflow/.local/lib/python3.12/site-packages/airflow/cli/commands/task_command.py", line 341, in _run_raw_task
    return ti._run_raw_task(
           ^^^^^^^^^^^^^^^^^
  File "/home/airflow/.local/lib/python3.12/site-packages/airflow/utils/session.py", line 97, in wrapper
    return func(*args, session=session, **kwargs)
           ^^^^^^^^^^^^^^^^^^^^^^^^^^^^^^^^^^^^^^
  File "/home/airflow/.local/lib/python3.12/site-packages/airflow/models/taskinstance.py", line 3004, in _run_raw_task
    return _run_raw_task(
           ^^^^^^^^^^^^^^
  File "/home/airflow/.local/lib/python3.12/site-packages/airflow/models/taskinstance.py", line 273, in _run_raw_task
    TaskInstance._execute_task_with_callbacks(
  File "/home/airflow/.local/lib/python3.12/site-packages/airflow/models/taskinstance.py", line 3158, in _execute_task_with_callbacks
    result = self._execute_task(context, task_orig)
             ^^^^^^^^^^^^^^^^^^^^^^^^^^^^^^^^^^^^^^
  File "/home/airflow/.local/lib/python3.12/site-packages/airflow/models/taskinstance.py", line 3182, in _execute_task
    return _execute_task(self, context, task_orig)
           ^^^^^^^^^^^^^^^^^^^^^^^^^^^^^^^^^^^^^^^
  File "/home/airflow/.local/lib/python3.12/site-packages/airflow/models/taskinstance.py", line 767, in _execute_task
    result = _execute_callable(context=context, **execute_callable_kwargs)
             ^^^^^^^^^^^^^^^^^^^^^^^^^^^^^^^^^^^^^^^^^^^^^^^^^^^^^^^^^^^^^
  File "/home/airflow/.local/lib/python3.12/site-packages/airflow/models/taskinstance.py", line 733, in _execute_callable
    return ExecutionCallableRunner(
           ^^^^^^^^^^^^^^^^^^^^^^^^
  File "/home/airflow/.local/lib/python3.12/site-packages/airflow/utils/operator_helpers.py", line 252, in run
    return self.func(*args, **kwargs)
           ^^^^^^^^^^^^^^^^^^^^^^^^^^
  File "/home/airflow/.local/lib/python3.12/site-packages/airflow/models/baseoperator.py", line 406, in wrapper
    return func(self, *args, **kwargs)
           ^^^^^^^^^^^^^^^^^^^^^^^^^^^
  File "/home/airflow/.local/lib/python3.12/site-packages/airflow/operators/python.py", line 238, in execute
    return_value = self.execute_callable()
                   ^^^^^^^^^^^^^^^^^^^^^^^
  File "/home/airflow/.local/lib/python3.12/site-packages/airflow/operators/python.py", line 256, in execute_callable
    return runner.run(*self.op_args, **self.op_kwargs)
           ^^^^^^^^^^^^^^^^^^^^^^^^^^^^^^^^^^^^^^^^^^^
  File "/home/airflow/.local/lib/python3.12/site-packages/airflow/utils/operator_helpers.py", line 252, in run
    return self.func(*args, **kwargs)
           ^^^^^^^^^^^^^^^^^^^^^^^^^^
  File "/opt/airflow/dags/driven_data_pipeline.py", line 147, in save_raw_data
    _add_id()
  File "/opt/airflow/dags/driven_data_pipeline.py", line 108, in _add_id
    df = pl.read_csv("/opt/airflow/data/raw_data.csv")
         ^^^^^^^^^^^^^^^^^^^^^^^^^^^^^^^^^^^^^^^^^^^^^
  File "/home/airflow/.local/lib/python3.12/site-packages/polars/_utils/deprecation.py", line 91, in wrapper
    return function(*args, **kwargs)
           ^^^^^^^^^^^^^^^^^^^^^^^^^
  File "/home/airflow/.local/lib/python3.12/site-packages/polars/_utils/deprecation.py", line 91, in wrapper
    return function(*args, **kwargs)
           ^^^^^^^^^^^^^^^^^^^^^^^^^
  File "/home/airflow/.local/lib/python3.12/site-packages/polars/_utils/deprecation.py", line 91, in wrapper
    return function(*args, **kwargs)
           ^^^^^^^^^^^^^^^^^^^^^^^^^
  File "/home/airflow/.local/lib/python3.12/site-packages/polars/io/csv/functions.py", line 500, in read_csv
    df = _read_csv_impl(
         ^^^^^^^^^^^^^^^
  File "/home/airflow/.local/lib/python3.12/site-packages/polars/io/csv/functions.py", line 646, in _read_csv_impl
    pydf = PyDataFrame.read_csv(
           ^^^^^^^^^^^^^^^^^^^^^
polars.exceptions.ComputeError: could not parse `personal_number` as dtype `i64` at column 'personal_number' (column number 4)

The current offset in the file is 2435175 bytes.

You might want to try:
- increasing `infer_schema_length` (e.g. `infer_schema_length=10000`),
- specifying correct dtype with the `dtypes` argument
- setting `ignore_errors` to `True`,
- adding `personal_number` to the `null_values` list.

Original error: ```remaining bytes non-empty```
[2025-07-01T07:59:03.295+0000] {local_task_job_runner.py:266} INFO - Task exited with return code 1
[2025-07-01T07:59:03.328+0000] {taskinstance.py:3900} INFO - 0 downstream tasks scheduled from follow-on schedule check
[2025-07-01T07:59:03.353+0000] {local_task_job_runner.py:245} INFO - ::endgroup::
[2025-07-01T21:52:20.906+0000] {local_task_job_runner.py:123} INFO - ::group::Pre task execution logs
[2025-07-01T21:52:20.982+0000] {taskinstance.py:2612} INFO - Dependencies all met for dep_context=non-requeueable deps ti=<TaskInstance: extract_raw_data_pipeline.extract_raw_data scheduled__2025-07-01T07:58:00+00:00 [queued]>
[2025-07-01T21:52:20.996+0000] {taskinstance.py:2612} INFO - Dependencies all met for dep_context=requeueable deps ti=<TaskInstance: extract_raw_data_pipeline.extract_raw_data scheduled__2025-07-01T07:58:00+00:00 [queued]>
[2025-07-01T21:52:20.997+0000] {taskinstance.py:2865} INFO - Starting attempt 1 of 1
[2025-07-01T21:52:21.066+0000] {taskinstance.py:2888} INFO - Executing <Task(PythonOperator): extract_raw_data> on 2025-07-01 07:58:00+00:00
[2025-07-01T21:52:21.084+0000] {warnings.py:112} WARNING - /home/***/.local/lib/python3.12/site-packages/***/task/task_runner/standard_task_runner.py:70: DeprecationWarning: This process (pid=154) is multi-threaded, use of fork() may lead to deadlocks in the child.
  pid = os.fork()

[2025-07-01T21:52:21.088+0000] {standard_task_runner.py:72} INFO - Started process 165 to run task
[2025-07-01T21:52:21.097+0000] {standard_task_runner.py:104} INFO - Running: ['***', 'tasks', 'run', 'extract_raw_data_pipeline', 'extract_raw_data', 'scheduled__2025-07-01T07:58:00+00:00', '--job-id', '3', '--raw', '--subdir', 'DAGS_FOLDER/driven_data_pipeline.py', '--cfg-path', '/tmp/tmplmd1xtjo']
[2025-07-01T21:52:21.099+0000] {standard_task_runner.py:105} INFO - Job 3: Subtask extract_raw_data
[2025-07-01T21:52:21.193+0000] {task_command.py:467} INFO - Running <TaskInstance: extract_raw_data_pipeline.extract_raw_data scheduled__2025-07-01T07:58:00+00:00 [running]> on host c163bf459d7a
[2025-07-01T21:52:21.443+0000] {taskinstance.py:3131} INFO - Exporting env vars: AIRFLOW_CTX_DAG_OWNER='***' AIRFLOW_CTX_DAG_ID='extract_raw_data_pipeline' AIRFLOW_CTX_TASK_ID='extract_raw_data' AIRFLOW_CTX_EXECUTION_DATE='2025-07-01T07:58:00+00:00' AIRFLOW_CTX_TRY_NUMBER='1' AIRFLOW_CTX_DAG_RUN_ID='scheduled__2025-07-01T07:58:00+00:00'
[2025-07-01T21:52:21.451+0000] {taskinstance.py:731} INFO - ::endgroup::
[2025-07-01T21:52:21.827+0000] {driven_data_pipeline.py:143} INFO - Started batch processing for 2025-07-01.
[2025-07-01T21:52:21.836+0000] {driven_data_pipeline.py:34} INFO - Created synthetic data for MX country code.
[2025-07-01T21:52:22.698+0000] {driven_data_pipeline.py:100} INFO - Written 210 records to the CSV file.
[2025-07-01T21:52:23.374+0000] {taskinstance.py:3310} ERROR - Task failed with exception
Traceback (most recent call last):
  File "/home/airflow/.local/lib/python3.12/site-packages/airflow/models/taskinstance.py", line 767, in _execute_task
    result = _execute_callable(context=context, **execute_callable_kwargs)
             ^^^^^^^^^^^^^^^^^^^^^^^^^^^^^^^^^^^^^^^^^^^^^^^^^^^^^^^^^^^^^
  File "/home/airflow/.local/lib/python3.12/site-packages/airflow/models/taskinstance.py", line 733, in _execute_callable
    return ExecutionCallableRunner(
           ^^^^^^^^^^^^^^^^^^^^^^^^
  File "/home/airflow/.local/lib/python3.12/site-packages/airflow/utils/operator_helpers.py", line 252, in run
    return self.func(*args, **kwargs)
           ^^^^^^^^^^^^^^^^^^^^^^^^^^
  File "/home/airflow/.local/lib/python3.12/site-packages/airflow/models/baseoperator.py", line 406, in wrapper
    return func(self, *args, **kwargs)
           ^^^^^^^^^^^^^^^^^^^^^^^^^^^
  File "/home/airflow/.local/lib/python3.12/site-packages/airflow/operators/python.py", line 238, in execute
    return_value = self.execute_callable()
                   ^^^^^^^^^^^^^^^^^^^^^^^
  File "/home/airflow/.local/lib/python3.12/site-packages/airflow/operators/python.py", line 256, in execute_callable
    return runner.run(*self.op_args, **self.op_kwargs)
           ^^^^^^^^^^^^^^^^^^^^^^^^^^^^^^^^^^^^^^^^^^^
  File "/home/airflow/.local/lib/python3.12/site-packages/airflow/utils/operator_helpers.py", line 252, in run
    return self.func(*args, **kwargs)
           ^^^^^^^^^^^^^^^^^^^^^^^^^^
  File "/opt/airflow/dags/driven_data_pipeline.py", line 147, in save_raw_data
    _add_id()
  File "/opt/airflow/dags/driven_data_pipeline.py", line 108, in _add_id
    df = pl.read_csv("/opt/airflow/data/raw_data.csv")
         ^^^^^^^^^^^^^^^^^^^^^^^^^^^^^^^^^^^^^^^^^^^^^
  File "/home/airflow/.local/lib/python3.12/site-packages/polars/_utils/deprecation.py", line 91, in wrapper
    return function(*args, **kwargs)
           ^^^^^^^^^^^^^^^^^^^^^^^^^
  File "/home/airflow/.local/lib/python3.12/site-packages/polars/_utils/deprecation.py", line 91, in wrapper
    return function(*args, **kwargs)
           ^^^^^^^^^^^^^^^^^^^^^^^^^
  File "/home/airflow/.local/lib/python3.12/site-packages/polars/_utils/deprecation.py", line 91, in wrapper
    return function(*args, **kwargs)
           ^^^^^^^^^^^^^^^^^^^^^^^^^
  File "/home/airflow/.local/lib/python3.12/site-packages/polars/io/csv/functions.py", line 500, in read_csv
    df = _read_csv_impl(
         ^^^^^^^^^^^^^^^
  File "/home/airflow/.local/lib/python3.12/site-packages/polars/io/csv/functions.py", line 646, in _read_csv_impl
    pydf = PyDataFrame.read_csv(
           ^^^^^^^^^^^^^^^^^^^^^
polars.exceptions.ComputeError: could not parse `personal_number` as dtype `i64` at column 'personal_number' (column number 4)

The current offset in the file is 2490000 bytes.

You might want to try:
- increasing `infer_schema_length` (e.g. `infer_schema_length=10000`),
- specifying correct dtype with the `dtypes` argument
- setting `ignore_errors` to `True`,
- adding `personal_number` to the `null_values` list.

Original error: ```remaining bytes non-empty```
[2025-07-01T21:52:23.481+0000] {taskinstance.py:1225} INFO - Marking task as FAILED. dag_id=extract_raw_data_pipeline, task_id=extract_raw_data, run_id=scheduled__2025-07-01T07:58:00+00:00, execution_date=20250701T075800, start_date=20250701T215220, end_date=20250701T215223
[2025-07-01T21:52:23.527+0000] {taskinstance.py:340} INFO - ::group::Post task execution logs
[2025-07-01T21:52:23.530+0000] {standard_task_runner.py:124} ERROR - Failed to execute job 3 for task extract_raw_data (could not parse `personal_number` as dtype `i64` at column 'personal_number' (column number 4)

The current offset in the file is 2490000 bytes.

You might want to try:
- increasing `infer_schema_length` (e.g. `infer_schema_length=10000`),
- specifying correct dtype with the `dtypes` argument
- setting `ignore_errors` to `True`,
- adding `personal_number` to the `null_values` list.

Original error: ```remaining bytes non-empty```; 165)
Traceback (most recent call last):
  File "/home/airflow/.local/lib/python3.12/site-packages/airflow/task/task_runner/standard_task_runner.py", line 117, in _start_by_fork
    ret = args.func(args, dag=self.dag)
          ^^^^^^^^^^^^^^^^^^^^^^^^^^^^^
  File "/home/airflow/.local/lib/python3.12/site-packages/airflow/cli/cli_config.py", line 49, in command
    return func(*args, **kwargs)
           ^^^^^^^^^^^^^^^^^^^^^
  File "/home/airflow/.local/lib/python3.12/site-packages/airflow/utils/cli.py", line 115, in wrapper
    return f(*args, **kwargs)
           ^^^^^^^^^^^^^^^^^^
  File "/home/airflow/.local/lib/python3.12/site-packages/airflow/cli/commands/task_command.py", line 483, in task_run
    task_return_code = _run_task_by_selected_method(args, _dag, ti)
                       ^^^^^^^^^^^^^^^^^^^^^^^^^^^^^^^^^^^^^^^^^^^^
  File "/home/airflow/.local/lib/python3.12/site-packages/airflow/cli/commands/task_command.py", line 256, in _run_task_by_selected_method
    return _run_raw_task(args, ti)
           ^^^^^^^^^^^^^^^^^^^^^^^
  File "/home/airflow/.local/lib/python3.12/site-packages/airflow/cli/commands/task_command.py", line 341, in _run_raw_task
    return ti._run_raw_task(
           ^^^^^^^^^^^^^^^^^
  File "/home/airflow/.local/lib/python3.12/site-packages/airflow/utils/session.py", line 97, in wrapper
    return func(*args, session=session, **kwargs)
           ^^^^^^^^^^^^^^^^^^^^^^^^^^^^^^^^^^^^^^
  File "/home/airflow/.local/lib/python3.12/site-packages/airflow/models/taskinstance.py", line 3004, in _run_raw_task
    return _run_raw_task(
           ^^^^^^^^^^^^^^
  File "/home/airflow/.local/lib/python3.12/site-packages/airflow/models/taskinstance.py", line 273, in _run_raw_task
    TaskInstance._execute_task_with_callbacks(
  File "/home/airflow/.local/lib/python3.12/site-packages/airflow/models/taskinstance.py", line 3158, in _execute_task_with_callbacks
    result = self._execute_task(context, task_orig)
             ^^^^^^^^^^^^^^^^^^^^^^^^^^^^^^^^^^^^^^
  File "/home/airflow/.local/lib/python3.12/site-packages/airflow/models/taskinstance.py", line 3182, in _execute_task
    return _execute_task(self, context, task_orig)
           ^^^^^^^^^^^^^^^^^^^^^^^^^^^^^^^^^^^^^^^
  File "/home/airflow/.local/lib/python3.12/site-packages/airflow/models/taskinstance.py", line 767, in _execute_task
    result = _execute_callable(context=context, **execute_callable_kwargs)
             ^^^^^^^^^^^^^^^^^^^^^^^^^^^^^^^^^^^^^^^^^^^^^^^^^^^^^^^^^^^^^
  File "/home/airflow/.local/lib/python3.12/site-packages/airflow/models/taskinstance.py", line 733, in _execute_callable
    return ExecutionCallableRunner(
           ^^^^^^^^^^^^^^^^^^^^^^^^
  File "/home/airflow/.local/lib/python3.12/site-packages/airflow/utils/operator_helpers.py", line 252, in run
    return self.func(*args, **kwargs)
           ^^^^^^^^^^^^^^^^^^^^^^^^^^
  File "/home/airflow/.local/lib/python3.12/site-packages/airflow/models/baseoperator.py", line 406, in wrapper
    return func(self, *args, **kwargs)
           ^^^^^^^^^^^^^^^^^^^^^^^^^^^
  File "/home/airflow/.local/lib/python3.12/site-packages/airflow/operators/python.py", line 238, in execute
    return_value = self.execute_callable()
                   ^^^^^^^^^^^^^^^^^^^^^^^
  File "/home/airflow/.local/lib/python3.12/site-packages/airflow/operators/python.py", line 256, in execute_callable
    return runner.run(*self.op_args, **self.op_kwargs)
           ^^^^^^^^^^^^^^^^^^^^^^^^^^^^^^^^^^^^^^^^^^^
  File "/home/airflow/.local/lib/python3.12/site-packages/airflow/utils/operator_helpers.py", line 252, in run
    return self.func(*args, **kwargs)
           ^^^^^^^^^^^^^^^^^^^^^^^^^^
  File "/opt/airflow/dags/driven_data_pipeline.py", line 147, in save_raw_data
    _add_id()
  File "/opt/airflow/dags/driven_data_pipeline.py", line 108, in _add_id
    df = pl.read_csv("/opt/airflow/data/raw_data.csv")
         ^^^^^^^^^^^^^^^^^^^^^^^^^^^^^^^^^^^^^^^^^^^^^
  File "/home/airflow/.local/lib/python3.12/site-packages/polars/_utils/deprecation.py", line 91, in wrapper
    return function(*args, **kwargs)
           ^^^^^^^^^^^^^^^^^^^^^^^^^
  File "/home/airflow/.local/lib/python3.12/site-packages/polars/_utils/deprecation.py", line 91, in wrapper
    return function(*args, **kwargs)
           ^^^^^^^^^^^^^^^^^^^^^^^^^
  File "/home/airflow/.local/lib/python3.12/site-packages/polars/_utils/deprecation.py", line 91, in wrapper
    return function(*args, **kwargs)
           ^^^^^^^^^^^^^^^^^^^^^^^^^
  File "/home/airflow/.local/lib/python3.12/site-packages/polars/io/csv/functions.py", line 500, in read_csv
    df = _read_csv_impl(
         ^^^^^^^^^^^^^^^
  File "/home/airflow/.local/lib/python3.12/site-packages/polars/io/csv/functions.py", line 646, in _read_csv_impl
    pydf = PyDataFrame.read_csv(
           ^^^^^^^^^^^^^^^^^^^^^
polars.exceptions.ComputeError: could not parse `personal_number` as dtype `i64` at column 'personal_number' (column number 4)

The current offset in the file is 2490000 bytes.

You might want to try:
- increasing `infer_schema_length` (e.g. `infer_schema_length=10000`),
- specifying correct dtype with the `dtypes` argument
- setting `ignore_errors` to `True`,
- adding `personal_number` to the `null_values` list.

Original error: ```remaining bytes non-empty```
[2025-07-01T21:52:23.611+0000] {local_task_job_runner.py:266} INFO - Task exited with return code 1
[2025-07-01T21:52:23.643+0000] {taskinstance.py:3900} INFO - 0 downstream tasks scheduled from follow-on schedule check
[2025-07-01T21:52:23.670+0000] {local_task_job_runner.py:245} INFO - ::endgroup::
[2025-07-01T21:59:35.057+0000] {local_task_job_runner.py:123} INFO - ::group::Pre task execution logs
[2025-07-01T21:59:35.109+0000] {taskinstance.py:2612} INFO - Dependencies all met for dep_context=non-requeueable deps ti=<TaskInstance: extract_raw_data_pipeline.extract_raw_data scheduled__2025-07-01T07:58:00+00:00 [queued]>
[2025-07-01T21:59:35.124+0000] {taskinstance.py:2612} INFO - Dependencies all met for dep_context=requeueable deps ti=<TaskInstance: extract_raw_data_pipeline.extract_raw_data scheduled__2025-07-01T07:58:00+00:00 [queued]>
[2025-07-01T21:59:35.124+0000] {taskinstance.py:2865} INFO - Starting attempt 1 of 1
[2025-07-01T21:59:35.451+0000] {taskinstance.py:2888} INFO - Executing <Task(PythonOperator): extract_raw_data> on 2025-07-01 07:58:00+00:00
[2025-07-01T21:59:35.820+0000] {warnings.py:112} WARNING - /home/***/.local/lib/python3.12/site-packages/***/task/task_runner/standard_task_runner.py:70: DeprecationWarning: This process (pid=293) is multi-threaded, use of fork() may lead to deadlocks in the child.
  pid = os.fork()

[2025-07-01T21:59:35.826+0000] {standard_task_runner.py:72} INFO - Started process 304 to run task
[2025-07-01T21:59:35.848+0000] {standard_task_runner.py:104} INFO - Running: ['***', 'tasks', 'run', 'extract_raw_data_pipeline', 'extract_raw_data', 'scheduled__2025-07-01T07:58:00+00:00', '--job-id', '11', '--raw', '--subdir', 'DAGS_FOLDER/driven_data_pipeline.py', '--cfg-path', '/tmp/tmpvwvmb_98']
[2025-07-01T21:59:35.857+0000] {standard_task_runner.py:105} INFO - Job 11: Subtask extract_raw_data
[2025-07-01T21:59:36.676+0000] {task_command.py:467} INFO - Running <TaskInstance: extract_raw_data_pipeline.extract_raw_data scheduled__2025-07-01T07:58:00+00:00 [running]> on host c163bf459d7a
[2025-07-01T21:59:37.021+0000] {taskinstance.py:3131} INFO - Exporting env vars: AIRFLOW_CTX_DAG_OWNER='***' AIRFLOW_CTX_DAG_ID='extract_raw_data_pipeline' AIRFLOW_CTX_TASK_ID='extract_raw_data' AIRFLOW_CTX_EXECUTION_DATE='2025-07-01T07:58:00+00:00' AIRFLOW_CTX_TRY_NUMBER='1' AIRFLOW_CTX_DAG_RUN_ID='scheduled__2025-07-01T07:58:00+00:00'
[2025-07-01T21:59:37.027+0000] {taskinstance.py:731} INFO - ::endgroup::
[2025-07-01T21:59:37.085+0000] {driven_data_pipeline.py:143} INFO - Started batch processing for 2025-07-01.
[2025-07-01T21:59:37.086+0000] {driven_data_pipeline.py:34} INFO - Created synthetic data for MX country code.
[2025-07-01T21:59:37.343+0000] {driven_data_pipeline.py:100} INFO - Written 303 records to the CSV file.
[2025-07-01T21:59:37.352+0000] {taskinstance.py:3310} ERROR - Task failed with exception
Traceback (most recent call last):
  File "/home/airflow/.local/lib/python3.12/site-packages/airflow/models/taskinstance.py", line 767, in _execute_task
    result = _execute_callable(context=context, **execute_callable_kwargs)
             ^^^^^^^^^^^^^^^^^^^^^^^^^^^^^^^^^^^^^^^^^^^^^^^^^^^^^^^^^^^^^
  File "/home/airflow/.local/lib/python3.12/site-packages/airflow/models/taskinstance.py", line 733, in _execute_callable
    return ExecutionCallableRunner(
           ^^^^^^^^^^^^^^^^^^^^^^^^
  File "/home/airflow/.local/lib/python3.12/site-packages/airflow/utils/operator_helpers.py", line 252, in run
    return self.func(*args, **kwargs)
           ^^^^^^^^^^^^^^^^^^^^^^^^^^
  File "/home/airflow/.local/lib/python3.12/site-packages/airflow/models/baseoperator.py", line 406, in wrapper
    return func(self, *args, **kwargs)
           ^^^^^^^^^^^^^^^^^^^^^^^^^^^
  File "/home/airflow/.local/lib/python3.12/site-packages/airflow/operators/python.py", line 238, in execute
    return_value = self.execute_callable()
                   ^^^^^^^^^^^^^^^^^^^^^^^
  File "/home/airflow/.local/lib/python3.12/site-packages/airflow/operators/python.py", line 256, in execute_callable
    return runner.run(*self.op_args, **self.op_kwargs)
           ^^^^^^^^^^^^^^^^^^^^^^^^^^^^^^^^^^^^^^^^^^^
  File "/home/airflow/.local/lib/python3.12/site-packages/airflow/utils/operator_helpers.py", line 252, in run
    return self.func(*args, **kwargs)
           ^^^^^^^^^^^^^^^^^^^^^^^^^^
  File "/opt/airflow/dags/driven_data_pipeline.py", line 147, in save_raw_data
    _add_id()
  File "/opt/airflow/dags/driven_data_pipeline.py", line 108, in _add_id
    df = pl.read_csv("/opt/airflow/data/raw_data.csv")
         ^^^^^^^^^^^^^^^^^^^^^^^^^^^^^^^^^^^^^^^^^^^^^
  File "/home/airflow/.local/lib/python3.12/site-packages/polars/_utils/deprecation.py", line 91, in wrapper
    return function(*args, **kwargs)
           ^^^^^^^^^^^^^^^^^^^^^^^^^
  File "/home/airflow/.local/lib/python3.12/site-packages/polars/_utils/deprecation.py", line 91, in wrapper
    return function(*args, **kwargs)
           ^^^^^^^^^^^^^^^^^^^^^^^^^
  File "/home/airflow/.local/lib/python3.12/site-packages/polars/_utils/deprecation.py", line 91, in wrapper
    return function(*args, **kwargs)
           ^^^^^^^^^^^^^^^^^^^^^^^^^
  File "/home/airflow/.local/lib/python3.12/site-packages/polars/io/csv/functions.py", line 500, in read_csv
    df = _read_csv_impl(
         ^^^^^^^^^^^^^^^
  File "/home/airflow/.local/lib/python3.12/site-packages/polars/io/csv/functions.py", line 646, in _read_csv_impl
    pydf = PyDataFrame.read_csv(
           ^^^^^^^^^^^^^^^^^^^^^
polars.exceptions.ComputeError: could not parse `personal_number` as dtype `i64` at column 'personal_number' (column number 4)

The current offset in the file is 350496 bytes.

You might want to try:
- increasing `infer_schema_length` (e.g. `infer_schema_length=10000`),
- specifying correct dtype with the `dtypes` argument
- setting `ignore_errors` to `True`,
- adding `personal_number` to the `null_values` list.

Original error: ```remaining bytes non-empty```
[2025-07-01T21:59:37.368+0000] {taskinstance.py:1225} INFO - Marking task as FAILED. dag_id=extract_raw_data_pipeline, task_id=extract_raw_data, run_id=scheduled__2025-07-01T07:58:00+00:00, execution_date=20250701T075800, start_date=20250701T215935, end_date=20250701T215937
[2025-07-01T21:59:37.412+0000] {taskinstance.py:340} INFO - ::group::Post task execution logs
[2025-07-01T21:59:37.412+0000] {standard_task_runner.py:124} ERROR - Failed to execute job 11 for task extract_raw_data (could not parse `personal_number` as dtype `i64` at column 'personal_number' (column number 4)

The current offset in the file is 350496 bytes.

You might want to try:
- increasing `infer_schema_length` (e.g. `infer_schema_length=10000`),
- specifying correct dtype with the `dtypes` argument
- setting `ignore_errors` to `True`,
- adding `personal_number` to the `null_values` list.

Original error: ```remaining bytes non-empty```; 304)
Traceback (most recent call last):
  File "/home/airflow/.local/lib/python3.12/site-packages/airflow/task/task_runner/standard_task_runner.py", line 117, in _start_by_fork
    ret = args.func(args, dag=self.dag)
          ^^^^^^^^^^^^^^^^^^^^^^^^^^^^^
  File "/home/airflow/.local/lib/python3.12/site-packages/airflow/cli/cli_config.py", line 49, in command
    return func(*args, **kwargs)
           ^^^^^^^^^^^^^^^^^^^^^
  File "/home/airflow/.local/lib/python3.12/site-packages/airflow/utils/cli.py", line 115, in wrapper
    return f(*args, **kwargs)
           ^^^^^^^^^^^^^^^^^^
  File "/home/airflow/.local/lib/python3.12/site-packages/airflow/cli/commands/task_command.py", line 483, in task_run
    task_return_code = _run_task_by_selected_method(args, _dag, ti)
                       ^^^^^^^^^^^^^^^^^^^^^^^^^^^^^^^^^^^^^^^^^^^^
  File "/home/airflow/.local/lib/python3.12/site-packages/airflow/cli/commands/task_command.py", line 256, in _run_task_by_selected_method
    return _run_raw_task(args, ti)
           ^^^^^^^^^^^^^^^^^^^^^^^
  File "/home/airflow/.local/lib/python3.12/site-packages/airflow/cli/commands/task_command.py", line 341, in _run_raw_task
    return ti._run_raw_task(
           ^^^^^^^^^^^^^^^^^
  File "/home/airflow/.local/lib/python3.12/site-packages/airflow/utils/session.py", line 97, in wrapper
    return func(*args, session=session, **kwargs)
           ^^^^^^^^^^^^^^^^^^^^^^^^^^^^^^^^^^^^^^
  File "/home/airflow/.local/lib/python3.12/site-packages/airflow/models/taskinstance.py", line 3004, in _run_raw_task
    return _run_raw_task(
           ^^^^^^^^^^^^^^
  File "/home/airflow/.local/lib/python3.12/site-packages/airflow/models/taskinstance.py", line 273, in _run_raw_task
    TaskInstance._execute_task_with_callbacks(
  File "/home/airflow/.local/lib/python3.12/site-packages/airflow/models/taskinstance.py", line 3158, in _execute_task_with_callbacks
    result = self._execute_task(context, task_orig)
             ^^^^^^^^^^^^^^^^^^^^^^^^^^^^^^^^^^^^^^
  File "/home/airflow/.local/lib/python3.12/site-packages/airflow/models/taskinstance.py", line 3182, in _execute_task
    return _execute_task(self, context, task_orig)
           ^^^^^^^^^^^^^^^^^^^^^^^^^^^^^^^^^^^^^^^
  File "/home/airflow/.local/lib/python3.12/site-packages/airflow/models/taskinstance.py", line 767, in _execute_task
    result = _execute_callable(context=context, **execute_callable_kwargs)
             ^^^^^^^^^^^^^^^^^^^^^^^^^^^^^^^^^^^^^^^^^^^^^^^^^^^^^^^^^^^^^
  File "/home/airflow/.local/lib/python3.12/site-packages/airflow/models/taskinstance.py", line 733, in _execute_callable
    return ExecutionCallableRunner(
           ^^^^^^^^^^^^^^^^^^^^^^^^
  File "/home/airflow/.local/lib/python3.12/site-packages/airflow/utils/operator_helpers.py", line 252, in run
    return self.func(*args, **kwargs)
           ^^^^^^^^^^^^^^^^^^^^^^^^^^
  File "/home/airflow/.local/lib/python3.12/site-packages/airflow/models/baseoperator.py", line 406, in wrapper
    return func(self, *args, **kwargs)
           ^^^^^^^^^^^^^^^^^^^^^^^^^^^
  File "/home/airflow/.local/lib/python3.12/site-packages/airflow/operators/python.py", line 238, in execute
    return_value = self.execute_callable()
                   ^^^^^^^^^^^^^^^^^^^^^^^
  File "/home/airflow/.local/lib/python3.12/site-packages/airflow/operators/python.py", line 256, in execute_callable
    return runner.run(*self.op_args, **self.op_kwargs)
           ^^^^^^^^^^^^^^^^^^^^^^^^^^^^^^^^^^^^^^^^^^^
  File "/home/airflow/.local/lib/python3.12/site-packages/airflow/utils/operator_helpers.py", line 252, in run
    return self.func(*args, **kwargs)
           ^^^^^^^^^^^^^^^^^^^^^^^^^^
  File "/opt/airflow/dags/driven_data_pipeline.py", line 147, in save_raw_data
    _add_id()
  File "/opt/airflow/dags/driven_data_pipeline.py", line 108, in _add_id
    df = pl.read_csv("/opt/airflow/data/raw_data.csv")
         ^^^^^^^^^^^^^^^^^^^^^^^^^^^^^^^^^^^^^^^^^^^^^
  File "/home/airflow/.local/lib/python3.12/site-packages/polars/_utils/deprecation.py", line 91, in wrapper
    return function(*args, **kwargs)
           ^^^^^^^^^^^^^^^^^^^^^^^^^
  File "/home/airflow/.local/lib/python3.12/site-packages/polars/_utils/deprecation.py", line 91, in wrapper
    return function(*args, **kwargs)
           ^^^^^^^^^^^^^^^^^^^^^^^^^
  File "/home/airflow/.local/lib/python3.12/site-packages/polars/_utils/deprecation.py", line 91, in wrapper
    return function(*args, **kwargs)
           ^^^^^^^^^^^^^^^^^^^^^^^^^
  File "/home/airflow/.local/lib/python3.12/site-packages/polars/io/csv/functions.py", line 500, in read_csv
    df = _read_csv_impl(
         ^^^^^^^^^^^^^^^
  File "/home/airflow/.local/lib/python3.12/site-packages/polars/io/csv/functions.py", line 646, in _read_csv_impl
    pydf = PyDataFrame.read_csv(
           ^^^^^^^^^^^^^^^^^^^^^
polars.exceptions.ComputeError: could not parse `personal_number` as dtype `i64` at column 'personal_number' (column number 4)

The current offset in the file is 350496 bytes.

You might want to try:
- increasing `infer_schema_length` (e.g. `infer_schema_length=10000`),
- specifying correct dtype with the `dtypes` argument
- setting `ignore_errors` to `True`,
- adding `personal_number` to the `null_values` list.

Original error: ```remaining bytes non-empty```
[2025-07-01T21:59:37.434+0000] {local_task_job_runner.py:266} INFO - Task exited with return code 1
[2025-07-01T21:59:37.459+0000] {taskinstance.py:3900} INFO - 0 downstream tasks scheduled from follow-on schedule check
[2025-07-01T21:59:37.483+0000] {local_task_job_runner.py:245} INFO - ::endgroup::
[2025-07-01T22:49:28.011+0000] {local_task_job_runner.py:123} INFO - ::group::Pre task execution logs
[2025-07-01T22:49:28.098+0000] {taskinstance.py:2612} INFO - Dependencies all met for dep_context=non-requeueable deps ti=<TaskInstance: extract_raw_data_pipeline.extract_raw_data scheduled__2025-07-01T07:58:00+00:00 [queued]>
[2025-07-01T22:49:28.111+0000] {taskinstance.py:2612} INFO - Dependencies all met for dep_context=requeueable deps ti=<TaskInstance: extract_raw_data_pipeline.extract_raw_data scheduled__2025-07-01T07:58:00+00:00 [queued]>
[2025-07-01T22:49:28.112+0000] {taskinstance.py:2865} INFO - Starting attempt 1 of 1
[2025-07-01T22:49:29.206+0000] {taskinstance.py:2888} INFO - Executing <Task(PythonOperator): extract_raw_data> on 2025-07-01 07:58:00+00:00
[2025-07-01T22:49:29.271+0000] {standard_task_runner.py:104} INFO - Running: ['***', 'tasks', 'run', 'extract_raw_data_pipeline', 'extract_raw_data', 'scheduled__2025-07-01T07:58:00+00:00', '--job-id', '3', '--raw', '--subdir', 'DAGS_FOLDER/driven_data_pipeline.py', '--cfg-path', '/tmp/tmp9__nqzi5']
[2025-07-01T22:49:29.273+0000] {standard_task_runner.py:105} INFO - Job 3: Subtask extract_raw_data
[2025-07-01T22:49:29.269+0000] {warnings.py:112} WARNING - /home/***/.local/lib/python3.12/site-packages/***/task/task_runner/standard_task_runner.py:70: DeprecationWarning: This process (pid=151) is multi-threaded, use of fork() may lead to deadlocks in the child.
  pid = os.fork()

[2025-07-01T22:49:29.279+0000] {standard_task_runner.py:72} INFO - Started process 162 to run task
[2025-07-01T22:49:29.393+0000] {task_command.py:467} INFO - Running <TaskInstance: extract_raw_data_pipeline.extract_raw_data scheduled__2025-07-01T07:58:00+00:00 [running]> on host 943703dd0104
[2025-07-01T22:49:29.865+0000] {taskinstance.py:3131} INFO - Exporting env vars: AIRFLOW_CTX_DAG_OWNER='***' AIRFLOW_CTX_DAG_ID='extract_raw_data_pipeline' AIRFLOW_CTX_TASK_ID='extract_raw_data' AIRFLOW_CTX_EXECUTION_DATE='2025-07-01T07:58:00+00:00' AIRFLOW_CTX_TRY_NUMBER='1' AIRFLOW_CTX_DAG_RUN_ID='scheduled__2025-07-01T07:58:00+00:00'
[2025-07-01T22:49:29.869+0000] {taskinstance.py:731} INFO - ::endgroup::
[2025-07-01T22:49:30.067+0000] {driven_data_pipeline.py:143} INFO - Started batch processing for 2025-07-01.
[2025-07-01T22:49:30.068+0000] {driven_data_pipeline.py:34} INFO - Created synthetic data for MX country code.
[2025-07-01T22:49:31.328+0000] {driven_data_pipeline.py:100} INFO - Written 293 records to the CSV file.
[2025-07-01T22:49:32.308+0000] {driven_data_pipeline.py:116} INFO - Added UUID to the dataset.
[2025-07-01T22:49:32.433+0000] {driven_data_pipeline.py:135} INFO - Updated accessed timestamp.
[2025-07-01T22:49:32.435+0000] {driven_data_pipeline.py:151} INFO - Finished batch processing 2025-07-01.
[2025-07-01T22:49:32.436+0000] {python.py:240} INFO - Done. Returned value was: None
[2025-07-01T22:49:32.481+0000] {taskinstance.py:340} INFO - ::group::Post task execution logs
[2025-07-01T22:49:32.482+0000] {taskinstance.py:352} INFO - Marking task as SUCCESS. dag_id=extract_raw_data_pipeline, task_id=extract_raw_data, run_id=scheduled__2025-07-01T07:58:00+00:00, execution_date=20250701T075800, start_date=20250701T224928, end_date=20250701T224932
[2025-07-01T22:49:32.534+0000] {local_task_job_runner.py:266} INFO - Task exited with return code 0
[2025-07-01T22:49:32.573+0000] {taskinstance.py:3900} INFO - 0 downstream tasks scheduled from follow-on schedule check
[2025-07-01T22:49:32.608+0000] {local_task_job_runner.py:245} INFO - ::endgroup::
[2025-07-01T22:52:33.595+0000] {local_task_job_runner.py:123} INFO - ::group::Pre task execution logs
[2025-07-01T22:52:33.643+0000] {taskinstance.py:2612} INFO - Dependencies all met for dep_context=non-requeueable deps ti=<TaskInstance: extract_raw_data_pipeline.extract_raw_data scheduled__2025-07-01T07:58:00+00:00 [queued]>
[2025-07-01T22:52:33.653+0000] {taskinstance.py:2612} INFO - Dependencies all met for dep_context=requeueable deps ti=<TaskInstance: extract_raw_data_pipeline.extract_raw_data scheduled__2025-07-01T07:58:00+00:00 [queued]>
[2025-07-01T22:52:33.654+0000] {taskinstance.py:2865} INFO - Starting attempt 1 of 1
[2025-07-01T22:52:33.681+0000] {taskinstance.py:2888} INFO - Executing <Task(PythonOperator): extract_raw_data> on 2025-07-01 07:58:00+00:00
[2025-07-01T22:52:33.689+0000] {warnings.py:112} WARNING - /home/***/.local/lib/python3.12/site-packages/***/task/task_runner/standard_task_runner.py:70: DeprecationWarning: This process (pid=209) is multi-threaded, use of fork() may lead to deadlocks in the child.
  pid = os.fork()

[2025-07-01T22:52:33.690+0000] {standard_task_runner.py:72} INFO - Started process 214 to run task
[2025-07-01T22:52:33.691+0000] {standard_task_runner.py:104} INFO - Running: ['***', 'tasks', 'run', 'extract_raw_data_pipeline', 'extract_raw_data', 'scheduled__2025-07-01T07:58:00+00:00', '--job-id', '8', '--raw', '--subdir', 'DAGS_FOLDER/driven_data_pipeline.py', '--cfg-path', '/tmp/tmp_nac0b75']
[2025-07-01T22:52:33.692+0000] {standard_task_runner.py:105} INFO - Job 8: Subtask extract_raw_data
[2025-07-01T22:52:33.760+0000] {task_command.py:467} INFO - Running <TaskInstance: extract_raw_data_pipeline.extract_raw_data scheduled__2025-07-01T07:58:00+00:00 [running]> on host 943703dd0104
[2025-07-01T22:52:33.878+0000] {taskinstance.py:3131} INFO - Exporting env vars: AIRFLOW_CTX_DAG_OWNER='***' AIRFLOW_CTX_DAG_ID='extract_raw_data_pipeline' AIRFLOW_CTX_TASK_ID='extract_raw_data' AIRFLOW_CTX_EXECUTION_DATE='2025-07-01T07:58:00+00:00' AIRFLOW_CTX_TRY_NUMBER='1' AIRFLOW_CTX_DAG_RUN_ID='scheduled__2025-07-01T07:58:00+00:00'
[2025-07-01T22:52:33.879+0000] {taskinstance.py:731} INFO - ::endgroup::
[2025-07-01T22:52:33.895+0000] {driven_data_pipeline.py:143} INFO - Started batch processing for 2025-07-01.
[2025-07-01T22:52:33.896+0000] {driven_data_pipeline.py:34} INFO - Created synthetic data for MX country code.
[2025-07-01T22:52:34.198+0000] {driven_data_pipeline.py:100} INFO - Written 687 records to the CSV file.
[2025-07-01T22:52:34.274+0000] {driven_data_pipeline.py:116} INFO - Added UUID to the dataset.
[2025-07-01T22:52:34.288+0000] {driven_data_pipeline.py:135} INFO - Updated accessed timestamp.
[2025-07-01T22:52:34.290+0000] {driven_data_pipeline.py:151} INFO - Finished batch processing 2025-07-01.
[2025-07-01T22:52:34.290+0000] {python.py:240} INFO - Done. Returned value was: None
[2025-07-01T22:52:34.315+0000] {taskinstance.py:340} INFO - ::group::Post task execution logs
[2025-07-01T22:52:34.316+0000] {taskinstance.py:352} INFO - Marking task as SUCCESS. dag_id=extract_raw_data_pipeline, task_id=extract_raw_data, run_id=scheduled__2025-07-01T07:58:00+00:00, execution_date=20250701T075800, start_date=20250701T225233, end_date=20250701T225234
[2025-07-01T22:52:34.427+0000] {local_task_job_runner.py:266} INFO - Task exited with return code 0
[2025-07-01T22:52:34.478+0000] {taskinstance.py:3900} INFO - 1 downstream tasks scheduled from follow-on schedule check
[2025-07-01T22:52:34.495+0000] {local_task_job_runner.py:245} INFO - ::endgroup::
[2025-07-01T23:43:08.577+0000] {local_task_job_runner.py:123} INFO - ::group::Pre task execution logs
[2025-07-01T23:43:08.631+0000] {taskinstance.py:2612} INFO - Dependencies all met for dep_context=non-requeueable deps ti=<TaskInstance: extract_raw_data_pipeline.extract_raw_data scheduled__2025-07-01T07:58:00+00:00 [queued]>
[2025-07-01T23:43:08.640+0000] {taskinstance.py:2612} INFO - Dependencies all met for dep_context=requeueable deps ti=<TaskInstance: extract_raw_data_pipeline.extract_raw_data scheduled__2025-07-01T07:58:00+00:00 [queued]>
[2025-07-01T23:43:08.640+0000] {taskinstance.py:2865} INFO - Starting attempt 1 of 1
[2025-07-01T23:43:08.685+0000] {taskinstance.py:2888} INFO - Executing <Task(PythonOperator): extract_raw_data> on 2025-07-01 07:58:00+00:00
[2025-07-01T23:43:08.695+0000] {warnings.py:112} WARNING - /home/***/.local/lib/python3.12/site-packages/***/task/task_runner/standard_task_runner.py:70: DeprecationWarning: This process (pid=216) is multi-threaded, use of fork() may lead to deadlocks in the child.
  pid = os.fork()

[2025-07-01T23:43:08.697+0000] {standard_task_runner.py:72} INFO - Started process 223 to run task
[2025-07-01T23:43:08.698+0000] {standard_task_runner.py:104} INFO - Running: ['***', 'tasks', 'run', 'extract_raw_data_pipeline', 'extract_raw_data', 'scheduled__2025-07-01T07:58:00+00:00', '--job-id', '5', '--raw', '--subdir', 'DAGS_FOLDER/driven_data_pipeline.py', '--cfg-path', '/tmp/tmpvpe0dsj2']
[2025-07-01T23:43:08.700+0000] {standard_task_runner.py:105} INFO - Job 5: Subtask extract_raw_data
[2025-07-01T23:43:08.797+0000] {task_command.py:467} INFO - Running <TaskInstance: extract_raw_data_pipeline.extract_raw_data scheduled__2025-07-01T07:58:00+00:00 [running]> on host 174a9d4057ca
[2025-07-01T23:43:09.007+0000] {taskinstance.py:3131} INFO - Exporting env vars: AIRFLOW_CTX_DAG_OWNER='***' AIRFLOW_CTX_DAG_ID='extract_raw_data_pipeline' AIRFLOW_CTX_TASK_ID='extract_raw_data' AIRFLOW_CTX_EXECUTION_DATE='2025-07-01T07:58:00+00:00' AIRFLOW_CTX_TRY_NUMBER='1' AIRFLOW_CTX_DAG_RUN_ID='scheduled__2025-07-01T07:58:00+00:00'
[2025-07-01T23:43:09.009+0000] {taskinstance.py:731} INFO - ::endgroup::
[2025-07-01T23:43:09.912+0000] {driven_data_pipeline.py:143} INFO - Started batch processing for 2025-07-01.
[2025-07-01T23:43:09.912+0000] {driven_data_pipeline.py:34} INFO - Created synthetic data for MX country code.
[2025-07-01T23:43:11.220+0000] {driven_data_pipeline.py:100} INFO - Written 1056 records to the CSV file.
[2025-07-01T23:43:11.542+0000] {taskinstance.py:3310} ERROR - Task failed with exception
Traceback (most recent call last):
  File "/home/airflow/.local/lib/python3.12/site-packages/airflow/models/taskinstance.py", line 767, in _execute_task
    result = _execute_callable(context=context, **execute_callable_kwargs)
             ^^^^^^^^^^^^^^^^^^^^^^^^^^^^^^^^^^^^^^^^^^^^^^^^^^^^^^^^^^^^^
  File "/home/airflow/.local/lib/python3.12/site-packages/airflow/models/taskinstance.py", line 733, in _execute_callable
    return ExecutionCallableRunner(
           ^^^^^^^^^^^^^^^^^^^^^^^^
  File "/home/airflow/.local/lib/python3.12/site-packages/airflow/utils/operator_helpers.py", line 252, in run
    return self.func(*args, **kwargs)
           ^^^^^^^^^^^^^^^^^^^^^^^^^^
  File "/home/airflow/.local/lib/python3.12/site-packages/airflow/models/baseoperator.py", line 406, in wrapper
    return func(self, *args, **kwargs)
           ^^^^^^^^^^^^^^^^^^^^^^^^^^^
  File "/home/airflow/.local/lib/python3.12/site-packages/airflow/operators/python.py", line 238, in execute
    return_value = self.execute_callable()
                   ^^^^^^^^^^^^^^^^^^^^^^^
  File "/home/airflow/.local/lib/python3.12/site-packages/airflow/operators/python.py", line 256, in execute_callable
    return runner.run(*self.op_args, **self.op_kwargs)
           ^^^^^^^^^^^^^^^^^^^^^^^^^^^^^^^^^^^^^^^^^^^
  File "/home/airflow/.local/lib/python3.12/site-packages/airflow/utils/operator_helpers.py", line 252, in run
    return self.func(*args, **kwargs)
           ^^^^^^^^^^^^^^^^^^^^^^^^^^
  File "/opt/airflow/dags/driven_data_pipeline.py", line 147, in save_raw_data
    _add_id()
  File "/opt/airflow/dags/driven_data_pipeline.py", line 108, in _add_id
    df = pl.read_csv("/opt/airflow/data/raw_data.csv", dtypes={"personal_number": pl.Utf8})
         ^^^^^^^^^^^^^^^^^^^^^^^^^^^^^^^^^^^^^^^^^^^^^^^^^^^^^^^^^^^^^^^^^^^^^^^^^^^^^^^^^^
  File "/home/airflow/.local/lib/python3.12/site-packages/polars/_utils/deprecation.py", line 91, in wrapper
    return function(*args, **kwargs)
           ^^^^^^^^^^^^^^^^^^^^^^^^^
  File "/home/airflow/.local/lib/python3.12/site-packages/polars/_utils/deprecation.py", line 91, in wrapper
    return function(*args, **kwargs)
           ^^^^^^^^^^^^^^^^^^^^^^^^^
  File "/home/airflow/.local/lib/python3.12/site-packages/polars/_utils/deprecation.py", line 91, in wrapper
    return function(*args, **kwargs)
           ^^^^^^^^^^^^^^^^^^^^^^^^^
  File "/home/airflow/.local/lib/python3.12/site-packages/polars/io/csv/functions.py", line 500, in read_csv
    df = _read_csv_impl(
         ^^^^^^^^^^^^^^^
  File "/home/airflow/.local/lib/python3.12/site-packages/polars/io/csv/functions.py", line 646, in _read_csv_impl
    pydf = PyDataFrame.read_csv(
           ^^^^^^^^^^^^^^^^^^^^^
polars.exceptions.ComputeError: could not parse `session_duration` as dtype `i64` at column 'session_duration' (column number 12)

The current offset in the file is 605508 bytes.

You might want to try:
- increasing `infer_schema_length` (e.g. `infer_schema_length=10000`),
- specifying correct dtype with the `dtypes` argument
- setting `ignore_errors` to `True`,
- adding `session_duration` to the `null_values` list.

Original error: ```remaining bytes non-empty```
[2025-07-01T23:43:11.603+0000] {taskinstance.py:1225} INFO - Marking task as FAILED. dag_id=extract_raw_data_pipeline, task_id=extract_raw_data, run_id=scheduled__2025-07-01T07:58:00+00:00, execution_date=20250701T075800, start_date=20250701T234308, end_date=20250701T234311
[2025-07-01T23:43:11.636+0000] {taskinstance.py:340} INFO - ::group::Post task execution logs
[2025-07-01T23:43:11.637+0000] {standard_task_runner.py:124} ERROR - Failed to execute job 5 for task extract_raw_data (could not parse `session_duration` as dtype `i64` at column 'session_duration' (column number 12)

The current offset in the file is 605508 bytes.

You might want to try:
- increasing `infer_schema_length` (e.g. `infer_schema_length=10000`),
- specifying correct dtype with the `dtypes` argument
- setting `ignore_errors` to `True`,
- adding `session_duration` to the `null_values` list.

Original error: ```remaining bytes non-empty```; 223)
Traceback (most recent call last):
  File "/home/airflow/.local/lib/python3.12/site-packages/airflow/task/task_runner/standard_task_runner.py", line 117, in _start_by_fork
    ret = args.func(args, dag=self.dag)
          ^^^^^^^^^^^^^^^^^^^^^^^^^^^^^
  File "/home/airflow/.local/lib/python3.12/site-packages/airflow/cli/cli_config.py", line 49, in command
    return func(*args, **kwargs)
           ^^^^^^^^^^^^^^^^^^^^^
  File "/home/airflow/.local/lib/python3.12/site-packages/airflow/utils/cli.py", line 115, in wrapper
    return f(*args, **kwargs)
           ^^^^^^^^^^^^^^^^^^
  File "/home/airflow/.local/lib/python3.12/site-packages/airflow/cli/commands/task_command.py", line 483, in task_run
    task_return_code = _run_task_by_selected_method(args, _dag, ti)
                       ^^^^^^^^^^^^^^^^^^^^^^^^^^^^^^^^^^^^^^^^^^^^
  File "/home/airflow/.local/lib/python3.12/site-packages/airflow/cli/commands/task_command.py", line 256, in _run_task_by_selected_method
    return _run_raw_task(args, ti)
           ^^^^^^^^^^^^^^^^^^^^^^^
  File "/home/airflow/.local/lib/python3.12/site-packages/airflow/cli/commands/task_command.py", line 341, in _run_raw_task
    return ti._run_raw_task(
           ^^^^^^^^^^^^^^^^^
  File "/home/airflow/.local/lib/python3.12/site-packages/airflow/utils/session.py", line 97, in wrapper
    return func(*args, session=session, **kwargs)
           ^^^^^^^^^^^^^^^^^^^^^^^^^^^^^^^^^^^^^^
  File "/home/airflow/.local/lib/python3.12/site-packages/airflow/models/taskinstance.py", line 3004, in _run_raw_task
    return _run_raw_task(
           ^^^^^^^^^^^^^^
  File "/home/airflow/.local/lib/python3.12/site-packages/airflow/models/taskinstance.py", line 273, in _run_raw_task
    TaskInstance._execute_task_with_callbacks(
  File "/home/airflow/.local/lib/python3.12/site-packages/airflow/models/taskinstance.py", line 3158, in _execute_task_with_callbacks
    result = self._execute_task(context, task_orig)
             ^^^^^^^^^^^^^^^^^^^^^^^^^^^^^^^^^^^^^^
  File "/home/airflow/.local/lib/python3.12/site-packages/airflow/models/taskinstance.py", line 3182, in _execute_task
    return _execute_task(self, context, task_orig)
           ^^^^^^^^^^^^^^^^^^^^^^^^^^^^^^^^^^^^^^^
  File "/home/airflow/.local/lib/python3.12/site-packages/airflow/models/taskinstance.py", line 767, in _execute_task
    result = _execute_callable(context=context, **execute_callable_kwargs)
             ^^^^^^^^^^^^^^^^^^^^^^^^^^^^^^^^^^^^^^^^^^^^^^^^^^^^^^^^^^^^^
  File "/home/airflow/.local/lib/python3.12/site-packages/airflow/models/taskinstance.py", line 733, in _execute_callable
    return ExecutionCallableRunner(
           ^^^^^^^^^^^^^^^^^^^^^^^^
  File "/home/airflow/.local/lib/python3.12/site-packages/airflow/utils/operator_helpers.py", line 252, in run
    return self.func(*args, **kwargs)
           ^^^^^^^^^^^^^^^^^^^^^^^^^^
  File "/home/airflow/.local/lib/python3.12/site-packages/airflow/models/baseoperator.py", line 406, in wrapper
    return func(self, *args, **kwargs)
           ^^^^^^^^^^^^^^^^^^^^^^^^^^^
  File "/home/airflow/.local/lib/python3.12/site-packages/airflow/operators/python.py", line 238, in execute
    return_value = self.execute_callable()
                   ^^^^^^^^^^^^^^^^^^^^^^^
  File "/home/airflow/.local/lib/python3.12/site-packages/airflow/operators/python.py", line 256, in execute_callable
    return runner.run(*self.op_args, **self.op_kwargs)
           ^^^^^^^^^^^^^^^^^^^^^^^^^^^^^^^^^^^^^^^^^^^
  File "/home/airflow/.local/lib/python3.12/site-packages/airflow/utils/operator_helpers.py", line 252, in run
    return self.func(*args, **kwargs)
           ^^^^^^^^^^^^^^^^^^^^^^^^^^
  File "/opt/airflow/dags/driven_data_pipeline.py", line 147, in save_raw_data
    _add_id()
  File "/opt/airflow/dags/driven_data_pipeline.py", line 108, in _add_id
    df = pl.read_csv("/opt/airflow/data/raw_data.csv", dtypes={"personal_number": pl.Utf8})
         ^^^^^^^^^^^^^^^^^^^^^^^^^^^^^^^^^^^^^^^^^^^^^^^^^^^^^^^^^^^^^^^^^^^^^^^^^^^^^^^^^^
  File "/home/airflow/.local/lib/python3.12/site-packages/polars/_utils/deprecation.py", line 91, in wrapper
    return function(*args, **kwargs)
           ^^^^^^^^^^^^^^^^^^^^^^^^^
  File "/home/airflow/.local/lib/python3.12/site-packages/polars/_utils/deprecation.py", line 91, in wrapper
    return function(*args, **kwargs)
           ^^^^^^^^^^^^^^^^^^^^^^^^^
  File "/home/airflow/.local/lib/python3.12/site-packages/polars/_utils/deprecation.py", line 91, in wrapper
    return function(*args, **kwargs)
           ^^^^^^^^^^^^^^^^^^^^^^^^^
  File "/home/airflow/.local/lib/python3.12/site-packages/polars/io/csv/functions.py", line 500, in read_csv
    df = _read_csv_impl(
         ^^^^^^^^^^^^^^^
  File "/home/airflow/.local/lib/python3.12/site-packages/polars/io/csv/functions.py", line 646, in _read_csv_impl
    pydf = PyDataFrame.read_csv(
           ^^^^^^^^^^^^^^^^^^^^^
polars.exceptions.ComputeError: could not parse `session_duration` as dtype `i64` at column 'session_duration' (column number 12)

The current offset in the file is 605508 bytes.

You might want to try:
- increasing `infer_schema_length` (e.g. `infer_schema_length=10000`),
- specifying correct dtype with the `dtypes` argument
- setting `ignore_errors` to `True`,
- adding `session_duration` to the `null_values` list.

Original error: ```remaining bytes non-empty```
[2025-07-01T23:43:11.676+0000] {local_task_job_runner.py:266} INFO - Task exited with return code 1
[2025-07-01T23:43:11.707+0000] {taskinstance.py:3900} INFO - 0 downstream tasks scheduled from follow-on schedule check
[2025-07-01T23:43:11.786+0000] {local_task_job_runner.py:245} INFO - ::endgroup::
[2025-07-02T00:29:25.765+0000] {local_task_job_runner.py:123} INFO - ::group::Pre task execution logs
[2025-07-02T00:29:25.879+0000] {taskinstance.py:2612} INFO - Dependencies all met for dep_context=non-requeueable deps ti=<TaskInstance: extract_raw_data_pipeline.extract_raw_data scheduled__2025-07-01T07:58:00+00:00 [queued]>
[2025-07-02T00:29:25.902+0000] {taskinstance.py:2612} INFO - Dependencies all met for dep_context=requeueable deps ti=<TaskInstance: extract_raw_data_pipeline.extract_raw_data scheduled__2025-07-01T07:58:00+00:00 [queued]>
[2025-07-02T00:29:25.902+0000] {taskinstance.py:2865} INFO - Starting attempt 1 of 1
[2025-07-02T00:29:25.976+0000] {taskinstance.py:2888} INFO - Executing <Task(PythonOperator): extract_raw_data> on 2025-07-01 07:58:00+00:00
[2025-07-02T00:29:25.989+0000] {warnings.py:112} WARNING - /home/***/.local/lib/python3.12/site-packages/***/task/task_runner/standard_task_runner.py:70: DeprecationWarning: This process (pid=187) is multi-threaded, use of fork() may lead to deadlocks in the child.
  pid = os.fork()

[2025-07-02T00:29:25.991+0000] {standard_task_runner.py:72} INFO - Started process 201 to run task
[2025-07-02T00:29:25.995+0000] {standard_task_runner.py:104} INFO - Running: ['***', 'tasks', 'run', 'extract_raw_data_pipeline', 'extract_raw_data', 'scheduled__2025-07-01T07:58:00+00:00', '--job-id', '5', '--raw', '--subdir', 'DAGS_FOLDER/driven_data_pipeline.py', '--cfg-path', '/tmp/tmppr1ehkgl']
[2025-07-02T00:29:25.996+0000] {standard_task_runner.py:105} INFO - Job 5: Subtask extract_raw_data
[2025-07-02T00:29:26.273+0000] {task_command.py:467} INFO - Running <TaskInstance: extract_raw_data_pipeline.extract_raw_data scheduled__2025-07-01T07:58:00+00:00 [running]> on host 37f96846e409
[2025-07-02T00:29:27.131+0000] {taskinstance.py:3131} INFO - Exporting env vars: AIRFLOW_CTX_DAG_OWNER='***' AIRFLOW_CTX_DAG_ID='extract_raw_data_pipeline' AIRFLOW_CTX_TASK_ID='extract_raw_data' AIRFLOW_CTX_EXECUTION_DATE='2025-07-01T07:58:00+00:00' AIRFLOW_CTX_TRY_NUMBER='1' AIRFLOW_CTX_DAG_RUN_ID='scheduled__2025-07-01T07:58:00+00:00'
[2025-07-02T00:29:27.133+0000] {taskinstance.py:731} INFO - ::endgroup::
[2025-07-02T00:29:27.510+0000] {driven_data_pipeline.py:183} INFO - Started batch processing for 2025-07-02.
[2025-07-02T00:29:27.510+0000] {driven_data_pipeline.py:34} INFO - Created synthetic data for MX country code.
[2025-07-02T00:29:28.193+0000] {driven_data_pipeline.py:100} INFO - Written 285 records to the CSV file.
[2025-07-02T00:29:28.700+0000] {taskinstance.py:3310} ERROR - Task failed with exception
Traceback (most recent call last):
  File "/home/airflow/.local/lib/python3.12/site-packages/airflow/models/taskinstance.py", line 767, in _execute_task
    result = _execute_callable(context=context, **execute_callable_kwargs)
             ^^^^^^^^^^^^^^^^^^^^^^^^^^^^^^^^^^^^^^^^^^^^^^^^^^^^^^^^^^^^^
  File "/home/airflow/.local/lib/python3.12/site-packages/airflow/models/taskinstance.py", line 733, in _execute_callable
    return ExecutionCallableRunner(
           ^^^^^^^^^^^^^^^^^^^^^^^^
  File "/home/airflow/.local/lib/python3.12/site-packages/airflow/utils/operator_helpers.py", line 252, in run
    return self.func(*args, **kwargs)
           ^^^^^^^^^^^^^^^^^^^^^^^^^^
  File "/home/airflow/.local/lib/python3.12/site-packages/airflow/models/baseoperator.py", line 406, in wrapper
    return func(self, *args, **kwargs)
           ^^^^^^^^^^^^^^^^^^^^^^^^^^^
  File "/home/airflow/.local/lib/python3.12/site-packages/airflow/operators/python.py", line 238, in execute
    return_value = self.execute_callable()
                   ^^^^^^^^^^^^^^^^^^^^^^^
  File "/home/airflow/.local/lib/python3.12/site-packages/airflow/operators/python.py", line 256, in execute_callable
    return runner.run(*self.op_args, **self.op_kwargs)
           ^^^^^^^^^^^^^^^^^^^^^^^^^^^^^^^^^^^^^^^^^^^
  File "/home/airflow/.local/lib/python3.12/site-packages/airflow/utils/operator_helpers.py", line 252, in run
    return self.func(*args, **kwargs)
           ^^^^^^^^^^^^^^^^^^^^^^^^^^
  File "/opt/airflow/dags/driven_data_pipeline.py", line 187, in save_raw_data
    _add_id()
  File "/opt/airflow/dags/driven_data_pipeline.py", line 128, in _add_id
    df = pl.read_csv("/opt/airflow/data/raw_data.csv", dtypes=dtypes)
         ^^^^^^^^^^^^^^^^^^^^^^^^^^^^^^^^^^^^^^^^^^^^^^^^^^^^^^^^^^^^
  File "/home/airflow/.local/lib/python3.12/site-packages/polars/_utils/deprecation.py", line 91, in wrapper
    return function(*args, **kwargs)
           ^^^^^^^^^^^^^^^^^^^^^^^^^
  File "/home/airflow/.local/lib/python3.12/site-packages/polars/_utils/deprecation.py", line 91, in wrapper
    return function(*args, **kwargs)
           ^^^^^^^^^^^^^^^^^^^^^^^^^
  File "/home/airflow/.local/lib/python3.12/site-packages/polars/_utils/deprecation.py", line 91, in wrapper
    return function(*args, **kwargs)
           ^^^^^^^^^^^^^^^^^^^^^^^^^
  File "/home/airflow/.local/lib/python3.12/site-packages/polars/io/csv/functions.py", line 500, in read_csv
    df = _read_csv_impl(
         ^^^^^^^^^^^^^^^
  File "/home/airflow/.local/lib/python3.12/site-packages/polars/io/csv/functions.py", line 646, in _read_csv_impl
    pydf = PyDataFrame.read_csv(
           ^^^^^^^^^^^^^^^^^^^^^
polars.exceptions.ComputeError: could not parse `session_duration` as dtype `i64` at column 'session_duration' (column number 12)

The current offset in the file is 428417 bytes.

You might want to try:
- increasing `infer_schema_length` (e.g. `infer_schema_length=10000`),
- specifying correct dtype with the `dtypes` argument
- setting `ignore_errors` to `True`,
- adding `session_duration` to the `null_values` list.

Original error: ```remaining bytes non-empty```
[2025-07-02T00:29:28.791+0000] {taskinstance.py:1225} INFO - Marking task as FAILED. dag_id=extract_raw_data_pipeline, task_id=extract_raw_data, run_id=scheduled__2025-07-01T07:58:00+00:00, execution_date=20250701T075800, start_date=20250702T002925, end_date=20250702T002928
[2025-07-02T00:29:28.872+0000] {taskinstance.py:340} INFO - ::group::Post task execution logs
[2025-07-02T00:29:28.873+0000] {standard_task_runner.py:124} ERROR - Failed to execute job 5 for task extract_raw_data (could not parse `session_duration` as dtype `i64` at column 'session_duration' (column number 12)

The current offset in the file is 428417 bytes.

You might want to try:
- increasing `infer_schema_length` (e.g. `infer_schema_length=10000`),
- specifying correct dtype with the `dtypes` argument
- setting `ignore_errors` to `True`,
- adding `session_duration` to the `null_values` list.

Original error: ```remaining bytes non-empty```; 201)
Traceback (most recent call last):
  File "/home/airflow/.local/lib/python3.12/site-packages/airflow/task/task_runner/standard_task_runner.py", line 117, in _start_by_fork
    ret = args.func(args, dag=self.dag)
          ^^^^^^^^^^^^^^^^^^^^^^^^^^^^^
  File "/home/airflow/.local/lib/python3.12/site-packages/airflow/cli/cli_config.py", line 49, in command
    return func(*args, **kwargs)
           ^^^^^^^^^^^^^^^^^^^^^
  File "/home/airflow/.local/lib/python3.12/site-packages/airflow/utils/cli.py", line 115, in wrapper
    return f(*args, **kwargs)
           ^^^^^^^^^^^^^^^^^^
  File "/home/airflow/.local/lib/python3.12/site-packages/airflow/cli/commands/task_command.py", line 483, in task_run
    task_return_code = _run_task_by_selected_method(args, _dag, ti)
                       ^^^^^^^^^^^^^^^^^^^^^^^^^^^^^^^^^^^^^^^^^^^^
  File "/home/airflow/.local/lib/python3.12/site-packages/airflow/cli/commands/task_command.py", line 256, in _run_task_by_selected_method
    return _run_raw_task(args, ti)
           ^^^^^^^^^^^^^^^^^^^^^^^
  File "/home/airflow/.local/lib/python3.12/site-packages/airflow/cli/commands/task_command.py", line 341, in _run_raw_task
    return ti._run_raw_task(
           ^^^^^^^^^^^^^^^^^
  File "/home/airflow/.local/lib/python3.12/site-packages/airflow/utils/session.py", line 97, in wrapper
    return func(*args, session=session, **kwargs)
           ^^^^^^^^^^^^^^^^^^^^^^^^^^^^^^^^^^^^^^
  File "/home/airflow/.local/lib/python3.12/site-packages/airflow/models/taskinstance.py", line 3004, in _run_raw_task
    return _run_raw_task(
           ^^^^^^^^^^^^^^
  File "/home/airflow/.local/lib/python3.12/site-packages/airflow/models/taskinstance.py", line 273, in _run_raw_task
    TaskInstance._execute_task_with_callbacks(
  File "/home/airflow/.local/lib/python3.12/site-packages/airflow/models/taskinstance.py", line 3158, in _execute_task_with_callbacks
    result = self._execute_task(context, task_orig)
             ^^^^^^^^^^^^^^^^^^^^^^^^^^^^^^^^^^^^^^
  File "/home/airflow/.local/lib/python3.12/site-packages/airflow/models/taskinstance.py", line 3182, in _execute_task
    return _execute_task(self, context, task_orig)
           ^^^^^^^^^^^^^^^^^^^^^^^^^^^^^^^^^^^^^^^
  File "/home/airflow/.local/lib/python3.12/site-packages/airflow/models/taskinstance.py", line 767, in _execute_task
    result = _execute_callable(context=context, **execute_callable_kwargs)
             ^^^^^^^^^^^^^^^^^^^^^^^^^^^^^^^^^^^^^^^^^^^^^^^^^^^^^^^^^^^^^
  File "/home/airflow/.local/lib/python3.12/site-packages/airflow/models/taskinstance.py", line 733, in _execute_callable
    return ExecutionCallableRunner(
           ^^^^^^^^^^^^^^^^^^^^^^^^
  File "/home/airflow/.local/lib/python3.12/site-packages/airflow/utils/operator_helpers.py", line 252, in run
    return self.func(*args, **kwargs)
           ^^^^^^^^^^^^^^^^^^^^^^^^^^
  File "/home/airflow/.local/lib/python3.12/site-packages/airflow/models/baseoperator.py", line 406, in wrapper
    return func(self, *args, **kwargs)
           ^^^^^^^^^^^^^^^^^^^^^^^^^^^
  File "/home/airflow/.local/lib/python3.12/site-packages/airflow/operators/python.py", line 238, in execute
    return_value = self.execute_callable()
                   ^^^^^^^^^^^^^^^^^^^^^^^
  File "/home/airflow/.local/lib/python3.12/site-packages/airflow/operators/python.py", line 256, in execute_callable
    return runner.run(*self.op_args, **self.op_kwargs)
           ^^^^^^^^^^^^^^^^^^^^^^^^^^^^^^^^^^^^^^^^^^^
  File "/home/airflow/.local/lib/python3.12/site-packages/airflow/utils/operator_helpers.py", line 252, in run
    return self.func(*args, **kwargs)
           ^^^^^^^^^^^^^^^^^^^^^^^^^^
  File "/opt/airflow/dags/driven_data_pipeline.py", line 187, in save_raw_data
    _add_id()
  File "/opt/airflow/dags/driven_data_pipeline.py", line 128, in _add_id
    df = pl.read_csv("/opt/airflow/data/raw_data.csv", dtypes=dtypes)
         ^^^^^^^^^^^^^^^^^^^^^^^^^^^^^^^^^^^^^^^^^^^^^^^^^^^^^^^^^^^^
  File "/home/airflow/.local/lib/python3.12/site-packages/polars/_utils/deprecation.py", line 91, in wrapper
    return function(*args, **kwargs)
           ^^^^^^^^^^^^^^^^^^^^^^^^^
  File "/home/airflow/.local/lib/python3.12/site-packages/polars/_utils/deprecation.py", line 91, in wrapper
    return function(*args, **kwargs)
           ^^^^^^^^^^^^^^^^^^^^^^^^^
  File "/home/airflow/.local/lib/python3.12/site-packages/polars/_utils/deprecation.py", line 91, in wrapper
    return function(*args, **kwargs)
           ^^^^^^^^^^^^^^^^^^^^^^^^^
  File "/home/airflow/.local/lib/python3.12/site-packages/polars/io/csv/functions.py", line 500, in read_csv
    df = _read_csv_impl(
         ^^^^^^^^^^^^^^^
  File "/home/airflow/.local/lib/python3.12/site-packages/polars/io/csv/functions.py", line 646, in _read_csv_impl
    pydf = PyDataFrame.read_csv(
           ^^^^^^^^^^^^^^^^^^^^^
polars.exceptions.ComputeError: could not parse `session_duration` as dtype `i64` at column 'session_duration' (column number 12)

The current offset in the file is 428417 bytes.

You might want to try:
- increasing `infer_schema_length` (e.g. `infer_schema_length=10000`),
- specifying correct dtype with the `dtypes` argument
- setting `ignore_errors` to `True`,
- adding `session_duration` to the `null_values` list.

Original error: ```remaining bytes non-empty```
[2025-07-02T00:29:28.902+0000] {local_task_job_runner.py:266} INFO - Task exited with return code 1
[2025-07-02T00:29:28.945+0000] {taskinstance.py:3900} INFO - 0 downstream tasks scheduled from follow-on schedule check
[2025-07-02T00:29:28.966+0000] {local_task_job_runner.py:245} INFO - ::endgroup::
[2025-07-02T01:07:56.285+0000] {local_task_job_runner.py:123} INFO - ::group::Pre task execution logs
[2025-07-02T01:07:56.357+0000] {taskinstance.py:2612} INFO - Dependencies all met for dep_context=non-requeueable deps ti=<TaskInstance: extract_raw_data_pipeline.extract_raw_data scheduled__2025-07-01T07:58:00+00:00 [queued]>
[2025-07-02T01:07:56.369+0000] {taskinstance.py:2612} INFO - Dependencies all met for dep_context=requeueable deps ti=<TaskInstance: extract_raw_data_pipeline.extract_raw_data scheduled__2025-07-01T07:58:00+00:00 [queued]>
[2025-07-02T01:07:56.370+0000] {taskinstance.py:2865} INFO - Starting attempt 1 of 1
[2025-07-02T01:07:56.427+0000] {taskinstance.py:2888} INFO - Executing <Task(PythonOperator): extract_raw_data> on 2025-07-01 07:58:00+00:00
[2025-07-02T01:07:56.463+0000] {warnings.py:112} WARNING - /home/***/.local/lib/python3.12/site-packages/***/task/task_runner/standard_task_runner.py:70: DeprecationWarning: This process (pid=172) is multi-threaded, use of fork() may lead to deadlocks in the child.
  pid = os.fork()

[2025-07-02T01:07:56.470+0000] {standard_task_runner.py:72} INFO - Started process 175 to run task
[2025-07-02T01:07:56.477+0000] {standard_task_runner.py:104} INFO - Running: ['***', 'tasks', 'run', 'extract_raw_data_pipeline', 'extract_raw_data', 'scheduled__2025-07-01T07:58:00+00:00', '--job-id', '4', '--raw', '--subdir', 'DAGS_FOLDER/driven_data_pipeline.py', '--cfg-path', '/tmp/tmpz3jpiixq']
[2025-07-02T01:07:56.480+0000] {standard_task_runner.py:105} INFO - Job 4: Subtask extract_raw_data
[2025-07-02T01:07:56.572+0000] {task_command.py:467} INFO - Running <TaskInstance: extract_raw_data_pipeline.extract_raw_data scheduled__2025-07-01T07:58:00+00:00 [running]> on host 43bd668212f5
[2025-07-02T01:07:56.722+0000] {taskinstance.py:3131} INFO - Exporting env vars: AIRFLOW_CTX_DAG_OWNER='***' AIRFLOW_CTX_DAG_ID='extract_raw_data_pipeline' AIRFLOW_CTX_TASK_ID='extract_raw_data' AIRFLOW_CTX_EXECUTION_DATE='2025-07-01T07:58:00+00:00' AIRFLOW_CTX_TRY_NUMBER='1' AIRFLOW_CTX_DAG_RUN_ID='scheduled__2025-07-01T07:58:00+00:00'
[2025-07-02T01:07:56.723+0000] {taskinstance.py:731} INFO - ::endgroup::
[2025-07-02T01:07:57.042+0000] {driven_data_pipeline.py:152} INFO - Started batch processing for 2025-07-02.
[2025-07-02T01:07:57.043+0000] {driven_data_pipeline.py:34} INFO - Created synthetic data for MX country code.
[2025-07-02T01:07:57.502+0000] {taskinstance.py:3310} ERROR - Task failed with exception
Traceback (most recent call last):
  File "/home/airflow/.local/lib/python3.12/site-packages/airflow/models/taskinstance.py", line 767, in _execute_task
    result = _execute_callable(context=context, **execute_callable_kwargs)
             ^^^^^^^^^^^^^^^^^^^^^^^^^^^^^^^^^^^^^^^^^^^^^^^^^^^^^^^^^^^^^
  File "/home/airflow/.local/lib/python3.12/site-packages/airflow/models/taskinstance.py", line 733, in _execute_callable
    return ExecutionCallableRunner(
           ^^^^^^^^^^^^^^^^^^^^^^^^
  File "/home/airflow/.local/lib/python3.12/site-packages/airflow/utils/operator_helpers.py", line 252, in run
    return self.func(*args, **kwargs)
           ^^^^^^^^^^^^^^^^^^^^^^^^^^
  File "/home/airflow/.local/lib/python3.12/site-packages/airflow/models/baseoperator.py", line 406, in wrapper
    return func(self, *args, **kwargs)
           ^^^^^^^^^^^^^^^^^^^^^^^^^^^
  File "/home/airflow/.local/lib/python3.12/site-packages/airflow/operators/python.py", line 238, in execute
    return_value = self.execute_callable()
                   ^^^^^^^^^^^^^^^^^^^^^^^
  File "/home/airflow/.local/lib/python3.12/site-packages/airflow/operators/python.py", line 256, in execute_callable
    return runner.run(*self.op_args, **self.op_kwargs)
           ^^^^^^^^^^^^^^^^^^^^^^^^^^^^^^^^^^^^^^^^^^^
  File "/home/airflow/.local/lib/python3.12/site-packages/airflow/utils/operator_helpers.py", line 252, in run
    return self.func(*args, **kwargs)
           ^^^^^^^^^^^^^^^^^^^^^^^^^^
  File "/opt/airflow/dags/driven_data_pipeline.py", line 154, in save_raw_data
    _write_to_csv()
  File "/opt/airflow/dags/driven_data_pipeline.py", line 92, in _write_to_csv
    file_exists = os.path.isfile(file_path)
                  ^^
NameError: name 'os' is not defined. Did you forget to import 'os'
[2025-07-02T01:07:57.519+0000] {taskinstance.py:1225} INFO - Marking task as FAILED. dag_id=extract_raw_data_pipeline, task_id=extract_raw_data, run_id=scheduled__2025-07-01T07:58:00+00:00, execution_date=20250701T075800, start_date=20250702T010756, end_date=20250702T010757
[2025-07-02T01:07:57.557+0000] {taskinstance.py:340} INFO - ::group::Post task execution logs
[2025-07-02T01:07:57.558+0000] {standard_task_runner.py:124} ERROR - Failed to execute job 4 for task extract_raw_data (name 'os' is not defined; 175)
Traceback (most recent call last):
  File "/home/airflow/.local/lib/python3.12/site-packages/airflow/task/task_runner/standard_task_runner.py", line 117, in _start_by_fork
    ret = args.func(args, dag=self.dag)
          ^^^^^^^^^^^^^^^^^^^^^^^^^^^^^
  File "/home/airflow/.local/lib/python3.12/site-packages/airflow/cli/cli_config.py", line 49, in command
    return func(*args, **kwargs)
           ^^^^^^^^^^^^^^^^^^^^^
  File "/home/airflow/.local/lib/python3.12/site-packages/airflow/utils/cli.py", line 115, in wrapper
    return f(*args, **kwargs)
           ^^^^^^^^^^^^^^^^^^
  File "/home/airflow/.local/lib/python3.12/site-packages/airflow/cli/commands/task_command.py", line 483, in task_run
    task_return_code = _run_task_by_selected_method(args, _dag, ti)
                       ^^^^^^^^^^^^^^^^^^^^^^^^^^^^^^^^^^^^^^^^^^^^
  File "/home/airflow/.local/lib/python3.12/site-packages/airflow/cli/commands/task_command.py", line 256, in _run_task_by_selected_method
    return _run_raw_task(args, ti)
           ^^^^^^^^^^^^^^^^^^^^^^^
  File "/home/airflow/.local/lib/python3.12/site-packages/airflow/cli/commands/task_command.py", line 341, in _run_raw_task
    return ti._run_raw_task(
           ^^^^^^^^^^^^^^^^^
  File "/home/airflow/.local/lib/python3.12/site-packages/airflow/utils/session.py", line 97, in wrapper
    return func(*args, session=session, **kwargs)
           ^^^^^^^^^^^^^^^^^^^^^^^^^^^^^^^^^^^^^^
  File "/home/airflow/.local/lib/python3.12/site-packages/airflow/models/taskinstance.py", line 3004, in _run_raw_task
    return _run_raw_task(
           ^^^^^^^^^^^^^^
  File "/home/airflow/.local/lib/python3.12/site-packages/airflow/models/taskinstance.py", line 273, in _run_raw_task
    TaskInstance._execute_task_with_callbacks(
  File "/home/airflow/.local/lib/python3.12/site-packages/airflow/models/taskinstance.py", line 3158, in _execute_task_with_callbacks
    result = self._execute_task(context, task_orig)
             ^^^^^^^^^^^^^^^^^^^^^^^^^^^^^^^^^^^^^^
  File "/home/airflow/.local/lib/python3.12/site-packages/airflow/models/taskinstance.py", line 3182, in _execute_task
    return _execute_task(self, context, task_orig)
           ^^^^^^^^^^^^^^^^^^^^^^^^^^^^^^^^^^^^^^^
  File "/home/airflow/.local/lib/python3.12/site-packages/airflow/models/taskinstance.py", line 767, in _execute_task
    result = _execute_callable(context=context, **execute_callable_kwargs)
             ^^^^^^^^^^^^^^^^^^^^^^^^^^^^^^^^^^^^^^^^^^^^^^^^^^^^^^^^^^^^^
  File "/home/airflow/.local/lib/python3.12/site-packages/airflow/models/taskinstance.py", line 733, in _execute_callable
    return ExecutionCallableRunner(
           ^^^^^^^^^^^^^^^^^^^^^^^^
  File "/home/airflow/.local/lib/python3.12/site-packages/airflow/utils/operator_helpers.py", line 252, in run
    return self.func(*args, **kwargs)
           ^^^^^^^^^^^^^^^^^^^^^^^^^^
  File "/home/airflow/.local/lib/python3.12/site-packages/airflow/models/baseoperator.py", line 406, in wrapper
    return func(self, *args, **kwargs)
           ^^^^^^^^^^^^^^^^^^^^^^^^^^^
  File "/home/airflow/.local/lib/python3.12/site-packages/airflow/operators/python.py", line 238, in execute
    return_value = self.execute_callable()
                   ^^^^^^^^^^^^^^^^^^^^^^^
  File "/home/airflow/.local/lib/python3.12/site-packages/airflow/operators/python.py", line 256, in execute_callable
    return runner.run(*self.op_args, **self.op_kwargs)
           ^^^^^^^^^^^^^^^^^^^^^^^^^^^^^^^^^^^^^^^^^^^
  File "/home/airflow/.local/lib/python3.12/site-packages/airflow/utils/operator_helpers.py", line 252, in run
    return self.func(*args, **kwargs)
           ^^^^^^^^^^^^^^^^^^^^^^^^^^
  File "/opt/airflow/dags/driven_data_pipeline.py", line 154, in save_raw_data
    _write_to_csv()
  File "/opt/airflow/dags/driven_data_pipeline.py", line 92, in _write_to_csv
    file_exists = os.path.isfile(file_path)
                  ^^
NameError: name 'os' is not defined. Did you forget to import 'os'
[2025-07-02T01:07:57.590+0000] {local_task_job_runner.py:266} INFO - Task exited with return code 1
[2025-07-02T01:07:57.630+0000] {taskinstance.py:3900} INFO - 0 downstream tasks scheduled from follow-on schedule check
[2025-07-02T01:07:57.651+0000] {local_task_job_runner.py:245} INFO - ::endgroup::
[2025-07-02T01:23:28.855+0000] {local_task_job_runner.py:123} INFO - ::group::Pre task execution logs
[2025-07-02T01:23:28.935+0000] {taskinstance.py:2612} INFO - Dependencies all met for dep_context=non-requeueable deps ti=<TaskInstance: extract_raw_data_pipeline.extract_raw_data scheduled__2025-07-01T07:58:00+00:00 [queued]>
[2025-07-02T01:23:28.951+0000] {taskinstance.py:2612} INFO - Dependencies all met for dep_context=requeueable deps ti=<TaskInstance: extract_raw_data_pipeline.extract_raw_data scheduled__2025-07-01T07:58:00+00:00 [queued]>
[2025-07-02T01:23:28.951+0000] {taskinstance.py:2865} INFO - Starting attempt 1 of 1
[2025-07-02T01:23:28.999+0000] {taskinstance.py:2888} INFO - Executing <Task(PythonOperator): extract_raw_data> on 2025-07-01 07:58:00+00:00
[2025-07-02T01:23:29.008+0000] {warnings.py:112} WARNING - /home/***/.local/lib/python3.12/site-packages/***/task/task_runner/standard_task_runner.py:70: DeprecationWarning: This process (pid=173) is multi-threaded, use of fork() may lead to deadlocks in the child.
  pid = os.fork()

[2025-07-02T01:23:29.010+0000] {standard_task_runner.py:72} INFO - Started process 179 to run task
[2025-07-02T01:23:29.011+0000] {standard_task_runner.py:104} INFO - Running: ['***', 'tasks', 'run', 'extract_raw_data_pipeline', 'extract_raw_data', 'scheduled__2025-07-01T07:58:00+00:00', '--job-id', '3', '--raw', '--subdir', 'DAGS_FOLDER/driven_data_pipeline.py', '--cfg-path', '/tmp/tmp01ako9gt']
[2025-07-02T01:23:29.012+0000] {standard_task_runner.py:105} INFO - Job 3: Subtask extract_raw_data
[2025-07-02T01:23:29.101+0000] {task_command.py:467} INFO - Running <TaskInstance: extract_raw_data_pipeline.extract_raw_data scheduled__2025-07-01T07:58:00+00:00 [running]> on host 48b6d860598d
[2025-07-02T01:23:29.252+0000] {taskinstance.py:3131} INFO - Exporting env vars: AIRFLOW_CTX_DAG_OWNER='***' AIRFLOW_CTX_DAG_ID='extract_raw_data_pipeline' AIRFLOW_CTX_TASK_ID='extract_raw_data' AIRFLOW_CTX_EXECUTION_DATE='2025-07-01T07:58:00+00:00' AIRFLOW_CTX_TRY_NUMBER='1' AIRFLOW_CTX_DAG_RUN_ID='scheduled__2025-07-01T07:58:00+00:00'
[2025-07-02T01:23:29.257+0000] {taskinstance.py:731} INFO - ::endgroup::
[2025-07-02T01:23:29.450+0000] {driven_data_pipeline.py:153} INFO - Started batch processing for 2025-07-02.
[2025-07-02T01:23:29.450+0000] {driven_data_pipeline.py:35} INFO - Created synthetic data for MX country code.
[2025-07-02T01:23:29.980+0000] {driven_data_pipeline.py:108} INFO - Written 334 records to the CSV file.
[2025-07-02T01:23:30.825+0000] {driven_data_pipeline.py:125} INFO - Added UUID to the dataset.
[2025-07-02T01:23:30.951+0000] {driven_data_pipeline.py:145} INFO - Updated accessed timestamp.
[2025-07-02T01:23:30.953+0000] {driven_data_pipeline.py:161} INFO - Finished batch processing 2025-07-02.
[2025-07-02T01:23:30.954+0000] {python.py:240} INFO - Done. Returned value was: None
[2025-07-02T01:23:30.997+0000] {taskinstance.py:340} INFO - ::group::Post task execution logs
[2025-07-02T01:23:30.999+0000] {taskinstance.py:352} INFO - Marking task as SUCCESS. dag_id=extract_raw_data_pipeline, task_id=extract_raw_data, run_id=scheduled__2025-07-01T07:58:00+00:00, execution_date=20250701T075800, start_date=20250702T012328, end_date=20250702T012330
[2025-07-02T01:23:31.117+0000] {local_task_job_runner.py:266} INFO - Task exited with return code 0
[2025-07-02T01:23:31.217+0000] {taskinstance.py:3900} INFO - 1 downstream tasks scheduled from follow-on schedule check
[2025-07-02T01:23:31.240+0000] {local_task_job_runner.py:245} INFO - ::endgroup::
