[2025-07-02T07:44:33.710+0000] {local_task_job_runner.py:123} INFO - ::group::Pre task execution logs
[2025-07-02T07:44:33.941+0000] {taskinstance.py:2612} INFO - Dependencies all met for dep_context=non-requeueable deps ti=<TaskInstance: extract_raw_data_pipeline.run_dbt_trusted scheduled__2025-07-02T07:38:00+00:00 [queued]>
[2025-07-02T07:44:33.963+0000] {taskinstance.py:2612} INFO - Dependencies all met for dep_context=requeueable deps ti=<TaskInstance: extract_raw_data_pipeline.run_dbt_trusted scheduled__2025-07-02T07:38:00+00:00 [queued]>
[2025-07-02T07:44:33.964+0000] {taskinstance.py:2865} INFO - Starting attempt 1 of 1
[2025-07-02T07:44:34.673+0000] {taskinstance.py:2888} INFO - Executing <Task(BashOperator): run_dbt_trusted> on 2025-07-02 07:38:00+00:00
[2025-07-02T07:44:34.714+0000] {warnings.py:112} WARNING - /home/***/.local/lib/python3.12/site-packages/***/task/task_runner/standard_task_runner.py:70: DeprecationWarning: This process (pid=5552) is multi-threaded, use of fork() may lead to deadlocks in the child.
  pid = os.fork()

[2025-07-02T07:44:34.721+0000] {standard_task_runner.py:72} INFO - Started process 5556 to run task
[2025-07-02T07:44:34.727+0000] {standard_task_runner.py:104} INFO - Running: ['***', 'tasks', 'run', 'extract_raw_data_pipeline', 'run_dbt_trusted', 'scheduled__2025-07-02T07:38:00+00:00', '--job-id', '234', '--raw', '--subdir', 'DAGS_FOLDER/driven_data_pipeline.py', '--cfg-path', '/tmp/tmpg2f2y3uc']
[2025-07-02T07:44:34.734+0000] {standard_task_runner.py:105} INFO - Job 234: Subtask run_dbt_trusted
[2025-07-02T07:44:37.153+0000] {task_command.py:467} INFO - Running <TaskInstance: extract_raw_data_pipeline.run_dbt_trusted scheduled__2025-07-02T07:38:00+00:00 [running]> on host 48b6d860598d
[2025-07-02T07:44:38.219+0000] {taskinstance.py:3131} INFO - Exporting env vars: AIRFLOW_CTX_DAG_OWNER='***' AIRFLOW_CTX_DAG_ID='extract_raw_data_pipeline' AIRFLOW_CTX_TASK_ID='run_dbt_trusted' AIRFLOW_CTX_EXECUTION_DATE='2025-07-02T07:38:00+00:00' AIRFLOW_CTX_TRY_NUMBER='1' AIRFLOW_CTX_DAG_RUN_ID='scheduled__2025-07-02T07:38:00+00:00'
[2025-07-02T07:44:38.234+0000] {taskinstance.py:731} INFO - ::endgroup::
[2025-07-02T07:44:38.348+0000] {subprocess.py:63} INFO - Tmp dir root location: /tmp
[2025-07-02T07:44:38.349+0000] {subprocess.py:75} INFO - Running command: ['/usr/bin/bash', '-c', 'set -x; cd /opt/***/dbt && dbt run --select tag:trusted']
[2025-07-02T07:44:38.372+0000] {subprocess.py:86} INFO - Output:
[2025-07-02T07:44:38.375+0000] {subprocess.py:93} INFO - + cd /opt/***/dbt
[2025-07-02T07:44:38.376+0000] {subprocess.py:93} INFO - + dbt run --select tag:trusted
[2025-07-02T07:44:41.227+0000] {subprocess.py:93} INFO - [0m07:44:41  Running with dbt=1.8.0
[2025-07-02T07:44:41.519+0000] {subprocess.py:93} INFO - [0m07:44:41  Registered adapter: postgres=1.8.2
[2025-07-02T07:44:42.104+0000] {subprocess.py:93} INFO - [0m07:44:42  Found 9 models, 10 sources, 428 macros
[2025-07-02T07:44:42.108+0000] {subprocess.py:93} INFO - [0m07:44:42
[2025-07-02T07:44:43.901+0000] {subprocess.py:93} INFO - [0m07:44:43  Concurrency: 1 threads (target='dev')
[2025-07-02T07:44:43.903+0000] {subprocess.py:93} INFO - [0m07:44:43
[2025-07-02T07:44:43.934+0000] {subprocess.py:93} INFO - [0m07:44:43  1 of 4 START sql table model driven_trusted.non_pii_data ....................... [RUN]
[2025-07-02T07:45:30.591+0000] {subprocess.py:93} INFO - [0m07:45:30  1 of 4 OK created sql table model driven_trusted.non_pii_data .................. [[32mSELECT 659024[0m in 46.65s]
[2025-07-02T07:45:30.598+0000] {subprocess.py:93} INFO - [0m07:45:30  2 of 4 START sql table model driven_trusted.payment_data ....................... [RUN]
[2025-07-02T07:45:42.500+0000] {subprocess.py:93} INFO - [0m07:45:42  2 of 4 OK created sql table model driven_trusted.payment_data .................. [[32mSELECT 356288[0m in 11.90s]
[2025-07-02T07:45:42.506+0000] {subprocess.py:93} INFO - [0m07:45:42  3 of 4 START sql table model driven_trusted.pii_data ........................... [RUN]
[2025-07-02T07:47:09.569+0000] {job.py:229} INFO - Heartbeat recovered after 14.07 seconds
[2025-07-02T16:19:31.750+0000] {job.py:229} INFO - Heartbeat recovered after 30746.81 seconds
[2025-07-02T16:19:38.940+0000] {job.py:229} INFO - Heartbeat recovered after 12.42 seconds
[2025-07-02T16:20:00.955+0000] {job.py:229} INFO - Heartbeat recovered after 10.59 seconds
[2025-07-02T16:20:53.903+0000] {subprocess.py:93} INFO - [0m16:20:53  3 of 4 OK created sql table model driven_trusted.pii_data ...................... [[32mSELECT 659024[0m in 30911.39s]
[2025-07-02T16:20:53.908+0000] {subprocess.py:93} INFO - [0m16:20:53  4 of 4 START sql table model driven_trusted.technical_data ..................... [RUN]
[2025-07-02T16:21:21.627+0000] {subprocess.py:93} INFO - [0m16:21:21  4 of 4 OK created sql table model driven_trusted.technical_data ................ [[32mSELECT 356288[0m in 27.71s]
[2025-07-02T16:21:21.706+0000] {subprocess.py:93} INFO - [0m16:21:21
[2025-07-02T16:21:21.709+0000] {subprocess.py:93} INFO - [0m16:21:21  Finished running 4 table models in 8 hours 36 minutes and 39.60 seconds (30999.60s).
[2025-07-02T16:21:22.233+0000] {subprocess.py:93} INFO - [0m16:21:22
[2025-07-02T16:21:22.234+0000] {subprocess.py:93} INFO - [0m16:21:22  [32mCompleted successfully[0m
[2025-07-02T16:21:22.235+0000] {subprocess.py:93} INFO - [0m16:21:22
[2025-07-02T16:21:22.235+0000] {subprocess.py:93} INFO - [0m16:21:22  Done. PASS=4 WARN=0 ERROR=0 SKIP=0 TOTAL=4
[2025-07-02T16:21:22.953+0000] {subprocess.py:97} INFO - Command exited with return code 0
[2025-07-02T16:21:24.261+0000] {taskinstance.py:340} INFO - ::group::Post task execution logs
[2025-07-02T16:21:24.262+0000] {taskinstance.py:352} INFO - Marking task as SUCCESS. dag_id=extract_raw_data_pipeline, task_id=run_dbt_trusted, run_id=scheduled__2025-07-02T07:38:00+00:00, execution_date=20250702T073800, start_date=20250702T074433, end_date=20250702T162124
[2025-07-02T16:21:25.629+0000] {local_task_job_runner.py:266} INFO - Task exited with return code 0
[2025-07-02T16:21:25.684+0000] {taskinstance.py:3900} INFO - 0 downstream tasks scheduled from follow-on schedule check
[2025-07-02T16:21:25.995+0000] {local_task_job_runner.py:245} INFO - ::endgroup::
[2025-07-02T16:21:26.484+0000] {standard_task_runner.py:217} INFO - Process not found (most likely exited), stop collecting metrics
