[2025-07-02T07:29:27.057+0000] {local_task_job_runner.py:123} INFO - ::group::Pre task execution logs
[2025-07-02T07:29:27.084+0000] {taskinstance.py:2612} INFO - Dependencies all met for dep_context=non-requeueable deps ti=<TaskInstance: extract_raw_data_pipeline.run_dbt_staging scheduled__2025-07-02T07:28:00+00:00 [queued]>
[2025-07-02T07:29:27.098+0000] {taskinstance.py:2612} INFO - Dependencies all met for dep_context=requeueable deps ti=<TaskInstance: extract_raw_data_pipeline.run_dbt_staging scheduled__2025-07-02T07:28:00+00:00 [queued]>
[2025-07-02T07:29:27.098+0000] {taskinstance.py:2865} INFO - Starting attempt 1 of 1
[2025-07-02T07:29:27.284+0000] {taskinstance.py:2888} INFO - Executing <Task(BashOperator): run_dbt_staging> on 2025-07-02 07:28:00+00:00
[2025-07-02T07:29:27.294+0000] {warnings.py:112} WARNING - /home/***/.local/lib/python3.12/site-packages/***/task/task_runner/standard_task_runner.py:70: DeprecationWarning: This process (pid=4989) is multi-threaded, use of fork() may lead to deadlocks in the child.
  pid = os.fork()

[2025-07-02T07:29:27.296+0000] {standard_task_runner.py:72} INFO - Started process 4999 to run task
[2025-07-02T07:29:27.297+0000] {standard_task_runner.py:104} INFO - Running: ['***', 'tasks', 'run', 'extract_raw_data_pipeline', 'run_dbt_staging', 'scheduled__2025-07-02T07:28:00+00:00', '--job-id', '186', '--raw', '--subdir', 'DAGS_FOLDER/driven_data_pipeline.py', '--cfg-path', '/tmp/tmp3twcni_d']
[2025-07-02T07:29:27.299+0000] {standard_task_runner.py:105} INFO - Job 186: Subtask run_dbt_staging
[2025-07-02T07:29:27.494+0000] {task_command.py:467} INFO - Running <TaskInstance: extract_raw_data_pipeline.run_dbt_staging scheduled__2025-07-02T07:28:00+00:00 [running]> on host 48b6d860598d
[2025-07-02T07:29:27.855+0000] {taskinstance.py:3131} INFO - Exporting env vars: AIRFLOW_CTX_DAG_OWNER='***' AIRFLOW_CTX_DAG_ID='extract_raw_data_pipeline' AIRFLOW_CTX_TASK_ID='run_dbt_staging' AIRFLOW_CTX_EXECUTION_DATE='2025-07-02T07:28:00+00:00' AIRFLOW_CTX_TRY_NUMBER='1' AIRFLOW_CTX_DAG_RUN_ID='scheduled__2025-07-02T07:28:00+00:00'
[2025-07-02T07:29:27.856+0000] {taskinstance.py:731} INFO - ::endgroup::
[2025-07-02T07:29:27.877+0000] {subprocess.py:63} INFO - Tmp dir root location: /tmp
[2025-07-02T07:29:27.878+0000] {subprocess.py:75} INFO - Running command: ['/usr/bin/bash', '-c', 'set -x; cd /opt/***/dbt && dbt run --select tag:staging']
[2025-07-02T07:29:27.897+0000] {subprocess.py:86} INFO - Output:
[2025-07-02T07:29:27.899+0000] {subprocess.py:93} INFO - + cd /opt/***/dbt
[2025-07-02T07:29:27.900+0000] {subprocess.py:93} INFO - + dbt run --select tag:staging
[2025-07-02T07:29:31.972+0000] {subprocess.py:93} INFO - [0m07:29:31  Running with dbt=1.8.0
[2025-07-02T07:29:32.394+0000] {subprocess.py:93} INFO - [0m07:29:32  Registered adapter: postgres=1.8.2
[2025-07-02T07:29:33.400+0000] {subprocess.py:93} INFO - [0m07:29:33  Found 9 models, 10 sources, 428 macros
[2025-07-02T07:29:33.407+0000] {subprocess.py:93} INFO - [0m07:29:33
[2025-07-02T07:29:33.595+0000] {subprocess.py:93} INFO - [0m07:29:33  Concurrency: 1 threads (target='dev')
[2025-07-02T07:29:33.596+0000] {subprocess.py:93} INFO - [0m07:29:33
[2025-07-02T07:29:33.610+0000] {subprocess.py:93} INFO - [0m07:29:33  1 of 5 START sql table model driven_staging.dim_address ........................ [RUN]
[2025-07-02T07:30:02.579+0000] {subprocess.py:93} INFO - [0m07:30:02  1 of 5 OK created sql table model driven_staging.dim_address ................... [[32mSELECT 213603[0m in 28.97s]
[2025-07-02T07:30:02.583+0000] {subprocess.py:93} INFO - [0m07:30:02  2 of 5 START sql table model driven_staging.dim_date ........................... [RUN]
[2025-07-02T07:30:06.244+0000] {subprocess.py:93} INFO - [0m07:30:06  2 of 5 OK created sql table model driven_staging.dim_date ...................... [[32mSELECT 213603[0m in 3.65s]
[2025-07-02T07:30:06.248+0000] {subprocess.py:93} INFO - [0m07:30:06  3 of 5 START sql table model driven_staging.dim_finance ........................ [RUN]
[2025-07-02T07:30:52.434+0000] {subprocess.py:93} INFO - [0m07:30:52  3 of 5 OK created sql table model driven_staging.dim_finance ................... [[32mSELECT 213603[0m in 46.18s]
[2025-07-02T07:30:52.440+0000] {subprocess.py:93} INFO - [0m07:30:52  4 of 5 START sql table model driven_staging.dim_person ......................... [RUN]
[2025-07-02T07:31:07.977+0000] {subprocess.py:93} INFO - [0m07:31:07  4 of 5 OK created sql table model driven_staging.dim_person .................... [[32mSELECT 213603[0m in 15.52s]
[2025-07-02T07:31:07.991+0000] {subprocess.py:93} INFO - [0m07:31:07  5 of 5 START sql table model driven_staging.fact_network_usage ................. [RUN]
[2025-07-02T07:31:12.233+0000] {subprocess.py:93} INFO - [0m07:31:12  5 of 5 OK created sql table model driven_staging.fact_network_usage ............ [[32mSELECT 213603[0m in 4.24s]
[2025-07-02T07:31:12.271+0000] {subprocess.py:93} INFO - [0m07:31:12
[2025-07-02T07:31:12.271+0000] {subprocess.py:93} INFO - [0m07:31:12  Finished running 5 table models in 0 hours 1 minutes and 38.86 seconds (98.86s).
[2025-07-02T07:31:12.343+0000] {subprocess.py:93} INFO - [0m07:31:12
[2025-07-02T07:31:12.344+0000] {subprocess.py:93} INFO - [0m07:31:12  [32mCompleted successfully[0m
[2025-07-02T07:31:12.345+0000] {subprocess.py:93} INFO - [0m07:31:12
[2025-07-02T07:31:12.347+0000] {subprocess.py:93} INFO - [0m07:31:12  Done. PASS=5 WARN=0 ERROR=0 SKIP=0 TOTAL=5
[2025-07-02T07:31:13.126+0000] {subprocess.py:97} INFO - Command exited with return code 0
[2025-07-02T07:31:13.398+0000] {taskinstance.py:340} INFO - ::group::Post task execution logs
[2025-07-02T07:31:13.401+0000] {taskinstance.py:352} INFO - Marking task as SUCCESS. dag_id=extract_raw_data_pipeline, task_id=run_dbt_staging, run_id=scheduled__2025-07-02T07:28:00+00:00, execution_date=20250702T072800, start_date=20250702T072927, end_date=20250702T073113
[2025-07-02T07:31:14.490+0000] {local_task_job_runner.py:266} INFO - Task exited with return code 0
[2025-07-02T07:31:14.513+0000] {taskinstance.py:3900} INFO - 1 downstream tasks scheduled from follow-on schedule check
[2025-07-02T07:31:14.757+0000] {local_task_job_runner.py:245} INFO - ::endgroup::
