[2025-07-02T07:38:03.841+0000] {local_task_job_runner.py:123} INFO - ::group::Pre task execution logs
[2025-07-02T07:38:04.064+0000] {taskinstance.py:2612} INFO - Dependencies all met for dep_context=non-requeueable deps ti=<TaskInstance: extract_raw_data_pipeline.create_raw_schema scheduled__2025-07-02T07:37:00+00:00 [queued]>
[2025-07-02T07:38:04.102+0000] {taskinstance.py:2612} INFO - Dependencies all met for dep_context=requeueable deps ti=<TaskInstance: extract_raw_data_pipeline.create_raw_schema scheduled__2025-07-02T07:37:00+00:00 [queued]>
[2025-07-02T07:38:04.103+0000] {taskinstance.py:2865} INFO - Starting attempt 1 of 1
[2025-07-02T07:38:04.824+0000] {taskinstance.py:2888} INFO - Executing <Task(SQLExecuteQueryOperator): create_raw_schema> on 2025-07-02 07:37:00+00:00
[2025-07-02T07:38:04.848+0000] {warnings.py:112} WARNING - /home/***/.local/lib/python3.12/site-packages/***/task/task_runner/standard_task_runner.py:70: DeprecationWarning: This process (pid=5303) is multi-threaded, use of fork() may lead to deadlocks in the child.
  pid = os.fork()

[2025-07-02T07:38:04.854+0000] {standard_task_runner.py:72} INFO - Started process 5308 to run task
[2025-07-02T07:38:04.856+0000] {standard_task_runner.py:104} INFO - Running: ['***', 'tasks', 'run', 'extract_raw_data_pipeline', 'create_raw_schema', 'scheduled__2025-07-02T07:37:00+00:00', '--job-id', '212', '--raw', '--subdir', 'DAGS_FOLDER/driven_data_pipeline.py', '--cfg-path', '/tmp/tmpvfe0by7t']
[2025-07-02T07:38:04.861+0000] {standard_task_runner.py:105} INFO - Job 212: Subtask create_raw_schema
[2025-07-02T07:38:05.055+0000] {task_command.py:467} INFO - Running <TaskInstance: extract_raw_data_pipeline.create_raw_schema scheduled__2025-07-02T07:37:00+00:00 [running]> on host 48b6d860598d
[2025-07-02T07:38:06.057+0000] {taskinstance.py:3131} INFO - Exporting env vars: AIRFLOW_CTX_DAG_OWNER='***' AIRFLOW_CTX_DAG_ID='extract_raw_data_pipeline' AIRFLOW_CTX_TASK_ID='create_raw_schema' AIRFLOW_CTX_EXECUTION_DATE='2025-07-02T07:37:00+00:00' AIRFLOW_CTX_TRY_NUMBER='1' AIRFLOW_CTX_DAG_RUN_ID='scheduled__2025-07-02T07:37:00+00:00'
[2025-07-02T07:38:06.066+0000] {taskinstance.py:731} INFO - ::endgroup::
[2025-07-02T07:38:06.099+0000] {sql.py:266} INFO - Executing: CREATE SCHEMA IF NOT EXISTS driven_raw;
[2025-07-02T07:38:06.110+0000] {base.py:84} INFO - Retrieving connection 'postgres_conn'
[2025-07-02T07:38:06.121+0000] {base.py:84} INFO - Retrieving connection 'postgres_conn'
[2025-07-02T07:38:06.126+0000] {sql.py:509} INFO - Running statement: CREATE SCHEMA IF NOT EXISTS driven_raw;, parameters: None
[2025-07-02T07:38:06.139+0000] {taskinstance.py:340} INFO - ::group::Post task execution logs
[2025-07-02T07:38:06.139+0000] {taskinstance.py:352} INFO - Marking task as SUCCESS. dag_id=extract_raw_data_pipeline, task_id=create_raw_schema, run_id=scheduled__2025-07-02T07:37:00+00:00, execution_date=20250702T073700, start_date=20250702T073804, end_date=20250702T073806
[2025-07-02T07:38:06.440+0000] {local_task_job_runner.py:266} INFO - Task exited with return code 0
[2025-07-02T07:38:06.476+0000] {taskinstance.py:3900} INFO - 0 downstream tasks scheduled from follow-on schedule check
[2025-07-02T07:38:06.818+0000] {local_task_job_runner.py:245} INFO - ::endgroup::
