[2025-07-02T07:36:24.595+0000] {local_task_job_runner.py:123} INFO - ::group::Pre task execution logs
[2025-07-02T07:36:24.618+0000] {taskinstance.py:2612} INFO - Dependencies all met for dep_context=non-requeueable deps ti=<TaskInstance: extract_raw_data_pipeline.create_raw_schema scheduled__2025-07-02T07:35:00+00:00 [queued]>
[2025-07-02T07:36:24.626+0000] {taskinstance.py:2612} INFO - Dependencies all met for dep_context=requeueable deps ti=<TaskInstance: extract_raw_data_pipeline.create_raw_schema scheduled__2025-07-02T07:35:00+00:00 [queued]>
[2025-07-02T07:36:24.627+0000] {taskinstance.py:2865} INFO - Starting attempt 1 of 1
[2025-07-02T07:36:24.933+0000] {taskinstance.py:2888} INFO - Executing <Task(SQLExecuteQueryOperator): create_raw_schema> on 2025-07-02 07:35:00+00:00
[2025-07-02T07:36:24.975+0000] {warnings.py:112} WARNING - /home/***/.local/lib/python3.12/site-packages/***/task/task_runner/standard_task_runner.py:70: DeprecationWarning: This process (pid=5242) is multi-threaded, use of fork() may lead to deadlocks in the child.
  pid = os.fork()

[2025-07-02T07:36:24.982+0000] {standard_task_runner.py:72} INFO - Started process 5247 to run task
[2025-07-02T07:36:24.985+0000] {standard_task_runner.py:104} INFO - Running: ['***', 'tasks', 'run', 'extract_raw_data_pipeline', 'create_raw_schema', 'scheduled__2025-07-02T07:35:00+00:00', '--job-id', '206', '--raw', '--subdir', 'DAGS_FOLDER/driven_data_pipeline.py', '--cfg-path', '/tmp/tmp_p1gwqjj']
[2025-07-02T07:36:24.992+0000] {standard_task_runner.py:105} INFO - Job 206: Subtask create_raw_schema
[2025-07-02T07:36:25.409+0000] {task_command.py:467} INFO - Running <TaskInstance: extract_raw_data_pipeline.create_raw_schema scheduled__2025-07-02T07:35:00+00:00 [running]> on host 48b6d860598d
[2025-07-02T07:36:27.017+0000] {taskinstance.py:3131} INFO - Exporting env vars: AIRFLOW_CTX_DAG_OWNER='***' AIRFLOW_CTX_DAG_ID='extract_raw_data_pipeline' AIRFLOW_CTX_TASK_ID='create_raw_schema' AIRFLOW_CTX_EXECUTION_DATE='2025-07-02T07:35:00+00:00' AIRFLOW_CTX_TRY_NUMBER='1' AIRFLOW_CTX_DAG_RUN_ID='scheduled__2025-07-02T07:35:00+00:00'
[2025-07-02T07:36:27.026+0000] {taskinstance.py:731} INFO - ::endgroup::
[2025-07-02T07:36:27.101+0000] {sql.py:266} INFO - Executing: CREATE SCHEMA IF NOT EXISTS driven_raw;
[2025-07-02T07:36:27.113+0000] {base.py:84} INFO - Retrieving connection 'postgres_conn'
[2025-07-02T07:36:27.124+0000] {base.py:84} INFO - Retrieving connection 'postgres_conn'
[2025-07-02T07:36:27.128+0000] {sql.py:509} INFO - Running statement: CREATE SCHEMA IF NOT EXISTS driven_raw;, parameters: None
[2025-07-02T07:36:28.062+0000] {taskinstance.py:340} INFO - ::group::Post task execution logs
[2025-07-02T07:36:28.064+0000] {taskinstance.py:352} INFO - Marking task as SUCCESS. dag_id=extract_raw_data_pipeline, task_id=create_raw_schema, run_id=scheduled__2025-07-02T07:35:00+00:00, execution_date=20250702T073500, start_date=20250702T073624, end_date=20250702T073628
[2025-07-02T07:36:28.994+0000] {local_task_job_runner.py:266} INFO - Task exited with return code 0
[2025-07-02T07:36:29.091+0000] {taskinstance.py:3900} INFO - 1 downstream tasks scheduled from follow-on schedule check
[2025-07-02T07:36:29.999+0000] {standard_task_runner.py:217} INFO - Process not found (most likely exited), stop collecting metrics
[2025-07-02T07:36:30.279+0000] {local_task_job_runner.py:245} INFO - ::endgroup::
