[2025-06-30T22:42:00.346+0000] {local_task_job_runner.py:123} INFO - ::group::Pre task execution logs
[2025-06-30T22:42:01.434+0000] {taskinstance.py:2612} INFO - Dependencies all met for dep_context=non-requeueable deps ti=<TaskInstance: extract_raw_data_pipeline.extract_raw_data manual__2025-06-30T22:41:00.694571+00:00 [queued]>
[2025-06-30T22:42:01.649+0000] {taskinstance.py:2612} INFO - Dependencies all met for dep_context=requeueable deps ti=<TaskInstance: extract_raw_data_pipeline.extract_raw_data manual__2025-06-30T22:41:00.694571+00:00 [queued]>
[2025-06-30T22:42:01.650+0000] {taskinstance.py:2865} INFO - Starting attempt 1 of 1
[2025-06-30T22:42:02.118+0000] {taskinstance.py:2888} INFO - Executing <Task(PythonOperator): extract_raw_data> on 2025-06-30 22:41:00.694571+00:00
[2025-06-30T22:42:02.203+0000] {standard_task_runner.py:104} INFO - Running: ['***', 'tasks', 'run', 'extract_raw_data_pipeline', 'extract_raw_data', 'manual__2025-06-30T22:41:00.694571+00:00', '--job-id', '14', '--raw', '--subdir', 'DAGS_FOLDER/driven_data_pipeline.py', '--cfg-path', '/tmp/tmpitqxyg60']
[2025-06-30T22:42:02.215+0000] {standard_task_runner.py:105} INFO - Job 14: Subtask extract_raw_data
[2025-06-30T22:42:02.222+0000] {warnings.py:112} WARNING - /home/***/.local/lib/python3.12/site-packages/***/task/task_runner/standard_task_runner.py:70: DeprecationWarning: This process (pid=10655) is multi-threaded, use of fork() may lead to deadlocks in the child.
  pid = os.fork()

[2025-06-30T22:42:02.228+0000] {standard_task_runner.py:72} INFO - Started process 10668 to run task
[2025-06-30T22:42:02.657+0000] {task_command.py:467} INFO - Running <TaskInstance: extract_raw_data_pipeline.extract_raw_data manual__2025-06-30T22:41:00.694571+00:00 [running]> on host 849c33af5dcf
[2025-06-30T22:42:03.931+0000] {taskinstance.py:3131} INFO - Exporting env vars: AIRFLOW_CTX_DAG_OWNER='***' AIRFLOW_CTX_DAG_ID='extract_raw_data_pipeline' AIRFLOW_CTX_TASK_ID='extract_raw_data' AIRFLOW_CTX_EXECUTION_DATE='2025-06-30T22:41:00.694571+00:00' AIRFLOW_CTX_TRY_NUMBER='1' AIRFLOW_CTX_DAG_RUN_ID='manual__2025-06-30T22:41:00.694571+00:00'
[2025-06-30T22:42:03.957+0000] {taskinstance.py:731} INFO - ::endgroup::
[2025-06-30T22:42:04.700+0000] {driven_data_pipeline.py:143} INFO - Started batch processing for 2025-06-30.
[2025-06-30T22:42:04.700+0000] {driven_data_pipeline.py:34} INFO - Created synthetic data for MX country code.
[2025-06-30T22:42:07.173+0000] {driven_data_pipeline.py:100} INFO - Written 1017 records to the CSV file.
[2025-06-30T22:42:10.243+0000] {driven_data_pipeline.py:116} INFO - Added UUID to the dataset.
[2025-06-30T22:42:10.510+0000] {driven_data_pipeline.py:135} INFO - Updated accessed timestamp.
[2025-06-30T22:42:10.511+0000] {driven_data_pipeline.py:151} INFO - Finished batch processing 2025-06-30.
[2025-06-30T22:42:10.513+0000] {python.py:240} INFO - Done. Returned value was: None
[2025-06-30T22:42:10.569+0000] {taskinstance.py:340} INFO - ::group::Post task execution logs
[2025-06-30T22:42:10.579+0000] {taskinstance.py:352} INFO - Marking task as SUCCESS. dag_id=extract_raw_data_pipeline, task_id=extract_raw_data, run_id=manual__2025-06-30T22:41:00.694571+00:00, execution_date=20250630T224100, start_date=20250630T224201, end_date=20250630T224210
[2025-06-30T22:42:11.810+0000] {local_task_job_runner.py:266} INFO - Task exited with return code 0
[2025-06-30T22:42:12.041+0000] {taskinstance.py:3900} INFO - 0 downstream tasks scheduled from follow-on schedule check
[2025-06-30T22:42:12.190+0000] {local_task_job_runner.py:245} INFO - ::endgroup::
