[2025-07-02T07:18:11.787+0000] {local_task_job_runner.py:123} INFO - ::group::Pre task execution logs
[2025-07-02T07:18:11.823+0000] {taskinstance.py:2612} INFO - Dependencies all met for dep_context=non-requeueable deps ti=<TaskInstance: extract_raw_data_pipeline.run_dbt_staging scheduled__2025-07-02T07:17:00+00:00 [queued]>
[2025-07-02T07:18:11.834+0000] {taskinstance.py:2612} INFO - Dependencies all met for dep_context=requeueable deps ti=<TaskInstance: extract_raw_data_pipeline.run_dbt_staging scheduled__2025-07-02T07:17:00+00:00 [queued]>
[2025-07-02T07:18:11.835+0000] {taskinstance.py:2865} INFO - Starting attempt 1 of 1
[2025-07-02T07:18:11.887+0000] {taskinstance.py:2888} INFO - Executing <Task(BashOperator): run_dbt_staging> on 2025-07-02 07:17:00+00:00
[2025-07-02T07:18:11.921+0000] {warnings.py:112} WARNING - /home/***/.local/lib/python3.12/site-packages/***/task/task_runner/standard_task_runner.py:70: DeprecationWarning: This process (pid=4512) is multi-threaded, use of fork() may lead to deadlocks in the child.
  pid = os.fork()

[2025-07-02T07:18:11.928+0000] {standard_task_runner.py:72} INFO - Started process 4517 to run task
[2025-07-02T07:18:11.933+0000] {standard_task_runner.py:104} INFO - Running: ['***', 'tasks', 'run', 'extract_raw_data_pipeline', 'run_dbt_staging', 'scheduled__2025-07-02T07:17:00+00:00', '--job-id', '144', '--raw', '--subdir', 'DAGS_FOLDER/driven_data_pipeline.py', '--cfg-path', '/tmp/tmp6l0qq1hs']
[2025-07-02T07:18:11.940+0000] {standard_task_runner.py:105} INFO - Job 144: Subtask run_dbt_staging
[2025-07-02T07:18:12.033+0000] {task_command.py:467} INFO - Running <TaskInstance: extract_raw_data_pipeline.run_dbt_staging scheduled__2025-07-02T07:17:00+00:00 [running]> on host 48b6d860598d
[2025-07-02T07:18:12.186+0000] {taskinstance.py:3131} INFO - Exporting env vars: AIRFLOW_CTX_DAG_OWNER='***' AIRFLOW_CTX_DAG_ID='extract_raw_data_pipeline' AIRFLOW_CTX_TASK_ID='run_dbt_staging' AIRFLOW_CTX_EXECUTION_DATE='2025-07-02T07:17:00+00:00' AIRFLOW_CTX_TRY_NUMBER='1' AIRFLOW_CTX_DAG_RUN_ID='scheduled__2025-07-02T07:17:00+00:00'
[2025-07-02T07:18:12.187+0000] {taskinstance.py:731} INFO - ::endgroup::
[2025-07-02T07:18:12.202+0000] {subprocess.py:63} INFO - Tmp dir root location: /tmp
[2025-07-02T07:18:12.221+0000] {subprocess.py:75} INFO - Running command: ['/usr/bin/bash', '-c', 'set -x; cd /opt/***/dbt && dbt run --select tag:staging']
[2025-07-02T07:18:12.235+0000] {subprocess.py:86} INFO - Output:
[2025-07-02T07:18:12.237+0000] {subprocess.py:93} INFO - + cd /opt/***/dbt
[2025-07-02T07:18:12.238+0000] {subprocess.py:93} INFO - + dbt run --select tag:staging
[2025-07-02T07:18:14.915+0000] {subprocess.py:93} INFO - [0m07:18:14  Running with dbt=1.8.0
[2025-07-02T07:18:15.226+0000] {subprocess.py:93} INFO - [0m07:18:15  Registered adapter: postgres=1.8.2
[2025-07-02T07:18:15.747+0000] {subprocess.py:93} INFO - [0m07:18:15  Found 9 models, 10 sources, 428 macros
[2025-07-02T07:18:15.750+0000] {subprocess.py:93} INFO - [0m07:18:15
[2025-07-02T07:18:15.896+0000] {subprocess.py:93} INFO - [0m07:18:15  Concurrency: 1 threads (target='dev')
[2025-07-02T07:18:15.898+0000] {subprocess.py:93} INFO - [0m07:18:15
[2025-07-02T07:18:15.913+0000] {subprocess.py:93} INFO - [0m07:18:15  1 of 5 START sql table model driven_staging.dim_address ........................ [RUN]
[2025-07-02T07:18:17.406+0000] {subprocess.py:93} INFO - [0m07:18:17  1 of 5 OK created sql table model driven_staging.dim_address ................... [[32mSELECT 124141[0m in 1.49s]
[2025-07-02T07:18:17.409+0000] {subprocess.py:93} INFO - [0m07:18:17  2 of 5 START sql table model driven_staging.dim_date ........................... [RUN]
[2025-07-02T07:18:18.023+0000] {subprocess.py:93} INFO - [0m07:18:18  2 of 5 OK created sql table model driven_staging.dim_date ...................... [[32mSELECT 124141[0m in 0.60s]
[2025-07-02T07:18:18.035+0000] {subprocess.py:93} INFO - [0m07:18:18  3 of 5 START sql table model driven_staging.dim_finance ........................ [RUN]
[2025-07-02T07:18:19.041+0000] {subprocess.py:93} INFO - [0m07:18:19  3 of 5 OK created sql table model driven_staging.dim_finance ................... [[32mSELECT 124141[0m in 1.00s]
[2025-07-02T07:18:19.044+0000] {subprocess.py:93} INFO - [0m07:18:19  4 of 5 START sql table model driven_staging.dim_person ......................... [RUN]
[2025-07-02T07:18:20.491+0000] {subprocess.py:93} INFO - [0m07:18:20  4 of 5 OK created sql table model driven_staging.dim_person .................... [[32mSELECT 124141[0m in 1.45s]
[2025-07-02T07:18:20.495+0000] {subprocess.py:93} INFO - [0m07:18:20  5 of 5 START sql table model driven_staging.fact_network_usage ................. [RUN]
[2025-07-02T07:18:21.387+0000] {subprocess.py:93} INFO - [0m07:18:21  5 of 5 OK created sql table model driven_staging.fact_network_usage ............ [[32mSELECT 124141[0m in 0.89s]
[2025-07-02T07:18:21.423+0000] {subprocess.py:93} INFO - [0m07:18:21
[2025-07-02T07:18:21.424+0000] {subprocess.py:93} INFO - [0m07:18:21  Finished running 5 table models in 0 hours 0 minutes and 5.67 seconds (5.67s).
[2025-07-02T07:18:21.465+0000] {subprocess.py:93} INFO - [0m07:18:21
[2025-07-02T07:18:21.465+0000] {subprocess.py:93} INFO - [0m07:18:21  [32mCompleted successfully[0m
[2025-07-02T07:18:21.466+0000] {subprocess.py:93} INFO - [0m07:18:21
[2025-07-02T07:18:21.467+0000] {subprocess.py:93} INFO - [0m07:18:21  Done. PASS=5 WARN=0 ERROR=0 SKIP=0 TOTAL=5
[2025-07-02T07:18:22.266+0000] {subprocess.py:97} INFO - Command exited with return code 0
[2025-07-02T07:18:22.697+0000] {taskinstance.py:340} INFO - ::group::Post task execution logs
[2025-07-02T07:18:22.698+0000] {taskinstance.py:352} INFO - Marking task as SUCCESS. dag_id=extract_raw_data_pipeline, task_id=run_dbt_staging, run_id=scheduled__2025-07-02T07:17:00+00:00, execution_date=20250702T071700, start_date=20250702T071811, end_date=20250702T071822
[2025-07-02T07:18:22.865+0000] {local_task_job_runner.py:266} INFO - Task exited with return code 0
[2025-07-02T07:18:22.894+0000] {taskinstance.py:3900} INFO - 1 downstream tasks scheduled from follow-on schedule check
[2025-07-02T07:18:22.929+0000] {local_task_job_runner.py:245} INFO - ::endgroup::
