[2025-07-02T07:15:33.491+0000] {local_task_job_runner.py:123} INFO - ::group::Pre task execution logs
[2025-07-02T07:15:33.509+0000] {taskinstance.py:2612} INFO - Dependencies all met for dep_context=non-requeueable deps ti=<TaskInstance: extract_raw_data_pipeline.run_dbt_trusted scheduled__2025-07-02T07:14:00+00:00 [queued]>
[2025-07-02T07:15:33.518+0000] {taskinstance.py:2612} INFO - Dependencies all met for dep_context=requeueable deps ti=<TaskInstance: extract_raw_data_pipeline.run_dbt_trusted scheduled__2025-07-02T07:14:00+00:00 [queued]>
[2025-07-02T07:15:33.518+0000] {taskinstance.py:2865} INFO - Starting attempt 1 of 1
[2025-07-02T07:15:33.566+0000] {taskinstance.py:2888} INFO - Executing <Task(BashOperator): run_dbt_trusted> on 2025-07-02 07:14:00+00:00
[2025-07-02T07:15:33.573+0000] {warnings.py:112} WARNING - /home/***/.local/lib/python3.12/site-packages/***/task/task_runner/standard_task_runner.py:70: DeprecationWarning: This process (pid=4382) is multi-threaded, use of fork() may lead to deadlocks in the child.
  pid = os.fork()

[2025-07-02T07:15:33.575+0000] {standard_task_runner.py:72} INFO - Started process 4384 to run task
[2025-07-02T07:15:33.575+0000] {standard_task_runner.py:104} INFO - Running: ['***', 'tasks', 'run', 'extract_raw_data_pipeline', 'run_dbt_trusted', 'scheduled__2025-07-02T07:14:00+00:00', '--job-id', '130', '--raw', '--subdir', 'DAGS_FOLDER/driven_data_pipeline.py', '--cfg-path', '/tmp/tmpuwq4sjqc']
[2025-07-02T07:15:33.577+0000] {standard_task_runner.py:105} INFO - Job 130: Subtask run_dbt_trusted
[2025-07-02T07:15:33.727+0000] {task_command.py:467} INFO - Running <TaskInstance: extract_raw_data_pipeline.run_dbt_trusted scheduled__2025-07-02T07:14:00+00:00 [running]> on host 48b6d860598d
[2025-07-02T07:15:34.812+0000] {taskinstance.py:3131} INFO - Exporting env vars: AIRFLOW_CTX_DAG_OWNER='***' AIRFLOW_CTX_DAG_ID='extract_raw_data_pipeline' AIRFLOW_CTX_TASK_ID='run_dbt_trusted' AIRFLOW_CTX_EXECUTION_DATE='2025-07-02T07:14:00+00:00' AIRFLOW_CTX_TRY_NUMBER='1' AIRFLOW_CTX_DAG_RUN_ID='scheduled__2025-07-02T07:14:00+00:00'
[2025-07-02T07:15:34.816+0000] {taskinstance.py:731} INFO - ::endgroup::
[2025-07-02T07:15:34.860+0000] {subprocess.py:63} INFO - Tmp dir root location: /tmp
[2025-07-02T07:15:34.860+0000] {subprocess.py:75} INFO - Running command: ['/usr/bin/bash', '-c', 'set -x; cd /opt/***/dbt && dbt run --select tag:trusted']
[2025-07-02T07:15:34.875+0000] {subprocess.py:86} INFO - Output:
[2025-07-02T07:15:34.877+0000] {subprocess.py:93} INFO - + cd /opt/***/dbt
[2025-07-02T07:15:34.877+0000] {subprocess.py:93} INFO - + dbt run --select tag:trusted
[2025-07-02T07:15:37.493+0000] {subprocess.py:93} INFO - [0m07:15:37  Running with dbt=1.8.0
[2025-07-02T07:15:37.803+0000] {subprocess.py:93} INFO - [0m07:15:37  Registered adapter: postgres=1.8.2
[2025-07-02T07:15:39.091+0000] {subprocess.py:93} INFO - [0m07:15:39  Found 9 models, 10 sources, 428 macros
[2025-07-02T07:15:39.096+0000] {subprocess.py:93} INFO - [0m07:15:39
[2025-07-02T07:15:39.411+0000] {subprocess.py:93} INFO - [0m07:15:39  Concurrency: 1 threads (target='dev')
[2025-07-02T07:15:39.413+0000] {subprocess.py:93} INFO - [0m07:15:39
[2025-07-02T07:15:39.426+0000] {subprocess.py:93} INFO - [0m07:15:39  1 of 4 START sql table model driven_trusted.non_pii_data ....................... [RUN]
[2025-07-02T07:15:44.191+0000] {subprocess.py:93} INFO - [0m07:15:44  1 of 4 OK created sql table model driven_trusted.non_pii_data .................. [[32mSELECT 92840[0m in 4.76s]
[2025-07-02T07:15:44.201+0000] {subprocess.py:93} INFO - [0m07:15:44  2 of 4 START sql table model driven_trusted.payment_data ....................... [RUN]
[2025-07-02T07:15:45.682+0000] {subprocess.py:93} INFO - [0m07:15:45  2 of 4 OK created sql table model driven_trusted.payment_data .................. [[32mSELECT 92840[0m in 1.48s]
[2025-07-02T07:15:45.689+0000] {subprocess.py:93} INFO - [0m07:15:45  3 of 4 START sql table model driven_trusted.pii_data ........................... [RUN]
[2025-07-02T07:15:52.408+0000] {subprocess.py:93} INFO - [0m07:15:52  3 of 4 OK created sql table model driven_trusted.pii_data ...................... [[32mSELECT 92840[0m in 6.72s]
[2025-07-02T07:15:52.413+0000] {subprocess.py:93} INFO - [0m07:15:52  4 of 4 START sql table model driven_trusted.technical_data ..................... [RUN]
[2025-07-02T07:15:58.708+0000] {subprocess.py:93} INFO - [0m07:15:58  4 of 4 OK created sql table model driven_trusted.technical_data ................ [[32mSELECT 92840[0m in 6.29s]
[2025-07-02T07:15:58.782+0000] {subprocess.py:93} INFO - [0m07:15:58
[2025-07-02T07:15:58.783+0000] {subprocess.py:93} INFO - [0m07:15:58  Finished running 4 table models in 0 hours 0 minutes and 19.68 seconds (19.68s).
[2025-07-02T07:15:58.885+0000] {subprocess.py:93} INFO - [0m07:15:58
[2025-07-02T07:15:58.885+0000] {subprocess.py:93} INFO - [0m07:15:58  [32mCompleted successfully[0m
[2025-07-02T07:15:58.886+0000] {subprocess.py:93} INFO - [0m07:15:58
[2025-07-02T07:15:58.886+0000] {subprocess.py:93} INFO - [0m07:15:58  Done. PASS=4 WARN=0 ERROR=0 SKIP=0 TOTAL=4
[2025-07-02T07:16:00.155+0000] {subprocess.py:97} INFO - Command exited with return code 0
[2025-07-02T07:16:00.730+0000] {taskinstance.py:340} INFO - ::group::Post task execution logs
[2025-07-02T07:16:00.732+0000] {taskinstance.py:352} INFO - Marking task as SUCCESS. dag_id=extract_raw_data_pipeline, task_id=run_dbt_trusted, run_id=scheduled__2025-07-02T07:14:00+00:00, execution_date=20250702T071400, start_date=20250702T071533, end_date=20250702T071600
[2025-07-02T07:16:00.869+0000] {local_task_job_runner.py:266} INFO - Task exited with return code 0
[2025-07-02T07:16:00.951+0000] {taskinstance.py:3900} INFO - 0 downstream tasks scheduled from follow-on schedule check
[2025-07-02T07:16:01.003+0000] {local_task_job_runner.py:245} INFO - ::endgroup::
