[2025-07-02T16:23:34.523+0000] {local_task_job_runner.py:123} INFO - ::group::Pre task execution logs
[2025-07-02T16:23:34.547+0000] {taskinstance.py:2612} INFO - Dependencies all met for dep_context=non-requeueable deps ti=<TaskInstance: extract_raw_data_pipeline.run_dbt_trusted scheduled__2025-07-02T07:44:00+00:00 [queued]>
[2025-07-02T16:23:34.560+0000] {taskinstance.py:2612} INFO - Dependencies all met for dep_context=requeueable deps ti=<TaskInstance: extract_raw_data_pipeline.run_dbt_trusted scheduled__2025-07-02T07:44:00+00:00 [queued]>
[2025-07-02T16:23:34.560+0000] {taskinstance.py:2865} INFO - Starting attempt 1 of 1
[2025-07-02T16:23:34.635+0000] {taskinstance.py:2888} INFO - Executing <Task(BashOperator): run_dbt_trusted> on 2025-07-02 07:44:00+00:00
[2025-07-02T16:23:34.649+0000] {warnings.py:112} WARNING - /home/***/.local/lib/python3.12/site-packages/***/task/task_runner/standard_task_runner.py:70: DeprecationWarning: This process (pid=5746) is multi-threaded, use of fork() may lead to deadlocks in the child.
  pid = os.fork()

[2025-07-02T16:23:34.651+0000] {standard_task_runner.py:72} INFO - Started process 5750 to run task
[2025-07-02T16:23:34.652+0000] {standard_task_runner.py:104} INFO - Running: ['***', 'tasks', 'run', 'extract_raw_data_pipeline', 'run_dbt_trusted', 'scheduled__2025-07-02T07:44:00+00:00', '--job-id', '246', '--raw', '--subdir', 'DAGS_FOLDER/driven_data_pipeline.py', '--cfg-path', '/tmp/tmpzp8k7lyd']
[2025-07-02T16:23:34.654+0000] {standard_task_runner.py:105} INFO - Job 246: Subtask run_dbt_trusted
[2025-07-02T16:23:34.797+0000] {task_command.py:467} INFO - Running <TaskInstance: extract_raw_data_pipeline.run_dbt_trusted scheduled__2025-07-02T07:44:00+00:00 [running]> on host 48b6d860598d
[2025-07-02T16:23:35.101+0000] {taskinstance.py:3131} INFO - Exporting env vars: AIRFLOW_CTX_DAG_OWNER='***' AIRFLOW_CTX_DAG_ID='extract_raw_data_pipeline' AIRFLOW_CTX_TASK_ID='run_dbt_trusted' AIRFLOW_CTX_EXECUTION_DATE='2025-07-02T07:44:00+00:00' AIRFLOW_CTX_TRY_NUMBER='1' AIRFLOW_CTX_DAG_RUN_ID='scheduled__2025-07-02T07:44:00+00:00'
[2025-07-02T16:23:35.102+0000] {taskinstance.py:731} INFO - ::endgroup::
[2025-07-02T16:23:35.128+0000] {subprocess.py:63} INFO - Tmp dir root location: /tmp
[2025-07-02T16:23:35.129+0000] {subprocess.py:75} INFO - Running command: ['/usr/bin/bash', '-c', 'set -x; cd /opt/***/dbt && dbt run --select tag:trusted']
[2025-07-02T16:23:35.147+0000] {subprocess.py:86} INFO - Output:
[2025-07-02T16:23:35.151+0000] {subprocess.py:93} INFO - + cd /opt/***/dbt
[2025-07-02T16:23:35.152+0000] {subprocess.py:93} INFO - + dbt run --select tag:trusted
[2025-07-02T16:23:38.208+0000] {subprocess.py:93} INFO - [0m16:23:38  Running with dbt=1.8.0
[2025-07-02T16:23:38.550+0000] {subprocess.py:93} INFO - [0m16:23:38  Registered adapter: postgres=1.8.2
[2025-07-02T16:23:39.969+0000] {subprocess.py:93} INFO - [0m16:23:39  Found 9 models, 10 sources, 428 macros
[2025-07-02T16:23:39.974+0000] {subprocess.py:93} INFO - [0m16:23:39
[2025-07-02T16:23:40.151+0000] {subprocess.py:93} INFO - [0m16:23:40  Concurrency: 1 threads (target='dev')
[2025-07-02T16:23:40.152+0000] {subprocess.py:93} INFO - [0m16:23:40
[2025-07-02T16:23:40.169+0000] {subprocess.py:93} INFO - [0m16:23:40  1 of 4 START sql table model driven_trusted.non_pii_data ....................... [RUN]
[2025-07-02T16:24:26.038+0000] {job.py:229} INFO - Heartbeat recovered after 10.87 seconds
[2025-07-02T16:24:36.656+0000] {job.py:229} INFO - Heartbeat recovered after 15.16 seconds
[2025-07-02T16:24:42.315+0000] {job.py:229} INFO - Heartbeat recovered after 11.20 seconds
[2025-07-02T16:25:20.352+0000] {job.py:229} INFO - Heartbeat recovered after 13.68 seconds
[2025-07-02T16:25:27.873+0000] {job.py:229} INFO - Heartbeat recovered after 11.87 seconds
[2025-07-02T16:26:39.975+0000] {job.py:229} INFO - Heartbeat recovered after 10.97 seconds
[2025-07-02T16:27:21.360+0000] {subprocess.py:93} INFO - [0m16:27:21  1 of 4 OK created sql table model driven_trusted.non_pii_data .................. [[32mSELECT 703347[0m in 221.19s]
[2025-07-02T16:27:21.364+0000] {subprocess.py:93} INFO - [0m16:27:21  2 of 4 START sql table model driven_trusted.payment_data ....................... [RUN]
[2025-07-02T16:27:39.591+0000] {subprocess.py:93} INFO - [0m16:27:39  2 of 4 OK created sql table model driven_trusted.payment_data .................. [[32mSELECT 400611[0m in 18.22s]
[2025-07-02T16:27:39.595+0000] {subprocess.py:93} INFO - [0m16:27:39  3 of 4 START sql table model driven_trusted.pii_data ........................... [RUN]
[2025-07-02T16:28:01.739+0000] {job.py:229} INFO - Heartbeat recovered after 11.39 seconds
[2025-07-02T16:28:10.237+0000] {job.py:229} INFO - Heartbeat recovered after 14.27 seconds
[2025-07-02T16:28:55.094+0000] {subprocess.py:93} INFO - [0m16:28:55  3 of 4 OK created sql table model driven_trusted.pii_data ...................... [[32mSELECT 703347[0m in 75.50s]
[2025-07-02T16:28:55.099+0000] {subprocess.py:93} INFO - [0m16:28:55  4 of 4 START sql table model driven_trusted.technical_data ..................... [RUN]
[2025-07-02T16:29:02.962+0000] {subprocess.py:93} INFO - [0m16:29:02  4 of 4 OK created sql table model driven_trusted.technical_data ................ [[32mSELECT 400611[0m in 7.86s]
[2025-07-02T16:29:02.977+0000] {subprocess.py:93} INFO - [0m16:29:02
[2025-07-02T16:29:02.978+0000] {subprocess.py:93} INFO - [0m16:29:02  Finished running 4 table models in 0 hours 5 minutes and 23.00 seconds (323.00s).
[2025-07-02T16:29:03.017+0000] {subprocess.py:93} INFO - [0m16:29:03
[2025-07-02T16:29:03.017+0000] {subprocess.py:93} INFO - [0m16:29:03  [32mCompleted successfully[0m
[2025-07-02T16:29:03.018+0000] {subprocess.py:93} INFO - [0m16:29:03
[2025-07-02T16:29:03.019+0000] {subprocess.py:93} INFO - [0m16:29:03  Done. PASS=4 WARN=0 ERROR=0 SKIP=0 TOTAL=4
[2025-07-02T16:29:03.757+0000] {subprocess.py:97} INFO - Command exited with return code 0
[2025-07-02T16:29:04.022+0000] {taskinstance.py:340} INFO - ::group::Post task execution logs
[2025-07-02T16:29:04.023+0000] {taskinstance.py:352} INFO - Marking task as SUCCESS. dag_id=extract_raw_data_pipeline, task_id=run_dbt_trusted, run_id=scheduled__2025-07-02T07:44:00+00:00, execution_date=20250702T074400, start_date=20250702T162334, end_date=20250702T162904
[2025-07-02T16:29:04.214+0000] {local_task_job_runner.py:266} INFO - Task exited with return code 0
[2025-07-02T16:29:04.236+0000] {taskinstance.py:3900} INFO - 0 downstream tasks scheduled from follow-on schedule check
[2025-07-02T16:29:04.313+0000] {local_task_job_runner.py:245} INFO - ::endgroup::
