[2025-07-02T07:01:08.953+0000] {local_task_job_runner.py:123} INFO - ::group::Pre task execution logs
[2025-07-02T07:01:08.970+0000] {taskinstance.py:2612} INFO - Dependencies all met for dep_context=non-requeueable deps ti=<TaskInstance: extract_raw_data_pipeline.load_raw_data scheduled__2025-07-02T07:00:00+00:00 [queued]>
[2025-07-02T07:01:08.979+0000] {taskinstance.py:2612} INFO - Dependencies all met for dep_context=requeueable deps ti=<TaskInstance: extract_raw_data_pipeline.load_raw_data scheduled__2025-07-02T07:00:00+00:00 [queued]>
[2025-07-02T07:01:08.980+0000] {taskinstance.py:2865} INFO - Starting attempt 1 of 1
[2025-07-02T07:01:09.005+0000] {taskinstance.py:2888} INFO - Executing <Task(SQLExecuteQueryOperator): load_raw_data> on 2025-07-02 07:00:00+00:00
[2025-07-02T07:01:09.014+0000] {warnings.py:112} WARNING - /home/***/.local/lib/python3.12/site-packages/***/task/task_runner/standard_task_runner.py:70: DeprecationWarning: This process (pid=3511) is multi-threaded, use of fork() may lead to deadlocks in the child.
  pid = os.fork()

[2025-07-02T07:01:09.016+0000] {standard_task_runner.py:72} INFO - Started process 3513 to run task
[2025-07-02T07:01:09.017+0000] {standard_task_runner.py:104} INFO - Running: ['***', 'tasks', 'run', 'extract_raw_data_pipeline', 'load_raw_data', 'scheduled__2025-07-02T07:00:00+00:00', '--job-id', '44', '--raw', '--subdir', 'DAGS_FOLDER/driven_data_pipeline.py', '--cfg-path', '/tmp/tmprz1tpyq0']
[2025-07-02T07:01:09.018+0000] {standard_task_runner.py:105} INFO - Job 44: Subtask load_raw_data
[2025-07-02T07:01:09.081+0000] {task_command.py:467} INFO - Running <TaskInstance: extract_raw_data_pipeline.load_raw_data scheduled__2025-07-02T07:00:00+00:00 [running]> on host 48b6d860598d
[2025-07-02T07:01:09.205+0000] {taskinstance.py:3131} INFO - Exporting env vars: AIRFLOW_CTX_DAG_OWNER='***' AIRFLOW_CTX_DAG_ID='extract_raw_data_pipeline' AIRFLOW_CTX_TASK_ID='load_raw_data' AIRFLOW_CTX_EXECUTION_DATE='2025-07-02T07:00:00+00:00' AIRFLOW_CTX_TRY_NUMBER='1' AIRFLOW_CTX_DAG_RUN_ID='scheduled__2025-07-02T07:00:00+00:00'
[2025-07-02T07:01:09.206+0000] {taskinstance.py:731} INFO - ::endgroup::
[2025-07-02T07:01:09.220+0000] {sql.py:266} INFO - Executing: 
    COPY driven_raw.raw_batch_data(
    person_name, user_name, email, personal_number, birth_date,
    address, phone, mac_address, ip_address, iban, accessed_at,
    session_duration, download_speed, upload_speed, consumed_traffic, unique_id
    ) 
    FROM '/opt/***/data/raw_data.csv' 
    DELIMITER ',' 
    CSV HEADER;
    
[2025-07-02T07:01:09.229+0000] {base.py:84} INFO - Retrieving connection 'postgres_conn'
[2025-07-02T07:01:09.238+0000] {base.py:84} INFO - Retrieving connection 'postgres_conn'
[2025-07-02T07:01:09.242+0000] {sql.py:509} INFO - Running statement: 
    COPY driven_raw.raw_batch_data(
    person_name, user_name, email, personal_number, birth_date,
    address, phone, mac_address, ip_address, iban, accessed_at,
    session_duration, download_speed, upload_speed, consumed_traffic, unique_id
    ) 
    FROM '/opt/***/data/raw_data.csv' 
    DELIMITER ',' 
    CSV HEADER;
    , parameters: None
[2025-07-02T07:01:09.256+0000] {sql.py:518} INFO - Rows affected: 2822
[2025-07-02T07:01:09.303+0000] {taskinstance.py:340} INFO - ::group::Post task execution logs
[2025-07-02T07:01:09.304+0000] {taskinstance.py:352} INFO - Marking task as SUCCESS. dag_id=extract_raw_data_pipeline, task_id=load_raw_data, run_id=scheduled__2025-07-02T07:00:00+00:00, execution_date=20250702T070000, start_date=20250702T070108, end_date=20250702T070109
[2025-07-02T07:01:09.391+0000] {local_task_job_runner.py:266} INFO - Task exited with return code 0
[2025-07-02T07:01:09.400+0000] {local_task_job_runner.py:245} INFO - ::endgroup::
