[2025-07-01T22:53:01.743+0000] {local_task_job_runner.py:123} INFO - ::group::Pre task execution logs
[2025-07-01T22:53:01.770+0000] {taskinstance.py:2612} INFO - Dependencies all met for dep_context=non-requeueable deps ti=<TaskInstance: extract_raw_data_pipeline.run_dbt_trusted scheduled__2025-07-01T07:58:00+00:00 [queued]>
[2025-07-01T22:53:01.781+0000] {taskinstance.py:2612} INFO - Dependencies all met for dep_context=requeueable deps ti=<TaskInstance: extract_raw_data_pipeline.run_dbt_trusted scheduled__2025-07-01T07:58:00+00:00 [queued]>
[2025-07-01T22:53:01.781+0000] {taskinstance.py:2865} INFO - Starting attempt 1 of 1
[2025-07-01T22:53:01.846+0000] {taskinstance.py:2888} INFO - Executing <Task(BashOperator): run_dbt_trusted> on 2025-07-01 07:58:00+00:00
[2025-07-01T22:53:01.869+0000] {warnings.py:112} WARNING - /home/***/.local/lib/python3.12/site-packages/***/task/task_runner/standard_task_runner.py:70: DeprecationWarning: This process (pid=249) is multi-threaded, use of fork() may lead to deadlocks in the child.
  pid = os.fork()

[2025-07-01T22:53:01.871+0000] {standard_task_runner.py:72} INFO - Started process 251 to run task
[2025-07-01T22:53:01.872+0000] {standard_task_runner.py:104} INFO - Running: ['***', 'tasks', 'run', 'extract_raw_data_pipeline', 'run_dbt_trusted', 'scheduled__2025-07-01T07:58:00+00:00', '--job-id', '12', '--raw', '--subdir', 'DAGS_FOLDER/driven_data_pipeline.py', '--cfg-path', '/tmp/tmpjmbnk512']
[2025-07-01T22:53:01.874+0000] {standard_task_runner.py:105} INFO - Job 12: Subtask run_dbt_trusted
[2025-07-01T22:53:02.013+0000] {task_command.py:467} INFO - Running <TaskInstance: extract_raw_data_pipeline.run_dbt_trusted scheduled__2025-07-01T07:58:00+00:00 [running]> on host 943703dd0104
[2025-07-01T22:53:02.225+0000] {taskinstance.py:3131} INFO - Exporting env vars: AIRFLOW_CTX_DAG_OWNER='***' AIRFLOW_CTX_DAG_ID='extract_raw_data_pipeline' AIRFLOW_CTX_TASK_ID='run_dbt_trusted' AIRFLOW_CTX_EXECUTION_DATE='2025-07-01T07:58:00+00:00' AIRFLOW_CTX_TRY_NUMBER='1' AIRFLOW_CTX_DAG_RUN_ID='scheduled__2025-07-01T07:58:00+00:00'
[2025-07-01T22:53:02.235+0000] {taskinstance.py:731} INFO - ::endgroup::
[2025-07-01T22:53:02.301+0000] {subprocess.py:63} INFO - Tmp dir root location: /tmp
[2025-07-01T22:53:02.303+0000] {subprocess.py:75} INFO - Running command: ['/usr/bin/bash', '-c', 'set -x; cd /opt/***/dbt && dbt run --select tag:trusted']
[2025-07-01T22:53:02.331+0000] {subprocess.py:86} INFO - Output:
[2025-07-01T22:53:02.332+0000] {subprocess.py:93} INFO - + cd /opt/***/dbt
[2025-07-01T22:53:02.333+0000] {subprocess.py:93} INFO - + dbt run --select tag:trusted
[2025-07-01T22:53:05.171+0000] {subprocess.py:93} INFO - [0m22:53:05  Running with dbt=1.8.0
[2025-07-01T22:53:05.499+0000] {subprocess.py:93} INFO - [0m22:53:05  Registered adapter: postgres=1.8.2
[2025-07-01T22:53:05.991+0000] {subprocess.py:93} INFO - [0m22:53:05  Found 9 models, 10 sources, 428 macros
[2025-07-01T22:53:05.994+0000] {subprocess.py:93} INFO - [0m22:53:05
[2025-07-01T22:53:07.058+0000] {subprocess.py:93} INFO - [0m22:53:07  Concurrency: 1 threads (target='dev')
[2025-07-01T22:53:07.058+0000] {subprocess.py:93} INFO - [0m22:53:07
[2025-07-01T22:53:07.080+0000] {subprocess.py:93} INFO - [0m22:53:07  1 of 4 START sql table model driven_trusted.non_pii_data ....................... [RUN]
[2025-07-01T22:53:07.459+0000] {subprocess.py:93} INFO - [0m22:53:07  1 of 4 OK created sql table model driven_trusted.non_pii_data .................. [[32mSELECT 687[0m in 0.37s]
[2025-07-01T22:53:07.465+0000] {subprocess.py:93} INFO - [0m22:53:07  2 of 4 START sql table model driven_trusted.payment_data ....................... [RUN]
[2025-07-01T22:53:07.608+0000] {subprocess.py:93} INFO - [0m22:53:07  2 of 4 OK created sql table model driven_trusted.payment_data .................. [[32mSELECT 687[0m in 0.14s]
[2025-07-01T22:53:07.612+0000] {subprocess.py:93} INFO - [0m22:53:07  3 of 4 START sql table model driven_trusted.pii_data ........................... [RUN]
[2025-07-01T22:53:07.874+0000] {subprocess.py:93} INFO - [0m22:53:07  3 of 4 OK created sql table model driven_trusted.pii_data ...................... [[32mSELECT 687[0m in 0.26s]
[2025-07-01T22:53:07.878+0000] {subprocess.py:93} INFO - [0m22:53:07  4 of 4 START sql table model driven_trusted.technical_data ..................... [RUN]
[2025-07-01T22:53:08.363+0000] {subprocess.py:93} INFO - [0m22:53:08  4 of 4 OK created sql table model driven_trusted.technical_data ................ [[32mSELECT 687[0m in 0.47s]
[2025-07-01T22:53:08.391+0000] {subprocess.py:93} INFO - [0m22:53:08
[2025-07-01T22:53:08.392+0000] {subprocess.py:93} INFO - [0m22:53:08  Finished running 4 table models in 0 hours 0 minutes and 2.40 seconds (2.40s).
[2025-07-01T22:53:08.443+0000] {subprocess.py:93} INFO - [0m22:53:08
[2025-07-01T22:53:08.444+0000] {subprocess.py:93} INFO - [0m22:53:08  [32mCompleted successfully[0m
[2025-07-01T22:53:08.444+0000] {subprocess.py:93} INFO - [0m22:53:08
[2025-07-01T22:53:08.445+0000] {subprocess.py:93} INFO - [0m22:53:08  Done. PASS=4 WARN=0 ERROR=0 SKIP=0 TOTAL=4
[2025-07-01T22:53:09.564+0000] {subprocess.py:97} INFO - Command exited with return code 0
[2025-07-01T22:53:10.988+0000] {taskinstance.py:340} INFO - ::group::Post task execution logs
[2025-07-01T22:53:10.993+0000] {taskinstance.py:352} INFO - Marking task as SUCCESS. dag_id=extract_raw_data_pipeline, task_id=run_dbt_trusted, run_id=scheduled__2025-07-01T07:58:00+00:00, execution_date=20250701T075800, start_date=20250701T225301, end_date=20250701T225310
[2025-07-01T22:53:11.118+0000] {local_task_job_runner.py:266} INFO - Task exited with return code 0
[2025-07-01T22:53:11.133+0000] {taskinstance.py:3900} INFO - 0 downstream tasks scheduled from follow-on schedule check
[2025-07-01T22:53:11.162+0000] {local_task_job_runner.py:245} INFO - ::endgroup::
[2025-07-02T01:23:59.092+0000] {local_task_job_runner.py:123} INFO - ::group::Pre task execution logs
[2025-07-02T01:23:59.153+0000] {taskinstance.py:2612} INFO - Dependencies all met for dep_context=non-requeueable deps ti=<TaskInstance: extract_raw_data_pipeline.run_dbt_trusted scheduled__2025-07-01T07:58:00+00:00 [queued]>
[2025-07-02T01:23:59.164+0000] {taskinstance.py:2612} INFO - Dependencies all met for dep_context=requeueable deps ti=<TaskInstance: extract_raw_data_pipeline.run_dbt_trusted scheduled__2025-07-01T07:58:00+00:00 [queued]>
[2025-07-02T01:23:59.165+0000] {taskinstance.py:2865} INFO - Starting attempt 1 of 1
[2025-07-02T01:23:59.201+0000] {taskinstance.py:2888} INFO - Executing <Task(BashOperator): run_dbt_trusted> on 2025-07-01 07:58:00+00:00
[2025-07-02T01:23:59.220+0000] {warnings.py:112} WARNING - /home/***/.local/lib/python3.12/site-packages/***/task/task_runner/standard_task_runner.py:70: DeprecationWarning: This process (pid=214) is multi-threaded, use of fork() may lead to deadlocks in the child.
  pid = os.fork()

[2025-07-02T01:23:59.222+0000] {standard_task_runner.py:72} INFO - Started process 216 to run task
[2025-07-02T01:23:59.223+0000] {standard_task_runner.py:104} INFO - Running: ['***', 'tasks', 'run', 'extract_raw_data_pipeline', 'run_dbt_trusted', 'scheduled__2025-07-01T07:58:00+00:00', '--job-id', '8', '--raw', '--subdir', 'DAGS_FOLDER/driven_data_pipeline.py', '--cfg-path', '/tmp/tmpwum2z3qu']
[2025-07-02T01:23:59.225+0000] {standard_task_runner.py:105} INFO - Job 8: Subtask run_dbt_trusted
[2025-07-02T01:23:59.302+0000] {task_command.py:467} INFO - Running <TaskInstance: extract_raw_data_pipeline.run_dbt_trusted scheduled__2025-07-01T07:58:00+00:00 [running]> on host 48b6d860598d
[2025-07-02T01:23:59.438+0000] {taskinstance.py:3131} INFO - Exporting env vars: AIRFLOW_CTX_DAG_OWNER='***' AIRFLOW_CTX_DAG_ID='extract_raw_data_pipeline' AIRFLOW_CTX_TASK_ID='run_dbt_trusted' AIRFLOW_CTX_EXECUTION_DATE='2025-07-01T07:58:00+00:00' AIRFLOW_CTX_TRY_NUMBER='1' AIRFLOW_CTX_DAG_RUN_ID='scheduled__2025-07-01T07:58:00+00:00'
[2025-07-02T01:23:59.438+0000] {taskinstance.py:731} INFO - ::endgroup::
[2025-07-02T01:23:59.460+0000] {subprocess.py:63} INFO - Tmp dir root location: /tmp
[2025-07-02T01:23:59.461+0000] {subprocess.py:75} INFO - Running command: ['/usr/bin/bash', '-c', 'set -x; cd /opt/***/dbt && dbt run --select tag:trusted']
[2025-07-02T01:23:59.509+0000] {subprocess.py:86} INFO - Output:
[2025-07-02T01:23:59.581+0000] {subprocess.py:93} INFO - + cd /opt/***/dbt
[2025-07-02T01:23:59.586+0000] {subprocess.py:93} INFO - + dbt run --select tag:trusted
[2025-07-02T01:24:05.198+0000] {subprocess.py:93} INFO - [0m01:24:05  Running with dbt=1.8.0
[2025-07-02T01:24:07.067+0000] {subprocess.py:93} INFO - [0m01:24:07  Registered adapter: postgres=1.8.2
[2025-07-02T01:24:07.712+0000] {subprocess.py:93} INFO - [0m01:24:07  Found 9 models, 10 sources, 428 macros
[2025-07-02T01:24:07.717+0000] {subprocess.py:93} INFO - [0m01:24:07
[2025-07-02T01:24:07.928+0000] {subprocess.py:93} INFO - [0m01:24:07  Concurrency: 1 threads (target='dev')
[2025-07-02T01:24:07.928+0000] {subprocess.py:93} INFO - [0m01:24:07
[2025-07-02T01:24:07.942+0000] {subprocess.py:93} INFO - [0m01:24:07  1 of 4 START sql table model driven_trusted.non_pii_data ....................... [RUN]
[2025-07-02T01:24:08.285+0000] {subprocess.py:93} INFO - [0m01:24:08  1 of 4 OK created sql table model driven_trusted.non_pii_data .................. [[32mSELECT 334[0m in 0.34s]
[2025-07-02T01:24:08.289+0000] {subprocess.py:93} INFO - [0m01:24:08  2 of 4 START sql table model driven_trusted.payment_data ....................... [RUN]
[2025-07-02T01:24:08.752+0000] {subprocess.py:93} INFO - [0m01:24:08  2 of 4 OK created sql table model driven_trusted.payment_data .................. [[32mSELECT 334[0m in 0.45s]
[2025-07-02T01:24:08.755+0000] {subprocess.py:93} INFO - [0m01:24:08  3 of 4 START sql table model driven_trusted.pii_data ........................... [RUN]
[2025-07-02T01:24:09.315+0000] {subprocess.py:93} INFO - [0m01:24:09  3 of 4 OK created sql table model driven_trusted.pii_data ...................... [[32mSELECT 334[0m in 0.56s]
[2025-07-02T01:24:09.321+0000] {subprocess.py:93} INFO - [0m01:24:09  4 of 4 START sql table model driven_trusted.technical_data ..................... [RUN]
[2025-07-02T01:24:09.544+0000] {subprocess.py:93} INFO - [0m01:24:09  4 of 4 OK created sql table model driven_trusted.technical_data ................ [[32mSELECT 334[0m in 0.22s]
[2025-07-02T01:24:09.565+0000] {subprocess.py:93} INFO - [0m01:24:09
[2025-07-02T01:24:09.565+0000] {subprocess.py:93} INFO - [0m01:24:09  Finished running 4 table models in 0 hours 0 minutes and 1.85 seconds (1.85s).
[2025-07-02T01:24:09.608+0000] {subprocess.py:93} INFO - [0m01:24:09
[2025-07-02T01:24:09.608+0000] {subprocess.py:93} INFO - [0m01:24:09  [32mCompleted successfully[0m
[2025-07-02T01:24:09.609+0000] {subprocess.py:93} INFO - [0m01:24:09
[2025-07-02T01:24:09.610+0000] {subprocess.py:93} INFO - [0m01:24:09  Done. PASS=4 WARN=0 ERROR=0 SKIP=0 TOTAL=4
[2025-07-02T01:24:10.462+0000] {subprocess.py:97} INFO - Command exited with return code 0
[2025-07-02T01:24:11.466+0000] {taskinstance.py:340} INFO - ::group::Post task execution logs
[2025-07-02T01:24:11.466+0000] {taskinstance.py:352} INFO - Marking task as SUCCESS. dag_id=extract_raw_data_pipeline, task_id=run_dbt_trusted, run_id=scheduled__2025-07-01T07:58:00+00:00, execution_date=20250701T075800, start_date=20250702T012359, end_date=20250702T012411
[2025-07-02T01:24:11.543+0000] {local_task_job_runner.py:266} INFO - Task exited with return code 0
[2025-07-02T01:24:11.588+0000] {taskinstance.py:3900} INFO - 0 downstream tasks scheduled from follow-on schedule check
[2025-07-02T01:24:11.611+0000] {local_task_job_runner.py:245} INFO - ::endgroup::
