[2025-07-02T07:18:36.187+0000] {local_task_job_runner.py:123} INFO - ::group::Pre task execution logs
[2025-07-02T07:18:36.211+0000] {taskinstance.py:2612} INFO - Dependencies all met for dep_context=non-requeueable deps ti=<TaskInstance: extract_raw_data_pipeline.run_dbt_trusted scheduled__2025-07-02T07:16:00+00:00 [queued]>
[2025-07-02T07:18:36.223+0000] {taskinstance.py:2612} INFO - Dependencies all met for dep_context=requeueable deps ti=<TaskInstance: extract_raw_data_pipeline.run_dbt_trusted scheduled__2025-07-02T07:16:00+00:00 [queued]>
[2025-07-02T07:18:36.224+0000] {taskinstance.py:2865} INFO - Starting attempt 1 of 1
[2025-07-02T07:18:36.333+0000] {taskinstance.py:2888} INFO - Executing <Task(BashOperator): run_dbt_trusted> on 2025-07-02 07:16:00+00:00
[2025-07-02T07:18:36.371+0000] {warnings.py:112} WARNING - /home/***/.local/lib/python3.12/site-packages/***/task/task_runner/standard_task_runner.py:70: DeprecationWarning: This process (pid=4561) is multi-threaded, use of fork() may lead to deadlocks in the child.
  pid = os.fork()

[2025-07-02T07:18:36.378+0000] {standard_task_runner.py:72} INFO - Started process 4563 to run task
[2025-07-02T07:18:36.404+0000] {standard_task_runner.py:104} INFO - Running: ['***', 'tasks', 'run', 'extract_raw_data_pipeline', 'run_dbt_trusted', 'scheduled__2025-07-02T07:16:00+00:00', '--job-id', '148', '--raw', '--subdir', 'DAGS_FOLDER/driven_data_pipeline.py', '--cfg-path', '/tmp/tmpk7po1qja']
[2025-07-02T07:18:36.413+0000] {standard_task_runner.py:105} INFO - Job 148: Subtask run_dbt_trusted
[2025-07-02T07:18:36.636+0000] {task_command.py:467} INFO - Running <TaskInstance: extract_raw_data_pipeline.run_dbt_trusted scheduled__2025-07-02T07:16:00+00:00 [running]> on host 48b6d860598d
[2025-07-02T07:18:37.344+0000] {taskinstance.py:3131} INFO - Exporting env vars: AIRFLOW_CTX_DAG_OWNER='***' AIRFLOW_CTX_DAG_ID='extract_raw_data_pipeline' AIRFLOW_CTX_TASK_ID='run_dbt_trusted' AIRFLOW_CTX_EXECUTION_DATE='2025-07-02T07:16:00+00:00' AIRFLOW_CTX_TRY_NUMBER='1' AIRFLOW_CTX_DAG_RUN_ID='scheduled__2025-07-02T07:16:00+00:00'
[2025-07-02T07:18:37.347+0000] {taskinstance.py:731} INFO - ::endgroup::
[2025-07-02T07:18:37.423+0000] {subprocess.py:63} INFO - Tmp dir root location: /tmp
[2025-07-02T07:18:37.425+0000] {subprocess.py:75} INFO - Running command: ['/usr/bin/bash', '-c', 'set -x; cd /opt/***/dbt && dbt run --select tag:trusted']
[2025-07-02T07:18:37.450+0000] {subprocess.py:86} INFO - Output:
[2025-07-02T07:18:37.452+0000] {subprocess.py:93} INFO - + cd /opt/***/dbt
[2025-07-02T07:18:37.453+0000] {subprocess.py:93} INFO - + dbt run --select tag:trusted
[2025-07-02T07:18:41.057+0000] {subprocess.py:93} INFO - [0m07:18:41  Running with dbt=1.8.0
[2025-07-02T07:18:41.460+0000] {subprocess.py:93} INFO - [0m07:18:41  Registered adapter: postgres=1.8.2
[2025-07-02T07:18:42.087+0000] {subprocess.py:93} INFO - [0m07:18:42  Found 9 models, 10 sources, 428 macros
[2025-07-02T07:18:42.093+0000] {subprocess.py:93} INFO - [0m07:18:42
[2025-07-02T07:18:42.292+0000] {subprocess.py:93} INFO - [0m07:18:42  Concurrency: 1 threads (target='dev')
[2025-07-02T07:18:42.293+0000] {subprocess.py:93} INFO - [0m07:18:42
[2025-07-02T07:18:42.312+0000] {subprocess.py:93} INFO - [0m07:18:42  1 of 4 START sql table model driven_trusted.non_pii_data ....................... [RUN]
[2025-07-02T07:19:43.091+0000] {subprocess.py:93} INFO - [0m07:19:43  1 of 4 OK created sql table model driven_trusted.non_pii_data .................. [[32mSELECT 448501[0m in 60.77s]
[2025-07-02T07:19:43.223+0000] {subprocess.py:93} INFO - [0m07:19:43  2 of 4 START sql table model driven_trusted.payment_data ....................... [RUN]
[2025-07-02T07:19:50.613+0000] {subprocess.py:93} INFO - [0m07:19:50  2 of 4 OK created sql table model driven_trusted.payment_data .................. [[32mSELECT 145765[0m in 7.51s]
[2025-07-02T07:19:50.617+0000] {subprocess.py:93} INFO - [0m07:19:50  3 of 4 START sql table model driven_trusted.pii_data ........................... [RUN]
[2025-07-02T07:20:39.334+0000] {subprocess.py:93} INFO - [0m07:20:39  3 of 4 OK created sql table model driven_trusted.pii_data ...................... [[32mSELECT 448501[0m in 48.71s]
[2025-07-02T07:20:39.417+0000] {subprocess.py:93} INFO - [0m07:20:39  4 of 4 START sql table model driven_trusted.technical_data ..................... [RUN]
[2025-07-02T07:20:43.693+0000] {subprocess.py:93} INFO - [0m07:20:43  4 of 4 OK created sql table model driven_trusted.technical_data ................ [[32mSELECT 145765[0m in 4.35s]
[2025-07-02T07:20:43.711+0000] {subprocess.py:93} INFO - [0m07:20:43
[2025-07-02T07:20:43.712+0000] {subprocess.py:93} INFO - [0m07:20:43  Finished running 4 table models in 0 hours 2 minutes and 1.62 seconds (121.62s).
[2025-07-02T07:20:43.758+0000] {subprocess.py:93} INFO - [0m07:20:43
[2025-07-02T07:20:43.758+0000] {subprocess.py:93} INFO - [0m07:20:43  [32mCompleted successfully[0m
[2025-07-02T07:20:43.759+0000] {subprocess.py:93} INFO - [0m07:20:43
[2025-07-02T07:20:43.759+0000] {subprocess.py:93} INFO - [0m07:20:43  Done. PASS=4 WARN=0 ERROR=0 SKIP=0 TOTAL=4
[2025-07-02T07:20:44.471+0000] {subprocess.py:97} INFO - Command exited with return code 0
[2025-07-02T07:20:45.129+0000] {taskinstance.py:340} INFO - ::group::Post task execution logs
[2025-07-02T07:20:45.628+0000] {taskinstance.py:352} INFO - Marking task as SUCCESS. dag_id=extract_raw_data_pipeline, task_id=run_dbt_trusted, run_id=scheduled__2025-07-02T07:16:00+00:00, execution_date=20250702T071600, start_date=20250702T071836, end_date=20250702T072045
[2025-07-02T07:20:46.495+0000] {local_task_job_runner.py:266} INFO - Task exited with return code 0
[2025-07-02T07:20:46.525+0000] {taskinstance.py:3900} INFO - 0 downstream tasks scheduled from follow-on schedule check
[2025-07-02T07:20:46.691+0000] {local_task_job_runner.py:245} INFO - ::endgroup::
