[2025-07-02T07:29:27.148+0000] {local_task_job_runner.py:123} INFO - ::group::Pre task execution logs
[2025-07-02T07:29:27.175+0000] {taskinstance.py:2612} INFO - Dependencies all met for dep_context=non-requeueable deps ti=<TaskInstance: extract_raw_data_pipeline.run_dbt_trusted scheduled__2025-07-02T07:27:00+00:00 [queued]>
[2025-07-02T07:29:27.189+0000] {taskinstance.py:2612} INFO - Dependencies all met for dep_context=requeueable deps ti=<TaskInstance: extract_raw_data_pipeline.run_dbt_trusted scheduled__2025-07-02T07:27:00+00:00 [queued]>
[2025-07-02T07:29:27.190+0000] {taskinstance.py:2865} INFO - Starting attempt 1 of 1
[2025-07-02T07:29:27.371+0000] {taskinstance.py:2888} INFO - Executing <Task(BashOperator): run_dbt_trusted> on 2025-07-02 07:27:00+00:00
[2025-07-02T07:29:27.382+0000] {warnings.py:112} WARNING - /home/***/.local/lib/python3.12/site-packages/***/task/task_runner/standard_task_runner.py:70: DeprecationWarning: This process (pid=4988) is multi-threaded, use of fork() may lead to deadlocks in the child.
  pid = os.fork()

[2025-07-02T07:29:27.383+0000] {standard_task_runner.py:72} INFO - Started process 5001 to run task
[2025-07-02T07:29:27.384+0000] {standard_task_runner.py:104} INFO - Running: ['***', 'tasks', 'run', 'extract_raw_data_pipeline', 'run_dbt_trusted', 'scheduled__2025-07-02T07:27:00+00:00', '--job-id', '187', '--raw', '--subdir', 'DAGS_FOLDER/driven_data_pipeline.py', '--cfg-path', '/tmp/tmp6bnjeosg']
[2025-07-02T07:29:27.387+0000] {standard_task_runner.py:105} INFO - Job 187: Subtask run_dbt_trusted
[2025-07-02T07:29:27.579+0000] {task_command.py:467} INFO - Running <TaskInstance: extract_raw_data_pipeline.run_dbt_trusted scheduled__2025-07-02T07:27:00+00:00 [running]> on host 48b6d860598d
[2025-07-02T07:29:28.012+0000] {taskinstance.py:3131} INFO - Exporting env vars: AIRFLOW_CTX_DAG_OWNER='***' AIRFLOW_CTX_DAG_ID='extract_raw_data_pipeline' AIRFLOW_CTX_TASK_ID='run_dbt_trusted' AIRFLOW_CTX_EXECUTION_DATE='2025-07-02T07:27:00+00:00' AIRFLOW_CTX_TRY_NUMBER='1' AIRFLOW_CTX_DAG_RUN_ID='scheduled__2025-07-02T07:27:00+00:00'
[2025-07-02T07:29:28.013+0000] {taskinstance.py:731} INFO - ::endgroup::
[2025-07-02T07:29:28.045+0000] {subprocess.py:63} INFO - Tmp dir root location: /tmp
[2025-07-02T07:29:28.046+0000] {subprocess.py:75} INFO - Running command: ['/usr/bin/bash', '-c', 'set -x; cd /opt/***/dbt && dbt run --select tag:trusted']
[2025-07-02T07:29:28.066+0000] {subprocess.py:86} INFO - Output:
[2025-07-02T07:29:28.070+0000] {subprocess.py:93} INFO - + cd /opt/***/dbt
[2025-07-02T07:29:28.071+0000] {subprocess.py:93} INFO - + dbt run --select tag:trusted
[2025-07-02T07:29:32.095+0000] {subprocess.py:93} INFO - [0m07:29:32  Running with dbt=1.8.0
[2025-07-02T07:29:32.514+0000] {subprocess.py:93} INFO - [0m07:29:32  Registered adapter: postgres=1.8.2
[2025-07-02T07:29:33.514+0000] {subprocess.py:93} INFO - [0m07:29:33  Found 9 models, 10 sources, 428 macros
[2025-07-02T07:29:33.519+0000] {subprocess.py:93} INFO - [0m07:29:33
[2025-07-02T07:29:33.686+0000] {subprocess.py:93} INFO - [0m07:29:33  Concurrency: 1 threads (target='dev')
[2025-07-02T07:29:33.687+0000] {subprocess.py:93} INFO - [0m07:29:33
[2025-07-02T07:29:33.698+0000] {subprocess.py:93} INFO - [0m07:29:33  1 of 4 START sql table model driven_trusted.non_pii_data ....................... [RUN]
[2025-07-02T07:30:01.579+0000] {subprocess.py:93} INFO - [0m07:30:01  1 of 4 OK created sql table model driven_trusted.non_pii_data .................. [[32mSELECT 520274[0m in 27.88s]
[2025-07-02T07:30:01.583+0000] {subprocess.py:93} INFO - [0m07:30:01  2 of 4 START sql table model driven_trusted.payment_data ....................... [RUN]
[2025-07-02T07:30:13.555+0000] {subprocess.py:93} INFO - [0m07:30:13  2 of 4 OK created sql table model driven_trusted.payment_data .................. [[32mSELECT 217538[0m in 11.97s]
[2025-07-02T07:30:13.566+0000] {subprocess.py:93} INFO - [0m07:30:13  3 of 4 START sql table model driven_trusted.pii_data ........................... [RUN]
[2025-07-02T07:30:39.490+0000] {job.py:229} INFO - Heartbeat recovered after 10.69 seconds
[2025-07-02T07:30:45.683+0000] {job.py:229} INFO - Heartbeat recovered after 11.05 seconds
[2025-07-02T07:30:51.723+0000] {subprocess.py:93} INFO - [0m07:30:51  3 of 4 OK created sql table model driven_trusted.pii_data ...................... [[32mSELECT 520274[0m in 38.15s]
[2025-07-02T07:30:51.733+0000] {subprocess.py:93} INFO - [0m07:30:51  4 of 4 START sql table model driven_trusted.technical_data ..................... [RUN]
[2025-07-02T07:31:05.765+0000] {subprocess.py:93} INFO - [0m07:31:05  4 of 4 OK created sql table model driven_trusted.technical_data ................ [[32mSELECT 217538[0m in 14.03s]
[2025-07-02T07:31:05.788+0000] {subprocess.py:93} INFO - [0m07:31:05
[2025-07-02T07:31:05.788+0000] {subprocess.py:93} INFO - [0m07:31:05  Finished running 4 table models in 0 hours 1 minutes and 32.27 seconds (92.27s).
[2025-07-02T07:31:05.837+0000] {subprocess.py:93} INFO - [0m07:31:05
[2025-07-02T07:31:05.838+0000] {subprocess.py:93} INFO - [0m07:31:05  [32mCompleted successfully[0m
[2025-07-02T07:31:05.839+0000] {subprocess.py:93} INFO - [0m07:31:05
[2025-07-02T07:31:05.840+0000] {subprocess.py:93} INFO - [0m07:31:05  Done. PASS=4 WARN=0 ERROR=0 SKIP=0 TOTAL=4
[2025-07-02T07:31:06.738+0000] {subprocess.py:97} INFO - Command exited with return code 0
[2025-07-02T07:31:07.997+0000] {taskinstance.py:340} INFO - ::group::Post task execution logs
[2025-07-02T07:31:07.998+0000] {taskinstance.py:352} INFO - Marking task as SUCCESS. dag_id=extract_raw_data_pipeline, task_id=run_dbt_trusted, run_id=scheduled__2025-07-02T07:27:00+00:00, execution_date=20250702T072700, start_date=20250702T072927, end_date=20250702T073107
[2025-07-02T07:31:08.600+0000] {local_task_job_runner.py:266} INFO - Task exited with return code 0
[2025-07-02T07:31:08.826+0000] {taskinstance.py:3900} INFO - 0 downstream tasks scheduled from follow-on schedule check
[2025-07-02T07:31:10.791+0000] {local_task_job_runner.py:245} INFO - ::endgroup::
