[2025-07-02T03:04:12.287+0000] {local_task_job_runner.py:123} INFO - ::group::Pre task execution logs
[2025-07-02T03:04:12.303+0000] {taskinstance.py:2612} INFO - Dependencies all met for dep_context=non-requeueable deps ti=<TaskInstance: extract_raw_data_pipeline.run_dbt_staging manual__2025-07-02T03:04:03.145899+00:00 [queued]>
[2025-07-02T03:04:12.311+0000] {taskinstance.py:2612} INFO - Dependencies all met for dep_context=requeueable deps ti=<TaskInstance: extract_raw_data_pipeline.run_dbt_staging manual__2025-07-02T03:04:03.145899+00:00 [queued]>
[2025-07-02T03:04:12.312+0000] {taskinstance.py:2865} INFO - Starting attempt 1 of 1
[2025-07-02T03:04:12.347+0000] {taskinstance.py:2888} INFO - Executing <Task(BashOperator): run_dbt_staging> on 2025-07-02 03:04:03.145899+00:00
[2025-07-02T03:04:12.354+0000] {warnings.py:112} WARNING - /home/***/.local/lib/python3.12/site-packages/***/task/task_runner/standard_task_runner.py:70: DeprecationWarning: This process (pid=442) is multi-threaded, use of fork() may lead to deadlocks in the child.
  pid = os.fork()

[2025-07-02T03:04:12.355+0000] {standard_task_runner.py:72} INFO - Started process 444 to run task
[2025-07-02T03:04:12.356+0000] {standard_task_runner.py:104} INFO - Running: ['***', 'tasks', 'run', 'extract_raw_data_pipeline', 'run_dbt_staging', 'manual__2025-07-02T03:04:03.145899+00:00', '--job-id', '33', '--raw', '--subdir', 'DAGS_FOLDER/driven_data_pipeline.py', '--cfg-path', '/tmp/tmpawqz1cnx']
[2025-07-02T03:04:12.357+0000] {standard_task_runner.py:105} INFO - Job 33: Subtask run_dbt_staging
[2025-07-02T03:04:12.443+0000] {task_command.py:467} INFO - Running <TaskInstance: extract_raw_data_pipeline.run_dbt_staging manual__2025-07-02T03:04:03.145899+00:00 [running]> on host 48b6d860598d
[2025-07-02T03:04:12.574+0000] {taskinstance.py:3131} INFO - Exporting env vars: AIRFLOW_CTX_DAG_OWNER='***' AIRFLOW_CTX_DAG_ID='extract_raw_data_pipeline' AIRFLOW_CTX_TASK_ID='run_dbt_staging' AIRFLOW_CTX_EXECUTION_DATE='2025-07-02T03:04:03.145899+00:00' AIRFLOW_CTX_TRY_NUMBER='1' AIRFLOW_CTX_DAG_RUN_ID='manual__2025-07-02T03:04:03.145899+00:00'
[2025-07-02T03:04:12.576+0000] {taskinstance.py:731} INFO - ::endgroup::
[2025-07-02T03:04:12.598+0000] {subprocess.py:63} INFO - Tmp dir root location: /tmp
[2025-07-02T03:04:12.598+0000] {subprocess.py:75} INFO - Running command: ['/usr/bin/bash', '-c', 'set -x; cd /opt/***/dbt && dbt run --select tag:staging']
[2025-07-02T03:04:12.611+0000] {subprocess.py:86} INFO - Output:
[2025-07-02T03:04:12.613+0000] {subprocess.py:93} INFO - + cd /opt/***/dbt
[2025-07-02T03:04:12.613+0000] {subprocess.py:93} INFO - + dbt run --select tag:staging
[2025-07-02T03:04:15.139+0000] {subprocess.py:93} INFO - [0m03:04:15  Running with dbt=1.8.0
[2025-07-02T03:04:15.446+0000] {subprocess.py:93} INFO - [0m03:04:15  Registered adapter: postgres=1.8.2
[2025-07-02T03:04:15.975+0000] {subprocess.py:93} INFO - [0m03:04:15  Found 9 models, 10 sources, 428 macros
[2025-07-02T03:04:15.978+0000] {subprocess.py:93} INFO - [0m03:04:15
[2025-07-02T03:04:16.119+0000] {subprocess.py:93} INFO - [0m03:04:16  Concurrency: 1 threads (target='dev')
[2025-07-02T03:04:16.120+0000] {subprocess.py:93} INFO - [0m03:04:16
[2025-07-02T03:04:16.132+0000] {subprocess.py:93} INFO - [0m03:04:16  1 of 5 START sql table model driven_staging.dim_address ........................ [RUN]
[2025-07-02T03:04:16.365+0000] {subprocess.py:93} INFO - [0m03:04:16  1 of 5 OK created sql table model driven_staging.dim_address ................... [[32mSELECT 5768[0m in 0.23s]
[2025-07-02T03:04:16.368+0000] {subprocess.py:93} INFO - [0m03:04:16  2 of 5 START sql table model driven_staging.dim_date ........................... [RUN]
[2025-07-02T03:04:16.487+0000] {subprocess.py:93} INFO - [0m03:04:16  2 of 5 OK created sql table model driven_staging.dim_date ...................... [[32mSELECT 5768[0m in 0.12s]
[2025-07-02T03:04:16.490+0000] {subprocess.py:93} INFO - [0m03:04:16  3 of 5 START sql table model driven_staging.dim_finance ........................ [RUN]
[2025-07-02T03:04:16.671+0000] {subprocess.py:93} INFO - [0m03:04:16  3 of 5 OK created sql table model driven_staging.dim_finance ................... [[32mSELECT 5768[0m in 0.18s]
[2025-07-02T03:04:16.674+0000] {subprocess.py:93} INFO - [0m03:04:16  4 of 5 START sql table model driven_staging.dim_person ......................... [RUN]
[2025-07-02T03:04:17.592+0000] {subprocess.py:93} INFO - [0m03:04:17  4 of 5 OK created sql table model driven_staging.dim_person .................... [[32mSELECT 5768[0m in 0.92s]
[2025-07-02T03:04:17.596+0000] {subprocess.py:93} INFO - [0m03:04:17  5 of 5 START sql table model driven_staging.fact_network_usage ................. [RUN]
[2025-07-02T03:04:17.792+0000] {subprocess.py:93} INFO - [0m03:04:17  5 of 5 OK created sql table model driven_staging.fact_network_usage ............ [[32mSELECT 5768[0m in 0.19s]
[2025-07-02T03:04:17.809+0000] {subprocess.py:93} INFO - [0m03:04:17
[2025-07-02T03:04:17.810+0000] {subprocess.py:93} INFO - [0m03:04:17  Finished running 5 table models in 0 hours 0 minutes and 1.83 seconds (1.83s).
[2025-07-02T03:04:17.864+0000] {subprocess.py:93} INFO - [0m03:04:17
[2025-07-02T03:04:17.865+0000] {subprocess.py:93} INFO - [0m03:04:17  [32mCompleted successfully[0m
[2025-07-02T03:04:17.866+0000] {subprocess.py:93} INFO - [0m03:04:17
[2025-07-02T03:04:17.866+0000] {subprocess.py:93} INFO - [0m03:04:17  Done. PASS=5 WARN=0 ERROR=0 SKIP=0 TOTAL=5
[2025-07-02T03:04:18.651+0000] {subprocess.py:97} INFO - Command exited with return code 0
[2025-07-02T03:04:18.721+0000] {taskinstance.py:340} INFO - ::group::Post task execution logs
[2025-07-02T03:04:18.721+0000] {taskinstance.py:352} INFO - Marking task as SUCCESS. dag_id=extract_raw_data_pipeline, task_id=run_dbt_staging, run_id=manual__2025-07-02T03:04:03.145899+00:00, execution_date=20250702T030403, start_date=20250702T030412, end_date=20250702T030418
[2025-07-02T03:04:18.784+0000] {local_task_job_runner.py:266} INFO - Task exited with return code 0
[2025-07-02T03:04:18.805+0000] {taskinstance.py:3900} INFO - 1 downstream tasks scheduled from follow-on schedule check
[2025-07-02T03:04:18.835+0000] {local_task_job_runner.py:245} INFO - ::endgroup::
