[2025-07-02T07:14:16.046+0000] {local_task_job_runner.py:123} INFO - ::group::Pre task execution logs
[2025-07-02T07:14:16.063+0000] {taskinstance.py:2612} INFO - Dependencies all met for dep_context=non-requeueable deps ti=<TaskInstance: extract_raw_data_pipeline.run_dbt_staging scheduled__2025-07-02T07:13:00+00:00 [queued]>
[2025-07-02T07:14:16.073+0000] {taskinstance.py:2612} INFO - Dependencies all met for dep_context=requeueable deps ti=<TaskInstance: extract_raw_data_pipeline.run_dbt_staging scheduled__2025-07-02T07:13:00+00:00 [queued]>
[2025-07-02T07:14:16.073+0000] {taskinstance.py:2865} INFO - Starting attempt 1 of 1
[2025-07-02T07:14:16.154+0000] {taskinstance.py:2888} INFO - Executing <Task(BashOperator): run_dbt_staging> on 2025-07-02 07:13:00+00:00
[2025-07-02T07:14:16.161+0000] {warnings.py:112} WARNING - /home/***/.local/lib/python3.12/site-packages/***/task/task_runner/standard_task_runner.py:70: DeprecationWarning: This process (pid=4306) is multi-threaded, use of fork() may lead to deadlocks in the child.
  pid = os.fork()

[2025-07-02T07:14:16.163+0000] {standard_task_runner.py:72} INFO - Started process 4308 to run task
[2025-07-02T07:14:16.163+0000] {standard_task_runner.py:104} INFO - Running: ['***', 'tasks', 'run', 'extract_raw_data_pipeline', 'run_dbt_staging', 'scheduled__2025-07-02T07:13:00+00:00', '--job-id', '123', '--raw', '--subdir', 'DAGS_FOLDER/driven_data_pipeline.py', '--cfg-path', '/tmp/tmprtcud5gs']
[2025-07-02T07:14:16.164+0000] {standard_task_runner.py:105} INFO - Job 123: Subtask run_dbt_staging
[2025-07-02T07:14:16.256+0000] {task_command.py:467} INFO - Running <TaskInstance: extract_raw_data_pipeline.run_dbt_staging scheduled__2025-07-02T07:13:00+00:00 [running]> on host 48b6d860598d
[2025-07-02T07:14:16.500+0000] {taskinstance.py:3131} INFO - Exporting env vars: AIRFLOW_CTX_DAG_OWNER='***' AIRFLOW_CTX_DAG_ID='extract_raw_data_pipeline' AIRFLOW_CTX_TASK_ID='run_dbt_staging' AIRFLOW_CTX_EXECUTION_DATE='2025-07-02T07:13:00+00:00' AIRFLOW_CTX_TRY_NUMBER='1' AIRFLOW_CTX_DAG_RUN_ID='scheduled__2025-07-02T07:13:00+00:00'
[2025-07-02T07:14:16.501+0000] {taskinstance.py:731} INFO - ::endgroup::
[2025-07-02T07:14:16.519+0000] {subprocess.py:63} INFO - Tmp dir root location: /tmp
[2025-07-02T07:14:16.519+0000] {subprocess.py:75} INFO - Running command: ['/usr/bin/bash', '-c', 'set -x; cd /opt/***/dbt && dbt run --select tag:staging']
[2025-07-02T07:14:16.534+0000] {subprocess.py:86} INFO - Output:
[2025-07-02T07:14:16.536+0000] {subprocess.py:93} INFO - + cd /opt/***/dbt
[2025-07-02T07:14:16.537+0000] {subprocess.py:93} INFO - + dbt run --select tag:staging
[2025-07-02T07:14:19.188+0000] {subprocess.py:93} INFO - [0m07:14:19  Running with dbt=1.8.0
[2025-07-02T07:14:19.484+0000] {subprocess.py:93} INFO - [0m07:14:19  Registered adapter: postgres=1.8.2
[2025-07-02T07:14:20.023+0000] {subprocess.py:93} INFO - [0m07:14:20  Found 9 models, 10 sources, 428 macros
[2025-07-02T07:14:20.026+0000] {subprocess.py:93} INFO - [0m07:14:20
[2025-07-02T07:14:20.163+0000] {subprocess.py:93} INFO - [0m07:14:20  Concurrency: 1 threads (target='dev')
[2025-07-02T07:14:20.164+0000] {subprocess.py:93} INFO - [0m07:14:20
[2025-07-02T07:14:20.175+0000] {subprocess.py:93} INFO - [0m07:14:20  1 of 5 START sql table model driven_staging.dim_address ........................ [RUN]
[2025-07-02T07:14:23.042+0000] {subprocess.py:93} INFO - [0m07:14:23  1 of 5 OK created sql table model driven_staging.dim_address ................... [[32mSELECT 83794[0m in 2.86s]
[2025-07-02T07:14:23.045+0000] {subprocess.py:93} INFO - [0m07:14:23  2 of 5 START sql table model driven_staging.dim_date ........................... [RUN]
[2025-07-02T07:14:24.818+0000] {subprocess.py:93} INFO - [0m07:14:24  2 of 5 OK created sql table model driven_staging.dim_date ...................... [[32mSELECT 83794[0m in 1.76s]
[2025-07-02T07:14:24.825+0000] {subprocess.py:93} INFO - [0m07:14:24  3 of 5 START sql table model driven_staging.dim_finance ........................ [RUN]
[2025-07-02T07:14:27.710+0000] {subprocess.py:93} INFO - [0m07:14:27  3 of 5 OK created sql table model driven_staging.dim_finance ................... [[32mSELECT 83794[0m in 2.88s]
[2025-07-02T07:14:27.715+0000] {subprocess.py:93} INFO - [0m07:14:27  4 of 5 START sql table model driven_staging.dim_person ......................... [RUN]
[2025-07-02T07:14:28.877+0000] {subprocess.py:93} INFO - [0m07:14:28  4 of 5 OK created sql table model driven_staging.dim_person .................... [[32mSELECT 83794[0m in 1.15s]
[2025-07-02T07:14:28.884+0000] {subprocess.py:93} INFO - [0m07:14:28  5 of 5 START sql table model driven_staging.fact_network_usage ................. [RUN]
[2025-07-02T07:14:29.471+0000] {subprocess.py:93} INFO - [0m07:14:29  5 of 5 OK created sql table model driven_staging.fact_network_usage ............ [[32mSELECT 83794[0m in 0.58s]
[2025-07-02T07:14:29.504+0000] {subprocess.py:93} INFO - [0m07:14:29
[2025-07-02T07:14:29.505+0000] {subprocess.py:93} INFO - [0m07:14:29  Finished running 5 table models in 0 hours 0 minutes and 9.48 seconds (9.48s).
[2025-07-02T07:14:29.572+0000] {subprocess.py:93} INFO - [0m07:14:29
[2025-07-02T07:14:29.573+0000] {subprocess.py:93} INFO - [0m07:14:29  [32mCompleted successfully[0m
[2025-07-02T07:14:29.574+0000] {subprocess.py:93} INFO - [0m07:14:29
[2025-07-02T07:14:29.575+0000] {subprocess.py:93} INFO - [0m07:14:29  Done. PASS=5 WARN=0 ERROR=0 SKIP=0 TOTAL=5
[2025-07-02T07:14:30.407+0000] {subprocess.py:97} INFO - Command exited with return code 0
[2025-07-02T07:14:31.136+0000] {taskinstance.py:340} INFO - ::group::Post task execution logs
[2025-07-02T07:14:31.136+0000] {taskinstance.py:352} INFO - Marking task as SUCCESS. dag_id=extract_raw_data_pipeline, task_id=run_dbt_staging, run_id=scheduled__2025-07-02T07:13:00+00:00, execution_date=20250702T071300, start_date=20250702T071416, end_date=20250702T071431
[2025-07-02T07:14:31.191+0000] {local_task_job_runner.py:266} INFO - Task exited with return code 0
[2025-07-02T07:14:31.212+0000] {taskinstance.py:3900} INFO - 1 downstream tasks scheduled from follow-on schedule check
[2025-07-02T07:14:31.227+0000] {local_task_job_runner.py:245} INFO - ::endgroup::
