[2025-07-02T07:41:04.623+0000] {local_task_job_runner.py:123} INFO - ::group::Pre task execution logs
[2025-07-02T07:41:04.652+0000] {taskinstance.py:2612} INFO - Dependencies all met for dep_context=non-requeueable deps ti=<TaskInstance: extract_raw_data_pipeline.run_dbt_staging scheduled__2025-07-02T07:38:00+00:00 [queued]>
[2025-07-02T07:41:04.669+0000] {taskinstance.py:2612} INFO - Dependencies all met for dep_context=requeueable deps ti=<TaskInstance: extract_raw_data_pipeline.run_dbt_staging scheduled__2025-07-02T07:38:00+00:00 [queued]>
[2025-07-02T07:41:04.670+0000] {taskinstance.py:2865} INFO - Starting attempt 1 of 1
[2025-07-02T07:41:05.199+0000] {taskinstance.py:2888} INFO - Executing <Task(BashOperator): run_dbt_staging> on 2025-07-02 07:38:00+00:00
[2025-07-02T07:41:05.208+0000] {warnings.py:112} WARNING - /home/***/.local/lib/python3.12/site-packages/***/task/task_runner/standard_task_runner.py:70: DeprecationWarning: This process (pid=5430) is multi-threaded, use of fork() may lead to deadlocks in the child.
  pid = os.fork()

[2025-07-02T07:41:05.210+0000] {standard_task_runner.py:72} INFO - Started process 5444 to run task
[2025-07-02T07:41:05.216+0000] {standard_task_runner.py:104} INFO - Running: ['***', 'tasks', 'run', 'extract_raw_data_pipeline', 'run_dbt_staging', 'scheduled__2025-07-02T07:38:00+00:00', '--job-id', '225', '--raw', '--subdir', 'DAGS_FOLDER/driven_data_pipeline.py', '--cfg-path', '/tmp/tmplneu81g1']
[2025-07-02T07:41:05.217+0000] {standard_task_runner.py:105} INFO - Job 225: Subtask run_dbt_staging
[2025-07-02T07:41:05.779+0000] {task_command.py:467} INFO - Running <TaskInstance: extract_raw_data_pipeline.run_dbt_staging scheduled__2025-07-02T07:38:00+00:00 [running]> on host 48b6d860598d
[2025-07-02T07:41:06.286+0000] {taskinstance.py:3131} INFO - Exporting env vars: AIRFLOW_CTX_DAG_OWNER='***' AIRFLOW_CTX_DAG_ID='extract_raw_data_pipeline' AIRFLOW_CTX_TASK_ID='run_dbt_staging' AIRFLOW_CTX_EXECUTION_DATE='2025-07-02T07:38:00+00:00' AIRFLOW_CTX_TRY_NUMBER='1' AIRFLOW_CTX_DAG_RUN_ID='scheduled__2025-07-02T07:38:00+00:00'
[2025-07-02T07:41:06.287+0000] {taskinstance.py:731} INFO - ::endgroup::
[2025-07-02T07:41:06.319+0000] {subprocess.py:63} INFO - Tmp dir root location: /tmp
[2025-07-02T07:41:06.321+0000] {subprocess.py:75} INFO - Running command: ['/usr/bin/bash', '-c', 'set -x; cd /opt/***/dbt && dbt run --select tag:staging']
[2025-07-02T07:41:06.349+0000] {subprocess.py:86} INFO - Output:
[2025-07-02T07:41:06.350+0000] {subprocess.py:93} INFO - + cd /opt/***/dbt
[2025-07-02T07:41:06.350+0000] {subprocess.py:93} INFO - + dbt run --select tag:staging
[2025-07-02T07:41:09.802+0000] {subprocess.py:93} INFO - [0m07:41:09  Running with dbt=1.8.0
[2025-07-02T07:41:10.116+0000] {subprocess.py:93} INFO - [0m07:41:10  Registered adapter: postgres=1.8.2
[2025-07-02T07:41:11.115+0000] {subprocess.py:93} INFO - [0m07:41:11  Found 9 models, 10 sources, 428 macros
[2025-07-02T07:41:11.132+0000] {subprocess.py:93} INFO - [0m07:41:11
[2025-07-02T07:41:11.297+0000] {subprocess.py:93} INFO - [0m07:41:11  Concurrency: 1 threads (target='dev')
[2025-07-02T07:41:11.298+0000] {subprocess.py:93} INFO - [0m07:41:11
[2025-07-02T07:41:11.311+0000] {subprocess.py:93} INFO - [0m07:41:11  1 of 5 START sql table model driven_staging.dim_address ........................ [RUN]
[2025-07-02T07:41:28.099+0000] {job.py:229} INFO - Heartbeat recovered after 10.82 seconds
[2025-07-02T07:42:04.227+0000] {subprocess.py:93} INFO - [0m07:42:04  1 of 5 OK created sql table model driven_staging.dim_address ................... [[32mSELECT 313386[0m in 52.90s]
[2025-07-02T07:42:04.233+0000] {subprocess.py:93} INFO - [0m07:42:04  2 of 5 START sql table model driven_staging.dim_date ........................... [RUN]
[2025-07-02T07:42:28.977+0000] {job.py:229} INFO - Heartbeat recovered after 11.85 seconds
[2025-07-02T07:42:38.074+0000] {job.py:229} INFO - Heartbeat recovered after 13.07 seconds
[2025-07-02T07:43:25.164+0000] {subprocess.py:93} INFO - [0m07:43:25  2 of 5 OK created sql table model driven_staging.dim_date ...................... [[32mSELECT 334664[0m in 80.91s]
[2025-07-02T07:43:25.179+0000] {subprocess.py:93} INFO - [0m07:43:25  3 of 5 START sql table model driven_staging.dim_finance ........................ [RUN]
[2025-07-02T07:43:44.354+0000] {subprocess.py:93} INFO - [0m07:43:44  3 of 5 OK created sql table model driven_staging.dim_finance ................... [[32mSELECT 334664[0m in 19.17s]
[2025-07-02T07:43:44.361+0000] {subprocess.py:93} INFO - [0m07:43:44  4 of 5 START sql table model driven_staging.dim_person ......................... [RUN]
[2025-07-02T07:44:13.950+0000] {subprocess.py:93} INFO - [0m07:44:13  4 of 5 OK created sql table model driven_staging.dim_person .................... [[32mSELECT 334664[0m in 29.58s]
[2025-07-02T07:44:13.953+0000] {subprocess.py:93} INFO - [0m07:44:13  5 of 5 START sql table model driven_staging.fact_network_usage ................. [RUN]
[2025-07-02T07:44:27.328+0000] {subprocess.py:93} INFO - [0m07:44:27  5 of 5 OK created sql table model driven_staging.fact_network_usage ............ [[32mSELECT 334664[0m in 13.37s]
[2025-07-02T07:44:27.345+0000] {subprocess.py:93} INFO - [0m07:44:27
[2025-07-02T07:44:27.346+0000] {subprocess.py:93} INFO - [0m07:44:27  Finished running 5 table models in 0 hours 3 minutes and 16.21 seconds (196.21s).
[2025-07-02T07:44:27.429+0000] {subprocess.py:93} INFO - [0m07:44:27
[2025-07-02T07:44:27.430+0000] {subprocess.py:93} INFO - [0m07:44:27  [32mCompleted successfully[0m
[2025-07-02T07:44:27.431+0000] {subprocess.py:93} INFO - [0m07:44:27
[2025-07-02T07:44:27.432+0000] {subprocess.py:93} INFO - [0m07:44:27  Done. PASS=5 WARN=0 ERROR=0 SKIP=0 TOTAL=5
[2025-07-02T07:44:28.121+0000] {subprocess.py:97} INFO - Command exited with return code 0
[2025-07-02T07:44:29.472+0000] {taskinstance.py:340} INFO - ::group::Post task execution logs
[2025-07-02T07:44:29.473+0000] {taskinstance.py:352} INFO - Marking task as SUCCESS. dag_id=extract_raw_data_pipeline, task_id=run_dbt_staging, run_id=scheduled__2025-07-02T07:38:00+00:00, execution_date=20250702T073800, start_date=20250702T074104, end_date=20250702T074429
[2025-07-02T07:44:29.933+0000] {local_task_job_runner.py:266} INFO - Task exited with return code 0
[2025-07-02T07:44:29.969+0000] {taskinstance.py:3900} INFO - 1 downstream tasks scheduled from follow-on schedule check
[2025-07-02T07:44:30.154+0000] {local_task_job_runner.py:245} INFO - ::endgroup::
[2025-07-02T07:44:30.249+0000] {standard_task_runner.py:217} INFO - Process not found (most likely exited), stop collecting metrics
