[2025-07-02T07:36:23.370+0000] {local_task_job_runner.py:123} INFO - ::group::Pre task execution logs
[2025-07-02T07:36:23.799+0000] {taskinstance.py:2612} INFO - Dependencies all met for dep_context=non-requeueable deps ti=<TaskInstance: extract_raw_data_pipeline.extract_raw_data scheduled__2025-07-02T07:35:00+00:00 [queued]>
[2025-07-02T07:36:23.814+0000] {taskinstance.py:2612} INFO - Dependencies all met for dep_context=requeueable deps ti=<TaskInstance: extract_raw_data_pipeline.extract_raw_data scheduled__2025-07-02T07:35:00+00:00 [queued]>
[2025-07-02T07:36:23.815+0000] {taskinstance.py:2865} INFO - Starting attempt 1 of 1
[2025-07-02T07:36:24.467+0000] {taskinstance.py:2888} INFO - Executing <Task(PythonOperator): extract_raw_data> on 2025-07-02 07:35:00+00:00
[2025-07-02T07:36:24.518+0000] {warnings.py:112} WARNING - /home/***/.local/lib/python3.12/site-packages/***/task/task_runner/standard_task_runner.py:70: DeprecationWarning: This process (pid=5241) is multi-threaded, use of fork() may lead to deadlocks in the child.
  pid = os.fork()

[2025-07-02T07:36:24.528+0000] {standard_task_runner.py:72} INFO - Started process 5245 to run task
[2025-07-02T07:36:24.531+0000] {standard_task_runner.py:104} INFO - Running: ['***', 'tasks', 'run', 'extract_raw_data_pipeline', 'extract_raw_data', 'scheduled__2025-07-02T07:35:00+00:00', '--job-id', '205', '--raw', '--subdir', 'DAGS_FOLDER/driven_data_pipeline.py', '--cfg-path', '/tmp/tmpfitpm__x']
[2025-07-02T07:36:24.537+0000] {standard_task_runner.py:105} INFO - Job 205: Subtask extract_raw_data
[2025-07-02T07:36:24.784+0000] {task_command.py:467} INFO - Running <TaskInstance: extract_raw_data_pipeline.extract_raw_data scheduled__2025-07-02T07:35:00+00:00 [running]> on host 48b6d860598d
[2025-07-02T07:36:25.629+0000] {taskinstance.py:3131} INFO - Exporting env vars: AIRFLOW_CTX_DAG_OWNER='***' AIRFLOW_CTX_DAG_ID='extract_raw_data_pipeline' AIRFLOW_CTX_TASK_ID='extract_raw_data' AIRFLOW_CTX_EXECUTION_DATE='2025-07-02T07:35:00+00:00' AIRFLOW_CTX_TRY_NUMBER='1' AIRFLOW_CTX_DAG_RUN_ID='scheduled__2025-07-02T07:35:00+00:00'
[2025-07-02T07:36:25.635+0000] {taskinstance.py:731} INFO - ::endgroup::
[2025-07-02T07:36:25.738+0000] {driven_data_pipeline.py:153} INFO - Started batch processing for 2025-07-02.
[2025-07-02T07:36:25.739+0000] {driven_data_pipeline.py:35} INFO - Created synthetic data for MX country code.
[2025-07-02T07:36:26.032+0000] {driven_data_pipeline.py:108} INFO - Written 520 records to the CSV file.
[2025-07-02T07:36:26.651+0000] {driven_data_pipeline.py:125} INFO - Added UUID to the dataset.
[2025-07-02T07:36:27.032+0000] {driven_data_pipeline.py:145} INFO - Updated accessed timestamp.
[2025-07-02T07:36:27.035+0000] {driven_data_pipeline.py:161} INFO - Finished batch processing 2025-07-02.
[2025-07-02T07:36:27.036+0000] {python.py:240} INFO - Done. Returned value was: None
[2025-07-02T07:36:28.060+0000] {taskinstance.py:340} INFO - ::group::Post task execution logs
[2025-07-02T07:36:28.062+0000] {taskinstance.py:352} INFO - Marking task as SUCCESS. dag_id=extract_raw_data_pipeline, task_id=extract_raw_data, run_id=scheduled__2025-07-02T07:35:00+00:00, execution_date=20250702T073500, start_date=20250702T073623, end_date=20250702T073628
[2025-07-02T07:36:28.500+0000] {local_task_job_runner.py:266} INFO - Task exited with return code 0
[2025-07-02T07:36:28.611+0000] {local_task_job_runner.py:245} INFO - ::endgroup::
