[2025-07-02T03:03:43.112+0000] {local_task_job_runner.py:123} INFO - ::group::Pre task execution logs
[2025-07-02T03:03:43.133+0000] {taskinstance.py:2612} INFO - Dependencies all met for dep_context=non-requeueable deps ti=<TaskInstance: extract_raw_data_pipeline.run_dbt_trusted manual__2025-07-02T03:03:17.924774+00:00 [queued]>
[2025-07-02T03:03:43.143+0000] {taskinstance.py:2612} INFO - Dependencies all met for dep_context=requeueable deps ti=<TaskInstance: extract_raw_data_pipeline.run_dbt_trusted manual__2025-07-02T03:03:17.924774+00:00 [queued]>
[2025-07-02T03:03:43.144+0000] {taskinstance.py:2865} INFO - Starting attempt 1 of 1
[2025-07-02T03:03:43.190+0000] {taskinstance.py:2888} INFO - Executing <Task(BashOperator): run_dbt_trusted> on 2025-07-02 03:03:17.924774+00:00
[2025-07-02T03:03:43.198+0000] {warnings.py:112} WARNING - /home/***/.local/lib/python3.12/site-packages/***/task/task_runner/standard_task_runner.py:70: DeprecationWarning: This process (pid=408) is multi-threaded, use of fork() may lead to deadlocks in the child.
  pid = os.fork()

[2025-07-02T03:03:43.200+0000] {standard_task_runner.py:72} INFO - Started process 410 to run task
[2025-07-02T03:03:43.201+0000] {standard_task_runner.py:104} INFO - Running: ['***', 'tasks', 'run', 'extract_raw_data_pipeline', 'run_dbt_trusted', 'manual__2025-07-02T03:03:17.924774+00:00', '--job-id', '28', '--raw', '--subdir', 'DAGS_FOLDER/driven_data_pipeline.py', '--cfg-path', '/tmp/tmp9trsv1q7']
[2025-07-02T03:03:43.202+0000] {standard_task_runner.py:105} INFO - Job 28: Subtask run_dbt_trusted
[2025-07-02T03:03:43.285+0000] {task_command.py:467} INFO - Running <TaskInstance: extract_raw_data_pipeline.run_dbt_trusted manual__2025-07-02T03:03:17.924774+00:00 [running]> on host 48b6d860598d
[2025-07-02T03:03:43.692+0000] {taskinstance.py:3131} INFO - Exporting env vars: AIRFLOW_CTX_DAG_OWNER='***' AIRFLOW_CTX_DAG_ID='extract_raw_data_pipeline' AIRFLOW_CTX_TASK_ID='run_dbt_trusted' AIRFLOW_CTX_EXECUTION_DATE='2025-07-02T03:03:17.924774+00:00' AIRFLOW_CTX_TRY_NUMBER='1' AIRFLOW_CTX_DAG_RUN_ID='manual__2025-07-02T03:03:17.924774+00:00'
[2025-07-02T03:03:43.693+0000] {taskinstance.py:731} INFO - ::endgroup::
[2025-07-02T03:03:43.714+0000] {subprocess.py:63} INFO - Tmp dir root location: /tmp
[2025-07-02T03:03:43.715+0000] {subprocess.py:75} INFO - Running command: ['/usr/bin/bash', '-c', 'set -x; cd /opt/***/dbt && dbt run --select tag:trusted']
[2025-07-02T03:03:43.729+0000] {subprocess.py:86} INFO - Output:
[2025-07-02T03:03:43.731+0000] {subprocess.py:93} INFO - + cd /opt/***/dbt
[2025-07-02T03:03:43.732+0000] {subprocess.py:93} INFO - + dbt run --select tag:trusted
[2025-07-02T03:03:46.337+0000] {subprocess.py:93} INFO - [0m03:03:46  Running with dbt=1.8.0
[2025-07-02T03:03:46.635+0000] {subprocess.py:93} INFO - [0m03:03:46  Registered adapter: postgres=1.8.2
[2025-07-02T03:03:47.077+0000] {subprocess.py:93} INFO - [0m03:03:47  Found 9 models, 10 sources, 428 macros
[2025-07-02T03:03:47.081+0000] {subprocess.py:93} INFO - [0m03:03:47
[2025-07-02T03:03:47.227+0000] {subprocess.py:93} INFO - [0m03:03:47  Concurrency: 1 threads (target='dev')
[2025-07-02T03:03:47.228+0000] {subprocess.py:93} INFO - [0m03:03:47
[2025-07-02T03:03:47.244+0000] {subprocess.py:93} INFO - [0m03:03:47  1 of 4 START sql table model driven_trusted.non_pii_data ....................... [RUN]
[2025-07-02T03:03:47.568+0000] {subprocess.py:93} INFO - [0m03:03:47  1 of 4 OK created sql table model driven_trusted.non_pii_data .................. [[32mSELECT 3725[0m in 0.32s]
[2025-07-02T03:03:47.572+0000] {subprocess.py:93} INFO - [0m03:03:47  2 of 4 START sql table model driven_trusted.payment_data ....................... [RUN]
[2025-07-02T03:03:47.711+0000] {subprocess.py:93} INFO - [0m03:03:47  2 of 4 OK created sql table model driven_trusted.payment_data .................. [[32mSELECT 3725[0m in 0.14s]
[2025-07-02T03:03:47.714+0000] {subprocess.py:93} INFO - [0m03:03:47  3 of 4 START sql table model driven_trusted.pii_data ........................... [RUN]
[2025-07-02T03:03:47.919+0000] {subprocess.py:93} INFO - [0m03:03:47  3 of 4 OK created sql table model driven_trusted.pii_data ...................... [[32mSELECT 3725[0m in 0.20s]
[2025-07-02T03:03:47.922+0000] {subprocess.py:93} INFO - [0m03:03:47  4 of 4 START sql table model driven_trusted.technical_data ..................... [RUN]
[2025-07-02T03:03:48.087+0000] {subprocess.py:93} INFO - [0m03:03:48  4 of 4 OK created sql table model driven_trusted.technical_data ................ [[32mSELECT 3725[0m in 0.16s]
[2025-07-02T03:03:48.104+0000] {subprocess.py:93} INFO - [0m03:03:48
[2025-07-02T03:03:48.105+0000] {subprocess.py:93} INFO - [0m03:03:48  Finished running 4 table models in 0 hours 0 minutes and 1.02 seconds (1.02s).
[2025-07-02T03:03:48.147+0000] {subprocess.py:93} INFO - [0m03:03:48
[2025-07-02T03:03:48.148+0000] {subprocess.py:93} INFO - [0m03:03:48  [32mCompleted successfully[0m
[2025-07-02T03:03:48.148+0000] {subprocess.py:93} INFO - [0m03:03:48
[2025-07-02T03:03:48.150+0000] {subprocess.py:93} INFO - [0m03:03:48  Done. PASS=4 WARN=0 ERROR=0 SKIP=0 TOTAL=4
[2025-07-02T03:03:48.815+0000] {subprocess.py:97} INFO - Command exited with return code 0
[2025-07-02T03:03:48.880+0000] {taskinstance.py:340} INFO - ::group::Post task execution logs
[2025-07-02T03:03:48.880+0000] {taskinstance.py:352} INFO - Marking task as SUCCESS. dag_id=extract_raw_data_pipeline, task_id=run_dbt_trusted, run_id=manual__2025-07-02T03:03:17.924774+00:00, execution_date=20250702T030317, start_date=20250702T030343, end_date=20250702T030348
[2025-07-02T03:03:48.968+0000] {local_task_job_runner.py:266} INFO - Task exited with return code 0
[2025-07-02T03:03:48.982+0000] {taskinstance.py:3900} INFO - 0 downstream tasks scheduled from follow-on schedule check
[2025-07-02T03:03:49.007+0000] {local_task_job_runner.py:245} INFO - ::endgroup::
