[2025-07-02T07:09:10.998+0000] {local_task_job_runner.py:123} INFO - ::group::Pre task execution logs
[2025-07-02T07:09:11.050+0000] {taskinstance.py:2612} INFO - Dependencies all met for dep_context=non-requeueable deps ti=<TaskInstance: extract_raw_data_pipeline.run_dbt_staging scheduled__2025-07-02T07:08:00+00:00 [queued]>
[2025-07-02T07:09:11.071+0000] {taskinstance.py:2612} INFO - Dependencies all met for dep_context=requeueable deps ti=<TaskInstance: extract_raw_data_pipeline.run_dbt_staging scheduled__2025-07-02T07:08:00+00:00 [queued]>
[2025-07-02T07:09:11.072+0000] {taskinstance.py:2865} INFO - Starting attempt 1 of 1
[2025-07-02T07:09:11.134+0000] {taskinstance.py:2888} INFO - Executing <Task(BashOperator): run_dbt_staging> on 2025-07-02 07:08:00+00:00
[2025-07-02T07:09:11.147+0000] {warnings.py:112} WARNING - /home/***/.local/lib/python3.12/site-packages/***/task/task_runner/standard_task_runner.py:70: DeprecationWarning: This process (pid=4003) is multi-threaded, use of fork() may lead to deadlocks in the child.
  pid = os.fork()

[2025-07-02T07:09:11.149+0000] {standard_task_runner.py:72} INFO - Started process 4005 to run task
[2025-07-02T07:09:11.150+0000] {standard_task_runner.py:104} INFO - Running: ['***', 'tasks', 'run', 'extract_raw_data_pipeline', 'run_dbt_staging', 'scheduled__2025-07-02T07:08:00+00:00', '--job-id', '93', '--raw', '--subdir', 'DAGS_FOLDER/driven_data_pipeline.py', '--cfg-path', '/tmp/tmpthct0vgw']
[2025-07-02T07:09:11.153+0000] {standard_task_runner.py:105} INFO - Job 93: Subtask run_dbt_staging
[2025-07-02T07:09:11.308+0000] {task_command.py:467} INFO - Running <TaskInstance: extract_raw_data_pipeline.run_dbt_staging scheduled__2025-07-02T07:08:00+00:00 [running]> on host 48b6d860598d
[2025-07-02T07:09:12.189+0000] {taskinstance.py:3131} INFO - Exporting env vars: AIRFLOW_CTX_DAG_OWNER='***' AIRFLOW_CTX_DAG_ID='extract_raw_data_pipeline' AIRFLOW_CTX_TASK_ID='run_dbt_staging' AIRFLOW_CTX_EXECUTION_DATE='2025-07-02T07:08:00+00:00' AIRFLOW_CTX_TRY_NUMBER='1' AIRFLOW_CTX_DAG_RUN_ID='scheduled__2025-07-02T07:08:00+00:00'
[2025-07-02T07:09:12.193+0000] {taskinstance.py:731} INFO - ::endgroup::
[2025-07-02T07:09:12.228+0000] {subprocess.py:63} INFO - Tmp dir root location: /tmp
[2025-07-02T07:09:12.228+0000] {subprocess.py:75} INFO - Running command: ['/usr/bin/bash', '-c', 'set -x; cd /opt/***/dbt && dbt run --select tag:staging']
[2025-07-02T07:09:12.259+0000] {subprocess.py:86} INFO - Output:
[2025-07-02T07:09:12.261+0000] {subprocess.py:93} INFO - + cd /opt/***/dbt
[2025-07-02T07:09:12.261+0000] {subprocess.py:93} INFO - + dbt run --select tag:staging
[2025-07-02T07:09:14.823+0000] {subprocess.py:93} INFO - [0m07:09:14  Running with dbt=1.8.0
[2025-07-02T07:09:15.116+0000] {subprocess.py:93} INFO - [0m07:09:15  Registered adapter: postgres=1.8.2
[2025-07-02T07:09:15.557+0000] {subprocess.py:93} INFO - [0m07:09:15  Found 9 models, 10 sources, 428 macros
[2025-07-02T07:09:15.560+0000] {subprocess.py:93} INFO - [0m07:09:15
[2025-07-02T07:09:15.700+0000] {subprocess.py:93} INFO - [0m07:09:15  Concurrency: 1 threads (target='dev')
[2025-07-02T07:09:15.701+0000] {subprocess.py:93} INFO - [0m07:09:15
[2025-07-02T07:09:15.712+0000] {subprocess.py:93} INFO - [0m07:09:15  1 of 5 START sql table model driven_staging.dim_address ........................ [RUN]
[2025-07-02T07:09:17.090+0000] {subprocess.py:93} INFO - [0m07:09:17  1 of 5 OK created sql table model driven_staging.dim_address ................... [[32mSELECT 48299[0m in 1.37s]
[2025-07-02T07:09:17.092+0000] {subprocess.py:93} INFO - [0m07:09:17  2 of 5 START sql table model driven_staging.dim_date ........................... [RUN]
[2025-07-02T07:09:17.682+0000] {subprocess.py:93} INFO - [0m07:09:17  2 of 5 OK created sql table model driven_staging.dim_date ...................... [[32mSELECT 48299[0m in 0.58s]
[2025-07-02T07:09:17.687+0000] {subprocess.py:93} INFO - [0m07:09:17  3 of 5 START sql table model driven_staging.dim_finance ........................ [RUN]
[2025-07-02T07:09:17.920+0000] {subprocess.py:93} INFO - [0m07:09:17  3 of 5 OK created sql table model driven_staging.dim_finance ................... [[32mSELECT 48299[0m in 0.23s]
[2025-07-02T07:09:17.926+0000] {subprocess.py:93} INFO - [0m07:09:17  4 of 5 START sql table model driven_staging.dim_person ......................... [RUN]
[2025-07-02T07:09:20.164+0000] {subprocess.py:93} INFO - [0m07:09:20  4 of 5 OK created sql table model driven_staging.dim_person .................... [[32mSELECT 48299[0m in 2.23s]
[2025-07-02T07:09:20.185+0000] {subprocess.py:93} INFO - [0m07:09:20  5 of 5 START sql table model driven_staging.fact_network_usage ................. [RUN]
[2025-07-02T07:09:20.448+0000] {subprocess.py:93} INFO - [0m07:09:20  5 of 5 OK created sql table model driven_staging.fact_network_usage ............ [[32mSELECT 48299[0m in 0.25s]
[2025-07-02T07:09:20.497+0000] {subprocess.py:93} INFO - [0m07:09:20
[2025-07-02T07:09:20.499+0000] {subprocess.py:93} INFO - [0m07:09:20  Finished running 5 table models in 0 hours 0 minutes and 4.93 seconds (4.93s).
[2025-07-02T07:09:20.545+0000] {subprocess.py:93} INFO - [0m07:09:20
[2025-07-02T07:09:20.546+0000] {subprocess.py:93} INFO - [0m07:09:20  [32mCompleted successfully[0m
[2025-07-02T07:09:20.547+0000] {subprocess.py:93} INFO - [0m07:09:20
[2025-07-02T07:09:20.547+0000] {subprocess.py:93} INFO - [0m07:09:20  Done. PASS=5 WARN=0 ERROR=0 SKIP=0 TOTAL=5
[2025-07-02T07:09:21.300+0000] {subprocess.py:97} INFO - Command exited with return code 0
[2025-07-02T07:09:21.430+0000] {taskinstance.py:340} INFO - ::group::Post task execution logs
[2025-07-02T07:09:21.431+0000] {taskinstance.py:352} INFO - Marking task as SUCCESS. dag_id=extract_raw_data_pipeline, task_id=run_dbt_staging, run_id=scheduled__2025-07-02T07:08:00+00:00, execution_date=20250702T070800, start_date=20250702T070911, end_date=20250702T070921
[2025-07-02T07:09:21.517+0000] {local_task_job_runner.py:266} INFO - Task exited with return code 0
[2025-07-02T07:09:21.570+0000] {taskinstance.py:3900} INFO - 1 downstream tasks scheduled from follow-on schedule check
[2025-07-02T07:09:21.581+0000] {local_task_job_runner.py:245} INFO - ::endgroup::
