[2025-07-02T07:08:10.766+0000] {local_task_job_runner.py:123} INFO - ::group::Pre task execution logs
[2025-07-02T07:08:10.786+0000] {taskinstance.py:2612} INFO - Dependencies all met for dep_context=non-requeueable deps ti=<TaskInstance: extract_raw_data_pipeline.run_dbt_staging scheduled__2025-07-02T07:07:00+00:00 [queued]>
[2025-07-02T07:08:10.797+0000] {taskinstance.py:2612} INFO - Dependencies all met for dep_context=requeueable deps ti=<TaskInstance: extract_raw_data_pipeline.run_dbt_staging scheduled__2025-07-02T07:07:00+00:00 [queued]>
[2025-07-02T07:08:10.798+0000] {taskinstance.py:2865} INFO - Starting attempt 1 of 1
[2025-07-02T07:08:10.851+0000] {taskinstance.py:2888} INFO - Executing <Task(BashOperator): run_dbt_staging> on 2025-07-02 07:07:00+00:00
[2025-07-02T07:08:10.860+0000] {warnings.py:112} WARNING - /home/***/.local/lib/python3.12/site-packages/***/task/task_runner/standard_task_runner.py:70: DeprecationWarning: This process (pid=3941) is multi-threaded, use of fork() may lead to deadlocks in the child.
  pid = os.fork()

[2025-07-02T07:08:10.862+0000] {standard_task_runner.py:72} INFO - Started process 3943 to run task
[2025-07-02T07:08:10.864+0000] {standard_task_runner.py:104} INFO - Running: ['***', 'tasks', 'run', 'extract_raw_data_pipeline', 'run_dbt_staging', 'scheduled__2025-07-02T07:07:00+00:00', '--job-id', '87', '--raw', '--subdir', 'DAGS_FOLDER/driven_data_pipeline.py', '--cfg-path', '/tmp/tmp94ahjw4l']
[2025-07-02T07:08:10.865+0000] {standard_task_runner.py:105} INFO - Job 87: Subtask run_dbt_staging
[2025-07-02T07:08:10.921+0000] {task_command.py:467} INFO - Running <TaskInstance: extract_raw_data_pipeline.run_dbt_staging scheduled__2025-07-02T07:07:00+00:00 [running]> on host 48b6d860598d
[2025-07-02T07:08:11.095+0000] {taskinstance.py:3131} INFO - Exporting env vars: AIRFLOW_CTX_DAG_OWNER='***' AIRFLOW_CTX_DAG_ID='extract_raw_data_pipeline' AIRFLOW_CTX_TASK_ID='run_dbt_staging' AIRFLOW_CTX_EXECUTION_DATE='2025-07-02T07:07:00+00:00' AIRFLOW_CTX_TRY_NUMBER='1' AIRFLOW_CTX_DAG_RUN_ID='scheduled__2025-07-02T07:07:00+00:00'
[2025-07-02T07:08:11.099+0000] {taskinstance.py:731} INFO - ::endgroup::
[2025-07-02T07:08:11.146+0000] {subprocess.py:63} INFO - Tmp dir root location: /tmp
[2025-07-02T07:08:11.147+0000] {subprocess.py:75} INFO - Running command: ['/usr/bin/bash', '-c', 'set -x; cd /opt/***/dbt && dbt run --select tag:staging']
[2025-07-02T07:08:11.165+0000] {subprocess.py:86} INFO - Output:
[2025-07-02T07:08:11.168+0000] {subprocess.py:93} INFO - + cd /opt/***/dbt
[2025-07-02T07:08:11.169+0000] {subprocess.py:93} INFO - + dbt run --select tag:staging
[2025-07-02T07:08:14.101+0000] {subprocess.py:93} INFO - [0m07:08:14  Running with dbt=1.8.0
[2025-07-02T07:08:14.386+0000] {subprocess.py:93} INFO - [0m07:08:14  Registered adapter: postgres=1.8.2
[2025-07-02T07:08:14.851+0000] {subprocess.py:93} INFO - [0m07:08:14  Found 9 models, 10 sources, 428 macros
[2025-07-02T07:08:14.854+0000] {subprocess.py:93} INFO - [0m07:08:14
[2025-07-02T07:08:15.000+0000] {subprocess.py:93} INFO - [0m07:08:15  Concurrency: 1 threads (target='dev')
[2025-07-02T07:08:15.001+0000] {subprocess.py:93} INFO - [0m07:08:15
[2025-07-02T07:08:15.019+0000] {subprocess.py:93} INFO - [0m07:08:15  1 of 5 START sql table model driven_staging.dim_address ........................ [RUN]
[2025-07-02T07:08:15.727+0000] {subprocess.py:93} INFO - [0m07:08:15  1 of 5 OK created sql table model driven_staging.dim_address ................... [[32mSELECT 41826[0m in 0.70s]
[2025-07-02T07:08:15.730+0000] {subprocess.py:93} INFO - [0m07:08:15  2 of 5 START sql table model driven_staging.dim_date ........................... [RUN]
[2025-07-02T07:08:15.916+0000] {subprocess.py:93} INFO - [0m07:08:15  2 of 5 OK created sql table model driven_staging.dim_date ...................... [[32mSELECT 41826[0m in 0.18s]
[2025-07-02T07:08:15.919+0000] {subprocess.py:93} INFO - [0m07:08:15  3 of 5 START sql table model driven_staging.dim_finance ........................ [RUN]
[2025-07-02T07:08:16.152+0000] {subprocess.py:93} INFO - [0m07:08:16  3 of 5 OK created sql table model driven_staging.dim_finance ................... [[32mSELECT 41826[0m in 0.23s]
[2025-07-02T07:08:16.159+0000] {subprocess.py:93} INFO - [0m07:08:16  4 of 5 START sql table model driven_staging.dim_person ......................... [RUN]
[2025-07-02T07:08:16.822+0000] {subprocess.py:93} INFO - [0m07:08:16  4 of 5 OK created sql table model driven_staging.dim_person .................... [[32mSELECT 41826[0m in 0.66s]
[2025-07-02T07:08:16.828+0000] {subprocess.py:93} INFO - [0m07:08:16  5 of 5 START sql table model driven_staging.fact_network_usage ................. [RUN]
[2025-07-02T07:08:17.024+0000] {subprocess.py:93} INFO - [0m07:08:17  5 of 5 OK created sql table model driven_staging.fact_network_usage ............ [[32mSELECT 41826[0m in 0.19s]
[2025-07-02T07:08:17.039+0000] {subprocess.py:93} INFO - [0m07:08:17
[2025-07-02T07:08:17.039+0000] {subprocess.py:93} INFO - [0m07:08:17  Finished running 5 table models in 0 hours 0 minutes and 2.18 seconds (2.18s).
[2025-07-02T07:08:17.086+0000] {subprocess.py:93} INFO - [0m07:08:17
[2025-07-02T07:08:17.086+0000] {subprocess.py:93} INFO - [0m07:08:17  [32mCompleted successfully[0m
[2025-07-02T07:08:17.087+0000] {subprocess.py:93} INFO - [0m07:08:17
[2025-07-02T07:08:17.087+0000] {subprocess.py:93} INFO - [0m07:08:17  Done. PASS=5 WARN=0 ERROR=0 SKIP=0 TOTAL=5
[2025-07-02T07:08:17.848+0000] {subprocess.py:97} INFO - Command exited with return code 0
[2025-07-02T07:08:17.914+0000] {taskinstance.py:340} INFO - ::group::Post task execution logs
[2025-07-02T07:08:17.915+0000] {taskinstance.py:352} INFO - Marking task as SUCCESS. dag_id=extract_raw_data_pipeline, task_id=run_dbt_staging, run_id=scheduled__2025-07-02T07:07:00+00:00, execution_date=20250702T070700, start_date=20250702T070810, end_date=20250702T070817
[2025-07-02T07:08:17.967+0000] {local_task_job_runner.py:266} INFO - Task exited with return code 0
[2025-07-02T07:08:17.991+0000] {taskinstance.py:3900} INFO - 1 downstream tasks scheduled from follow-on schedule check
[2025-07-02T07:08:18.010+0000] {local_task_job_runner.py:245} INFO - ::endgroup::
