[2025-07-02T16:20:27.464+0000] {local_task_job_runner.py:123} INFO - ::group::Pre task execution logs
[2025-07-02T16:20:27.487+0000] {taskinstance.py:2612} INFO - Dependencies all met for dep_context=non-requeueable deps ti=<TaskInstance: extract_raw_data_pipeline.run_dbt_staging scheduled__2025-07-02T07:44:00+00:00 [queued]>
[2025-07-02T16:20:27.500+0000] {taskinstance.py:2612} INFO - Dependencies all met for dep_context=requeueable deps ti=<TaskInstance: extract_raw_data_pipeline.run_dbt_staging scheduled__2025-07-02T07:44:00+00:00 [queued]>
[2025-07-02T16:20:27.501+0000] {taskinstance.py:2865} INFO - Starting attempt 1 of 1
[2025-07-02T16:20:27.746+0000] {taskinstance.py:2888} INFO - Executing <Task(BashOperator): run_dbt_staging> on 2025-07-02 07:44:00+00:00
[2025-07-02T16:20:27.753+0000] {warnings.py:112} WARNING - /home/***/.local/lib/python3.12/site-packages/***/task/task_runner/standard_task_runner.py:70: DeprecationWarning: This process (pid=5686) is multi-threaded, use of fork() may lead to deadlocks in the child.
  pid = os.fork()

[2025-07-02T16:20:27.755+0000] {standard_task_runner.py:72} INFO - Started process 5688 to run task
[2025-07-02T16:20:27.756+0000] {standard_task_runner.py:104} INFO - Running: ['***', 'tasks', 'run', 'extract_raw_data_pipeline', 'run_dbt_staging', 'scheduled__2025-07-02T07:44:00+00:00', '--job-id', '244', '--raw', '--subdir', 'DAGS_FOLDER/driven_data_pipeline.py', '--cfg-path', '/tmp/tmpdsmkvnh6']
[2025-07-02T16:20:27.758+0000] {standard_task_runner.py:105} INFO - Job 244: Subtask run_dbt_staging
[2025-07-02T16:20:28.025+0000] {task_command.py:467} INFO - Running <TaskInstance: extract_raw_data_pipeline.run_dbt_staging scheduled__2025-07-02T07:44:00+00:00 [running]> on host 48b6d860598d
[2025-07-02T16:20:28.598+0000] {taskinstance.py:3131} INFO - Exporting env vars: AIRFLOW_CTX_DAG_OWNER='***' AIRFLOW_CTX_DAG_ID='extract_raw_data_pipeline' AIRFLOW_CTX_TASK_ID='run_dbt_staging' AIRFLOW_CTX_EXECUTION_DATE='2025-07-02T07:44:00+00:00' AIRFLOW_CTX_TRY_NUMBER='1' AIRFLOW_CTX_DAG_RUN_ID='scheduled__2025-07-02T07:44:00+00:00'
[2025-07-02T16:20:28.599+0000] {taskinstance.py:731} INFO - ::endgroup::
[2025-07-02T16:20:28.620+0000] {subprocess.py:63} INFO - Tmp dir root location: /tmp
[2025-07-02T16:20:28.621+0000] {subprocess.py:75} INFO - Running command: ['/usr/bin/bash', '-c', 'set -x; cd /opt/***/dbt && dbt run --select tag:staging']
[2025-07-02T16:20:28.634+0000] {subprocess.py:86} INFO - Output:
[2025-07-02T16:20:28.636+0000] {subprocess.py:93} INFO - + cd /opt/***/dbt
[2025-07-02T16:20:28.637+0000] {subprocess.py:93} INFO - + dbt run --select tag:staging
[2025-07-02T16:20:32.217+0000] {subprocess.py:93} INFO - [0m16:20:32  Running with dbt=1.8.0
[2025-07-02T16:20:32.575+0000] {subprocess.py:93} INFO - [0m16:20:32  Registered adapter: postgres=1.8.2
[2025-07-02T16:20:33.854+0000] {subprocess.py:93} INFO - [0m16:20:33  Found 9 models, 10 sources, 428 macros
[2025-07-02T16:20:33.868+0000] {subprocess.py:93} INFO - [0m16:20:33
[2025-07-02T16:20:35.066+0000] {subprocess.py:93} INFO - [0m16:20:35  Concurrency: 1 threads (target='dev')
[2025-07-02T16:20:35.067+0000] {subprocess.py:93} INFO - [0m16:20:35
[2025-07-02T16:20:35.086+0000] {subprocess.py:93} INFO - [0m16:20:35  1 of 5 START sql table model driven_staging.dim_address ........................ [RUN]
[2025-07-02T16:22:32.182+0000] {subprocess.py:93} INFO - [0m16:22:32  1 of 5 OK created sql table model driven_staging.dim_address ................... [[32mSELECT 378987[0m in 117.09s]
[2025-07-02T16:22:32.186+0000] {subprocess.py:93} INFO - [0m16:22:32  2 of 5 START sql table model driven_staging.dim_date ........................... [RUN]
[2025-07-02T16:22:52.926+0000] {subprocess.py:93} INFO - [0m16:22:52  2 of 5 OK created sql table model driven_staging.dim_date ...................... [[32mSELECT 378987[0m in 20.74s]
[2025-07-02T16:22:52.930+0000] {subprocess.py:93} INFO - [0m16:22:52  3 of 5 START sql table model driven_staging.dim_finance ........................ [RUN]
[2025-07-02T16:23:10.124+0000] {subprocess.py:93} INFO - [0m16:23:10  3 of 5 OK created sql table model driven_staging.dim_finance ................... [[32mSELECT 378987[0m in 17.18s]
[2025-07-02T16:23:10.141+0000] {subprocess.py:93} INFO - [0m16:23:10  4 of 5 START sql table model driven_staging.dim_person ......................... [RUN]
[2025-07-02T16:23:26.068+0000] {subprocess.py:93} INFO - [0m16:23:26  4 of 5 OK created sql table model driven_staging.dim_person .................... [[32mSELECT 378987[0m in 15.92s]
[2025-07-02T16:23:26.070+0000] {subprocess.py:93} INFO - [0m16:23:26  5 of 5 START sql table model driven_staging.fact_network_usage ................. [RUN]
[2025-07-02T16:23:30.943+0000] {subprocess.py:93} INFO - [0m16:23:30  5 of 5 OK created sql table model driven_staging.fact_network_usage ............ [[32mSELECT 378987[0m in 4.87s]
[2025-07-02T16:23:30.963+0000] {subprocess.py:93} INFO - [0m16:23:30
[2025-07-02T16:23:30.964+0000] {subprocess.py:93} INFO - [0m16:23:30  Finished running 5 table models in 0 hours 2 minutes and 57.09 seconds (177.09s).
[2025-07-02T16:23:31.034+0000] {subprocess.py:93} INFO - [0m16:23:31
[2025-07-02T16:23:31.035+0000] {subprocess.py:93} INFO - [0m16:23:31  [32mCompleted successfully[0m
[2025-07-02T16:23:31.036+0000] {subprocess.py:93} INFO - [0m16:23:31
[2025-07-02T16:23:31.036+0000] {subprocess.py:93} INFO - [0m16:23:31  Done. PASS=5 WARN=0 ERROR=0 SKIP=0 TOTAL=5
[2025-07-02T16:23:31.780+0000] {subprocess.py:97} INFO - Command exited with return code 0
[2025-07-02T16:23:31.957+0000] {taskinstance.py:340} INFO - ::group::Post task execution logs
[2025-07-02T16:23:31.958+0000] {taskinstance.py:352} INFO - Marking task as SUCCESS. dag_id=extract_raw_data_pipeline, task_id=run_dbt_staging, run_id=scheduled__2025-07-02T07:44:00+00:00, execution_date=20250702T074400, start_date=20250702T162027, end_date=20250702T162331
[2025-07-02T16:23:32.140+0000] {local_task_job_runner.py:266} INFO - Task exited with return code 0
[2025-07-02T16:23:32.186+0000] {taskinstance.py:3900} INFO - 1 downstream tasks scheduled from follow-on schedule check
[2025-07-02T16:23:32.253+0000] {local_task_job_runner.py:245} INFO - ::endgroup::
