[2025-07-02T07:08:18.934+0000] {local_task_job_runner.py:123} INFO - ::group::Pre task execution logs
[2025-07-02T07:08:18.952+0000] {taskinstance.py:2612} INFO - Dependencies all met for dep_context=non-requeueable deps ti=<TaskInstance: extract_raw_data_pipeline.run_dbt_trusted scheduled__2025-07-02T07:07:00+00:00 [queued]>
[2025-07-02T07:08:18.961+0000] {taskinstance.py:2612} INFO - Dependencies all met for dep_context=requeueable deps ti=<TaskInstance: extract_raw_data_pipeline.run_dbt_trusted scheduled__2025-07-02T07:07:00+00:00 [queued]>
[2025-07-02T07:08:18.961+0000] {taskinstance.py:2865} INFO - Starting attempt 1 of 1
[2025-07-02T07:08:18.988+0000] {taskinstance.py:2888} INFO - Executing <Task(BashOperator): run_dbt_trusted> on 2025-07-02 07:07:00+00:00
[2025-07-02T07:08:18.996+0000] {warnings.py:112} WARNING - /home/***/.local/lib/python3.12/site-packages/***/task/task_runner/standard_task_runner.py:70: DeprecationWarning: This process (pid=3955) is multi-threaded, use of fork() may lead to deadlocks in the child.
  pid = os.fork()

[2025-07-02T07:08:18.998+0000] {standard_task_runner.py:72} INFO - Started process 3957 to run task
[2025-07-02T07:08:18.999+0000] {standard_task_runner.py:104} INFO - Running: ['***', 'tasks', 'run', 'extract_raw_data_pipeline', 'run_dbt_trusted', 'scheduled__2025-07-02T07:07:00+00:00', '--job-id', '88', '--raw', '--subdir', 'DAGS_FOLDER/driven_data_pipeline.py', '--cfg-path', '/tmp/tmpxxmnx77y']
[2025-07-02T07:08:19.001+0000] {standard_task_runner.py:105} INFO - Job 88: Subtask run_dbt_trusted
[2025-07-02T07:08:19.060+0000] {task_command.py:467} INFO - Running <TaskInstance: extract_raw_data_pipeline.run_dbt_trusted scheduled__2025-07-02T07:07:00+00:00 [running]> on host 48b6d860598d
[2025-07-02T07:08:19.197+0000] {taskinstance.py:3131} INFO - Exporting env vars: AIRFLOW_CTX_DAG_OWNER='***' AIRFLOW_CTX_DAG_ID='extract_raw_data_pipeline' AIRFLOW_CTX_TASK_ID='run_dbt_trusted' AIRFLOW_CTX_EXECUTION_DATE='2025-07-02T07:07:00+00:00' AIRFLOW_CTX_TRY_NUMBER='1' AIRFLOW_CTX_DAG_RUN_ID='scheduled__2025-07-02T07:07:00+00:00'
[2025-07-02T07:08:19.198+0000] {taskinstance.py:731} INFO - ::endgroup::
[2025-07-02T07:08:19.214+0000] {subprocess.py:63} INFO - Tmp dir root location: /tmp
[2025-07-02T07:08:19.215+0000] {subprocess.py:75} INFO - Running command: ['/usr/bin/bash', '-c', 'set -x; cd /opt/***/dbt && dbt run --select tag:trusted']
[2025-07-02T07:08:19.228+0000] {subprocess.py:86} INFO - Output:
[2025-07-02T07:08:19.230+0000] {subprocess.py:93} INFO - + cd /opt/***/dbt
[2025-07-02T07:08:19.231+0000] {subprocess.py:93} INFO - + dbt run --select tag:trusted
[2025-07-02T07:08:22.034+0000] {subprocess.py:93} INFO - [0m07:08:22  Running with dbt=1.8.0
[2025-07-02T07:08:22.344+0000] {subprocess.py:93} INFO - [0m07:08:22  Registered adapter: postgres=1.8.2
[2025-07-02T07:08:22.826+0000] {subprocess.py:93} INFO - [0m07:08:22  Found 9 models, 10 sources, 428 macros
[2025-07-02T07:08:22.828+0000] {subprocess.py:93} INFO - [0m07:08:22
[2025-07-02T07:08:22.960+0000] {subprocess.py:93} INFO - [0m07:08:22  Concurrency: 1 threads (target='dev')
[2025-07-02T07:08:22.961+0000] {subprocess.py:93} INFO - [0m07:08:22
[2025-07-02T07:08:22.973+0000] {subprocess.py:93} INFO - [0m07:08:22  1 of 4 START sql table model driven_trusted.non_pii_data ....................... [RUN]
[2025-07-02T07:08:26.442+0000] {subprocess.py:93} INFO - [0m07:08:26  1 of 4 OK created sql table model driven_trusted.non_pii_data .................. [[32mSELECT 41826[0m in 3.46s]
[2025-07-02T07:08:26.451+0000] {subprocess.py:93} INFO - [0m07:08:26  2 of 4 START sql table model driven_trusted.payment_data ....................... [RUN]
[2025-07-02T07:08:26.968+0000] {subprocess.py:93} INFO - [0m07:08:26  2 of 4 OK created sql table model driven_trusted.payment_data .................. [[32mSELECT 41826[0m in 0.51s]
[2025-07-02T07:08:26.974+0000] {subprocess.py:93} INFO - [0m07:08:26  3 of 4 START sql table model driven_trusted.pii_data ........................... [RUN]
[2025-07-02T07:08:31.287+0000] {subprocess.py:93} INFO - [0m07:08:31  3 of 4 OK created sql table model driven_trusted.pii_data ...................... [[32mSELECT 41826[0m in 4.31s]
[2025-07-02T07:08:31.293+0000] {subprocess.py:93} INFO - [0m07:08:31  4 of 4 START sql table model driven_trusted.technical_data ..................... [RUN]
[2025-07-02T07:08:32.562+0000] {subprocess.py:93} INFO - [0m07:08:32  4 of 4 OK created sql table model driven_trusted.technical_data ................ [[32mSELECT 41826[0m in 1.27s]
[2025-07-02T07:08:32.580+0000] {subprocess.py:93} INFO - [0m07:08:32
[2025-07-02T07:08:32.582+0000] {subprocess.py:93} INFO - [0m07:08:32  Finished running 4 table models in 0 hours 0 minutes and 9.75 seconds (9.75s).
[2025-07-02T07:08:32.880+0000] {subprocess.py:93} INFO - [0m07:08:32
[2025-07-02T07:08:32.881+0000] {subprocess.py:93} INFO - [0m07:08:32  [32mCompleted successfully[0m
[2025-07-02T07:08:32.882+0000] {subprocess.py:93} INFO - [0m07:08:32
[2025-07-02T07:08:32.883+0000] {subprocess.py:93} INFO - [0m07:08:32  Done. PASS=4 WARN=0 ERROR=0 SKIP=0 TOTAL=4
[2025-07-02T07:08:33.675+0000] {subprocess.py:97} INFO - Command exited with return code 0
[2025-07-02T07:08:34.790+0000] {taskinstance.py:340} INFO - ::group::Post task execution logs
[2025-07-02T07:08:34.793+0000] {taskinstance.py:352} INFO - Marking task as SUCCESS. dag_id=extract_raw_data_pipeline, task_id=run_dbt_trusted, run_id=scheduled__2025-07-02T07:07:00+00:00, execution_date=20250702T070700, start_date=20250702T070818, end_date=20250702T070834
[2025-07-02T07:08:34.879+0000] {local_task_job_runner.py:266} INFO - Task exited with return code 0
[2025-07-02T07:08:34.901+0000] {taskinstance.py:3900} INFO - 0 downstream tasks scheduled from follow-on schedule check
[2025-07-02T07:08:34.936+0000] {local_task_job_runner.py:245} INFO - ::endgroup::
