[2025-07-01T07:41:02.674+0000] {local_task_job_runner.py:123} INFO - ::group::Pre task execution logs
[2025-07-01T07:41:02.699+0000] {taskinstance.py:2612} INFO - Dependencies all met for dep_context=non-requeueable deps ti=<TaskInstance: extract_raw_data_pipeline.create_raw_schema scheduled__2025-07-01T07:40:00+00:00 [queued]>
[2025-07-01T07:41:02.712+0000] {taskinstance.py:2612} INFO - Dependencies all met for dep_context=requeueable deps ti=<TaskInstance: extract_raw_data_pipeline.create_raw_schema scheduled__2025-07-01T07:40:00+00:00 [queued]>
[2025-07-01T07:41:02.712+0000] {taskinstance.py:2865} INFO - Starting attempt 1 of 1
[2025-07-01T07:41:02.752+0000] {taskinstance.py:2888} INFO - Executing <Task(SQLExecuteQueryOperator): create_raw_schema> on 2025-07-01 07:40:00+00:00
[2025-07-01T07:41:02.763+0000] {warnings.py:112} WARNING - /home/***/.local/lib/python3.12/site-packages/***/task/task_runner/standard_task_runner.py:70: DeprecationWarning: This process (pid=2059) is multi-threaded, use of fork() may lead to deadlocks in the child.
  pid = os.fork()

[2025-07-01T07:41:02.765+0000] {standard_task_runner.py:72} INFO - Started process 2062 to run task
[2025-07-01T07:41:02.766+0000] {standard_task_runner.py:104} INFO - Running: ['***', 'tasks', 'run', 'extract_raw_data_pipeline', 'create_raw_schema', 'scheduled__2025-07-01T07:40:00+00:00', '--job-id', '115', '--raw', '--subdir', 'DAGS_FOLDER/driven_data_pipeline.py', '--cfg-path', '/tmp/tmpxw95mhap']
[2025-07-01T07:41:02.768+0000] {standard_task_runner.py:105} INFO - Job 115: Subtask create_raw_schema
[2025-07-01T07:41:02.854+0000] {task_command.py:467} INFO - Running <TaskInstance: extract_raw_data_pipeline.create_raw_schema scheduled__2025-07-01T07:40:00+00:00 [running]> on host 849c33af5dcf
[2025-07-01T07:41:03.514+0000] {taskinstance.py:3131} INFO - Exporting env vars: AIRFLOW_CTX_DAG_OWNER='***' AIRFLOW_CTX_DAG_ID='extract_raw_data_pipeline' AIRFLOW_CTX_TASK_ID='create_raw_schema' AIRFLOW_CTX_EXECUTION_DATE='2025-07-01T07:40:00+00:00' AIRFLOW_CTX_TRY_NUMBER='1' AIRFLOW_CTX_DAG_RUN_ID='scheduled__2025-07-01T07:40:00+00:00'
[2025-07-01T07:41:03.515+0000] {taskinstance.py:731} INFO - ::endgroup::
[2025-07-01T07:41:03.536+0000] {sql.py:266} INFO - Executing: CREATE SCHEMA IF NOT EXISTS driven_raw;
[2025-07-01T07:41:03.546+0000] {base.py:84} INFO - Retrieving connection 'postgres_conn'
[2025-07-01T07:41:03.558+0000] {base.py:84} INFO - Retrieving connection 'postgres_conn'
[2025-07-01T07:41:03.563+0000] {sql.py:509} INFO - Running statement: CREATE SCHEMA IF NOT EXISTS driven_raw;, parameters: None
[2025-07-01T07:41:03.576+0000] {taskinstance.py:340} INFO - ::group::Post task execution logs
[2025-07-01T07:41:03.577+0000] {taskinstance.py:352} INFO - Marking task as SUCCESS. dag_id=extract_raw_data_pipeline, task_id=create_raw_schema, run_id=scheduled__2025-07-01T07:40:00+00:00, execution_date=20250701T074000, start_date=20250701T074102, end_date=20250701T074103
[2025-07-01T07:41:03.983+0000] {local_task_job_runner.py:266} INFO - Task exited with return code 0
[2025-07-01T07:41:04.020+0000] {taskinstance.py:3900} INFO - 0 downstream tasks scheduled from follow-on schedule check
[2025-07-01T07:41:04.180+0000] {local_task_job_runner.py:245} INFO - ::endgroup::
