[2025-07-02T07:32:38.751+0000] {local_task_job_runner.py:123} INFO - ::group::Pre task execution logs
[2025-07-02T07:32:38.783+0000] {taskinstance.py:2612} INFO - Dependencies all met for dep_context=non-requeueable deps ti=<TaskInstance: extract_raw_data_pipeline.run_dbt_staging scheduled__2025-07-02T07:31:00+00:00 [queued]>
[2025-07-02T07:32:38.799+0000] {taskinstance.py:2612} INFO - Dependencies all met for dep_context=requeueable deps ti=<TaskInstance: extract_raw_data_pipeline.run_dbt_staging scheduled__2025-07-02T07:31:00+00:00 [queued]>
[2025-07-02T07:32:38.800+0000] {taskinstance.py:2865} INFO - Starting attempt 1 of 1
[2025-07-02T07:32:39.354+0000] {taskinstance.py:2888} INFO - Executing <Task(BashOperator): run_dbt_staging> on 2025-07-02 07:31:00+00:00
[2025-07-02T07:32:39.367+0000] {warnings.py:112} WARNING - /home/***/.local/lib/python3.12/site-packages/***/task/task_runner/standard_task_runner.py:70: DeprecationWarning: This process (pid=5106) is multi-threaded, use of fork() may lead to deadlocks in the child.
  pid = os.fork()

[2025-07-02T07:32:39.368+0000] {standard_task_runner.py:72} INFO - Started process 5108 to run task
[2025-07-02T07:32:39.368+0000] {standard_task_runner.py:104} INFO - Running: ['***', 'tasks', 'run', 'extract_raw_data_pipeline', 'run_dbt_staging', 'scheduled__2025-07-02T07:31:00+00:00', '--job-id', '195', '--raw', '--subdir', 'DAGS_FOLDER/driven_data_pipeline.py', '--cfg-path', '/tmp/tmpnrxf5z2x']
[2025-07-02T07:32:39.369+0000] {standard_task_runner.py:105} INFO - Job 195: Subtask run_dbt_staging
[2025-07-02T07:32:39.547+0000] {task_command.py:467} INFO - Running <TaskInstance: extract_raw_data_pipeline.run_dbt_staging scheduled__2025-07-02T07:31:00+00:00 [running]> on host 48b6d860598d
[2025-07-02T07:32:39.949+0000] {taskinstance.py:3131} INFO - Exporting env vars: AIRFLOW_CTX_DAG_OWNER='***' AIRFLOW_CTX_DAG_ID='extract_raw_data_pipeline' AIRFLOW_CTX_TASK_ID='run_dbt_staging' AIRFLOW_CTX_EXECUTION_DATE='2025-07-02T07:31:00+00:00' AIRFLOW_CTX_TRY_NUMBER='1' AIRFLOW_CTX_DAG_RUN_ID='scheduled__2025-07-02T07:31:00+00:00'
[2025-07-02T07:32:39.950+0000] {taskinstance.py:731} INFO - ::endgroup::
[2025-07-02T07:32:39.969+0000] {subprocess.py:63} INFO - Tmp dir root location: /tmp
[2025-07-02T07:32:39.970+0000] {subprocess.py:75} INFO - Running command: ['/usr/bin/bash', '-c', 'set -x; cd /opt/***/dbt && dbt run --select tag:staging']
[2025-07-02T07:32:39.985+0000] {subprocess.py:86} INFO - Output:
[2025-07-02T07:32:39.988+0000] {subprocess.py:93} INFO - + cd /opt/***/dbt
[2025-07-02T07:32:39.988+0000] {subprocess.py:93} INFO - + dbt run --select tag:staging
[2025-07-02T07:32:42.995+0000] {subprocess.py:93} INFO - [0m07:32:42  Running with dbt=1.8.0
[2025-07-02T07:32:43.316+0000] {subprocess.py:93} INFO - [0m07:32:43  Registered adapter: postgres=1.8.2
[2025-07-02T07:32:43.899+0000] {subprocess.py:93} INFO - [0m07:32:43  Found 9 models, 10 sources, 428 macros
[2025-07-02T07:32:43.904+0000] {subprocess.py:93} INFO - [0m07:32:43
[2025-07-02T07:32:44.075+0000] {subprocess.py:93} INFO - [0m07:32:44  Concurrency: 1 threads (target='dev')
[2025-07-02T07:32:44.076+0000] {subprocess.py:93} INFO - [0m07:32:44
[2025-07-02T07:32:44.088+0000] {subprocess.py:93} INFO - [0m07:32:44  1 of 5 START sql table model driven_staging.dim_address ........................ [RUN]
[2025-07-02T07:32:51.826+0000] {subprocess.py:93} INFO - [0m07:32:51  1 of 5 OK created sql table model driven_staging.dim_address ................... [[32mSELECT 232106[0m in 7.73s]
[2025-07-02T07:32:51.833+0000] {subprocess.py:93} INFO - [0m07:32:51  2 of 5 START sql table model driven_staging.dim_date ........................... [RUN]
[2025-07-02T07:32:53.682+0000] {subprocess.py:93} INFO - [0m07:32:53  2 of 5 OK created sql table model driven_staging.dim_date ...................... [[32mSELECT 232106[0m in 1.85s]
[2025-07-02T07:32:53.685+0000] {subprocess.py:93} INFO - [0m07:32:53  3 of 5 START sql table model driven_staging.dim_finance ........................ [RUN]
[2025-07-02T07:32:55.172+0000] {subprocess.py:93} INFO - [0m07:32:55  3 of 5 OK created sql table model driven_staging.dim_finance ................... [[32mSELECT 232106[0m in 1.48s]
[2025-07-02T07:32:55.178+0000] {subprocess.py:93} INFO - [0m07:32:55  4 of 5 START sql table model driven_staging.dim_person ......................... [RUN]
[2025-07-02T07:33:09.366+0000] {subprocess.py:93} INFO - [0m07:33:09  4 of 5 OK created sql table model driven_staging.dim_person .................... [[32mSELECT 232106[0m in 14.18s]
[2025-07-02T07:33:09.388+0000] {subprocess.py:93} INFO - [0m07:33:09  5 of 5 START sql table model driven_staging.fact_network_usage ................. [RUN]
[2025-07-02T07:33:16.079+0000] {subprocess.py:93} INFO - [0m07:33:16  5 of 5 OK created sql table model driven_staging.fact_network_usage ............ [[32mSELECT 232106[0m in 6.67s]
[2025-07-02T07:33:16.112+0000] {subprocess.py:93} INFO - [0m07:33:16
[2025-07-02T07:33:16.114+0000] {subprocess.py:93} INFO - [0m07:33:16  Finished running 5 table models in 0 hours 0 minutes and 32.21 seconds (32.21s).
[2025-07-02T07:33:16.188+0000] {subprocess.py:93} INFO - [0m07:33:16
[2025-07-02T07:33:16.189+0000] {subprocess.py:93} INFO - [0m07:33:16  [32mCompleted successfully[0m
[2025-07-02T07:33:16.190+0000] {subprocess.py:93} INFO - [0m07:33:16
[2025-07-02T07:33:16.191+0000] {subprocess.py:93} INFO - [0m07:33:16  Done. PASS=5 WARN=0 ERROR=0 SKIP=0 TOTAL=5
[2025-07-02T07:33:16.891+0000] {subprocess.py:97} INFO - Command exited with return code 0
[2025-07-02T07:33:17.482+0000] {taskinstance.py:340} INFO - ::group::Post task execution logs
[2025-07-02T07:33:17.595+0000] {taskinstance.py:352} INFO - Marking task as SUCCESS. dag_id=extract_raw_data_pipeline, task_id=run_dbt_staging, run_id=scheduled__2025-07-02T07:31:00+00:00, execution_date=20250702T073100, start_date=20250702T073238, end_date=20250702T073317
[2025-07-02T07:33:18.088+0000] {local_task_job_runner.py:266} INFO - Task exited with return code 0
[2025-07-02T07:33:18.133+0000] {taskinstance.py:3900} INFO - 1 downstream tasks scheduled from follow-on schedule check
[2025-07-02T07:33:18.580+0000] {local_task_job_runner.py:245} INFO - ::endgroup::
