[2025-07-02T07:16:46.232+0000] {local_task_job_runner.py:123} INFO - ::group::Pre task execution logs
[2025-07-02T07:16:46.255+0000] {taskinstance.py:2612} INFO - Dependencies all met for dep_context=non-requeueable deps ti=<TaskInstance: extract_raw_data_pipeline.run_dbt_trusted scheduled__2025-07-02T07:15:00+00:00 [queued]>
[2025-07-02T07:16:46.270+0000] {taskinstance.py:2612} INFO - Dependencies all met for dep_context=requeueable deps ti=<TaskInstance: extract_raw_data_pipeline.run_dbt_trusted scheduled__2025-07-02T07:15:00+00:00 [queued]>
[2025-07-02T07:16:46.270+0000] {taskinstance.py:2865} INFO - Starting attempt 1 of 1
[2025-07-02T07:16:46.304+0000] {taskinstance.py:2888} INFO - Executing <Task(BashOperator): run_dbt_trusted> on 2025-07-02 07:15:00+00:00
[2025-07-02T07:16:46.315+0000] {warnings.py:112} WARNING - /home/***/.local/lib/python3.12/site-packages/***/task/task_runner/standard_task_runner.py:70: DeprecationWarning: This process (pid=4444) is multi-threaded, use of fork() may lead to deadlocks in the child.
  pid = os.fork()

[2025-07-02T07:16:46.317+0000] {standard_task_runner.py:72} INFO - Started process 4446 to run task
[2025-07-02T07:16:46.317+0000] {standard_task_runner.py:104} INFO - Running: ['***', 'tasks', 'run', 'extract_raw_data_pipeline', 'run_dbt_trusted', 'scheduled__2025-07-02T07:15:00+00:00', '--job-id', '136', '--raw', '--subdir', 'DAGS_FOLDER/driven_data_pipeline.py', '--cfg-path', '/tmp/tmpu1i03iz6']
[2025-07-02T07:16:46.319+0000] {standard_task_runner.py:105} INFO - Job 136: Subtask run_dbt_trusted
[2025-07-02T07:16:46.394+0000] {task_command.py:467} INFO - Running <TaskInstance: extract_raw_data_pipeline.run_dbt_trusted scheduled__2025-07-02T07:15:00+00:00 [running]> on host 48b6d860598d
[2025-07-02T07:16:46.556+0000] {taskinstance.py:3131} INFO - Exporting env vars: AIRFLOW_CTX_DAG_OWNER='***' AIRFLOW_CTX_DAG_ID='extract_raw_data_pipeline' AIRFLOW_CTX_TASK_ID='run_dbt_trusted' AIRFLOW_CTX_EXECUTION_DATE='2025-07-02T07:15:00+00:00' AIRFLOW_CTX_TRY_NUMBER='1' AIRFLOW_CTX_DAG_RUN_ID='scheduled__2025-07-02T07:15:00+00:00'
[2025-07-02T07:16:46.557+0000] {taskinstance.py:731} INFO - ::endgroup::
[2025-07-02T07:16:46.573+0000] {subprocess.py:63} INFO - Tmp dir root location: /tmp
[2025-07-02T07:16:46.574+0000] {subprocess.py:75} INFO - Running command: ['/usr/bin/bash', '-c', 'set -x; cd /opt/***/dbt && dbt run --select tag:trusted']
[2025-07-02T07:16:46.587+0000] {subprocess.py:86} INFO - Output:
[2025-07-02T07:16:46.589+0000] {subprocess.py:93} INFO - + cd /opt/***/dbt
[2025-07-02T07:16:46.590+0000] {subprocess.py:93} INFO - + dbt run --select tag:trusted
[2025-07-02T07:16:49.497+0000] {subprocess.py:93} INFO - [0m07:16:49  Running with dbt=1.8.0
[2025-07-02T07:16:49.887+0000] {subprocess.py:93} INFO - [0m07:16:49  Registered adapter: postgres=1.8.2
[2025-07-02T07:16:50.446+0000] {subprocess.py:93} INFO - [0m07:16:50  Found 9 models, 10 sources, 428 macros
[2025-07-02T07:16:50.449+0000] {subprocess.py:93} INFO - [0m07:16:50
[2025-07-02T07:16:50.589+0000] {subprocess.py:93} INFO - [0m07:16:50  Concurrency: 1 threads (target='dev')
[2025-07-02T07:16:50.590+0000] {subprocess.py:93} INFO - [0m07:16:50
[2025-07-02T07:16:50.603+0000] {subprocess.py:93} INFO - [0m07:16:50  1 of 4 START sql table model driven_trusted.non_pii_data ....................... [RUN]
[2025-07-02T07:16:55.795+0000] {subprocess.py:93} INFO - [0m07:16:55  1 of 4 OK created sql table model driven_trusted.non_pii_data .................. [[32mSELECT 102517[0m in 5.19s]
[2025-07-02T07:16:55.798+0000] {subprocess.py:93} INFO - [0m07:16:55  2 of 4 START sql table model driven_trusted.payment_data ....................... [RUN]
[2025-07-02T07:16:58.942+0000] {subprocess.py:93} INFO - [0m07:16:58  2 of 4 OK created sql table model driven_trusted.payment_data .................. [[32mSELECT 102517[0m in 3.14s]
[2025-07-02T07:16:58.946+0000] {subprocess.py:93} INFO - [0m07:16:58  3 of 4 START sql table model driven_trusted.pii_data ........................... [RUN]
[2025-07-02T07:17:05.649+0000] {subprocess.py:93} INFO - [0m07:17:05  3 of 4 OK created sql table model driven_trusted.pii_data ...................... [[32mSELECT 102517[0m in 6.70s]
[2025-07-02T07:17:05.654+0000] {subprocess.py:93} INFO - [0m07:17:05  4 of 4 START sql table model driven_trusted.technical_data ..................... [RUN]
[2025-07-02T07:17:07.584+0000] {subprocess.py:93} INFO - [0m07:17:07  4 of 4 OK created sql table model driven_trusted.technical_data ................ [[32mSELECT 102517[0m in 1.92s]
[2025-07-02T07:17:07.600+0000] {subprocess.py:93} INFO - [0m07:17:07
[2025-07-02T07:17:07.601+0000] {subprocess.py:93} INFO - [0m07:17:07  Finished running 4 table models in 0 hours 0 minutes and 17.15 seconds (17.15s).
[2025-07-02T07:17:07.642+0000] {subprocess.py:93} INFO - [0m07:17:07
[2025-07-02T07:17:07.643+0000] {subprocess.py:93} INFO - [0m07:17:07  [32mCompleted successfully[0m
[2025-07-02T07:17:07.643+0000] {subprocess.py:93} INFO - [0m07:17:07
[2025-07-02T07:17:07.644+0000] {subprocess.py:93} INFO - [0m07:17:07  Done. PASS=4 WARN=0 ERROR=0 SKIP=0 TOTAL=4
[2025-07-02T07:17:08.284+0000] {subprocess.py:97} INFO - Command exited with return code 0
[2025-07-02T07:17:08.567+0000] {taskinstance.py:340} INFO - ::group::Post task execution logs
[2025-07-02T07:17:08.568+0000] {taskinstance.py:352} INFO - Marking task as SUCCESS. dag_id=extract_raw_data_pipeline, task_id=run_dbt_trusted, run_id=scheduled__2025-07-02T07:15:00+00:00, execution_date=20250702T071500, start_date=20250702T071646, end_date=20250702T071708
[2025-07-02T07:17:08.735+0000] {local_task_job_runner.py:266} INFO - Task exited with return code 0
[2025-07-02T07:17:08.801+0000] {taskinstance.py:3900} INFO - 0 downstream tasks scheduled from follow-on schedule check
[2025-07-02T07:17:08.887+0000] {local_task_job_runner.py:245} INFO - ::endgroup::
