[2025-07-01T22:00:56.048+0000] {local_task_job_runner.py:123} INFO - ::group::Pre task execution logs
[2025-07-01T22:00:56.066+0000] {taskinstance.py:2612} INFO - Dependencies all met for dep_context=non-requeueable deps ti=<TaskInstance: extract_raw_data_pipeline.run_dbt_trusted manual__2025-07-01T22:00:25.191045+00:00 [queued]>
[2025-07-01T22:00:56.074+0000] {taskinstance.py:2612} INFO - Dependencies all met for dep_context=requeueable deps ti=<TaskInstance: extract_raw_data_pipeline.run_dbt_trusted manual__2025-07-01T22:00:25.191045+00:00 [queued]>
[2025-07-01T22:00:56.075+0000] {taskinstance.py:2865} INFO - Starting attempt 1 of 1
[2025-07-01T22:00:56.110+0000] {taskinstance.py:2888} INFO - Executing <Task(BashOperator): run_dbt_trusted> on 2025-07-01 22:00:25.191045+00:00
[2025-07-01T22:00:56.123+0000] {warnings.py:112} WARNING - /home/***/.local/lib/python3.12/site-packages/***/task/task_runner/standard_task_runner.py:70: DeprecationWarning: This process (pid=374) is multi-threaded, use of fork() may lead to deadlocks in the child.
  pid = os.fork()

[2025-07-01T22:00:56.124+0000] {standard_task_runner.py:72} INFO - Started process 376 to run task
[2025-07-01T22:00:56.126+0000] {standard_task_runner.py:104} INFO - Running: ['***', 'tasks', 'run', 'extract_raw_data_pipeline', 'run_dbt_trusted', 'manual__2025-07-01T22:00:25.191045+00:00', '--job-id', '22', '--raw', '--subdir', 'DAGS_FOLDER/driven_data_pipeline.py', '--cfg-path', '/tmp/tmp1vpwy5zh']
[2025-07-01T22:00:56.127+0000] {standard_task_runner.py:105} INFO - Job 22: Subtask run_dbt_trusted
[2025-07-01T22:00:56.214+0000] {task_command.py:467} INFO - Running <TaskInstance: extract_raw_data_pipeline.run_dbt_trusted manual__2025-07-01T22:00:25.191045+00:00 [running]> on host c163bf459d7a
[2025-07-01T22:00:57.796+0000] {taskinstance.py:3131} INFO - Exporting env vars: AIRFLOW_CTX_DAG_OWNER='***' AIRFLOW_CTX_DAG_ID='extract_raw_data_pipeline' AIRFLOW_CTX_TASK_ID='run_dbt_trusted' AIRFLOW_CTX_EXECUTION_DATE='2025-07-01T22:00:25.191045+00:00' AIRFLOW_CTX_TRY_NUMBER='1' AIRFLOW_CTX_DAG_RUN_ID='manual__2025-07-01T22:00:25.191045+00:00'
[2025-07-01T22:00:57.797+0000] {taskinstance.py:731} INFO - ::endgroup::
[2025-07-01T22:00:57.814+0000] {subprocess.py:63} INFO - Tmp dir root location: /tmp
[2025-07-01T22:00:57.815+0000] {subprocess.py:75} INFO - Running command: ['/usr/bin/bash', '-c', 'set -x; cd /opt/***/dbt && dbt run --select tag:trusted']
[2025-07-01T22:00:57.831+0000] {subprocess.py:86} INFO - Output:
[2025-07-01T22:00:57.833+0000] {subprocess.py:93} INFO - + cd /opt/***/dbt
[2025-07-01T22:00:57.833+0000] {subprocess.py:93} INFO - + dbt run --select tag:trusted
[2025-07-01T22:01:00.432+0000] {subprocess.py:93} INFO - [0m22:01:00  Running with dbt=1.8.0
[2025-07-01T22:01:00.733+0000] {subprocess.py:93} INFO - [0m22:01:00  Registered adapter: postgres=1.8.2
[2025-07-01T22:01:01.264+0000] {subprocess.py:93} INFO - [0m22:01:01  Found 9 models, 10 sources, 428 macros
[2025-07-01T22:01:01.266+0000] {subprocess.py:93} INFO - [0m22:01:01
[2025-07-01T22:01:01.726+0000] {subprocess.py:93} INFO - [0m22:01:01  Concurrency: 1 threads (target='dev')
[2025-07-01T22:01:01.727+0000] {subprocess.py:93} INFO - [0m22:01:01
[2025-07-01T22:01:01.742+0000] {subprocess.py:93} INFO - [0m22:01:01  1 of 4 START sql table model driven_trusted.non_pii_data ....................... [RUN]
[2025-07-01T22:01:02.078+0000] {subprocess.py:93} INFO - [0m22:01:02  1 of 4 OK created sql table model driven_trusted.non_pii_data .................. [[32mSELECT 508[0m in 0.33s]
[2025-07-01T22:01:02.082+0000] {subprocess.py:93} INFO - [0m22:01:02  2 of 4 START sql table model driven_trusted.payment_data ....................... [RUN]
[2025-07-01T22:01:02.186+0000] {subprocess.py:93} INFO - [0m22:01:02  2 of 4 OK created sql table model driven_trusted.payment_data .................. [[32mSELECT 508[0m in 0.10s]
[2025-07-01T22:01:02.191+0000] {subprocess.py:93} INFO - [0m22:01:02  3 of 4 START sql table model driven_trusted.pii_data ........................... [RUN]
[2025-07-01T22:01:02.350+0000] {subprocess.py:93} INFO - [0m22:01:02  3 of 4 OK created sql table model driven_trusted.pii_data ...................... [[32mSELECT 508[0m in 0.16s]
[2025-07-01T22:01:02.353+0000] {subprocess.py:93} INFO - [0m22:01:02  4 of 4 START sql table model driven_trusted.technical_data ..................... [RUN]
[2025-07-01T22:01:02.680+0000] {subprocess.py:93} INFO - [0m22:01:02  4 of 4 OK created sql table model driven_trusted.technical_data ................ [[32mSELECT 508[0m in 0.32s]
[2025-07-01T22:01:02.698+0000] {subprocess.py:93} INFO - [0m22:01:02
[2025-07-01T22:01:02.699+0000] {subprocess.py:93} INFO - [0m22:01:02  Finished running 4 table models in 0 hours 0 minutes and 1.43 seconds (1.43s).
[2025-07-01T22:01:02.739+0000] {subprocess.py:93} INFO - [0m22:01:02
[2025-07-01T22:01:02.740+0000] {subprocess.py:93} INFO - [0m22:01:02  [32mCompleted successfully[0m
[2025-07-01T22:01:02.740+0000] {subprocess.py:93} INFO - [0m22:01:02
[2025-07-01T22:01:02.741+0000] {subprocess.py:93} INFO - [0m22:01:02  Done. PASS=4 WARN=0 ERROR=0 SKIP=0 TOTAL=4
[2025-07-01T22:01:03.533+0000] {subprocess.py:97} INFO - Command exited with return code 0
[2025-07-01T22:01:04.405+0000] {taskinstance.py:340} INFO - ::group::Post task execution logs
[2025-07-01T22:01:04.406+0000] {taskinstance.py:352} INFO - Marking task as SUCCESS. dag_id=extract_raw_data_pipeline, task_id=run_dbt_trusted, run_id=manual__2025-07-01T22:00:25.191045+00:00, execution_date=20250701T220025, start_date=20250701T220056, end_date=20250701T220104
[2025-07-01T22:01:04.483+0000] {local_task_job_runner.py:266} INFO - Task exited with return code 0
[2025-07-01T22:01:04.497+0000] {taskinstance.py:3900} INFO - 0 downstream tasks scheduled from follow-on schedule check
[2025-07-01T22:01:04.692+0000] {local_task_job_runner.py:245} INFO - ::endgroup::
