[2025-07-02T07:24:41.688+0000] {local_task_job_runner.py:123} INFO - ::group::Pre task execution logs
[2025-07-02T07:24:41.707+0000] {taskinstance.py:2612} INFO - Dependencies all met for dep_context=non-requeueable deps ti=<TaskInstance: extract_raw_data_pipeline.run_dbt_trusted scheduled__2025-07-02T07:22:00+00:00 [queued]>
[2025-07-02T07:24:41.716+0000] {taskinstance.py:2612} INFO - Dependencies all met for dep_context=requeueable deps ti=<TaskInstance: extract_raw_data_pipeline.run_dbt_trusted scheduled__2025-07-02T07:22:00+00:00 [queued]>
[2025-07-02T07:24:41.717+0000] {taskinstance.py:2865} INFO - Starting attempt 1 of 1
[2025-07-02T07:24:41.874+0000] {taskinstance.py:2888} INFO - Executing <Task(BashOperator): run_dbt_trusted> on 2025-07-02 07:22:00+00:00
[2025-07-02T07:24:41.901+0000] {warnings.py:112} WARNING - /home/***/.local/lib/python3.12/site-packages/***/task/task_runner/standard_task_runner.py:70: DeprecationWarning: This process (pid=4800) is multi-threaded, use of fork() may lead to deadlocks in the child.
  pid = os.fork()

[2025-07-02T07:24:41.905+0000] {standard_task_runner.py:72} INFO - Started process 4802 to run task
[2025-07-02T07:24:41.906+0000] {standard_task_runner.py:104} INFO - Running: ['***', 'tasks', 'run', 'extract_raw_data_pipeline', 'run_dbt_trusted', 'scheduled__2025-07-02T07:22:00+00:00', '--job-id', '168', '--raw', '--subdir', 'DAGS_FOLDER/driven_data_pipeline.py', '--cfg-path', '/tmp/tmpn0_dghuk']
[2025-07-02T07:24:41.909+0000] {standard_task_runner.py:105} INFO - Job 168: Subtask run_dbt_trusted
[2025-07-02T07:24:42.134+0000] {task_command.py:467} INFO - Running <TaskInstance: extract_raw_data_pipeline.run_dbt_trusted scheduled__2025-07-02T07:22:00+00:00 [running]> on host 48b6d860598d
[2025-07-02T07:24:43.221+0000] {taskinstance.py:3131} INFO - Exporting env vars: AIRFLOW_CTX_DAG_OWNER='***' AIRFLOW_CTX_DAG_ID='extract_raw_data_pipeline' AIRFLOW_CTX_TASK_ID='run_dbt_trusted' AIRFLOW_CTX_EXECUTION_DATE='2025-07-02T07:22:00+00:00' AIRFLOW_CTX_TRY_NUMBER='1' AIRFLOW_CTX_DAG_RUN_ID='scheduled__2025-07-02T07:22:00+00:00'
[2025-07-02T07:24:43.225+0000] {taskinstance.py:731} INFO - ::endgroup::
[2025-07-02T07:24:43.271+0000] {subprocess.py:63} INFO - Tmp dir root location: /tmp
[2025-07-02T07:24:43.272+0000] {subprocess.py:75} INFO - Running command: ['/usr/bin/bash', '-c', 'set -x; cd /opt/***/dbt && dbt run --select tag:trusted']
[2025-07-02T07:24:43.287+0000] {subprocess.py:86} INFO - Output:
[2025-07-02T07:24:43.289+0000] {subprocess.py:93} INFO - + cd /opt/***/dbt
[2025-07-02T07:24:43.289+0000] {subprocess.py:93} INFO - + dbt run --select tag:trusted
[2025-07-02T07:24:46.383+0000] {subprocess.py:93} INFO - [0m07:24:46  Running with dbt=1.8.0
[2025-07-02T07:24:46.718+0000] {subprocess.py:93} INFO - [0m07:24:46  Registered adapter: postgres=1.8.2
[2025-07-02T07:24:47.413+0000] {subprocess.py:93} INFO - [0m07:24:47  Found 9 models, 10 sources, 428 macros
[2025-07-02T07:24:47.416+0000] {subprocess.py:93} INFO - [0m07:24:47
[2025-07-02T07:24:47.647+0000] {subprocess.py:93} INFO - [0m07:24:47  Concurrency: 1 threads (target='dev')
[2025-07-02T07:24:47.648+0000] {subprocess.py:93} INFO - [0m07:24:47
[2025-07-02T07:24:47.662+0000] {subprocess.py:93} INFO - [0m07:24:47  1 of 4 START sql table model driven_trusted.non_pii_data ....................... [RUN]
[2025-07-02T07:25:22.769+0000] {job.py:229} INFO - Heartbeat recovered after 10.70 seconds
[2025-07-02T07:25:34.138+0000] {job.py:229} INFO - Heartbeat recovered after 11.88 seconds
[2025-07-02T07:25:39.990+0000] {job.py:229} INFO - Heartbeat recovered after 12.10 seconds
[2025-07-02T07:25:46.116+0000] {subprocess.py:93} INFO - [0m07:25:46  1 of 4 OK created sql table model driven_trusted.non_pii_data .................. [[32mSELECT 488090[0m in 58.45s]
[2025-07-02T07:25:46.120+0000] {subprocess.py:93} INFO - [0m07:25:46  2 of 4 START sql table model driven_trusted.payment_data ....................... [RUN]
[2025-07-02T07:25:52.736+0000] {subprocess.py:93} INFO - [0m07:25:52  2 of 4 OK created sql table model driven_trusted.payment_data .................. [[32mSELECT 185354[0m in 6.61s]
[2025-07-02T07:25:52.743+0000] {subprocess.py:93} INFO - [0m07:25:52  3 of 4 START sql table model driven_trusted.pii_data ........................... [RUN]
[2025-07-02T07:26:35.896+0000] {job.py:229} INFO - Heartbeat recovered after 10.62 seconds
[2025-07-02T07:26:54.551+0000] {subprocess.py:93} INFO - [0m07:26:54  3 of 4 OK created sql table model driven_trusted.pii_data ...................... [[32mSELECT 488090[0m in 61.80s]
[2025-07-02T07:26:54.557+0000] {subprocess.py:93} INFO - [0m07:26:54  4 of 4 START sql table model driven_trusted.technical_data ..................... [RUN]
[2025-07-02T07:27:02.705+0000] {subprocess.py:93} INFO - [0m07:27:02  4 of 4 OK created sql table model driven_trusted.technical_data ................ [[32mSELECT 185354[0m in 8.14s]
[2025-07-02T07:27:02.724+0000] {subprocess.py:93} INFO - [0m07:27:02
[2025-07-02T07:27:02.725+0000] {subprocess.py:93} INFO - [0m07:27:02  Finished running 4 table models in 0 hours 2 minutes and 15.31 seconds (135.31s).
[2025-07-02T07:27:02.791+0000] {subprocess.py:93} INFO - [0m07:27:02
[2025-07-02T07:27:02.792+0000] {subprocess.py:93} INFO - [0m07:27:02  [32mCompleted successfully[0m
[2025-07-02T07:27:02.793+0000] {subprocess.py:93} INFO - [0m07:27:02
[2025-07-02T07:27:02.794+0000] {subprocess.py:93} INFO - [0m07:27:02  Done. PASS=4 WARN=0 ERROR=0 SKIP=0 TOTAL=4
[2025-07-02T07:27:03.599+0000] {subprocess.py:97} INFO - Command exited with return code 0
[2025-07-02T07:27:04.010+0000] {taskinstance.py:340} INFO - ::group::Post task execution logs
[2025-07-02T07:27:04.012+0000] {taskinstance.py:352} INFO - Marking task as SUCCESS. dag_id=extract_raw_data_pipeline, task_id=run_dbt_trusted, run_id=scheduled__2025-07-02T07:22:00+00:00, execution_date=20250702T072200, start_date=20250702T072441, end_date=20250702T072704
[2025-07-02T07:27:04.211+0000] {local_task_job_runner.py:266} INFO - Task exited with return code 0
[2025-07-02T07:27:04.229+0000] {taskinstance.py:3900} INFO - 0 downstream tasks scheduled from follow-on schedule check
[2025-07-02T07:27:04.487+0000] {local_task_job_runner.py:245} INFO - ::endgroup::
