[2025-07-02T07:33:22.356+0000] {local_task_job_runner.py:123} INFO - ::group::Pre task execution logs
[2025-07-02T07:33:22.386+0000] {taskinstance.py:2612} INFO - Dependencies all met for dep_context=non-requeueable deps ti=<TaskInstance: extract_raw_data_pipeline.run_dbt_trusted scheduled__2025-07-02T07:31:00+00:00 [queued]>
[2025-07-02T07:33:22.404+0000] {taskinstance.py:2612} INFO - Dependencies all met for dep_context=requeueable deps ti=<TaskInstance: extract_raw_data_pipeline.run_dbt_trusted scheduled__2025-07-02T07:31:00+00:00 [queued]>
[2025-07-02T07:33:22.404+0000] {taskinstance.py:2865} INFO - Starting attempt 1 of 1
[2025-07-02T07:33:23.014+0000] {taskinstance.py:2888} INFO - Executing <Task(BashOperator): run_dbt_trusted> on 2025-07-02 07:31:00+00:00
[2025-07-02T07:33:23.039+0000] {warnings.py:112} WARNING - /home/***/.local/lib/python3.12/site-packages/***/task/task_runner/standard_task_runner.py:70: DeprecationWarning: This process (pid=5142) is multi-threaded, use of fork() may lead to deadlocks in the child.
  pid = os.fork()

[2025-07-02T07:33:23.045+0000] {standard_task_runner.py:72} INFO - Started process 5145 to run task
[2025-07-02T07:33:23.048+0000] {standard_task_runner.py:104} INFO - Running: ['***', 'tasks', 'run', 'extract_raw_data_pipeline', 'run_dbt_trusted', 'scheduled__2025-07-02T07:31:00+00:00', '--job-id', '199', '--raw', '--subdir', 'DAGS_FOLDER/driven_data_pipeline.py', '--cfg-path', '/tmp/tmpugiatbwy']
[2025-07-02T07:33:23.053+0000] {standard_task_runner.py:105} INFO - Job 199: Subtask run_dbt_trusted
[2025-07-02T07:33:23.236+0000] {task_command.py:467} INFO - Running <TaskInstance: extract_raw_data_pipeline.run_dbt_trusted scheduled__2025-07-02T07:31:00+00:00 [running]> on host 48b6d860598d
[2025-07-02T07:33:23.683+0000] {taskinstance.py:3131} INFO - Exporting env vars: AIRFLOW_CTX_DAG_OWNER='***' AIRFLOW_CTX_DAG_ID='extract_raw_data_pipeline' AIRFLOW_CTX_TASK_ID='run_dbt_trusted' AIRFLOW_CTX_EXECUTION_DATE='2025-07-02T07:31:00+00:00' AIRFLOW_CTX_TRY_NUMBER='1' AIRFLOW_CTX_DAG_RUN_ID='scheduled__2025-07-02T07:31:00+00:00'
[2025-07-02T07:33:23.688+0000] {taskinstance.py:731} INFO - ::endgroup::
[2025-07-02T07:33:23.736+0000] {subprocess.py:63} INFO - Tmp dir root location: /tmp
[2025-07-02T07:33:23.736+0000] {subprocess.py:75} INFO - Running command: ['/usr/bin/bash', '-c', 'set -x; cd /opt/***/dbt && dbt run --select tag:trusted']
[2025-07-02T07:33:23.750+0000] {subprocess.py:86} INFO - Output:
[2025-07-02T07:33:23.751+0000] {subprocess.py:93} INFO - + cd /opt/***/dbt
[2025-07-02T07:33:23.752+0000] {subprocess.py:93} INFO - + dbt run --select tag:trusted
[2025-07-02T07:33:27.045+0000] {subprocess.py:93} INFO - [0m07:33:27  Running with dbt=1.8.0
[2025-07-02T07:33:27.501+0000] {subprocess.py:93} INFO - [0m07:33:27  Registered adapter: postgres=1.8.2
[2025-07-02T07:33:28.309+0000] {subprocess.py:93} INFO - [0m07:33:28  Found 9 models, 10 sources, 428 macros
[2025-07-02T07:33:28.313+0000] {subprocess.py:93} INFO - [0m07:33:28
[2025-07-02T07:33:28.558+0000] {subprocess.py:93} INFO - [0m07:33:28  Concurrency: 1 threads (target='dev')
[2025-07-02T07:33:28.559+0000] {subprocess.py:93} INFO - [0m07:33:28
[2025-07-02T07:33:28.574+0000] {subprocess.py:93} INFO - [0m07:33:28  1 of 4 START sql table model driven_trusted.non_pii_data ....................... [RUN]
[2025-07-02T07:34:19.505+0000] {subprocess.py:93} INFO - [0m07:34:19  1 of 4 OK created sql table model driven_trusted.non_pii_data .................. [[32mSELECT 556466[0m in 50.93s]
[2025-07-02T07:34:19.510+0000] {subprocess.py:93} INFO - [0m07:34:19  2 of 4 START sql table model driven_trusted.payment_data ....................... [RUN]
[2025-07-02T07:34:23.812+0000] {subprocess.py:93} INFO - [0m07:34:23  2 of 4 OK created sql table model driven_trusted.payment_data .................. [[32mSELECT 253730[0m in 4.29s]
[2025-07-02T07:34:23.828+0000] {subprocess.py:93} INFO - [0m07:34:23  3 of 4 START sql table model driven_trusted.pii_data ........................... [RUN]
[2025-07-02T07:35:07.837+0000] {subprocess.py:93} INFO - [0m07:35:07  3 of 4 OK created sql table model driven_trusted.pii_data ...................... [[32mSELECT 556466[0m in 44.01s]
[2025-07-02T07:35:07.842+0000] {subprocess.py:93} INFO - [0m07:35:07  4 of 4 START sql table model driven_trusted.technical_data ..................... [RUN]
[2025-07-02T07:35:22.017+0000] {subprocess.py:93} INFO - [0m07:35:22  4 of 4 OK created sql table model driven_trusted.technical_data ................ [[32mSELECT 253730[0m in 14.17s]
[2025-07-02T07:35:22.038+0000] {subprocess.py:93} INFO - [0m07:35:22
[2025-07-02T07:35:22.039+0000] {subprocess.py:93} INFO - [0m07:35:22  Finished running 4 table models in 0 hours 1 minutes and 53.72 seconds (113.72s).
[2025-07-02T07:35:22.164+0000] {subprocess.py:93} INFO - [0m07:35:22
[2025-07-02T07:35:22.166+0000] {subprocess.py:93} INFO - [0m07:35:22  [32mCompleted successfully[0m
[2025-07-02T07:35:22.168+0000] {subprocess.py:93} INFO - [0m07:35:22
[2025-07-02T07:35:22.172+0000] {subprocess.py:93} INFO - [0m07:35:22  Done. PASS=4 WARN=0 ERROR=0 SKIP=0 TOTAL=4
[2025-07-02T07:35:22.962+0000] {subprocess.py:97} INFO - Command exited with return code 0
[2025-07-02T07:35:24.045+0000] {taskinstance.py:340} INFO - ::group::Post task execution logs
[2025-07-02T07:35:24.046+0000] {taskinstance.py:352} INFO - Marking task as SUCCESS. dag_id=extract_raw_data_pipeline, task_id=run_dbt_trusted, run_id=scheduled__2025-07-02T07:31:00+00:00, execution_date=20250702T073100, start_date=20250702T073322, end_date=20250702T073524
[2025-07-02T07:35:24.422+0000] {local_task_job_runner.py:266} INFO - Task exited with return code 0
[2025-07-02T07:35:24.476+0000] {taskinstance.py:3900} INFO - 0 downstream tasks scheduled from follow-on schedule check
[2025-07-02T07:35:24.606+0000] {local_task_job_runner.py:245} INFO - ::endgroup::
