[2025-07-02T07:15:13.698+0000] {local_task_job_runner.py:123} INFO - ::group::Pre task execution logs
[2025-07-02T07:15:13.715+0000] {taskinstance.py:2612} INFO - Dependencies all met for dep_context=non-requeueable deps ti=<TaskInstance: extract_raw_data_pipeline.run_dbt_staging scheduled__2025-07-02T07:14:00+00:00 [queued]>
[2025-07-02T07:15:13.724+0000] {taskinstance.py:2612} INFO - Dependencies all met for dep_context=requeueable deps ti=<TaskInstance: extract_raw_data_pipeline.run_dbt_staging scheduled__2025-07-02T07:14:00+00:00 [queued]>
[2025-07-02T07:15:13.725+0000] {taskinstance.py:2865} INFO - Starting attempt 1 of 1
[2025-07-02T07:15:14.247+0000] {taskinstance.py:2888} INFO - Executing <Task(BashOperator): run_dbt_staging> on 2025-07-02 07:14:00+00:00
[2025-07-02T07:15:14.266+0000] {warnings.py:112} WARNING - /home/***/.local/lib/python3.12/site-packages/***/task/task_runner/standard_task_runner.py:70: DeprecationWarning: This process (pid=4361) is multi-threaded, use of fork() may lead to deadlocks in the child.
  pid = os.fork()

[2025-07-02T07:15:14.269+0000] {standard_task_runner.py:72} INFO - Started process 4363 to run task
[2025-07-02T07:15:14.270+0000] {standard_task_runner.py:104} INFO - Running: ['***', 'tasks', 'run', 'extract_raw_data_pipeline', 'run_dbt_staging', 'scheduled__2025-07-02T07:14:00+00:00', '--job-id', '129', '--raw', '--subdir', 'DAGS_FOLDER/driven_data_pipeline.py', '--cfg-path', '/tmp/tmp418ccig6']
[2025-07-02T07:15:14.271+0000] {standard_task_runner.py:105} INFO - Job 129: Subtask run_dbt_staging
[2025-07-02T07:15:14.397+0000] {task_command.py:467} INFO - Running <TaskInstance: extract_raw_data_pipeline.run_dbt_staging scheduled__2025-07-02T07:14:00+00:00 [running]> on host 48b6d860598d
[2025-07-02T07:15:14.637+0000] {taskinstance.py:3131} INFO - Exporting env vars: AIRFLOW_CTX_DAG_OWNER='***' AIRFLOW_CTX_DAG_ID='extract_raw_data_pipeline' AIRFLOW_CTX_TASK_ID='run_dbt_staging' AIRFLOW_CTX_EXECUTION_DATE='2025-07-02T07:14:00+00:00' AIRFLOW_CTX_TRY_NUMBER='1' AIRFLOW_CTX_DAG_RUN_ID='scheduled__2025-07-02T07:14:00+00:00'
[2025-07-02T07:15:14.640+0000] {taskinstance.py:731} INFO - ::endgroup::
[2025-07-02T07:15:14.684+0000] {subprocess.py:63} INFO - Tmp dir root location: /tmp
[2025-07-02T07:15:14.684+0000] {subprocess.py:75} INFO - Running command: ['/usr/bin/bash', '-c', 'set -x; cd /opt/***/dbt && dbt run --select tag:staging']
[2025-07-02T07:15:14.698+0000] {subprocess.py:86} INFO - Output:
[2025-07-02T07:15:14.700+0000] {subprocess.py:93} INFO - + cd /opt/***/dbt
[2025-07-02T07:15:14.701+0000] {subprocess.py:93} INFO - + dbt run --select tag:staging
[2025-07-02T07:15:17.337+0000] {subprocess.py:93} INFO - [0m07:15:17  Running with dbt=1.8.0
[2025-07-02T07:15:17.626+0000] {subprocess.py:93} INFO - [0m07:15:17  Registered adapter: postgres=1.8.2
[2025-07-02T07:15:18.113+0000] {subprocess.py:93} INFO - [0m07:15:18  Found 9 models, 10 sources, 428 macros
[2025-07-02T07:15:18.117+0000] {subprocess.py:93} INFO - [0m07:15:18
[2025-07-02T07:15:18.264+0000] {subprocess.py:93} INFO - [0m07:15:18  Concurrency: 1 threads (target='dev')
[2025-07-02T07:15:18.265+0000] {subprocess.py:93} INFO - [0m07:15:18
[2025-07-02T07:15:18.282+0000] {subprocess.py:93} INFO - [0m07:15:18  1 of 5 START sql table model driven_staging.dim_address ........................ [RUN]
[2025-07-02T07:15:23.562+0000] {subprocess.py:93} INFO - [0m07:15:23  1 of 5 OK created sql table model driven_staging.dim_address ................... [[32mSELECT 92840[0m in 5.27s]
[2025-07-02T07:15:23.571+0000] {subprocess.py:93} INFO - [0m07:15:23  2 of 5 START sql table model driven_staging.dim_date ........................... [RUN]
[2025-07-02T07:15:24.930+0000] {subprocess.py:93} INFO - [0m07:15:24  2 of 5 OK created sql table model driven_staging.dim_date ...................... [[32mSELECT 92840[0m in 1.35s]
[2025-07-02T07:15:24.935+0000] {subprocess.py:93} INFO - [0m07:15:24  3 of 5 START sql table model driven_staging.dim_finance ........................ [RUN]
[2025-07-02T07:15:26.392+0000] {subprocess.py:93} INFO - [0m07:15:26  3 of 5 OK created sql table model driven_staging.dim_finance ................... [[32mSELECT 92840[0m in 1.46s]
[2025-07-02T07:15:26.397+0000] {subprocess.py:93} INFO - [0m07:15:26  4 of 5 START sql table model driven_staging.dim_person ......................... [RUN]
[2025-07-02T07:15:28.582+0000] {subprocess.py:93} INFO - [0m07:15:28  4 of 5 OK created sql table model driven_staging.dim_person .................... [[32mSELECT 92840[0m in 2.18s]
[2025-07-02T07:15:28.588+0000] {subprocess.py:93} INFO - [0m07:15:28  5 of 5 START sql table model driven_staging.fact_network_usage ................. [RUN]
[2025-07-02T07:15:29.714+0000] {subprocess.py:93} INFO - [0m07:15:29  5 of 5 OK created sql table model driven_staging.fact_network_usage ............ [[32mSELECT 92840[0m in 1.12s]
[2025-07-02T07:15:29.737+0000] {subprocess.py:93} INFO - [0m07:15:29
[2025-07-02T07:15:29.738+0000] {subprocess.py:93} INFO - [0m07:15:29  Finished running 5 table models in 0 hours 0 minutes and 11.62 seconds (11.62s).
[2025-07-02T07:15:29.787+0000] {subprocess.py:93} INFO - [0m07:15:29
[2025-07-02T07:15:29.787+0000] {subprocess.py:93} INFO - [0m07:15:29  [32mCompleted successfully[0m
[2025-07-02T07:15:29.788+0000] {subprocess.py:93} INFO - [0m07:15:29
[2025-07-02T07:15:29.788+0000] {subprocess.py:93} INFO - [0m07:15:29  Done. PASS=5 WARN=0 ERROR=0 SKIP=0 TOTAL=5
[2025-07-02T07:15:30.636+0000] {subprocess.py:97} INFO - Command exited with return code 0
[2025-07-02T07:15:30.698+0000] {taskinstance.py:340} INFO - ::group::Post task execution logs
[2025-07-02T07:15:30.699+0000] {taskinstance.py:352} INFO - Marking task as SUCCESS. dag_id=extract_raw_data_pipeline, task_id=run_dbt_staging, run_id=scheduled__2025-07-02T07:14:00+00:00, execution_date=20250702T071400, start_date=20250702T071513, end_date=20250702T071530
[2025-07-02T07:15:31.101+0000] {local_task_job_runner.py:266} INFO - Task exited with return code 0
[2025-07-02T07:15:31.129+0000] {taskinstance.py:3900} INFO - 1 downstream tasks scheduled from follow-on schedule check
[2025-07-02T07:15:31.162+0000] {local_task_job_runner.py:245} INFO - ::endgroup::
