[2025-07-02T07:00:16.154+0000] {local_task_job_runner.py:123} INFO - ::group::Pre task execution logs
[2025-07-02T07:00:16.172+0000] {taskinstance.py:2612} INFO - Dependencies all met for dep_context=non-requeueable deps ti=<TaskInstance: extract_raw_data_pipeline.run_dbt_trusted scheduled__2025-07-01T07:59:00+00:00 [queued]>
[2025-07-02T07:00:16.182+0000] {taskinstance.py:2612} INFO - Dependencies all met for dep_context=requeueable deps ti=<TaskInstance: extract_raw_data_pipeline.run_dbt_trusted scheduled__2025-07-01T07:59:00+00:00 [queued]>
[2025-07-02T07:00:16.183+0000] {taskinstance.py:2865} INFO - Starting attempt 1 of 1
[2025-07-02T07:00:16.333+0000] {taskinstance.py:2888} INFO - Executing <Task(BashOperator): run_dbt_trusted> on 2025-07-01 07:59:00+00:00
[2025-07-02T07:00:16.362+0000] {warnings.py:112} WARNING - /home/***/.local/lib/python3.12/site-packages/***/task/task_runner/standard_task_runner.py:70: DeprecationWarning: This process (pid=3474) is multi-threaded, use of fork() may lead to deadlocks in the child.
  pid = os.fork()

[2025-07-02T07:00:16.366+0000] {standard_task_runner.py:72} INFO - Started process 3476 to run task
[2025-07-02T07:00:16.368+0000] {standard_task_runner.py:104} INFO - Running: ['***', 'tasks', 'run', 'extract_raw_data_pipeline', 'run_dbt_trusted', 'scheduled__2025-07-01T07:59:00+00:00', '--job-id', '40', '--raw', '--subdir', 'DAGS_FOLDER/driven_data_pipeline.py', '--cfg-path', '/tmp/tmpn9mjr4_m']
[2025-07-02T07:00:16.371+0000] {standard_task_runner.py:105} INFO - Job 40: Subtask run_dbt_trusted
[2025-07-02T07:00:16.601+0000] {task_command.py:467} INFO - Running <TaskInstance: extract_raw_data_pipeline.run_dbt_trusted scheduled__2025-07-01T07:59:00+00:00 [running]> on host 48b6d860598d
[2025-07-02T07:00:16.812+0000] {taskinstance.py:3131} INFO - Exporting env vars: AIRFLOW_CTX_DAG_OWNER='***' AIRFLOW_CTX_DAG_ID='extract_raw_data_pipeline' AIRFLOW_CTX_TASK_ID='run_dbt_trusted' AIRFLOW_CTX_EXECUTION_DATE='2025-07-01T07:59:00+00:00' AIRFLOW_CTX_TRY_NUMBER='1' AIRFLOW_CTX_DAG_RUN_ID='scheduled__2025-07-01T07:59:00+00:00'
[2025-07-02T07:00:16.813+0000] {taskinstance.py:731} INFO - ::endgroup::
[2025-07-02T07:00:16.835+0000] {subprocess.py:63} INFO - Tmp dir root location: /tmp
[2025-07-02T07:00:16.835+0000] {subprocess.py:75} INFO - Running command: ['/usr/bin/bash', '-c', 'set -x; cd /opt/***/dbt && dbt run --select tag:trusted']
[2025-07-02T07:00:16.851+0000] {subprocess.py:86} INFO - Output:
[2025-07-02T07:00:16.852+0000] {subprocess.py:93} INFO - + cd /opt/***/dbt
[2025-07-02T07:00:16.853+0000] {subprocess.py:93} INFO - + dbt run --select tag:trusted
[2025-07-02T07:00:19.643+0000] {subprocess.py:93} INFO - [0m07:00:19  Running with dbt=1.8.0
[2025-07-02T07:00:19.983+0000] {subprocess.py:93} INFO - [0m07:00:19  Registered adapter: postgres=1.8.2
[2025-07-02T07:00:20.454+0000] {subprocess.py:93} INFO - [0m07:00:20  Found 9 models, 10 sources, 428 macros
[2025-07-02T07:00:20.458+0000] {subprocess.py:93} INFO - [0m07:00:20
[2025-07-02T07:00:20.597+0000] {subprocess.py:93} INFO - [0m07:00:20  Concurrency: 1 threads (target='dev')
[2025-07-02T07:00:20.598+0000] {subprocess.py:93} INFO - [0m07:00:20
[2025-07-02T07:00:20.612+0000] {subprocess.py:93} INFO - [0m07:00:20  1 of 4 START sql table model driven_trusted.non_pii_data ....................... [RUN]
[2025-07-02T07:00:24.054+0000] {subprocess.py:93} INFO - [0m07:00:24  1 of 4 OK created sql table model driven_trusted.non_pii_data .................. [[32mSELECT 8403[0m in 3.44s]
[2025-07-02T07:00:24.057+0000] {subprocess.py:93} INFO - [0m07:00:24  2 of 4 START sql table model driven_trusted.payment_data ....................... [RUN]
[2025-07-02T07:00:24.543+0000] {subprocess.py:93} INFO - [0m07:00:24  2 of 4 OK created sql table model driven_trusted.payment_data .................. [[32mSELECT 8403[0m in 0.48s]
[2025-07-02T07:00:24.553+0000] {subprocess.py:93} INFO - [0m07:00:24  3 of 4 START sql table model driven_trusted.pii_data ........................... [RUN]
[2025-07-02T07:00:25.434+0000] {subprocess.py:93} INFO - [0m07:00:25  3 of 4 OK created sql table model driven_trusted.pii_data ...................... [[32mSELECT 8403[0m in 0.88s]
[2025-07-02T07:00:25.438+0000] {subprocess.py:93} INFO - [0m07:00:25  4 of 4 START sql table model driven_trusted.technical_data ..................... [RUN]
[2025-07-02T07:00:25.898+0000] {subprocess.py:93} INFO - [0m07:00:25  4 of 4 OK created sql table model driven_trusted.technical_data ................ [[32mSELECT 8403[0m in 0.45s]
[2025-07-02T07:00:25.932+0000] {subprocess.py:93} INFO - [0m07:00:25
[2025-07-02T07:00:25.932+0000] {subprocess.py:93} INFO - [0m07:00:25  Finished running 4 table models in 0 hours 0 minutes and 5.47 seconds (5.47s).
[2025-07-02T07:00:26.024+0000] {subprocess.py:93} INFO - [0m07:00:26
[2025-07-02T07:00:26.025+0000] {subprocess.py:93} INFO - [0m07:00:26  [32mCompleted successfully[0m
[2025-07-02T07:00:26.025+0000] {subprocess.py:93} INFO - [0m07:00:26
[2025-07-02T07:00:26.026+0000] {subprocess.py:93} INFO - [0m07:00:26  Done. PASS=4 WARN=0 ERROR=0 SKIP=0 TOTAL=4
[2025-07-02T07:00:26.736+0000] {subprocess.py:97} INFO - Command exited with return code 0
[2025-07-02T07:00:26.799+0000] {taskinstance.py:340} INFO - ::group::Post task execution logs
[2025-07-02T07:00:26.799+0000] {taskinstance.py:352} INFO - Marking task as SUCCESS. dag_id=extract_raw_data_pipeline, task_id=run_dbt_trusted, run_id=scheduled__2025-07-01T07:59:00+00:00, execution_date=20250701T075900, start_date=20250702T070016, end_date=20250702T070026
[2025-07-02T07:00:26.905+0000] {local_task_job_runner.py:266} INFO - Task exited with return code 0
[2025-07-02T07:00:26.949+0000] {taskinstance.py:3900} INFO - 0 downstream tasks scheduled from follow-on schedule check
[2025-07-02T07:00:26.999+0000] {local_task_job_runner.py:245} INFO - ::endgroup::
