[2025-07-02T07:44:44.591+0000] {local_task_job_runner.py:123} INFO - ::group::Pre task execution logs
[2025-07-02T07:44:44.613+0000] {taskinstance.py:2612} INFO - Dependencies all met for dep_context=non-requeueable deps ti=<TaskInstance: extract_raw_data_pipeline.run_dbt_trusted scheduled__2025-07-02T07:40:00+00:00 [queued]>
[2025-07-02T07:44:44.623+0000] {taskinstance.py:2612} INFO - Dependencies all met for dep_context=requeueable deps ti=<TaskInstance: extract_raw_data_pipeline.run_dbt_trusted scheduled__2025-07-02T07:40:00+00:00 [queued]>
[2025-07-02T07:44:44.623+0000] {taskinstance.py:2865} INFO - Starting attempt 1 of 1
[2025-07-02T07:44:45.117+0000] {taskinstance.py:2888} INFO - Executing <Task(BashOperator): run_dbt_trusted> on 2025-07-02 07:40:00+00:00
[2025-07-02T07:44:45.127+0000] {warnings.py:112} WARNING - /home/***/.local/lib/python3.12/site-packages/***/task/task_runner/standard_task_runner.py:70: DeprecationWarning: This process (pid=5566) is multi-threaded, use of fork() may lead to deadlocks in the child.
  pid = os.fork()

[2025-07-02T07:44:45.129+0000] {standard_task_runner.py:72} INFO - Started process 5574 to run task
[2025-07-02T07:44:45.132+0000] {standard_task_runner.py:104} INFO - Running: ['***', 'tasks', 'run', 'extract_raw_data_pipeline', 'run_dbt_trusted', 'scheduled__2025-07-02T07:40:00+00:00', '--job-id', '236', '--raw', '--subdir', 'DAGS_FOLDER/driven_data_pipeline.py', '--cfg-path', '/tmp/tmpo6z3rspc']
[2025-07-02T07:44:45.134+0000] {standard_task_runner.py:105} INFO - Job 236: Subtask run_dbt_trusted
[2025-07-02T07:44:45.554+0000] {task_command.py:467} INFO - Running <TaskInstance: extract_raw_data_pipeline.run_dbt_trusted scheduled__2025-07-02T07:40:00+00:00 [running]> on host 48b6d860598d
[2025-07-02T07:44:46.635+0000] {taskinstance.py:3131} INFO - Exporting env vars: AIRFLOW_CTX_DAG_OWNER='***' AIRFLOW_CTX_DAG_ID='extract_raw_data_pipeline' AIRFLOW_CTX_TASK_ID='run_dbt_trusted' AIRFLOW_CTX_EXECUTION_DATE='2025-07-02T07:40:00+00:00' AIRFLOW_CTX_TRY_NUMBER='1' AIRFLOW_CTX_DAG_RUN_ID='scheduled__2025-07-02T07:40:00+00:00'
[2025-07-02T07:44:46.641+0000] {taskinstance.py:731} INFO - ::endgroup::
[2025-07-02T07:44:47.024+0000] {subprocess.py:63} INFO - Tmp dir root location: /tmp
[2025-07-02T07:44:48.011+0000] {subprocess.py:75} INFO - Running command: ['/usr/bin/bash', '-c', 'set -x; cd /opt/***/dbt && dbt run --select tag:trusted']
[2025-07-02T07:44:50.116+0000] {subprocess.py:86} INFO - Output:
[2025-07-02T07:44:50.116+0000] {subprocess.py:93} INFO - + cd /opt/***/dbt
[2025-07-02T07:44:50.117+0000] {subprocess.py:93} INFO - + dbt run --select tag:trusted
[2025-07-02T07:44:53.417+0000] {subprocess.py:93} INFO - [0m07:44:53  Running with dbt=1.8.0
[2025-07-02T07:44:53.784+0000] {subprocess.py:93} INFO - [0m07:44:53  Registered adapter: postgres=1.8.2
[2025-07-02T07:44:54.919+0000] {subprocess.py:93} INFO - [0m07:44:54  Found 9 models, 10 sources, 428 macros
[2025-07-02T07:44:54.925+0000] {subprocess.py:93} INFO - [0m07:44:54
[2025-07-02T07:44:55.139+0000] {subprocess.py:93} INFO - [0m07:44:55  Concurrency: 1 threads (target='dev')
[2025-07-02T07:44:55.139+0000] {subprocess.py:93} INFO - [0m07:44:55
[2025-07-02T07:44:55.157+0000] {subprocess.py:93} INFO - [0m07:44:55  1 of 4 START sql table model driven_trusted.non_pii_data ....................... [RUN]
[2025-07-02T07:46:26.788+0000] {subprocess.py:93} INFO - [0m07:46:26  1 of 4 OK created sql table model driven_trusted.non_pii_data .................. [[32mSELECT 659024[0m in 91.63s]
[2025-07-02T07:46:26.791+0000] {subprocess.py:93} INFO - [0m07:46:26  2 of 4 START sql table model driven_trusted.payment_data ....................... [RUN]
[2025-07-02T07:46:44.942+0000] {subprocess.py:93} INFO - [0m07:46:44  2 of 4 OK created sql table model driven_trusted.payment_data .................. [[32mSELECT 356288[0m in 18.15s]
[2025-07-02T07:46:44.946+0000] {subprocess.py:93} INFO - [0m07:46:44  3 of 4 START sql table model driven_trusted.pii_data ........................... [RUN]
[2025-07-02T16:19:31.741+0000] {job.py:229} INFO - Heartbeat recovered after 30746.24 seconds
[2025-07-02T16:19:38.933+0000] {job.py:229} INFO - Heartbeat recovered after 12.41 seconds
[2025-07-02T16:22:30.850+0000] {subprocess.py:93} INFO - [0m16:22:30  3 of 4 OK created sql table model driven_trusted.pii_data ...................... [[32mSELECT 659024[0m in 30945.90s]
[2025-07-02T16:22:30.855+0000] {subprocess.py:93} INFO - [0m16:22:30  4 of 4 START sql table model driven_trusted.technical_data ..................... [RUN]
[2025-07-02T16:22:44.026+0000] {subprocess.py:93} INFO - [0m16:22:44  4 of 4 OK created sql table model driven_trusted.technical_data ................ [[32mSELECT 356288[0m in 13.17s]
[2025-07-02T16:22:44.044+0000] {subprocess.py:93} INFO - [0m16:22:44
[2025-07-02T16:22:44.044+0000] {subprocess.py:93} INFO - [0m16:22:44  Finished running 4 table models in 8 hours 37 minutes and 49.12 seconds (31069.12s).
[2025-07-02T16:22:44.107+0000] {subprocess.py:93} INFO - [0m16:22:44
[2025-07-02T16:22:44.107+0000] {subprocess.py:93} INFO - [0m16:22:44  [32mCompleted successfully[0m
[2025-07-02T16:22:44.108+0000] {subprocess.py:93} INFO - [0m16:22:44
[2025-07-02T16:22:44.109+0000] {subprocess.py:93} INFO - [0m16:22:44  Done. PASS=4 WARN=0 ERROR=0 SKIP=0 TOTAL=4
[2025-07-02T16:22:45.112+0000] {subprocess.py:97} INFO - Command exited with return code 0
[2025-07-02T16:22:47.768+0000] {taskinstance.py:340} INFO - ::group::Post task execution logs
[2025-07-02T16:22:47.768+0000] {taskinstance.py:352} INFO - Marking task as SUCCESS. dag_id=extract_raw_data_pipeline, task_id=run_dbt_trusted, run_id=scheduled__2025-07-02T07:40:00+00:00, execution_date=20250702T074000, start_date=20250702T074444, end_date=20250702T162247
[2025-07-02T16:22:48.287+0000] {local_task_job_runner.py:266} INFO - Task exited with return code 0
[2025-07-02T16:22:48.522+0000] {taskinstance.py:3900} INFO - 0 downstream tasks scheduled from follow-on schedule check
[2025-07-02T16:22:49.352+0000] {local_task_job_runner.py:245} INFO - ::endgroup::
