[2025-07-01T22:00:35.610+0000] {local_task_job_runner.py:123} INFO - ::group::Pre task execution logs
[2025-07-01T22:00:35.633+0000] {taskinstance.py:2612} INFO - Dependencies all met for dep_context=non-requeueable deps ti=<TaskInstance: extract_raw_data_pipeline.run_dbt_staging manual__2025-07-01T22:00:25.191045+00:00 [queued]>
[2025-07-01T22:00:35.645+0000] {taskinstance.py:2612} INFO - Dependencies all met for dep_context=requeueable deps ti=<TaskInstance: extract_raw_data_pipeline.run_dbt_staging manual__2025-07-01T22:00:25.191045+00:00 [queued]>
[2025-07-01T22:00:35.646+0000] {taskinstance.py:2865} INFO - Starting attempt 1 of 1
[2025-07-01T22:00:35.681+0000] {taskinstance.py:2888} INFO - Executing <Task(BashOperator): run_dbt_staging> on 2025-07-01 22:00:25.191045+00:00
[2025-07-01T22:00:35.690+0000] {warnings.py:112} WARNING - /home/***/.local/lib/python3.12/site-packages/***/task/task_runner/standard_task_runner.py:70: DeprecationWarning: This process (pid=360) is multi-threaded, use of fork() may lead to deadlocks in the child.
  pid = os.fork()

[2025-07-01T22:00:35.691+0000] {standard_task_runner.py:72} INFO - Started process 362 to run task
[2025-07-01T22:00:35.693+0000] {standard_task_runner.py:104} INFO - Running: ['***', 'tasks', 'run', 'extract_raw_data_pipeline', 'run_dbt_staging', 'manual__2025-07-01T22:00:25.191045+00:00', '--job-id', '21', '--raw', '--subdir', 'DAGS_FOLDER/driven_data_pipeline.py', '--cfg-path', '/tmp/tmp2u_gi03u']
[2025-07-01T22:00:35.694+0000] {standard_task_runner.py:105} INFO - Job 21: Subtask run_dbt_staging
[2025-07-01T22:00:35.813+0000] {task_command.py:467} INFO - Running <TaskInstance: extract_raw_data_pipeline.run_dbt_staging manual__2025-07-01T22:00:25.191045+00:00 [running]> on host c163bf459d7a
[2025-07-01T22:00:36.062+0000] {taskinstance.py:3131} INFO - Exporting env vars: AIRFLOW_CTX_DAG_OWNER='***' AIRFLOW_CTX_DAG_ID='extract_raw_data_pipeline' AIRFLOW_CTX_TASK_ID='run_dbt_staging' AIRFLOW_CTX_EXECUTION_DATE='2025-07-01T22:00:25.191045+00:00' AIRFLOW_CTX_TRY_NUMBER='1' AIRFLOW_CTX_DAG_RUN_ID='manual__2025-07-01T22:00:25.191045+00:00'
[2025-07-01T22:00:36.063+0000] {taskinstance.py:731} INFO - ::endgroup::
[2025-07-01T22:00:36.079+0000] {subprocess.py:63} INFO - Tmp dir root location: /tmp
[2025-07-01T22:00:36.080+0000] {subprocess.py:75} INFO - Running command: ['/usr/bin/bash', '-c', 'set -x; cd /opt/***/dbt && dbt run --select tag:staging']
[2025-07-01T22:00:36.095+0000] {subprocess.py:86} INFO - Output:
[2025-07-01T22:00:36.097+0000] {subprocess.py:93} INFO - + cd /opt/***/dbt
[2025-07-01T22:00:36.098+0000] {subprocess.py:93} INFO - + dbt run --select tag:staging
[2025-07-01T22:00:47.127+0000] {subprocess.py:93} INFO - [0m22:00:47  Running with dbt=1.8.0
[2025-07-01T22:00:48.413+0000] {subprocess.py:93} INFO - [0m22:00:48  Registered adapter: postgres=1.8.2
[2025-07-01T22:00:49.574+0000] {subprocess.py:93} INFO - [0m22:00:49  Found 9 models, 10 sources, 428 macros
[2025-07-01T22:00:49.577+0000] {subprocess.py:93} INFO - [0m22:00:49
[2025-07-01T22:00:50.202+0000] {subprocess.py:93} INFO - [0m22:00:50  Concurrency: 1 threads (target='dev')
[2025-07-01T22:00:50.203+0000] {subprocess.py:93} INFO - [0m22:00:50
[2025-07-01T22:00:50.218+0000] {subprocess.py:93} INFO - [0m22:00:50  1 of 5 START sql table model driven_staging.dim_address ........................ [RUN]
[2025-07-01T22:00:50.510+0000] {subprocess.py:93} INFO - [0m22:00:50  1 of 5 OK created sql table model driven_staging.dim_address ................... [[32mSELECT 508[0m in 0.29s]
[2025-07-01T22:00:50.512+0000] {subprocess.py:93} INFO - [0m22:00:50  2 of 5 START sql table model driven_staging.dim_date ........................... [RUN]
[2025-07-01T22:00:50.814+0000] {subprocess.py:93} INFO - [0m22:00:50  2 of 5 OK created sql table model driven_staging.dim_date ...................... [[32mSELECT 508[0m in 0.30s]
[2025-07-01T22:00:50.817+0000] {subprocess.py:93} INFO - [0m22:00:50  3 of 5 START sql table model driven_staging.dim_finance ........................ [RUN]
[2025-07-01T22:00:51.082+0000] {subprocess.py:93} INFO - [0m22:00:51  3 of 5 OK created sql table model driven_staging.dim_finance ................... [[32mSELECT 508[0m in 0.26s]
[2025-07-01T22:00:51.086+0000] {subprocess.py:93} INFO - [0m22:00:51  4 of 5 START sql table model driven_staging.dim_person ......................... [RUN]
[2025-07-01T22:00:51.578+0000] {subprocess.py:93} INFO - [0m22:00:51  4 of 5 OK created sql table model driven_staging.dim_person .................... [[32mSELECT 508[0m in 0.49s]
[2025-07-01T22:00:51.581+0000] {subprocess.py:93} INFO - [0m22:00:51  5 of 5 START sql table model driven_staging.fact_network_usage ................. [RUN]
[2025-07-01T22:00:51.694+0000] {subprocess.py:93} INFO - [0m22:00:51  5 of 5 OK created sql table model driven_staging.fact_network_usage ............ [[32mSELECT 508[0m in 0.10s]
[2025-07-01T22:00:51.725+0000] {subprocess.py:93} INFO - [0m22:00:51
[2025-07-01T22:00:51.727+0000] {subprocess.py:93} INFO - [0m22:00:51  Finished running 5 table models in 0 hours 0 minutes and 2.15 seconds (2.15s).
[2025-07-01T22:00:51.780+0000] {subprocess.py:93} INFO - [0m22:00:51
[2025-07-01T22:00:51.781+0000] {subprocess.py:93} INFO - [0m22:00:51  [32mCompleted successfully[0m
[2025-07-01T22:00:51.782+0000] {subprocess.py:93} INFO - [0m22:00:51
[2025-07-01T22:00:51.783+0000] {subprocess.py:93} INFO - [0m22:00:51  Done. PASS=5 WARN=0 ERROR=0 SKIP=0 TOTAL=5
[2025-07-01T22:00:54.147+0000] {subprocess.py:97} INFO - Command exited with return code 0
[2025-07-01T22:00:54.191+0000] {taskinstance.py:340} INFO - ::group::Post task execution logs
[2025-07-01T22:00:54.192+0000] {taskinstance.py:352} INFO - Marking task as SUCCESS. dag_id=extract_raw_data_pipeline, task_id=run_dbt_staging, run_id=manual__2025-07-01T22:00:25.191045+00:00, execution_date=20250701T220025, start_date=20250701T220035, end_date=20250701T220054
[2025-07-01T22:00:54.287+0000] {local_task_job_runner.py:266} INFO - Task exited with return code 0
[2025-07-01T22:00:54.337+0000] {taskinstance.py:3900} INFO - 1 downstream tasks scheduled from follow-on schedule check
[2025-07-01T22:00:54.370+0000] {local_task_job_runner.py:245} INFO - ::endgroup::
