[2025-07-02T07:16:31.209+0000] {local_task_job_runner.py:123} INFO - ::group::Pre task execution logs
[2025-07-02T07:16:31.231+0000] {taskinstance.py:2612} INFO - Dependencies all met for dep_context=non-requeueable deps ti=<TaskInstance: extract_raw_data_pipeline.run_dbt_staging scheduled__2025-07-02T07:15:00+00:00 [queued]>
[2025-07-02T07:16:31.241+0000] {taskinstance.py:2612} INFO - Dependencies all met for dep_context=requeueable deps ti=<TaskInstance: extract_raw_data_pipeline.run_dbt_staging scheduled__2025-07-02T07:15:00+00:00 [queued]>
[2025-07-02T07:16:31.241+0000] {taskinstance.py:2865} INFO - Starting attempt 1 of 1
[2025-07-02T07:16:32.028+0000] {taskinstance.py:2888} INFO - Executing <Task(BashOperator): run_dbt_staging> on 2025-07-02 07:15:00+00:00
[2025-07-02T07:16:32.053+0000] {warnings.py:112} WARNING - /home/***/.local/lib/python3.12/site-packages/***/task/task_runner/standard_task_runner.py:70: DeprecationWarning: This process (pid=4430) is multi-threaded, use of fork() may lead to deadlocks in the child.
  pid = os.fork()

[2025-07-02T07:16:32.058+0000] {standard_task_runner.py:72} INFO - Started process 4432 to run task
[2025-07-02T07:16:32.061+0000] {standard_task_runner.py:104} INFO - Running: ['***', 'tasks', 'run', 'extract_raw_data_pipeline', 'run_dbt_staging', 'scheduled__2025-07-02T07:15:00+00:00', '--job-id', '135', '--raw', '--subdir', 'DAGS_FOLDER/driven_data_pipeline.py', '--cfg-path', '/tmp/tmpftbcbvzx']
[2025-07-02T07:16:32.066+0000] {standard_task_runner.py:105} INFO - Job 135: Subtask run_dbt_staging
[2025-07-02T07:16:32.318+0000] {task_command.py:467} INFO - Running <TaskInstance: extract_raw_data_pipeline.run_dbt_staging scheduled__2025-07-02T07:15:00+00:00 [running]> on host 48b6d860598d
[2025-07-02T07:16:32.584+0000] {taskinstance.py:3131} INFO - Exporting env vars: AIRFLOW_CTX_DAG_OWNER='***' AIRFLOW_CTX_DAG_ID='extract_raw_data_pipeline' AIRFLOW_CTX_TASK_ID='run_dbt_staging' AIRFLOW_CTX_EXECUTION_DATE='2025-07-02T07:15:00+00:00' AIRFLOW_CTX_TRY_NUMBER='1' AIRFLOW_CTX_DAG_RUN_ID='scheduled__2025-07-02T07:15:00+00:00'
[2025-07-02T07:16:32.585+0000] {taskinstance.py:731} INFO - ::endgroup::
[2025-07-02T07:16:32.626+0000] {subprocess.py:63} INFO - Tmp dir root location: /tmp
[2025-07-02T07:16:32.626+0000] {subprocess.py:75} INFO - Running command: ['/usr/bin/bash', '-c', 'set -x; cd /opt/***/dbt && dbt run --select tag:staging']
[2025-07-02T07:16:32.652+0000] {subprocess.py:86} INFO - Output:
[2025-07-02T07:16:32.654+0000] {subprocess.py:93} INFO - + cd /opt/***/dbt
[2025-07-02T07:16:32.655+0000] {subprocess.py:93} INFO - + dbt run --select tag:staging
[2025-07-02T07:16:35.451+0000] {subprocess.py:93} INFO - [0m07:16:35  Running with dbt=1.8.0
[2025-07-02T07:16:35.799+0000] {subprocess.py:93} INFO - [0m07:16:35  Registered adapter: postgres=1.8.2
[2025-07-02T07:16:36.311+0000] {subprocess.py:93} INFO - [0m07:16:36  Found 9 models, 10 sources, 428 macros
[2025-07-02T07:16:36.314+0000] {subprocess.py:93} INFO - [0m07:16:36
[2025-07-02T07:16:37.790+0000] {subprocess.py:93} INFO - [0m07:16:37  Concurrency: 1 threads (target='dev')
[2025-07-02T07:16:37.793+0000] {subprocess.py:93} INFO - [0m07:16:37
[2025-07-02T07:16:37.807+0000] {subprocess.py:93} INFO - [0m07:16:37  1 of 5 START sql table model driven_staging.dim_address ........................ [RUN]
[2025-07-02T07:16:40.007+0000] {subprocess.py:93} INFO - [0m07:16:40  1 of 5 OK created sql table model driven_staging.dim_address ................... [[32mSELECT 102517[0m in 2.19s]
[2025-07-02T07:16:40.010+0000] {subprocess.py:93} INFO - [0m07:16:40  2 of 5 START sql table model driven_staging.dim_date ........................... [RUN]
[2025-07-02T07:16:40.461+0000] {subprocess.py:93} INFO - [0m07:16:40  2 of 5 OK created sql table model driven_staging.dim_date ...................... [[32mSELECT 102517[0m in 0.45s]
[2025-07-02T07:16:40.465+0000] {subprocess.py:93} INFO - [0m07:16:40  3 of 5 START sql table model driven_staging.dim_finance ........................ [RUN]
[2025-07-02T07:16:41.108+0000] {subprocess.py:93} INFO - [0m07:16:41  3 of 5 OK created sql table model driven_staging.dim_finance ................... [[32mSELECT 102517[0m in 0.64s]
[2025-07-02T07:16:41.111+0000] {subprocess.py:93} INFO - [0m07:16:41  4 of 5 START sql table model driven_staging.dim_person ......................... [RUN]
[2025-07-02T07:16:41.844+0000] {subprocess.py:93} INFO - [0m07:16:41  4 of 5 OK created sql table model driven_staging.dim_person .................... [[32mSELECT 102517[0m in 0.73s]
[2025-07-02T07:16:41.849+0000] {subprocess.py:93} INFO - [0m07:16:41  5 of 5 START sql table model driven_staging.fact_network_usage ................. [RUN]
[2025-07-02T07:16:42.268+0000] {subprocess.py:93} INFO - [0m07:16:42  5 of 5 OK created sql table model driven_staging.fact_network_usage ............ [[32mSELECT 102517[0m in 0.42s]
[2025-07-02T07:16:42.280+0000] {subprocess.py:93} INFO - [0m07:16:42
[2025-07-02T07:16:42.281+0000] {subprocess.py:93} INFO - [0m07:16:42  Finished running 5 table models in 0 hours 0 minutes and 5.96 seconds (5.96s).
[2025-07-02T07:16:42.322+0000] {subprocess.py:93} INFO - [0m07:16:42
[2025-07-02T07:16:42.323+0000] {subprocess.py:93} INFO - [0m07:16:42  [32mCompleted successfully[0m
[2025-07-02T07:16:42.324+0000] {subprocess.py:93} INFO - [0m07:16:42
[2025-07-02T07:16:42.324+0000] {subprocess.py:93} INFO - [0m07:16:42  Done. PASS=5 WARN=0 ERROR=0 SKIP=0 TOTAL=5
[2025-07-02T07:16:43.161+0000] {subprocess.py:97} INFO - Command exited with return code 0
[2025-07-02T07:16:43.226+0000] {taskinstance.py:340} INFO - ::group::Post task execution logs
[2025-07-02T07:16:43.227+0000] {taskinstance.py:352} INFO - Marking task as SUCCESS. dag_id=extract_raw_data_pipeline, task_id=run_dbt_staging, run_id=scheduled__2025-07-02T07:15:00+00:00, execution_date=20250702T071500, start_date=20250702T071631, end_date=20250702T071643
[2025-07-02T07:16:43.275+0000] {local_task_job_runner.py:266} INFO - Task exited with return code 0
[2025-07-02T07:16:43.294+0000] {taskinstance.py:3900} INFO - 1 downstream tasks scheduled from follow-on schedule check
[2025-07-02T07:16:43.377+0000] {local_task_job_runner.py:245} INFO - ::endgroup::
