[2025-07-02T07:21:37.007+0000] {local_task_job_runner.py:123} INFO - ::group::Pre task execution logs
[2025-07-02T07:21:37.029+0000] {taskinstance.py:2612} INFO - Dependencies all met for dep_context=non-requeueable deps ti=<TaskInstance: extract_raw_data_pipeline.run_dbt_trusted scheduled__2025-07-02T07:20:00+00:00 [queued]>
[2025-07-02T07:21:37.041+0000] {taskinstance.py:2612} INFO - Dependencies all met for dep_context=requeueable deps ti=<TaskInstance: extract_raw_data_pipeline.run_dbt_trusted scheduled__2025-07-02T07:20:00+00:00 [queued]>
[2025-07-02T07:21:37.041+0000] {taskinstance.py:2865} INFO - Starting attempt 1 of 1
[2025-07-02T07:21:37.330+0000] {taskinstance.py:2888} INFO - Executing <Task(BashOperator): run_dbt_trusted> on 2025-07-02 07:20:00+00:00
[2025-07-02T07:21:37.359+0000] {warnings.py:112} WARNING - /home/***/.local/lib/python3.12/site-packages/***/task/task_runner/standard_task_runner.py:70: DeprecationWarning: This process (pid=4659) is multi-threaded, use of fork() may lead to deadlocks in the child.
  pid = os.fork()

[2025-07-02T07:21:37.364+0000] {standard_task_runner.py:72} INFO - Started process 4661 to run task
[2025-07-02T07:21:37.365+0000] {standard_task_runner.py:104} INFO - Running: ['***', 'tasks', 'run', 'extract_raw_data_pipeline', 'run_dbt_trusted', 'scheduled__2025-07-02T07:20:00+00:00', '--job-id', '155', '--raw', '--subdir', 'DAGS_FOLDER/driven_data_pipeline.py', '--cfg-path', '/tmp/tmpiorae50h']
[2025-07-02T07:21:37.368+0000] {standard_task_runner.py:105} INFO - Job 155: Subtask run_dbt_trusted
[2025-07-02T07:21:37.663+0000] {task_command.py:467} INFO - Running <TaskInstance: extract_raw_data_pipeline.run_dbt_trusted scheduled__2025-07-02T07:20:00+00:00 [running]> on host 48b6d860598d
[2025-07-02T07:21:38.681+0000] {taskinstance.py:3131} INFO - Exporting env vars: AIRFLOW_CTX_DAG_OWNER='***' AIRFLOW_CTX_DAG_ID='extract_raw_data_pipeline' AIRFLOW_CTX_TASK_ID='run_dbt_trusted' AIRFLOW_CTX_EXECUTION_DATE='2025-07-02T07:20:00+00:00' AIRFLOW_CTX_TRY_NUMBER='1' AIRFLOW_CTX_DAG_RUN_ID='scheduled__2025-07-02T07:20:00+00:00'
[2025-07-02T07:21:38.685+0000] {taskinstance.py:731} INFO - ::endgroup::
[2025-07-02T07:21:38.727+0000] {subprocess.py:63} INFO - Tmp dir root location: /tmp
[2025-07-02T07:21:38.728+0000] {subprocess.py:75} INFO - Running command: ['/usr/bin/bash', '-c', 'set -x; cd /opt/***/dbt && dbt run --select tag:trusted']
[2025-07-02T07:21:38.742+0000] {subprocess.py:86} INFO - Output:
[2025-07-02T07:21:38.744+0000] {subprocess.py:93} INFO - + cd /opt/***/dbt
[2025-07-02T07:21:38.744+0000] {subprocess.py:93} INFO - + dbt run --select tag:trusted
[2025-07-02T07:21:41.463+0000] {subprocess.py:93} INFO - [0m07:21:41  Running with dbt=1.8.0
[2025-07-02T07:21:41.753+0000] {subprocess.py:93} INFO - [0m07:21:41  Registered adapter: postgres=1.8.2
[2025-07-02T07:21:42.226+0000] {subprocess.py:93} INFO - [0m07:21:42  Found 9 models, 10 sources, 428 macros
[2025-07-02T07:21:42.230+0000] {subprocess.py:93} INFO - [0m07:21:42
[2025-07-02T07:21:42.384+0000] {subprocess.py:93} INFO - [0m07:21:42  Concurrency: 1 threads (target='dev')
[2025-07-02T07:21:42.385+0000] {subprocess.py:93} INFO - [0m07:21:42
[2025-07-02T07:21:42.402+0000] {subprocess.py:93} INFO - [0m07:21:42  1 of 4 START sql table model driven_trusted.non_pii_data ....................... [RUN]
[2025-07-02T07:21:53.305+0000] {subprocess.py:93} INFO - [0m07:21:53  1 of 4 OK created sql table model driven_trusted.non_pii_data .................. [[32mSELECT 460825[0m in 10.90s]
[2025-07-02T07:21:53.309+0000] {subprocess.py:93} INFO - [0m07:21:53  2 of 4 START sql table model driven_trusted.payment_data ....................... [RUN]
[2025-07-02T07:21:56.347+0000] {subprocess.py:93} INFO - [0m07:21:56  2 of 4 OK created sql table model driven_trusted.payment_data .................. [[32mSELECT 158089[0m in 3.03s]
[2025-07-02T07:21:56.357+0000] {subprocess.py:93} INFO - [0m07:21:56  3 of 4 START sql table model driven_trusted.pii_data ........................... [RUN]
[2025-07-02T07:22:29.964+0000] {subprocess.py:93} INFO - [0m07:22:29  3 of 4 OK created sql table model driven_trusted.pii_data ...................... [[32mSELECT 460825[0m in 33.61s]
[2025-07-02T07:22:29.968+0000] {subprocess.py:93} INFO - [0m07:22:29  4 of 4 START sql table model driven_trusted.technical_data ..................... [RUN]
[2025-07-02T07:22:38.500+0000] {subprocess.py:93} INFO - [0m07:22:38  4 of 4 OK created sql table model driven_trusted.technical_data ................ [[32mSELECT 158089[0m in 8.53s]
[2025-07-02T07:22:38.519+0000] {subprocess.py:93} INFO - [0m07:22:38
[2025-07-02T07:22:38.520+0000] {subprocess.py:93} INFO - [0m07:22:38  Finished running 4 table models in 0 hours 0 minutes and 56.29 seconds (56.29s).
[2025-07-02T07:22:38.589+0000] {subprocess.py:93} INFO - [0m07:22:38
[2025-07-02T07:22:38.590+0000] {subprocess.py:93} INFO - [0m07:22:38  [32mCompleted successfully[0m
[2025-07-02T07:22:38.591+0000] {subprocess.py:93} INFO - [0m07:22:38
[2025-07-02T07:22:38.592+0000] {subprocess.py:93} INFO - [0m07:22:38  Done. PASS=4 WARN=0 ERROR=0 SKIP=0 TOTAL=4
[2025-07-02T07:22:39.343+0000] {subprocess.py:97} INFO - Command exited with return code 0
[2025-07-02T07:22:39.610+0000] {taskinstance.py:340} INFO - ::group::Post task execution logs
[2025-07-02T07:22:39.611+0000] {taskinstance.py:352} INFO - Marking task as SUCCESS. dag_id=extract_raw_data_pipeline, task_id=run_dbt_trusted, run_id=scheduled__2025-07-02T07:20:00+00:00, execution_date=20250702T072000, start_date=20250702T072137, end_date=20250702T072239
[2025-07-02T07:22:39.859+0000] {local_task_job_runner.py:266} INFO - Task exited with return code 0
[2025-07-02T07:22:39.879+0000] {taskinstance.py:3900} INFO - 0 downstream tasks scheduled from follow-on schedule check
[2025-07-02T07:22:40.130+0000] {local_task_job_runner.py:245} INFO - ::endgroup::
