[2025-07-03T02:30:13.147+0000] {local_task_job_runner.py:123} INFO - ::group::Pre task execution logs
[2025-07-03T02:30:13.171+0000] {taskinstance.py:2612} INFO - Dependencies all met for dep_context=non-requeueable deps ti=<TaskInstance: extract_raw_data_pipeline.run_dbt_trusted manual__2025-07-03T02:28:23.977982+00:00 [queued]>
[2025-07-03T02:30:13.184+0000] {taskinstance.py:2612} INFO - Dependencies all met for dep_context=requeueable deps ti=<TaskInstance: extract_raw_data_pipeline.run_dbt_trusted manual__2025-07-03T02:28:23.977982+00:00 [queued]>
[2025-07-03T02:30:13.184+0000] {taskinstance.py:2865} INFO - Starting attempt 1 of 1
[2025-07-03T02:30:13.260+0000] {taskinstance.py:2888} INFO - Executing <Task(BashOperator): run_dbt_trusted> on 2025-07-03 02:28:23.977982+00:00
[2025-07-03T02:30:13.270+0000] {warnings.py:112} WARNING - /home/***/.local/lib/python3.12/site-packages/***/task/task_runner/standard_task_runner.py:70: DeprecationWarning: This process (pid=13483) is multi-threaded, use of fork() may lead to deadlocks in the child.
  pid = os.fork()

[2025-07-03T02:30:13.272+0000] {standard_task_runner.py:72} INFO - Started process 13492 to run task
[2025-07-03T02:30:13.273+0000] {standard_task_runner.py:104} INFO - Running: ['***', 'tasks', 'run', 'extract_raw_data_pipeline', 'run_dbt_trusted', 'manual__2025-07-03T02:28:23.977982+00:00', '--job-id', '258', '--raw', '--subdir', 'DAGS_FOLDER/driven_data_pipeline.py', '--cfg-path', '/tmp/tmptrw5px6r']
[2025-07-03T02:30:13.275+0000] {standard_task_runner.py:105} INFO - Job 258: Subtask run_dbt_trusted
[2025-07-03T02:30:13.387+0000] {task_command.py:467} INFO - Running <TaskInstance: extract_raw_data_pipeline.run_dbt_trusted manual__2025-07-03T02:28:23.977982+00:00 [running]> on host 48b6d860598d
[2025-07-03T02:30:13.621+0000] {taskinstance.py:3131} INFO - Exporting env vars: AIRFLOW_CTX_DAG_OWNER='***' AIRFLOW_CTX_DAG_ID='extract_raw_data_pipeline' AIRFLOW_CTX_TASK_ID='run_dbt_trusted' AIRFLOW_CTX_EXECUTION_DATE='2025-07-03T02:28:23.977982+00:00' AIRFLOW_CTX_TRY_NUMBER='1' AIRFLOW_CTX_DAG_RUN_ID='manual__2025-07-03T02:28:23.977982+00:00'
[2025-07-03T02:30:13.622+0000] {taskinstance.py:731} INFO - ::endgroup::
[2025-07-03T02:30:13.650+0000] {subprocess.py:63} INFO - Tmp dir root location: /tmp
[2025-07-03T02:30:13.650+0000] {subprocess.py:75} INFO - Running command: ['/usr/bin/bash', '-c', 'set -x; cd /opt/***/dbt && dbt run --select tag:trusted']
[2025-07-03T02:30:13.664+0000] {subprocess.py:86} INFO - Output:
[2025-07-03T02:30:13.666+0000] {subprocess.py:93} INFO - + cd /opt/***/dbt
[2025-07-03T02:30:13.667+0000] {subprocess.py:93} INFO - + dbt run --select tag:trusted
[2025-07-03T02:30:16.771+0000] {subprocess.py:93} INFO - [0m02:30:16  Running with dbt=1.8.0
[2025-07-03T02:30:17.107+0000] {subprocess.py:93} INFO - [0m02:30:17  Registered adapter: postgres=1.8.2
[2025-07-03T02:30:17.676+0000] {subprocess.py:93} INFO - [0m02:30:17  Found 9 models, 10 sources, 428 macros
[2025-07-03T02:30:17.679+0000] {subprocess.py:93} INFO - [0m02:30:17
[2025-07-03T02:30:17.850+0000] {subprocess.py:93} INFO - [0m02:30:17  Concurrency: 1 threads (target='dev')
[2025-07-03T02:30:17.851+0000] {subprocess.py:93} INFO - [0m02:30:17
[2025-07-03T02:30:17.868+0000] {subprocess.py:93} INFO - [0m02:30:17  1 of 4 START sql table model driven_trusted.non_pii_data ....................... [RUN]
[2025-07-03T02:33:36.529+0000] {subprocess.py:93} INFO - [0m02:33:36  1 of 4 OK created sql table model driven_trusted.non_pii_data .................. [[32mSELECT 750642[0m in 198.65s]
[2025-07-03T02:33:36.536+0000] {subprocess.py:93} INFO - [0m02:33:36  2 of 4 START sql table model driven_trusted.payment_data ....................... [RUN]
