[2025-07-03T02:29:12.664+0000] {local_task_job_runner.py:123} INFO - ::group::Pre task execution logs
[2025-07-03T02:29:12.697+0000] {taskinstance.py:2612} INFO - Dependencies all met for dep_context=non-requeueable deps ti=<TaskInstance: extract_raw_data_pipeline.run_dbt_staging scheduled__2025-07-02T07:58:00+00:00 [queued]>
[2025-07-03T02:29:12.710+0000] {taskinstance.py:2612} INFO - Dependencies all met for dep_context=requeueable deps ti=<TaskInstance: extract_raw_data_pipeline.run_dbt_staging scheduled__2025-07-02T07:58:00+00:00 [queued]>
[2025-07-03T02:29:12.711+0000] {taskinstance.py:2865} INFO - Starting attempt 1 of 1
[2025-07-03T02:29:12.778+0000] {taskinstance.py:2888} INFO - Executing <Task(BashOperator): run_dbt_staging> on 2025-07-02 07:58:00+00:00
[2025-07-03T02:29:12.802+0000] {warnings.py:112} WARNING - /home/***/.local/lib/python3.12/site-packages/***/task/task_runner/standard_task_runner.py:70: DeprecationWarning: This process (pid=13421) is multi-threaded, use of fork() may lead to deadlocks in the child.
  pid = os.fork()

[2025-07-03T02:29:12.807+0000] {standard_task_runner.py:72} INFO - Started process 13423 to run task
[2025-07-03T02:29:12.809+0000] {standard_task_runner.py:104} INFO - Running: ['***', 'tasks', 'run', 'extract_raw_data_pipeline', 'run_dbt_staging', 'scheduled__2025-07-02T07:58:00+00:00', '--job-id', '252', '--raw', '--subdir', 'DAGS_FOLDER/driven_data_pipeline.py', '--cfg-path', '/tmp/tmpun1mne62']
[2025-07-03T02:29:12.814+0000] {standard_task_runner.py:105} INFO - Job 252: Subtask run_dbt_staging
[2025-07-03T02:29:13.051+0000] {task_command.py:467} INFO - Running <TaskInstance: extract_raw_data_pipeline.run_dbt_staging scheduled__2025-07-02T07:58:00+00:00 [running]> on host 48b6d860598d
[2025-07-03T02:29:13.294+0000] {taskinstance.py:3131} INFO - Exporting env vars: AIRFLOW_CTX_DAG_OWNER='***' AIRFLOW_CTX_DAG_ID='extract_raw_data_pipeline' AIRFLOW_CTX_TASK_ID='run_dbt_staging' AIRFLOW_CTX_EXECUTION_DATE='2025-07-02T07:58:00+00:00' AIRFLOW_CTX_TRY_NUMBER='1' AIRFLOW_CTX_DAG_RUN_ID='scheduled__2025-07-02T07:58:00+00:00'
[2025-07-03T02:29:13.295+0000] {taskinstance.py:731} INFO - ::endgroup::
[2025-07-03T02:29:13.474+0000] {subprocess.py:63} INFO - Tmp dir root location: /tmp
[2025-07-03T02:29:13.620+0000] {subprocess.py:75} INFO - Running command: ['/usr/bin/bash', '-c', 'set -x; cd /opt/***/dbt && dbt run --select tag:staging']
[2025-07-03T02:29:13.891+0000] {subprocess.py:86} INFO - Output:
[2025-07-03T02:29:13.892+0000] {subprocess.py:93} INFO - + cd /opt/***/dbt
[2025-07-03T02:29:13.893+0000] {subprocess.py:93} INFO - + dbt run --select tag:staging
[2025-07-03T02:29:18.677+0000] {subprocess.py:93} INFO - [0m02:29:18  Running with dbt=1.8.0
[2025-07-03T02:29:19.495+0000] {subprocess.py:93} INFO - [0m02:29:19  Registered adapter: postgres=1.8.2
[2025-07-03T02:29:21.225+0000] {subprocess.py:93} INFO - [0m02:29:21  Found 9 models, 10 sources, 428 macros
[2025-07-03T02:29:21.229+0000] {subprocess.py:93} INFO - [0m02:29:21
[2025-07-03T02:29:21.670+0000] {subprocess.py:93} INFO - [0m02:29:21  Concurrency: 1 threads (target='dev')
[2025-07-03T02:29:21.674+0000] {subprocess.py:93} INFO - [0m02:29:21
[2025-07-03T02:29:21.703+0000] {subprocess.py:93} INFO - [0m02:29:21  1 of 5 START sql table model driven_staging.dim_address ........................ [RUN]
[2025-07-03T02:29:31.532+0000] {subprocess.py:93} INFO - [0m02:29:31  1 of 5 OK created sql table model driven_staging.dim_address ................... [[32mSELECT 402088[0m in 9.82s]
[2025-07-03T02:29:31.535+0000] {subprocess.py:93} INFO - [0m02:29:31  2 of 5 START sql table model driven_staging.dim_date ........................... [RUN]
[2025-07-03T02:29:35.787+0000] {subprocess.py:93} INFO - [0m02:29:35  2 of 5 OK created sql table model driven_staging.dim_date ...................... [[32mSELECT 426282[0m in 4.25s]
[2025-07-03T02:29:35.795+0000] {subprocess.py:93} INFO - [0m02:29:35  3 of 5 START sql table model driven_staging.dim_finance ........................ [RUN]
[2025-07-03T02:29:42.233+0000] {subprocess.py:93} INFO - [0m02:29:42  3 of 5 OK created sql table model driven_staging.dim_finance ................... [[32mSELECT 426282[0m in 6.44s]
[2025-07-03T02:29:42.239+0000] {subprocess.py:93} INFO - [0m02:29:42  4 of 5 START sql table model driven_staging.dim_person ......................... [RUN]
[2025-07-03T02:29:51.151+0000] {subprocess.py:93} INFO - [0m02:29:51  4 of 5 OK created sql table model driven_staging.dim_person .................... [[32mSELECT 426282[0m in 8.91s]
[2025-07-03T02:29:51.166+0000] {subprocess.py:93} INFO - [0m02:29:51  5 of 5 START sql table model driven_staging.fact_network_usage ................. [RUN]
[2025-07-03T02:29:58.239+0000] {subprocess.py:93} INFO - [0m02:29:58  5 of 5 OK created sql table model driven_staging.fact_network_usage ............ [[32mSELECT 426282[0m in 7.06s]
[2025-07-03T02:29:58.283+0000] {subprocess.py:93} INFO - [0m02:29:58
[2025-07-03T02:29:58.283+0000] {subprocess.py:93} INFO - [0m02:29:58  Finished running 5 table models in 0 hours 0 minutes and 37.05 seconds (37.05s).
[2025-07-03T02:29:58.325+0000] {subprocess.py:93} INFO - [0m02:29:58
[2025-07-03T02:29:58.326+0000] {subprocess.py:93} INFO - [0m02:29:58  [32mCompleted successfully[0m
[2025-07-03T02:29:58.326+0000] {subprocess.py:93} INFO - [0m02:29:58
[2025-07-03T02:29:58.327+0000] {subprocess.py:93} INFO - [0m02:29:58  Done. PASS=5 WARN=0 ERROR=0 SKIP=0 TOTAL=5
[2025-07-03T02:29:59.703+0000] {subprocess.py:97} INFO - Command exited with return code 0
[2025-07-03T02:30:01.172+0000] {taskinstance.py:340} INFO - ::group::Post task execution logs
[2025-07-03T02:30:01.174+0000] {taskinstance.py:352} INFO - Marking task as SUCCESS. dag_id=extract_raw_data_pipeline, task_id=run_dbt_staging, run_id=scheduled__2025-07-02T07:58:00+00:00, execution_date=20250702T075800, start_date=20250703T022912, end_date=20250703T023001
[2025-07-03T02:30:01.335+0000] {local_task_job_runner.py:266} INFO - Task exited with return code 0
[2025-07-03T02:30:01.361+0000] {taskinstance.py:3900} INFO - 1 downstream tasks scheduled from follow-on schedule check
[2025-07-03T02:30:01.606+0000] {local_task_job_runner.py:245} INFO - ::endgroup::
