[2025-06-30T23:24:15.563+0000] {local_task_job_runner.py:123} INFO - ::group::Pre task execution logs
[2025-06-30T23:24:15.583+0000] {taskinstance.py:2612} INFO - Dependencies all met for dep_context=non-requeueable deps ti=<TaskInstance: extract_raw_data_pipeline.run_dbt_trusted manual__2025-06-30T23:23:41.840407+00:00 [queued]>
[2025-06-30T23:24:15.593+0000] {taskinstance.py:2612} INFO - Dependencies all met for dep_context=requeueable deps ti=<TaskInstance: extract_raw_data_pipeline.run_dbt_trusted manual__2025-06-30T23:23:41.840407+00:00 [queued]>
[2025-06-30T23:24:15.593+0000] {taskinstance.py:2865} INFO - Starting attempt 1 of 1
[2025-06-30T23:24:15.621+0000] {taskinstance.py:2888} INFO - Executing <Task(BashOperator): run_dbt_trusted> on 2025-06-30 23:23:41.840407+00:00
[2025-06-30T23:24:15.630+0000] {warnings.py:112} WARNING - /home/***/.local/lib/python3.12/site-packages/***/task/task_runner/standard_task_runner.py:70: DeprecationWarning: This process (pid=11288) is multi-threaded, use of fork() may lead to deadlocks in the child.
  pid = os.fork()

[2025-06-30T23:24:15.633+0000] {standard_task_runner.py:72} INFO - Started process 11290 to run task
[2025-06-30T23:24:15.633+0000] {standard_task_runner.py:104} INFO - Running: ['***', 'tasks', 'run', 'extract_raw_data_pipeline', 'run_dbt_trusted', 'manual__2025-06-30T23:23:41.840407+00:00', '--job-id', '30', '--raw', '--subdir', 'DAGS_FOLDER/driven_data_pipeline.py', '--cfg-path', '/tmp/tmpzxmug7n3']
[2025-06-30T23:24:15.635+0000] {standard_task_runner.py:105} INFO - Job 30: Subtask run_dbt_trusted
[2025-06-30T23:24:15.709+0000] {task_command.py:467} INFO - Running <TaskInstance: extract_raw_data_pipeline.run_dbt_trusted manual__2025-06-30T23:23:41.840407+00:00 [running]> on host 849c33af5dcf
[2025-06-30T23:24:15.837+0000] {taskinstance.py:3131} INFO - Exporting env vars: AIRFLOW_CTX_DAG_OWNER='***' AIRFLOW_CTX_DAG_ID='extract_raw_data_pipeline' AIRFLOW_CTX_TASK_ID='run_dbt_trusted' AIRFLOW_CTX_EXECUTION_DATE='2025-06-30T23:23:41.840407+00:00' AIRFLOW_CTX_TRY_NUMBER='1' AIRFLOW_CTX_DAG_RUN_ID='manual__2025-06-30T23:23:41.840407+00:00'
[2025-06-30T23:24:15.837+0000] {taskinstance.py:731} INFO - ::endgroup::
[2025-06-30T23:24:15.857+0000] {subprocess.py:63} INFO - Tmp dir root location: /tmp
[2025-06-30T23:24:15.857+0000] {subprocess.py:75} INFO - Running command: ['/usr/bin/bash', '-c', 'set -x; cd /opt/***/dbt && dbt run --select tag:trusted']
[2025-06-30T23:24:15.875+0000] {subprocess.py:86} INFO - Output:
[2025-06-30T23:24:15.877+0000] {subprocess.py:93} INFO - + cd /opt/***/dbt
[2025-06-30T23:24:15.877+0000] {subprocess.py:93} INFO - + dbt run --select tag:trusted
[2025-06-30T23:24:18.739+0000] {subprocess.py:93} INFO - [0m23:24:18  Running with dbt=1.8.0
[2025-06-30T23:24:19.053+0000] {subprocess.py:93} INFO - [0m23:24:19  Registered adapter: postgres=1.8.2
[2025-06-30T23:24:19.534+0000] {subprocess.py:93} INFO - [0m23:24:19  Found 9 models, 10 sources, 428 macros
[2025-06-30T23:24:19.537+0000] {subprocess.py:93} INFO - [0m23:24:19
[2025-06-30T23:24:19.772+0000] {subprocess.py:93} INFO - [0m23:24:19  Concurrency: 1 threads (target='dev')
[2025-06-30T23:24:19.773+0000] {subprocess.py:93} INFO - [0m23:24:19
[2025-06-30T23:24:19.786+0000] {subprocess.py:93} INFO - [0m23:24:19  1 of 4 START sql table model driven_trusted.non_pii_data ....................... [RUN]
[2025-06-30T23:24:20.126+0000] {subprocess.py:93} INFO - [0m23:24:20  1 of 4 OK created sql table model driven_trusted.non_pii_data .................. [[32mSELECT 374[0m in 0.33s]
[2025-06-30T23:24:20.128+0000] {subprocess.py:93} INFO - [0m23:24:20  2 of 4 START sql table model driven_trusted.payment_data ....................... [RUN]
[2025-06-30T23:24:20.185+0000] {subprocess.py:93} INFO - [0m23:24:20  2 of 4 OK created sql table model driven_trusted.payment_data .................. [[32mSELECT 374[0m in 0.06s]
[2025-06-30T23:24:20.187+0000] {subprocess.py:93} INFO - [0m23:24:20  3 of 4 START sql table model driven_trusted.pii_data ........................... [RUN]
[2025-06-30T23:24:20.333+0000] {subprocess.py:93} INFO - [0m23:24:20  3 of 4 OK created sql table model driven_trusted.pii_data ...................... [[32mSELECT 374[0m in 0.14s]
[2025-06-30T23:24:20.337+0000] {subprocess.py:93} INFO - [0m23:24:20  4 of 4 START sql table model driven_trusted.technical_data ..................... [RUN]
[2025-06-30T23:24:20.546+0000] {subprocess.py:93} INFO - [0m23:24:20  4 of 4 OK created sql table model driven_trusted.technical_data ................ [[32mSELECT 374[0m in 0.21s]
[2025-06-30T23:24:20.564+0000] {subprocess.py:93} INFO - [0m23:24:20
[2025-06-30T23:24:20.565+0000] {subprocess.py:93} INFO - [0m23:24:20  Finished running 4 table models in 0 hours 0 minutes and 1.03 seconds (1.03s).
[2025-06-30T23:24:20.606+0000] {subprocess.py:93} INFO - [0m23:24:20
[2025-06-30T23:24:20.607+0000] {subprocess.py:93} INFO - [0m23:24:20  [32mCompleted successfully[0m
[2025-06-30T23:24:20.607+0000] {subprocess.py:93} INFO - [0m23:24:20
[2025-06-30T23:24:20.608+0000] {subprocess.py:93} INFO - [0m23:24:20  Done. PASS=4 WARN=0 ERROR=0 SKIP=0 TOTAL=4
[2025-06-30T23:24:21.291+0000] {subprocess.py:97} INFO - Command exited with return code 0
[2025-06-30T23:24:21.375+0000] {taskinstance.py:340} INFO - ::group::Post task execution logs
[2025-06-30T23:24:21.377+0000] {taskinstance.py:352} INFO - Marking task as SUCCESS. dag_id=extract_raw_data_pipeline, task_id=run_dbt_trusted, run_id=manual__2025-06-30T23:23:41.840407+00:00, execution_date=20250630T232341, start_date=20250630T232415, end_date=20250630T232421
[2025-06-30T23:24:21.503+0000] {local_task_job_runner.py:266} INFO - Task exited with return code 0
[2025-06-30T23:24:21.557+0000] {taskinstance.py:3900} INFO - 0 downstream tasks scheduled from follow-on schedule check
[2025-06-30T23:24:21.612+0000] {local_task_job_runner.py:245} INFO - ::endgroup::
