[2025-07-02T07:24:08.294+0000] {local_task_job_runner.py:123} INFO - ::group::Pre task execution logs
[2025-07-02T07:24:08.317+0000] {taskinstance.py:2612} INFO - Dependencies all met for dep_context=non-requeueable deps ti=<TaskInstance: extract_raw_data_pipeline.extract_raw_data scheduled__2025-07-02T07:23:00+00:00 [queued]>
[2025-07-02T07:24:08.328+0000] {taskinstance.py:2612} INFO - Dependencies all met for dep_context=requeueable deps ti=<TaskInstance: extract_raw_data_pipeline.extract_raw_data scheduled__2025-07-02T07:23:00+00:00 [queued]>
[2025-07-02T07:24:08.329+0000] {taskinstance.py:2865} INFO - Starting attempt 1 of 1
[2025-07-02T07:24:08.827+0000] {taskinstance.py:2888} INFO - Executing <Task(PythonOperator): extract_raw_data> on 2025-07-02 07:23:00+00:00
[2025-07-02T07:24:08.858+0000] {warnings.py:112} WARNING - /home/***/.local/lib/python3.12/site-packages/***/task/task_runner/standard_task_runner.py:70: DeprecationWarning: This process (pid=4784) is multi-threaded, use of fork() may lead to deadlocks in the child.
  pid = os.fork()

[2025-07-02T07:24:08.865+0000] {standard_task_runner.py:72} INFO - Started process 4786 to run task
[2025-07-02T07:24:08.870+0000] {standard_task_runner.py:104} INFO - Running: ['***', 'tasks', 'run', 'extract_raw_data_pipeline', 'extract_raw_data', 'scheduled__2025-07-02T07:23:00+00:00', '--job-id', '167', '--raw', '--subdir', 'DAGS_FOLDER/driven_data_pipeline.py', '--cfg-path', '/tmp/tmp8_j_5gvb']
[2025-07-02T07:24:08.878+0000] {standard_task_runner.py:105} INFO - Job 167: Subtask extract_raw_data
[2025-07-02T07:24:09.027+0000] {task_command.py:467} INFO - Running <TaskInstance: extract_raw_data_pipeline.extract_raw_data scheduled__2025-07-02T07:23:00+00:00 [running]> on host 48b6d860598d
[2025-07-02T07:24:10.713+0000] {taskinstance.py:3131} INFO - Exporting env vars: AIRFLOW_CTX_DAG_OWNER='***' AIRFLOW_CTX_DAG_ID='extract_raw_data_pipeline' AIRFLOW_CTX_TASK_ID='extract_raw_data' AIRFLOW_CTX_EXECUTION_DATE='2025-07-02T07:23:00+00:00' AIRFLOW_CTX_TRY_NUMBER='1' AIRFLOW_CTX_DAG_RUN_ID='scheduled__2025-07-02T07:23:00+00:00'
[2025-07-02T07:24:10.718+0000] {taskinstance.py:731} INFO - ::endgroup::
[2025-07-02T07:24:10.754+0000] {driven_data_pipeline.py:153} INFO - Started batch processing for 2025-07-02.
[2025-07-02T07:24:10.755+0000] {driven_data_pipeline.py:35} INFO - Created synthetic data for MX country code.
[2025-07-02T07:24:11.618+0000] {driven_data_pipeline.py:108} INFO - Written 1088 records to the CSV file.
[2025-07-02T07:24:16.858+0000] {driven_data_pipeline.py:125} INFO - Added UUID to the dataset.
[2025-07-02T07:24:17.990+0000] {driven_data_pipeline.py:145} INFO - Updated accessed timestamp.
[2025-07-02T07:24:17.993+0000] {driven_data_pipeline.py:161} INFO - Finished batch processing 2025-07-02.
[2025-07-02T07:24:17.994+0000] {python.py:240} INFO - Done. Returned value was: None
[2025-07-02T07:24:18.272+0000] {job.py:229} INFO - Heartbeat recovered after 10.67 seconds
[2025-07-02T07:24:18.565+0000] {taskinstance.py:340} INFO - ::group::Post task execution logs
[2025-07-02T07:24:18.573+0000] {taskinstance.py:352} INFO - Marking task as SUCCESS. dag_id=extract_raw_data_pipeline, task_id=extract_raw_data, run_id=scheduled__2025-07-02T07:23:00+00:00, execution_date=20250702T072300, start_date=20250702T072408, end_date=20250702T072418
[2025-07-02T07:24:19.522+0000] {local_task_job_runner.py:266} INFO - Task exited with return code 0
[2025-07-02T07:24:19.705+0000] {taskinstance.py:3900} INFO - 0 downstream tasks scheduled from follow-on schedule check
[2025-07-02T07:24:20.103+0000] {local_task_job_runner.py:245} INFO - ::endgroup::
