[2025-07-02T07:04:09.332+0000] {local_task_job_runner.py:123} INFO - ::group::Pre task execution logs
[2025-07-02T07:04:09.349+0000] {taskinstance.py:2612} INFO - Dependencies all met for dep_context=non-requeueable deps ti=<TaskInstance: extract_raw_data_pipeline.run_dbt_staging scheduled__2025-07-02T07:03:00+00:00 [queued]>
[2025-07-02T07:04:09.357+0000] {taskinstance.py:2612} INFO - Dependencies all met for dep_context=requeueable deps ti=<TaskInstance: extract_raw_data_pipeline.run_dbt_staging scheduled__2025-07-02T07:03:00+00:00 [queued]>
[2025-07-02T07:04:09.357+0000] {taskinstance.py:2865} INFO - Starting attempt 1 of 1
[2025-07-02T07:04:09.384+0000] {taskinstance.py:2888} INFO - Executing <Task(BashOperator): run_dbt_staging> on 2025-07-02 07:03:00+00:00
[2025-07-02T07:04:09.392+0000] {warnings.py:112} WARNING - /home/***/.local/lib/python3.12/site-packages/***/task/task_runner/standard_task_runner.py:70: DeprecationWarning: This process (pid=3701) is multi-threaded, use of fork() may lead to deadlocks in the child.
  pid = os.fork()

[2025-07-02T07:04:09.393+0000] {standard_task_runner.py:72} INFO - Started process 3703 to run task
[2025-07-02T07:04:09.394+0000] {standard_task_runner.py:104} INFO - Running: ['***', 'tasks', 'run', 'extract_raw_data_pipeline', 'run_dbt_staging', 'scheduled__2025-07-02T07:03:00+00:00', '--job-id', '63', '--raw', '--subdir', 'DAGS_FOLDER/driven_data_pipeline.py', '--cfg-path', '/tmp/tmp8_ucph45']
[2025-07-02T07:04:09.395+0000] {standard_task_runner.py:105} INFO - Job 63: Subtask run_dbt_staging
[2025-07-02T07:04:09.470+0000] {task_command.py:467} INFO - Running <TaskInstance: extract_raw_data_pipeline.run_dbt_staging scheduled__2025-07-02T07:03:00+00:00 [running]> on host 48b6d860598d
[2025-07-02T07:04:09.615+0000] {taskinstance.py:3131} INFO - Exporting env vars: AIRFLOW_CTX_DAG_OWNER='***' AIRFLOW_CTX_DAG_ID='extract_raw_data_pipeline' AIRFLOW_CTX_TASK_ID='run_dbt_staging' AIRFLOW_CTX_EXECUTION_DATE='2025-07-02T07:03:00+00:00' AIRFLOW_CTX_TRY_NUMBER='1' AIRFLOW_CTX_DAG_RUN_ID='scheduled__2025-07-02T07:03:00+00:00'
[2025-07-02T07:04:09.615+0000] {taskinstance.py:731} INFO - ::endgroup::
[2025-07-02T07:04:09.630+0000] {subprocess.py:63} INFO - Tmp dir root location: /tmp
[2025-07-02T07:04:09.630+0000] {subprocess.py:75} INFO - Running command: ['/usr/bin/bash', '-c', 'set -x; cd /opt/***/dbt && dbt run --select tag:staging']
[2025-07-02T07:04:09.646+0000] {subprocess.py:86} INFO - Output:
[2025-07-02T07:04:09.647+0000] {subprocess.py:93} INFO - + cd /opt/***/dbt
[2025-07-02T07:04:09.648+0000] {subprocess.py:93} INFO - + dbt run --select tag:staging
[2025-07-02T07:04:12.397+0000] {subprocess.py:93} INFO - [0m07:04:12  Running with dbt=1.8.0
[2025-07-02T07:04:12.748+0000] {subprocess.py:93} INFO - [0m07:04:12  Registered adapter: postgres=1.8.2
[2025-07-02T07:04:13.221+0000] {subprocess.py:93} INFO - [0m07:04:13  Found 9 models, 10 sources, 428 macros
[2025-07-02T07:04:13.224+0000] {subprocess.py:93} INFO - [0m07:04:13
[2025-07-02T07:04:13.364+0000] {subprocess.py:93} INFO - [0m07:04:13  Concurrency: 1 threads (target='dev')
[2025-07-02T07:04:13.365+0000] {subprocess.py:93} INFO - [0m07:04:13
[2025-07-02T07:04:13.377+0000] {subprocess.py:93} INFO - [0m07:04:13  1 of 5 START sql table model driven_staging.dim_address ........................ [RUN]
[2025-07-02T07:04:14.599+0000] {subprocess.py:93} INFO - [0m07:04:14  1 of 5 OK created sql table model driven_staging.dim_address ................... [[32mSELECT 21475[0m in 1.22s]
[2025-07-02T07:04:14.602+0000] {subprocess.py:93} INFO - [0m07:04:14  2 of 5 START sql table model driven_staging.dim_date ........................... [RUN]
[2025-07-02T07:04:14.782+0000] {subprocess.py:93} INFO - [0m07:04:14  2 of 5 OK created sql table model driven_staging.dim_date ...................... [[32mSELECT 21475[0m in 0.17s]
[2025-07-02T07:04:14.790+0000] {subprocess.py:93} INFO - [0m07:04:14  3 of 5 START sql table model driven_staging.dim_finance ........................ [RUN]
[2025-07-02T07:04:15.303+0000] {subprocess.py:93} INFO - [0m07:04:15  3 of 5 OK created sql table model driven_staging.dim_finance ................... [[32mSELECT 21475[0m in 0.51s]
[2025-07-02T07:04:15.309+0000] {subprocess.py:93} INFO - [0m07:04:15  4 of 5 START sql table model driven_staging.dim_person ......................... [RUN]
[2025-07-02T07:04:15.959+0000] {subprocess.py:93} INFO - [0m07:04:15  4 of 5 OK created sql table model driven_staging.dim_person .................... [[32mSELECT 21475[0m in 0.65s]
[2025-07-02T07:04:15.962+0000] {subprocess.py:93} INFO - [0m07:04:15  5 of 5 START sql table model driven_staging.fact_network_usage ................. [RUN]
[2025-07-02T07:04:16.194+0000] {subprocess.py:93} INFO - [0m07:04:16  5 of 5 OK created sql table model driven_staging.fact_network_usage ............ [[32mSELECT 21475[0m in 0.23s]
[2025-07-02T07:04:16.234+0000] {subprocess.py:93} INFO - [0m07:04:16
[2025-07-02T07:04:16.235+0000] {subprocess.py:93} INFO - [0m07:04:16  Finished running 5 table models in 0 hours 0 minutes and 3.01 seconds (3.01s).
[2025-07-02T07:04:16.275+0000] {subprocess.py:93} INFO - [0m07:04:16
[2025-07-02T07:04:16.276+0000] {subprocess.py:93} INFO - [0m07:04:16  [32mCompleted successfully[0m
[2025-07-02T07:04:16.276+0000] {subprocess.py:93} INFO - [0m07:04:16
[2025-07-02T07:04:16.277+0000] {subprocess.py:93} INFO - [0m07:04:16  Done. PASS=5 WARN=0 ERROR=0 SKIP=0 TOTAL=5
[2025-07-02T07:04:17.030+0000] {subprocess.py:97} INFO - Command exited with return code 0
[2025-07-02T07:04:17.095+0000] {taskinstance.py:340} INFO - ::group::Post task execution logs
[2025-07-02T07:04:17.095+0000] {taskinstance.py:352} INFO - Marking task as SUCCESS. dag_id=extract_raw_data_pipeline, task_id=run_dbt_staging, run_id=scheduled__2025-07-02T07:03:00+00:00, execution_date=20250702T070300, start_date=20250702T070409, end_date=20250702T070417
[2025-07-02T07:04:17.167+0000] {local_task_job_runner.py:266} INFO - Task exited with return code 0
[2025-07-02T07:04:17.204+0000] {taskinstance.py:3900} INFO - 1 downstream tasks scheduled from follow-on schedule check
[2025-07-02T07:04:17.230+0000] {local_task_job_runner.py:245} INFO - ::endgroup::
