[2025-07-02T07:33:35.648+0000] {local_task_job_runner.py:123} INFO - ::group::Pre task execution logs
[2025-07-02T07:33:36.806+0000] {taskinstance.py:2612} INFO - Dependencies all met for dep_context=non-requeueable deps ti=<TaskInstance: extract_raw_data_pipeline.run_dbt_staging scheduled__2025-07-02T07:32:00+00:00 [queued]>
[2025-07-02T07:33:36.860+0000] {taskinstance.py:2612} INFO - Dependencies all met for dep_context=requeueable deps ti=<TaskInstance: extract_raw_data_pipeline.run_dbt_staging scheduled__2025-07-02T07:32:00+00:00 [queued]>
[2025-07-02T07:33:36.860+0000] {taskinstance.py:2865} INFO - Starting attempt 1 of 1
[2025-07-02T07:33:38.952+0000] {taskinstance.py:2888} INFO - Executing <Task(BashOperator): run_dbt_staging> on 2025-07-02 07:32:00+00:00
[2025-07-02T07:33:38.979+0000] {warnings.py:112} WARNING - /home/***/.local/lib/python3.12/site-packages/***/task/task_runner/standard_task_runner.py:70: DeprecationWarning: This process (pid=5163) is multi-threaded, use of fork() may lead to deadlocks in the child.
  pid = os.fork()

[2025-07-02T07:33:38.981+0000] {standard_task_runner.py:72} INFO - Started process 5165 to run task
[2025-07-02T07:33:38.983+0000] {standard_task_runner.py:104} INFO - Running: ['***', 'tasks', 'run', 'extract_raw_data_pipeline', 'run_dbt_staging', 'scheduled__2025-07-02T07:32:00+00:00', '--job-id', '201', '--raw', '--subdir', 'DAGS_FOLDER/driven_data_pipeline.py', '--cfg-path', '/tmp/tmp8fzacret']
[2025-07-02T07:33:38.985+0000] {standard_task_runner.py:105} INFO - Job 201: Subtask run_dbt_staging
[2025-07-02T07:33:41.177+0000] {task_command.py:467} INFO - Running <TaskInstance: extract_raw_data_pipeline.run_dbt_staging scheduled__2025-07-02T07:32:00+00:00 [running]> on host 48b6d860598d
[2025-07-02T07:33:46.753+0000] {job.py:229} INFO - Heartbeat recovered after 12.07 seconds
[2025-07-02T07:33:48.406+0000] {taskinstance.py:3131} INFO - Exporting env vars: AIRFLOW_CTX_DAG_OWNER='***' AIRFLOW_CTX_DAG_ID='extract_raw_data_pipeline' AIRFLOW_CTX_TASK_ID='run_dbt_staging' AIRFLOW_CTX_EXECUTION_DATE='2025-07-02T07:32:00+00:00' AIRFLOW_CTX_TRY_NUMBER='1' AIRFLOW_CTX_DAG_RUN_ID='scheduled__2025-07-02T07:32:00+00:00'
[2025-07-02T07:33:48.423+0000] {taskinstance.py:731} INFO - ::endgroup::
[2025-07-02T07:33:48.992+0000] {subprocess.py:63} INFO - Tmp dir root location: /tmp
[2025-07-02T07:33:49.528+0000] {subprocess.py:75} INFO - Running command: ['/usr/bin/bash', '-c', 'set -x; cd /opt/***/dbt && dbt run --select tag:staging']
[2025-07-02T07:33:51.622+0000] {subprocess.py:86} INFO - Output:
[2025-07-02T07:33:51.623+0000] {subprocess.py:93} INFO - + cd /opt/***/dbt
[2025-07-02T07:33:51.624+0000] {subprocess.py:93} INFO - + dbt run --select tag:staging
[2025-07-02T07:33:55.037+0000] {subprocess.py:93} INFO - [0m07:33:55  Running with dbt=1.8.0
[2025-07-02T07:33:55.584+0000] {subprocess.py:93} INFO - [0m07:33:55  Registered adapter: postgres=1.8.2
[2025-07-02T07:33:57.100+0000] {subprocess.py:93} INFO - [0m07:33:57  Found 9 models, 10 sources, 428 macros
[2025-07-02T07:33:57.112+0000] {subprocess.py:93} INFO - [0m07:33:57
[2025-07-02T07:33:57.366+0000] {subprocess.py:93} INFO - [0m07:33:57  Concurrency: 1 threads (target='dev')
[2025-07-02T07:33:57.367+0000] {subprocess.py:93} INFO - [0m07:33:57
[2025-07-02T07:33:57.380+0000] {subprocess.py:93} INFO - [0m07:33:57  1 of 5 START sql table model driven_staging.dim_address ........................ [RUN]
[2025-07-02T07:34:19.830+0000] {subprocess.py:93} INFO - [0m07:34:19  1 of 5 OK created sql table model driven_staging.dim_address ................... [[32mSELECT 251619[0m in 22.45s]
[2025-07-02T07:34:19.835+0000] {subprocess.py:93} INFO - [0m07:34:19  2 of 5 START sql table model driven_staging.dim_date ........................... [RUN]
[2025-07-02T07:34:23.276+0000] {subprocess.py:93} INFO - [0m07:34:23  2 of 5 OK created sql table model driven_staging.dim_date ...................... [[32mSELECT 251619[0m in 3.44s]
[2025-07-02T07:34:23.281+0000] {subprocess.py:93} INFO - [0m07:34:23  3 of 5 START sql table model driven_staging.dim_finance ........................ [RUN]
[2025-07-02T07:35:08.124+0000] {subprocess.py:93} INFO - [0m07:35:08  3 of 5 OK created sql table model driven_staging.dim_finance ................... [[32mSELECT 251619[0m in 44.81s]
[2025-07-02T07:35:08.140+0000] {subprocess.py:93} INFO - [0m07:35:08  4 of 5 START sql table model driven_staging.dim_person ......................... [RUN]
[2025-07-02T07:35:25.218+0000] {subprocess.py:93} INFO - [0m07:35:25  4 of 5 OK created sql table model driven_staging.dim_person .................... [[32mSELECT 251619[0m in 17.07s]
[2025-07-02T07:35:25.224+0000] {subprocess.py:93} INFO - [0m07:35:25  5 of 5 START sql table model driven_staging.fact_network_usage ................. [RUN]
[2025-07-02T07:35:27.888+0000] {subprocess.py:93} INFO - [0m07:35:27  5 of 5 OK created sql table model driven_staging.fact_network_usage ............ [[32mSELECT 251619[0m in 2.66s]
[2025-07-02T07:35:27.905+0000] {subprocess.py:93} INFO - [0m07:35:27
[2025-07-02T07:35:27.906+0000] {subprocess.py:93} INFO - [0m07:35:27  Finished running 5 table models in 0 hours 1 minutes and 30.79 seconds (90.79s).
[2025-07-02T07:35:27.978+0000] {subprocess.py:93} INFO - [0m07:35:27
[2025-07-02T07:35:27.979+0000] {subprocess.py:93} INFO - [0m07:35:27  [32mCompleted successfully[0m
[2025-07-02T07:35:27.980+0000] {subprocess.py:93} INFO - [0m07:35:27
[2025-07-02T07:35:27.981+0000] {subprocess.py:93} INFO - [0m07:35:27  Done. PASS=5 WARN=0 ERROR=0 SKIP=0 TOTAL=5
[2025-07-02T07:35:28.800+0000] {subprocess.py:97} INFO - Command exited with return code 0
[2025-07-02T07:35:29.237+0000] {taskinstance.py:340} INFO - ::group::Post task execution logs
[2025-07-02T07:35:29.238+0000] {taskinstance.py:352} INFO - Marking task as SUCCESS. dag_id=extract_raw_data_pipeline, task_id=run_dbt_staging, run_id=scheduled__2025-07-02T07:32:00+00:00, execution_date=20250702T073200, start_date=20250702T073336, end_date=20250702T073529
[2025-07-02T07:35:29.504+0000] {local_task_job_runner.py:266} INFO - Task exited with return code 0
[2025-07-02T07:35:29.532+0000] {taskinstance.py:3900} INFO - 1 downstream tasks scheduled from follow-on schedule check
[2025-07-02T07:35:29.649+0000] {local_task_job_runner.py:245} INFO - ::endgroup::
