[2025-07-02T00:31:04.134+0000] {local_task_job_runner.py:123} INFO - ::group::Pre task execution logs
[2025-07-02T00:31:04.181+0000] {taskinstance.py:2612} INFO - Dependencies all met for dep_context=non-requeueable deps ti=<TaskInstance: extract_raw_data_pipeline.run_dbt_trusted manual__2025-07-02T00:30:31.780016+00:00 [queued]>
[2025-07-02T00:31:04.194+0000] {taskinstance.py:2612} INFO - Dependencies all met for dep_context=requeueable deps ti=<TaskInstance: extract_raw_data_pipeline.run_dbt_trusted manual__2025-07-02T00:30:31.780016+00:00 [queued]>
[2025-07-02T00:31:04.195+0000] {taskinstance.py:2865} INFO - Starting attempt 1 of 1
[2025-07-02T00:31:05.588+0000] {taskinstance.py:2888} INFO - Executing <Task(BashOperator): run_dbt_trusted> on 2025-07-02 00:30:31.780016+00:00
[2025-07-02T00:31:05.596+0000] {warnings.py:112} WARNING - /home/***/.local/lib/python3.12/site-packages/***/task/task_runner/standard_task_runner.py:70: DeprecationWarning: This process (pid=266) is multi-threaded, use of fork() may lead to deadlocks in the child.
  pid = os.fork()

[2025-07-02T00:31:05.598+0000] {standard_task_runner.py:72} INFO - Started process 268 to run task
[2025-07-02T00:31:05.600+0000] {standard_task_runner.py:104} INFO - Running: ['***', 'tasks', 'run', 'extract_raw_data_pipeline', 'run_dbt_trusted', 'manual__2025-07-02T00:30:31.780016+00:00', '--job-id', '12', '--raw', '--subdir', 'DAGS_FOLDER/driven_data_pipeline.py', '--cfg-path', '/tmp/tmpudpwhkvv']
[2025-07-02T00:31:05.602+0000] {standard_task_runner.py:105} INFO - Job 12: Subtask run_dbt_trusted
[2025-07-02T00:31:06.398+0000] {task_command.py:467} INFO - Running <TaskInstance: extract_raw_data_pipeline.run_dbt_trusted manual__2025-07-02T00:30:31.780016+00:00 [running]> on host 37f96846e409
[2025-07-02T00:31:06.514+0000] {taskinstance.py:3131} INFO - Exporting env vars: AIRFLOW_CTX_DAG_OWNER='***' AIRFLOW_CTX_DAG_ID='extract_raw_data_pipeline' AIRFLOW_CTX_TASK_ID='run_dbt_trusted' AIRFLOW_CTX_EXECUTION_DATE='2025-07-02T00:30:31.780016+00:00' AIRFLOW_CTX_TRY_NUMBER='1' AIRFLOW_CTX_DAG_RUN_ID='manual__2025-07-02T00:30:31.780016+00:00'
[2025-07-02T00:31:06.515+0000] {taskinstance.py:731} INFO - ::endgroup::
[2025-07-02T00:31:06.537+0000] {subprocess.py:63} INFO - Tmp dir root location: /tmp
[2025-07-02T00:31:06.538+0000] {subprocess.py:75} INFO - Running command: ['/usr/bin/bash', '-c', 'set -x; cd /opt/***/dbt && dbt run --select tag:trusted']
[2025-07-02T00:31:06.554+0000] {subprocess.py:86} INFO - Output:
[2025-07-02T00:31:06.556+0000] {subprocess.py:93} INFO - + cd /opt/***/dbt
[2025-07-02T00:31:06.557+0000] {subprocess.py:93} INFO - + dbt run --select tag:trusted
[2025-07-02T00:31:09.756+0000] {subprocess.py:93} INFO - [0m00:31:09  Running with dbt=1.8.0
[2025-07-02T00:31:10.105+0000] {subprocess.py:93} INFO - [0m00:31:10  Registered adapter: postgres=1.8.2
[2025-07-02T00:31:10.623+0000] {subprocess.py:93} INFO - [0m00:31:10  Found 9 models, 10 sources, 428 macros
[2025-07-02T00:31:10.626+0000] {subprocess.py:93} INFO - [0m00:31:10
[2025-07-02T00:31:11.155+0000] {subprocess.py:93} INFO - [0m00:31:11  Concurrency: 1 threads (target='dev')
[2025-07-02T00:31:11.156+0000] {subprocess.py:93} INFO - [0m00:31:11
[2025-07-02T00:31:11.172+0000] {subprocess.py:93} INFO - [0m00:31:11  1 of 4 START sql table model driven_trusted.non_pii_data ....................... [RUN]
[2025-07-02T00:31:11.926+0000] {subprocess.py:93} INFO - [0m00:31:11  1 of 4 OK created sql table model driven_trusted.non_pii_data .................. [[32mSELECT 113[0m in 0.75s]
[2025-07-02T00:31:11.928+0000] {subprocess.py:93} INFO - [0m00:31:11  2 of 4 START sql table model driven_trusted.payment_data ....................... [RUN]
[2025-07-02T00:31:11.989+0000] {subprocess.py:93} INFO - [0m00:31:11  2 of 4 OK created sql table model driven_trusted.payment_data .................. [[32mSELECT 113[0m in 0.06s]
[2025-07-02T00:31:11.992+0000] {subprocess.py:93} INFO - [0m00:31:11  3 of 4 START sql table model driven_trusted.pii_data ........................... [RUN]
[2025-07-02T00:31:12.084+0000] {subprocess.py:93} INFO - [0m00:31:12  3 of 4 OK created sql table model driven_trusted.pii_data ...................... [[32mSELECT 113[0m in 0.09s]
[2025-07-02T00:31:12.087+0000] {subprocess.py:93} INFO - [0m00:31:12  4 of 4 START sql table model driven_trusted.technical_data ..................... [RUN]
[2025-07-02T00:31:12.206+0000] {subprocess.py:93} INFO - [0m00:31:12  4 of 4 OK created sql table model driven_trusted.technical_data ................ [[32mSELECT 113[0m in 0.12s]
[2025-07-02T00:31:12.224+0000] {subprocess.py:93} INFO - [0m00:31:12
[2025-07-02T00:31:12.225+0000] {subprocess.py:93} INFO - [0m00:31:12  Finished running 4 table models in 0 hours 0 minutes and 1.60 seconds (1.60s).
[2025-07-02T00:31:12.263+0000] {subprocess.py:93} INFO - [0m00:31:12
[2025-07-02T00:31:12.264+0000] {subprocess.py:93} INFO - [0m00:31:12  [32mCompleted successfully[0m
[2025-07-02T00:31:12.265+0000] {subprocess.py:93} INFO - [0m00:31:12
[2025-07-02T00:31:12.266+0000] {subprocess.py:93} INFO - [0m00:31:12  Done. PASS=4 WARN=0 ERROR=0 SKIP=0 TOTAL=4
[2025-07-02T00:31:13.123+0000] {subprocess.py:97} INFO - Command exited with return code 0
[2025-07-02T00:31:13.620+0000] {taskinstance.py:340} INFO - ::group::Post task execution logs
[2025-07-02T00:31:13.621+0000] {taskinstance.py:352} INFO - Marking task as SUCCESS. dag_id=extract_raw_data_pipeline, task_id=run_dbt_trusted, run_id=manual__2025-07-02T00:30:31.780016+00:00, execution_date=20250702T003031, start_date=20250702T003104, end_date=20250702T003113
[2025-07-02T00:31:13.688+0000] {local_task_job_runner.py:266} INFO - Task exited with return code 0
[2025-07-02T00:31:13.703+0000] {taskinstance.py:3900} INFO - 0 downstream tasks scheduled from follow-on schedule check
[2025-07-02T00:31:13.722+0000] {local_task_job_runner.py:245} INFO - ::endgroup::
