[2025-07-01T22:54:15.396+0000] {local_task_job_runner.py:123} INFO - ::group::Pre task execution logs
[2025-07-01T22:54:15.421+0000] {taskinstance.py:2612} INFO - Dependencies all met for dep_context=non-requeueable deps ti=<TaskInstance: extract_raw_data_pipeline.run_dbt_trusted manual__2025-07-01T22:53:48.202121+00:00 [queued]>
[2025-07-01T22:54:15.435+0000] {taskinstance.py:2612} INFO - Dependencies all met for dep_context=requeueable deps ti=<TaskInstance: extract_raw_data_pipeline.run_dbt_trusted manual__2025-07-01T22:53:48.202121+00:00 [queued]>
[2025-07-01T22:54:15.436+0000] {taskinstance.py:2865} INFO - Starting attempt 1 of 1
[2025-07-01T22:54:15.481+0000] {taskinstance.py:2888} INFO - Executing <Task(BashOperator): run_dbt_trusted> on 2025-07-01 22:53:48.202121+00:00
[2025-07-01T22:54:15.505+0000] {warnings.py:112} WARNING - /home/***/.local/lib/python3.12/site-packages/***/task/task_runner/standard_task_runner.py:70: DeprecationWarning: This process (pid=311) is multi-threaded, use of fork() may lead to deadlocks in the child.
  pid = os.fork()

[2025-07-01T22:54:15.509+0000] {standard_task_runner.py:72} INFO - Started process 313 to run task
[2025-07-01T22:54:15.509+0000] {standard_task_runner.py:104} INFO - Running: ['***', 'tasks', 'run', 'extract_raw_data_pipeline', 'run_dbt_trusted', 'manual__2025-07-01T22:53:48.202121+00:00', '--job-id', '18', '--raw', '--subdir', 'DAGS_FOLDER/driven_data_pipeline.py', '--cfg-path', '/tmp/tmp6jg1ks92']
[2025-07-01T22:54:15.512+0000] {standard_task_runner.py:105} INFO - Job 18: Subtask run_dbt_trusted
[2025-07-01T22:54:15.685+0000] {task_command.py:467} INFO - Running <TaskInstance: extract_raw_data_pipeline.run_dbt_trusted manual__2025-07-01T22:53:48.202121+00:00 [running]> on host 943703dd0104
[2025-07-01T22:54:15.931+0000] {taskinstance.py:3131} INFO - Exporting env vars: AIRFLOW_CTX_DAG_OWNER='***' AIRFLOW_CTX_DAG_ID='extract_raw_data_pipeline' AIRFLOW_CTX_TASK_ID='run_dbt_trusted' AIRFLOW_CTX_EXECUTION_DATE='2025-07-01T22:53:48.202121+00:00' AIRFLOW_CTX_TRY_NUMBER='1' AIRFLOW_CTX_DAG_RUN_ID='manual__2025-07-01T22:53:48.202121+00:00'
[2025-07-01T22:54:15.935+0000] {taskinstance.py:731} INFO - ::endgroup::
[2025-07-01T22:54:15.999+0000] {subprocess.py:63} INFO - Tmp dir root location: /tmp
[2025-07-01T22:54:16.001+0000] {subprocess.py:75} INFO - Running command: ['/usr/bin/bash', '-c', 'set -x; cd /opt/***/dbt && dbt run --select tag:trusted']
[2025-07-01T22:54:16.021+0000] {subprocess.py:86} INFO - Output:
[2025-07-01T22:54:16.024+0000] {subprocess.py:93} INFO - + cd /opt/***/dbt
[2025-07-01T22:54:16.025+0000] {subprocess.py:93} INFO - + dbt run --select tag:trusted
[2025-07-01T22:54:18.852+0000] {subprocess.py:93} INFO - [0m22:54:18  Running with dbt=1.8.0
[2025-07-01T22:54:19.192+0000] {subprocess.py:93} INFO - [0m22:54:19  Registered adapter: postgres=1.8.2
[2025-07-01T22:54:19.716+0000] {subprocess.py:93} INFO - [0m22:54:19  Found 9 models, 10 sources, 428 macros
[2025-07-01T22:54:19.720+0000] {subprocess.py:93} INFO - [0m22:54:19
[2025-07-01T22:54:19.876+0000] {subprocess.py:93} INFO - [0m22:54:19  Concurrency: 1 threads (target='dev')
[2025-07-01T22:54:19.877+0000] {subprocess.py:93} INFO - [0m22:54:19
[2025-07-01T22:54:19.889+0000] {subprocess.py:93} INFO - [0m22:54:19  1 of 4 START sql table model driven_trusted.non_pii_data ....................... [RUN]
[2025-07-01T22:54:20.206+0000] {subprocess.py:93} INFO - [0m22:54:20  1 of 4 OK created sql table model driven_trusted.non_pii_data .................. [[32mSELECT 1594[0m in 0.31s]
[2025-07-01T22:54:20.209+0000] {subprocess.py:93} INFO - [0m22:54:20  2 of 4 START sql table model driven_trusted.payment_data ....................... [RUN]
[2025-07-01T22:54:20.383+0000] {subprocess.py:93} INFO - [0m22:54:20  2 of 4 OK created sql table model driven_trusted.payment_data .................. [[32mSELECT 1594[0m in 0.17s]
[2025-07-01T22:54:20.391+0000] {subprocess.py:93} INFO - [0m22:54:20  3 of 4 START sql table model driven_trusted.pii_data ........................... [RUN]
[2025-07-01T22:54:20.655+0000] {subprocess.py:93} INFO - [0m22:54:20  3 of 4 OK created sql table model driven_trusted.pii_data ...................... [[32mSELECT 1594[0m in 0.26s]
[2025-07-01T22:54:20.661+0000] {subprocess.py:93} INFO - [0m22:54:20  4 of 4 START sql table model driven_trusted.technical_data ..................... [RUN]
[2025-07-01T22:54:20.860+0000] {subprocess.py:93} INFO - [0m22:54:20  4 of 4 OK created sql table model driven_trusted.technical_data ................ [[32mSELECT 1594[0m in 0.20s]
[2025-07-01T22:54:20.879+0000] {subprocess.py:93} INFO - [0m22:54:20
[2025-07-01T22:54:20.880+0000] {subprocess.py:93} INFO - [0m22:54:20  Finished running 4 table models in 0 hours 0 minutes and 1.16 seconds (1.16s).
[2025-07-01T22:54:20.924+0000] {subprocess.py:93} INFO - [0m22:54:20
[2025-07-01T22:54:20.925+0000] {subprocess.py:93} INFO - [0m22:54:20  [32mCompleted successfully[0m
[2025-07-01T22:54:20.926+0000] {subprocess.py:93} INFO - [0m22:54:20
[2025-07-01T22:54:20.927+0000] {subprocess.py:93} INFO - [0m22:54:20  Done. PASS=4 WARN=0 ERROR=0 SKIP=0 TOTAL=4
[2025-07-01T22:54:21.826+0000] {subprocess.py:97} INFO - Command exited with return code 0
[2025-07-01T22:54:22.421+0000] {taskinstance.py:340} INFO - ::group::Post task execution logs
[2025-07-01T22:54:22.422+0000] {taskinstance.py:352} INFO - Marking task as SUCCESS. dag_id=extract_raw_data_pipeline, task_id=run_dbt_trusted, run_id=manual__2025-07-01T22:53:48.202121+00:00, execution_date=20250701T225348, start_date=20250701T225415, end_date=20250701T225422
[2025-07-01T22:54:23.152+0000] {local_task_job_runner.py:266} INFO - Task exited with return code 0
[2025-07-01T22:54:23.205+0000] {taskinstance.py:3900} INFO - 0 downstream tasks scheduled from follow-on schedule check
[2025-07-01T22:54:23.385+0000] {local_task_job_runner.py:245} INFO - ::endgroup::
