[2025-07-02T07:12:19.536+0000] {local_task_job_runner.py:123} INFO - ::group::Pre task execution logs
[2025-07-02T07:12:19.562+0000] {taskinstance.py:2612} INFO - Dependencies all met for dep_context=non-requeueable deps ti=<TaskInstance: extract_raw_data_pipeline.run_dbt_trusted scheduled__2025-07-02T07:11:00+00:00 [queued]>
[2025-07-02T07:12:19.583+0000] {taskinstance.py:2612} INFO - Dependencies all met for dep_context=requeueable deps ti=<TaskInstance: extract_raw_data_pipeline.run_dbt_trusted scheduled__2025-07-02T07:11:00+00:00 [queued]>
[2025-07-02T07:12:19.583+0000] {taskinstance.py:2865} INFO - Starting attempt 1 of 1
[2025-07-02T07:12:19.633+0000] {taskinstance.py:2888} INFO - Executing <Task(BashOperator): run_dbt_trusted> on 2025-07-02 07:11:00+00:00
[2025-07-02T07:12:19.640+0000] {warnings.py:112} WARNING - /home/***/.local/lib/python3.12/site-packages/***/task/task_runner/standard_task_runner.py:70: DeprecationWarning: This process (pid=4196) is multi-threaded, use of fork() may lead to deadlocks in the child.
  pid = os.fork()

[2025-07-02T07:12:19.642+0000] {standard_task_runner.py:72} INFO - Started process 4198 to run task
[2025-07-02T07:12:19.642+0000] {standard_task_runner.py:104} INFO - Running: ['***', 'tasks', 'run', 'extract_raw_data_pipeline', 'run_dbt_trusted', 'scheduled__2025-07-02T07:11:00+00:00', '--job-id', '112', '--raw', '--subdir', 'DAGS_FOLDER/driven_data_pipeline.py', '--cfg-path', '/tmp/tmpmvbjsxmh']
[2025-07-02T07:12:19.643+0000] {standard_task_runner.py:105} INFO - Job 112: Subtask run_dbt_trusted
[2025-07-02T07:12:19.745+0000] {task_command.py:467} INFO - Running <TaskInstance: extract_raw_data_pipeline.run_dbt_trusted scheduled__2025-07-02T07:11:00+00:00 [running]> on host 48b6d860598d
[2025-07-02T07:12:20.060+0000] {taskinstance.py:3131} INFO - Exporting env vars: AIRFLOW_CTX_DAG_OWNER='***' AIRFLOW_CTX_DAG_ID='extract_raw_data_pipeline' AIRFLOW_CTX_TASK_ID='run_dbt_trusted' AIRFLOW_CTX_EXECUTION_DATE='2025-07-02T07:11:00+00:00' AIRFLOW_CTX_TRY_NUMBER='1' AIRFLOW_CTX_DAG_RUN_ID='scheduled__2025-07-02T07:11:00+00:00'
[2025-07-02T07:12:20.063+0000] {taskinstance.py:731} INFO - ::endgroup::
[2025-07-02T07:12:20.122+0000] {subprocess.py:63} INFO - Tmp dir root location: /tmp
[2025-07-02T07:12:20.124+0000] {subprocess.py:75} INFO - Running command: ['/usr/bin/bash', '-c', 'set -x; cd /opt/***/dbt && dbt run --select tag:trusted']
[2025-07-02T07:12:20.158+0000] {subprocess.py:86} INFO - Output:
[2025-07-02T07:12:20.162+0000] {subprocess.py:93} INFO - + cd /opt/***/dbt
[2025-07-02T07:12:20.163+0000] {subprocess.py:93} INFO - + dbt run --select tag:trusted
[2025-07-02T07:12:22.935+0000] {subprocess.py:93} INFO - [0m07:12:22  Running with dbt=1.8.0
[2025-07-02T07:12:23.361+0000] {subprocess.py:93} INFO - [0m07:12:23  Registered adapter: postgres=1.8.2
[2025-07-02T07:12:23.807+0000] {subprocess.py:93} INFO - [0m07:12:23  Found 9 models, 10 sources, 428 macros
[2025-07-02T07:12:23.809+0000] {subprocess.py:93} INFO - [0m07:12:23
[2025-07-02T07:12:23.940+0000] {subprocess.py:93} INFO - [0m07:12:23  Concurrency: 1 threads (target='dev')
[2025-07-02T07:12:23.941+0000] {subprocess.py:93} INFO - [0m07:12:23
[2025-07-02T07:12:23.952+0000] {subprocess.py:93} INFO - [0m07:12:23  1 of 4 START sql table model driven_trusted.non_pii_data ....................... [RUN]
[2025-07-02T07:12:27.202+0000] {subprocess.py:93} INFO - [0m07:12:27  1 of 4 OK created sql table model driven_trusted.non_pii_data .................. [[32mSELECT 68430[0m in 3.24s]
[2025-07-02T07:12:27.210+0000] {subprocess.py:93} INFO - [0m07:12:27  2 of 4 START sql table model driven_trusted.payment_data ....................... [RUN]
[2025-07-02T07:12:29.212+0000] {subprocess.py:93} INFO - [0m07:12:29  2 of 4 OK created sql table model driven_trusted.payment_data .................. [[32mSELECT 68430[0m in 2.00s]
[2025-07-02T07:12:29.215+0000] {subprocess.py:93} INFO - [0m07:12:29  3 of 4 START sql table model driven_trusted.pii_data ........................... [RUN]
[2025-07-02T07:12:32.729+0000] {subprocess.py:93} INFO - [0m07:12:32  3 of 4 OK created sql table model driven_trusted.pii_data ...................... [[32mSELECT 68430[0m in 3.51s]
[2025-07-02T07:12:32.737+0000] {subprocess.py:93} INFO - [0m07:12:32  4 of 4 START sql table model driven_trusted.technical_data ..................... [RUN]
[2025-07-02T07:12:33.837+0000] {subprocess.py:93} INFO - [0m07:12:33  4 of 4 OK created sql table model driven_trusted.technical_data ................ [[32mSELECT 68430[0m in 1.10s]
[2025-07-02T07:12:33.863+0000] {subprocess.py:93} INFO - [0m07:12:33
[2025-07-02T07:12:33.864+0000] {subprocess.py:93} INFO - [0m07:12:33  Finished running 4 table models in 0 hours 0 minutes and 10.05 seconds (10.05s).
[2025-07-02T07:12:33.903+0000] {subprocess.py:93} INFO - [0m07:12:33
[2025-07-02T07:12:33.905+0000] {subprocess.py:93} INFO - [0m07:12:33  [32mCompleted successfully[0m
[2025-07-02T07:12:33.905+0000] {subprocess.py:93} INFO - [0m07:12:33
[2025-07-02T07:12:33.906+0000] {subprocess.py:93} INFO - [0m07:12:33  Done. PASS=4 WARN=0 ERROR=0 SKIP=0 TOTAL=4
[2025-07-02T07:12:34.557+0000] {subprocess.py:97} INFO - Command exited with return code 0
[2025-07-02T07:12:36.125+0000] {taskinstance.py:340} INFO - ::group::Post task execution logs
[2025-07-02T07:12:36.126+0000] {taskinstance.py:352} INFO - Marking task as SUCCESS. dag_id=extract_raw_data_pipeline, task_id=run_dbt_trusted, run_id=scheduled__2025-07-02T07:11:00+00:00, execution_date=20250702T071100, start_date=20250702T071219, end_date=20250702T071236
[2025-07-02T07:12:36.345+0000] {local_task_job_runner.py:266} INFO - Task exited with return code 0
[2025-07-02T07:12:36.394+0000] {taskinstance.py:3900} INFO - 0 downstream tasks scheduled from follow-on schedule check
[2025-07-02T07:12:36.432+0000] {local_task_job_runner.py:245} INFO - ::endgroup::
