[2025-07-02T07:41:04.254+0000] {local_task_job_runner.py:123} INFO - ::group::Pre task execution logs
[2025-07-02T07:41:04.292+0000] {taskinstance.py:2612} INFO - Dependencies all met for dep_context=non-requeueable deps ti=<TaskInstance: extract_raw_data_pipeline.extract_raw_data scheduled__2025-07-02T07:40:00+00:00 [queued]>
[2025-07-02T07:41:04.303+0000] {taskinstance.py:2612} INFO - Dependencies all met for dep_context=requeueable deps ti=<TaskInstance: extract_raw_data_pipeline.extract_raw_data scheduled__2025-07-02T07:40:00+00:00 [queued]>
[2025-07-02T07:41:04.304+0000] {taskinstance.py:2865} INFO - Starting attempt 1 of 1
[2025-07-02T07:41:04.568+0000] {taskinstance.py:2888} INFO - Executing <Task(PythonOperator): extract_raw_data> on 2025-07-02 07:40:00+00:00
[2025-07-02T07:41:04.581+0000] {warnings.py:112} WARNING - /home/***/.local/lib/python3.12/site-packages/***/task/task_runner/standard_task_runner.py:70: DeprecationWarning: This process (pid=5429) is multi-threaded, use of fork() may lead to deadlocks in the child.
  pid = os.fork()

[2025-07-02T07:41:04.583+0000] {standard_task_runner.py:72} INFO - Started process 5442 to run task
[2025-07-02T07:41:04.590+0000] {standard_task_runner.py:104} INFO - Running: ['***', 'tasks', 'run', 'extract_raw_data_pipeline', 'extract_raw_data', 'scheduled__2025-07-02T07:40:00+00:00', '--job-id', '223', '--raw', '--subdir', 'DAGS_FOLDER/driven_data_pipeline.py', '--cfg-path', '/tmp/tmpnofxjpnj']
[2025-07-02T07:41:04.594+0000] {standard_task_runner.py:105} INFO - Job 223: Subtask extract_raw_data
[2025-07-02T07:41:05.422+0000] {task_command.py:467} INFO - Running <TaskInstance: extract_raw_data_pipeline.extract_raw_data scheduled__2025-07-02T07:40:00+00:00 [running]> on host 48b6d860598d
[2025-07-02T07:41:05.875+0000] {taskinstance.py:3131} INFO - Exporting env vars: AIRFLOW_CTX_DAG_OWNER='***' AIRFLOW_CTX_DAG_ID='extract_raw_data_pipeline' AIRFLOW_CTX_TASK_ID='extract_raw_data' AIRFLOW_CTX_EXECUTION_DATE='2025-07-02T07:40:00+00:00' AIRFLOW_CTX_TRY_NUMBER='1' AIRFLOW_CTX_DAG_RUN_ID='scheduled__2025-07-02T07:40:00+00:00'
[2025-07-02T07:41:05.876+0000] {taskinstance.py:731} INFO - ::endgroup::
[2025-07-02T07:41:05.899+0000] {driven_data_pipeline.py:153} INFO - Started batch processing for 2025-07-02.
[2025-07-02T07:41:05.899+0000] {driven_data_pipeline.py:35} INFO - Created synthetic data for MX country code.
[2025-07-02T07:41:05.983+0000] {driven_data_pipeline.py:108} INFO - Written 14 records to the CSV file.
[2025-07-02T07:41:06.335+0000] {driven_data_pipeline.py:125} INFO - Added UUID to the dataset.
[2025-07-02T07:41:07.496+0000] {driven_data_pipeline.py:145} INFO - Updated accessed timestamp.
[2025-07-02T07:41:07.497+0000] {driven_data_pipeline.py:161} INFO - Finished batch processing 2025-07-02.
[2025-07-02T07:41:07.497+0000] {python.py:240} INFO - Done. Returned value was: None
[2025-07-02T07:41:07.522+0000] {taskinstance.py:340} INFO - ::group::Post task execution logs
[2025-07-02T07:41:07.523+0000] {taskinstance.py:352} INFO - Marking task as SUCCESS. dag_id=extract_raw_data_pipeline, task_id=extract_raw_data, run_id=scheduled__2025-07-02T07:40:00+00:00, execution_date=20250702T074000, start_date=20250702T074104, end_date=20250702T074107
[2025-07-02T07:41:12.226+0000] {local_task_job_runner.py:266} INFO - Task exited with return code 0
[2025-07-02T07:41:12.243+0000] {local_task_job_runner.py:245} INFO - ::endgroup::
