[2025-07-02T07:03:20.688+0000] {local_task_job_runner.py:123} INFO - ::group::Pre task execution logs
[2025-07-02T07:03:20.708+0000] {taskinstance.py:2612} INFO - Dependencies all met for dep_context=non-requeueable deps ti=<TaskInstance: extract_raw_data_pipeline.run_dbt_trusted scheduled__2025-07-02T07:02:00+00:00 [queued]>
[2025-07-02T07:03:20.717+0000] {taskinstance.py:2612} INFO - Dependencies all met for dep_context=requeueable deps ti=<TaskInstance: extract_raw_data_pipeline.run_dbt_trusted scheduled__2025-07-02T07:02:00+00:00 [queued]>
[2025-07-02T07:03:20.717+0000] {taskinstance.py:2865} INFO - Starting attempt 1 of 1
[2025-07-02T07:03:20.759+0000] {taskinstance.py:2888} INFO - Executing <Task(BashOperator): run_dbt_trusted> on 2025-07-02 07:02:00+00:00
[2025-07-02T07:03:20.767+0000] {warnings.py:112} WARNING - /home/***/.local/lib/python3.12/site-packages/***/task/task_runner/standard_task_runner.py:70: DeprecationWarning: This process (pid=3653) is multi-threaded, use of fork() may lead to deadlocks in the child.
  pid = os.fork()

[2025-07-02T07:03:20.769+0000] {standard_task_runner.py:72} INFO - Started process 3655 to run task
[2025-07-02T07:03:20.769+0000] {standard_task_runner.py:104} INFO - Running: ['***', 'tasks', 'run', 'extract_raw_data_pipeline', 'run_dbt_trusted', 'scheduled__2025-07-02T07:02:00+00:00', '--job-id', '58', '--raw', '--subdir', 'DAGS_FOLDER/driven_data_pipeline.py', '--cfg-path', '/tmp/tmpbznyg_mp']
[2025-07-02T07:03:20.770+0000] {standard_task_runner.py:105} INFO - Job 58: Subtask run_dbt_trusted
[2025-07-02T07:03:20.881+0000] {task_command.py:467} INFO - Running <TaskInstance: extract_raw_data_pipeline.run_dbt_trusted scheduled__2025-07-02T07:02:00+00:00 [running]> on host 48b6d860598d
[2025-07-02T07:03:21.132+0000] {taskinstance.py:3131} INFO - Exporting env vars: AIRFLOW_CTX_DAG_OWNER='***' AIRFLOW_CTX_DAG_ID='extract_raw_data_pipeline' AIRFLOW_CTX_TASK_ID='run_dbt_trusted' AIRFLOW_CTX_EXECUTION_DATE='2025-07-02T07:02:00+00:00' AIRFLOW_CTX_TRY_NUMBER='1' AIRFLOW_CTX_DAG_RUN_ID='scheduled__2025-07-02T07:02:00+00:00'
[2025-07-02T07:03:21.134+0000] {taskinstance.py:731} INFO - ::endgroup::
[2025-07-02T07:03:21.166+0000] {subprocess.py:63} INFO - Tmp dir root location: /tmp
[2025-07-02T07:03:21.167+0000] {subprocess.py:75} INFO - Running command: ['/usr/bin/bash', '-c', 'set -x; cd /opt/***/dbt && dbt run --select tag:trusted']
[2025-07-02T07:03:21.184+0000] {subprocess.py:86} INFO - Output:
[2025-07-02T07:03:21.185+0000] {subprocess.py:93} INFO - + cd /opt/***/dbt
[2025-07-02T07:03:21.186+0000] {subprocess.py:93} INFO - + dbt run --select tag:trusted
[2025-07-02T07:03:23.801+0000] {subprocess.py:93} INFO - [0m07:03:23  Running with dbt=1.8.0
[2025-07-02T07:03:24.102+0000] {subprocess.py:93} INFO - [0m07:03:24  Registered adapter: postgres=1.8.2
[2025-07-02T07:03:24.549+0000] {subprocess.py:93} INFO - [0m07:03:24  Found 9 models, 10 sources, 428 macros
[2025-07-02T07:03:24.552+0000] {subprocess.py:93} INFO - [0m07:03:24
[2025-07-02T07:03:24.681+0000] {subprocess.py:93} INFO - [0m07:03:24  Concurrency: 1 threads (target='dev')
[2025-07-02T07:03:24.682+0000] {subprocess.py:93} INFO - [0m07:03:24
[2025-07-02T07:03:24.693+0000] {subprocess.py:93} INFO - [0m07:03:24  1 of 4 START sql table model driven_trusted.non_pii_data ....................... [RUN]
[2025-07-02T07:03:26.961+0000] {subprocess.py:93} INFO - [0m07:03:26  1 of 4 OK created sql table model driven_trusted.non_pii_data .................. [[32mSELECT 17659[0m in 2.26s]
[2025-07-02T07:03:26.969+0000] {subprocess.py:93} INFO - [0m07:03:26  2 of 4 START sql table model driven_trusted.payment_data ....................... [RUN]
[2025-07-02T07:03:27.256+0000] {subprocess.py:93} INFO - [0m07:03:27  2 of 4 OK created sql table model driven_trusted.payment_data .................. [[32mSELECT 17659[0m in 0.28s]
[2025-07-02T07:03:27.268+0000] {subprocess.py:93} INFO - [0m07:03:27  3 of 4 START sql table model driven_trusted.pii_data ........................... [RUN]
[2025-07-02T07:03:29.060+0000] {subprocess.py:93} INFO - [0m07:03:29  3 of 4 OK created sql table model driven_trusted.pii_data ...................... [[32mSELECT 17659[0m in 1.79s]
[2025-07-02T07:03:29.063+0000] {subprocess.py:93} INFO - [0m07:03:29  4 of 4 START sql table model driven_trusted.technical_data ..................... [RUN]
[2025-07-02T07:03:29.385+0000] {subprocess.py:93} INFO - [0m07:03:29  4 of 4 OK created sql table model driven_trusted.technical_data ................ [[32mSELECT 17659[0m in 0.32s]
[2025-07-02T07:03:29.401+0000] {subprocess.py:93} INFO - [0m07:03:29
[2025-07-02T07:03:29.402+0000] {subprocess.py:93} INFO - [0m07:03:29  Finished running 4 table models in 0 hours 0 minutes and 4.85 seconds (4.85s).
[2025-07-02T07:03:29.442+0000] {subprocess.py:93} INFO - [0m07:03:29
[2025-07-02T07:03:29.443+0000] {subprocess.py:93} INFO - [0m07:03:29  [32mCompleted successfully[0m
[2025-07-02T07:03:29.444+0000] {subprocess.py:93} INFO - [0m07:03:29
[2025-07-02T07:03:29.445+0000] {subprocess.py:93} INFO - [0m07:03:29  Done. PASS=4 WARN=0 ERROR=0 SKIP=0 TOTAL=4
[2025-07-02T07:03:30.173+0000] {subprocess.py:97} INFO - Command exited with return code 0
[2025-07-02T07:03:30.228+0000] {taskinstance.py:340} INFO - ::group::Post task execution logs
[2025-07-02T07:03:30.229+0000] {taskinstance.py:352} INFO - Marking task as SUCCESS. dag_id=extract_raw_data_pipeline, task_id=run_dbt_trusted, run_id=scheduled__2025-07-02T07:02:00+00:00, execution_date=20250702T070200, start_date=20250702T070320, end_date=20250702T070330
[2025-07-02T07:03:30.301+0000] {local_task_job_runner.py:266} INFO - Task exited with return code 0
[2025-07-02T07:03:30.320+0000] {taskinstance.py:3900} INFO - 0 downstream tasks scheduled from follow-on schedule check
[2025-07-02T07:03:30.347+0000] {local_task_job_runner.py:245} INFO - ::endgroup::
