[2025-07-02T07:23:17.222+0000] {local_task_job_runner.py:123} INFO - ::group::Pre task execution logs
[2025-07-02T07:23:17.245+0000] {taskinstance.py:2612} INFO - Dependencies all met for dep_context=non-requeueable deps ti=<TaskInstance: extract_raw_data_pipeline.run_dbt_trusted scheduled__2025-07-02T07:21:00+00:00 [queued]>
[2025-07-02T07:23:17.258+0000] {taskinstance.py:2612} INFO - Dependencies all met for dep_context=requeueable deps ti=<TaskInstance: extract_raw_data_pipeline.run_dbt_trusted scheduled__2025-07-02T07:21:00+00:00 [queued]>
[2025-07-02T07:23:17.259+0000] {taskinstance.py:2865} INFO - Starting attempt 1 of 1
[2025-07-02T07:23:17.349+0000] {taskinstance.py:2888} INFO - Executing <Task(BashOperator): run_dbt_trusted> on 2025-07-02 07:21:00+00:00
[2025-07-02T07:23:17.372+0000] {warnings.py:112} WARNING - /home/***/.local/lib/python3.12/site-packages/***/task/task_runner/standard_task_runner.py:70: DeprecationWarning: This process (pid=4742) is multi-threaded, use of fork() may lead to deadlocks in the child.
  pid = os.fork()

[2025-07-02T07:23:17.374+0000] {standard_task_runner.py:72} INFO - Started process 4746 to run task
[2025-07-02T07:23:17.375+0000] {standard_task_runner.py:104} INFO - Running: ['***', 'tasks', 'run', 'extract_raw_data_pipeline', 'run_dbt_trusted', 'scheduled__2025-07-02T07:21:00+00:00', '--job-id', '164', '--raw', '--subdir', 'DAGS_FOLDER/driven_data_pipeline.py', '--cfg-path', '/tmp/tmpzc2en_wr']
[2025-07-02T07:23:17.378+0000] {standard_task_runner.py:105} INFO - Job 164: Subtask run_dbt_trusted
[2025-07-02T07:23:17.634+0000] {task_command.py:467} INFO - Running <TaskInstance: extract_raw_data_pipeline.run_dbt_trusted scheduled__2025-07-02T07:21:00+00:00 [running]> on host 48b6d860598d
[2025-07-02T07:23:17.979+0000] {taskinstance.py:3131} INFO - Exporting env vars: AIRFLOW_CTX_DAG_OWNER='***' AIRFLOW_CTX_DAG_ID='extract_raw_data_pipeline' AIRFLOW_CTX_TASK_ID='run_dbt_trusted' AIRFLOW_CTX_EXECUTION_DATE='2025-07-02T07:21:00+00:00' AIRFLOW_CTX_TRY_NUMBER='1' AIRFLOW_CTX_DAG_RUN_ID='scheduled__2025-07-02T07:21:00+00:00'
[2025-07-02T07:23:17.983+0000] {taskinstance.py:731} INFO - ::endgroup::
[2025-07-02T07:23:18.058+0000] {subprocess.py:63} INFO - Tmp dir root location: /tmp
[2025-07-02T07:23:18.059+0000] {subprocess.py:75} INFO - Running command: ['/usr/bin/bash', '-c', 'set -x; cd /opt/***/dbt && dbt run --select tag:trusted']
[2025-07-02T07:23:18.077+0000] {subprocess.py:86} INFO - Output:
[2025-07-02T07:23:18.079+0000] {subprocess.py:93} INFO - + cd /opt/***/dbt
[2025-07-02T07:23:18.080+0000] {subprocess.py:93} INFO - + dbt run --select tag:trusted
[2025-07-02T07:23:21.439+0000] {subprocess.py:93} INFO - [0m07:23:21  Running with dbt=1.8.0
[2025-07-02T07:23:21.752+0000] {subprocess.py:93} INFO - [0m07:23:21  Registered adapter: postgres=1.8.2
[2025-07-02T07:23:22.357+0000] {subprocess.py:93} INFO - [0m07:23:22  Found 9 models, 10 sources, 428 macros
[2025-07-02T07:23:22.360+0000] {subprocess.py:93} INFO - [0m07:23:22
[2025-07-02T07:23:22.512+0000] {subprocess.py:93} INFO - [0m07:23:22  Concurrency: 1 threads (target='dev')
[2025-07-02T07:23:22.513+0000] {subprocess.py:93} INFO - [0m07:23:22
[2025-07-02T07:23:22.532+0000] {subprocess.py:93} INFO - [0m07:23:22  1 of 4 START sql table model driven_trusted.non_pii_data ....................... [RUN]
[2025-07-02T07:23:46.487+0000] {subprocess.py:93} INFO - [0m07:23:46  1 of 4 OK created sql table model driven_trusted.non_pii_data .................. [[32mSELECT 473922[0m in 23.95s]
[2025-07-02T07:23:46.491+0000] {subprocess.py:93} INFO - [0m07:23:46  2 of 4 START sql table model driven_trusted.payment_data ....................... [RUN]
[2025-07-02T07:23:52.625+0000] {subprocess.py:93} INFO - [0m07:23:52  2 of 4 OK created sql table model driven_trusted.payment_data .................. [[32mSELECT 171186[0m in 6.13s]
[2025-07-02T07:23:52.631+0000] {subprocess.py:93} INFO - [0m07:23:52  3 of 4 START sql table model driven_trusted.pii_data ........................... [RUN]
[2025-07-02T07:24:30.340+0000] {subprocess.py:93} INFO - [0m07:24:30  3 of 4 OK created sql table model driven_trusted.pii_data ...................... [[32mSELECT 473922[0m in 37.71s]
[2025-07-02T07:24:30.470+0000] {subprocess.py:93} INFO - [0m07:24:30  4 of 4 START sql table model driven_trusted.technical_data ..................... [RUN]
[2025-07-02T07:24:37.055+0000] {subprocess.py:93} INFO - [0m07:24:37  4 of 4 OK created sql table model driven_trusted.technical_data ................ [[32mSELECT 171186[0m in 6.71s]
[2025-07-02T07:24:37.082+0000] {subprocess.py:93} INFO - [0m07:24:37
[2025-07-02T07:24:37.083+0000] {subprocess.py:93} INFO - [0m07:24:37  Finished running 4 table models in 0 hours 1 minutes and 14.72 seconds (74.72s).
[2025-07-02T07:24:37.159+0000] {subprocess.py:93} INFO - [0m07:24:37
[2025-07-02T07:24:37.160+0000] {subprocess.py:93} INFO - [0m07:24:37  [32mCompleted successfully[0m
[2025-07-02T07:24:37.161+0000] {subprocess.py:93} INFO - [0m07:24:37
[2025-07-02T07:24:37.162+0000] {subprocess.py:93} INFO - [0m07:24:37  Done. PASS=4 WARN=0 ERROR=0 SKIP=0 TOTAL=4
[2025-07-02T07:24:37.983+0000] {subprocess.py:97} INFO - Command exited with return code 0
[2025-07-02T07:24:38.353+0000] {taskinstance.py:340} INFO - ::group::Post task execution logs
[2025-07-02T07:24:38.356+0000] {taskinstance.py:352} INFO - Marking task as SUCCESS. dag_id=extract_raw_data_pipeline, task_id=run_dbt_trusted, run_id=scheduled__2025-07-02T07:21:00+00:00, execution_date=20250702T072100, start_date=20250702T072317, end_date=20250702T072438
[2025-07-02T07:24:38.843+0000] {local_task_job_runner.py:266} INFO - Task exited with return code 0
[2025-07-02T07:24:38.899+0000] {taskinstance.py:3900} INFO - 0 downstream tasks scheduled from follow-on schedule check
[2025-07-02T07:24:39.201+0000] {local_task_job_runner.py:245} INFO - ::endgroup::
