[2025-07-02T07:21:20.610+0000] {local_task_job_runner.py:123} INFO - ::group::Pre task execution logs
[2025-07-02T07:21:20.633+0000] {taskinstance.py:2612} INFO - Dependencies all met for dep_context=non-requeueable deps ti=<TaskInstance: extract_raw_data_pipeline.run_dbt_staging scheduled__2025-07-02T07:20:00+00:00 [queued]>
[2025-07-02T07:21:20.643+0000] {taskinstance.py:2612} INFO - Dependencies all met for dep_context=requeueable deps ti=<TaskInstance: extract_raw_data_pipeline.run_dbt_staging scheduled__2025-07-02T07:20:00+00:00 [queued]>
[2025-07-02T07:21:20.643+0000] {taskinstance.py:2865} INFO - Starting attempt 1 of 1
[2025-07-02T07:21:20.698+0000] {taskinstance.py:2888} INFO - Executing <Task(BashOperator): run_dbt_staging> on 2025-07-02 07:20:00+00:00
[2025-07-02T07:21:20.707+0000] {warnings.py:112} WARNING - /home/***/.local/lib/python3.12/site-packages/***/task/task_runner/standard_task_runner.py:70: DeprecationWarning: This process (pid=4638) is multi-threaded, use of fork() may lead to deadlocks in the child.
  pid = os.fork()

[2025-07-02T07:21:20.708+0000] {standard_task_runner.py:72} INFO - Started process 4640 to run task
[2025-07-02T07:21:20.709+0000] {standard_task_runner.py:104} INFO - Running: ['***', 'tasks', 'run', 'extract_raw_data_pipeline', 'run_dbt_staging', 'scheduled__2025-07-02T07:20:00+00:00', '--job-id', '154', '--raw', '--subdir', 'DAGS_FOLDER/driven_data_pipeline.py', '--cfg-path', '/tmp/tmpua0y02zr']
[2025-07-02T07:21:20.711+0000] {standard_task_runner.py:105} INFO - Job 154: Subtask run_dbt_staging
[2025-07-02T07:21:20.810+0000] {task_command.py:467} INFO - Running <TaskInstance: extract_raw_data_pipeline.run_dbt_staging scheduled__2025-07-02T07:20:00+00:00 [running]> on host 48b6d860598d
[2025-07-02T07:21:21.004+0000] {taskinstance.py:3131} INFO - Exporting env vars: AIRFLOW_CTX_DAG_OWNER='***' AIRFLOW_CTX_DAG_ID='extract_raw_data_pipeline' AIRFLOW_CTX_TASK_ID='run_dbt_staging' AIRFLOW_CTX_EXECUTION_DATE='2025-07-02T07:20:00+00:00' AIRFLOW_CTX_TRY_NUMBER='1' AIRFLOW_CTX_DAG_RUN_ID='scheduled__2025-07-02T07:20:00+00:00'
[2025-07-02T07:21:21.009+0000] {taskinstance.py:731} INFO - ::endgroup::
[2025-07-02T07:21:21.077+0000] {subprocess.py:63} INFO - Tmp dir root location: /tmp
[2025-07-02T07:21:21.080+0000] {subprocess.py:75} INFO - Running command: ['/usr/bin/bash', '-c', 'set -x; cd /opt/***/dbt && dbt run --select tag:staging']
[2025-07-02T07:21:21.109+0000] {subprocess.py:86} INFO - Output:
[2025-07-02T07:21:21.112+0000] {subprocess.py:93} INFO - + cd /opt/***/dbt
[2025-07-02T07:21:21.113+0000] {subprocess.py:93} INFO - + dbt run --select tag:staging
[2025-07-02T07:21:24.420+0000] {subprocess.py:93} INFO - [0m07:21:24  Running with dbt=1.8.0
[2025-07-02T07:21:24.886+0000] {subprocess.py:93} INFO - [0m07:21:24  Registered adapter: postgres=1.8.2
[2025-07-02T07:21:25.619+0000] {subprocess.py:93} INFO - [0m07:21:25  Found 9 models, 10 sources, 428 macros
[2025-07-02T07:21:25.622+0000] {subprocess.py:93} INFO - [0m07:21:25
[2025-07-02T07:21:25.862+0000] {subprocess.py:93} INFO - [0m07:21:25  Concurrency: 1 threads (target='dev')
[2025-07-02T07:21:25.864+0000] {subprocess.py:93} INFO - [0m07:21:25
[2025-07-02T07:21:25.883+0000] {subprocess.py:93} INFO - [0m07:21:25  1 of 5 START sql table model driven_staging.dim_address ........................ [RUN]
[2025-07-02T07:21:27.726+0000] {subprocess.py:93} INFO - [0m07:21:27  1 of 5 OK created sql table model driven_staging.dim_address ................... [[32mSELECT 136465[0m in 1.84s]
[2025-07-02T07:21:27.731+0000] {subprocess.py:93} INFO - [0m07:21:27  2 of 5 START sql table model driven_staging.dim_date ........................... [RUN]
[2025-07-02T07:21:28.806+0000] {subprocess.py:93} INFO - [0m07:21:28  2 of 5 OK created sql table model driven_staging.dim_date ...................... [[32mSELECT 136465[0m in 1.07s]
[2025-07-02T07:21:28.808+0000] {subprocess.py:93} INFO - [0m07:21:28  3 of 5 START sql table model driven_staging.dim_finance ........................ [RUN]
[2025-07-02T07:21:30.750+0000] {subprocess.py:93} INFO - [0m07:21:30  3 of 5 OK created sql table model driven_staging.dim_finance ................... [[32mSELECT 136465[0m in 1.94s]
[2025-07-02T07:21:30.754+0000] {subprocess.py:93} INFO - [0m07:21:30  4 of 5 START sql table model driven_staging.dim_person ......................... [RUN]
[2025-07-02T07:21:32.966+0000] {subprocess.py:93} INFO - [0m07:21:32  4 of 5 OK created sql table model driven_staging.dim_person .................... [[32mSELECT 136465[0m in 2.20s]
[2025-07-02T07:21:32.980+0000] {subprocess.py:93} INFO - [0m07:21:32  5 of 5 START sql table model driven_staging.fact_network_usage ................. [RUN]
[2025-07-02T07:21:33.959+0000] {subprocess.py:93} INFO - [0m07:21:33  5 of 5 OK created sql table model driven_staging.fact_network_usage ............ [[32mSELECT 136465[0m in 0.98s]
[2025-07-02T07:21:33.974+0000] {subprocess.py:93} INFO - [0m07:21:33
[2025-07-02T07:21:33.975+0000] {subprocess.py:93} INFO - [0m07:21:33  Finished running 5 table models in 0 hours 0 minutes and 8.35 seconds (8.35s).
[2025-07-02T07:21:34.027+0000] {subprocess.py:93} INFO - [0m07:21:34
[2025-07-02T07:21:34.028+0000] {subprocess.py:93} INFO - [0m07:21:34  [32mCompleted successfully[0m
[2025-07-02T07:21:34.029+0000] {subprocess.py:93} INFO - [0m07:21:34
[2025-07-02T07:21:34.029+0000] {subprocess.py:93} INFO - [0m07:21:34  Done. PASS=5 WARN=0 ERROR=0 SKIP=0 TOTAL=5
[2025-07-02T07:21:34.891+0000] {subprocess.py:97} INFO - Command exited with return code 0
[2025-07-02T07:21:35.023+0000] {taskinstance.py:340} INFO - ::group::Post task execution logs
[2025-07-02T07:21:35.024+0000] {taskinstance.py:352} INFO - Marking task as SUCCESS. dag_id=extract_raw_data_pipeline, task_id=run_dbt_staging, run_id=scheduled__2025-07-02T07:20:00+00:00, execution_date=20250702T072000, start_date=20250702T072120, end_date=20250702T072135
[2025-07-02T07:21:35.135+0000] {local_task_job_runner.py:266} INFO - Task exited with return code 0
[2025-07-02T07:21:35.163+0000] {taskinstance.py:3900} INFO - 1 downstream tasks scheduled from follow-on schedule check
[2025-07-02T07:21:35.243+0000] {local_task_job_runner.py:245} INFO - ::endgroup::
