[2025-07-02T07:09:22.688+0000] {local_task_job_runner.py:123} INFO - ::group::Pre task execution logs
[2025-07-02T07:09:22.707+0000] {taskinstance.py:2612} INFO - Dependencies all met for dep_context=non-requeueable deps ti=<TaskInstance: extract_raw_data_pipeline.run_dbt_trusted scheduled__2025-07-02T07:08:00+00:00 [queued]>
[2025-07-02T07:09:22.716+0000] {taskinstance.py:2612} INFO - Dependencies all met for dep_context=requeueable deps ti=<TaskInstance: extract_raw_data_pipeline.run_dbt_trusted scheduled__2025-07-02T07:08:00+00:00 [queued]>
[2025-07-02T07:09:22.717+0000] {taskinstance.py:2865} INFO - Starting attempt 1 of 1
[2025-07-02T07:09:22.748+0000] {taskinstance.py:2888} INFO - Executing <Task(BashOperator): run_dbt_trusted> on 2025-07-02 07:08:00+00:00
[2025-07-02T07:09:22.755+0000] {warnings.py:112} WARNING - /home/***/.local/lib/python3.12/site-packages/***/task/task_runner/standard_task_runner.py:70: DeprecationWarning: This process (pid=4017) is multi-threaded, use of fork() may lead to deadlocks in the child.
  pid = os.fork()

[2025-07-02T07:09:22.756+0000] {standard_task_runner.py:72} INFO - Started process 4019 to run task
[2025-07-02T07:09:22.757+0000] {standard_task_runner.py:104} INFO - Running: ['***', 'tasks', 'run', 'extract_raw_data_pipeline', 'run_dbt_trusted', 'scheduled__2025-07-02T07:08:00+00:00', '--job-id', '94', '--raw', '--subdir', 'DAGS_FOLDER/driven_data_pipeline.py', '--cfg-path', '/tmp/tmp1e_0imiu']
[2025-07-02T07:09:22.758+0000] {standard_task_runner.py:105} INFO - Job 94: Subtask run_dbt_trusted
[2025-07-02T07:09:22.865+0000] {task_command.py:467} INFO - Running <TaskInstance: extract_raw_data_pipeline.run_dbt_trusted scheduled__2025-07-02T07:08:00+00:00 [running]> on host 48b6d860598d
[2025-07-02T07:09:23.024+0000] {taskinstance.py:3131} INFO - Exporting env vars: AIRFLOW_CTX_DAG_OWNER='***' AIRFLOW_CTX_DAG_ID='extract_raw_data_pipeline' AIRFLOW_CTX_TASK_ID='run_dbt_trusted' AIRFLOW_CTX_EXECUTION_DATE='2025-07-02T07:08:00+00:00' AIRFLOW_CTX_TRY_NUMBER='1' AIRFLOW_CTX_DAG_RUN_ID='scheduled__2025-07-02T07:08:00+00:00'
[2025-07-02T07:09:23.028+0000] {taskinstance.py:731} INFO - ::endgroup::
[2025-07-02T07:09:23.055+0000] {subprocess.py:63} INFO - Tmp dir root location: /tmp
[2025-07-02T07:09:23.056+0000] {subprocess.py:75} INFO - Running command: ['/usr/bin/bash', '-c', 'set -x; cd /opt/***/dbt && dbt run --select tag:trusted']
[2025-07-02T07:09:23.071+0000] {subprocess.py:86} INFO - Output:
[2025-07-02T07:09:23.072+0000] {subprocess.py:93} INFO - + cd /opt/***/dbt
[2025-07-02T07:09:23.073+0000] {subprocess.py:93} INFO - + dbt run --select tag:trusted
[2025-07-02T07:09:25.724+0000] {subprocess.py:93} INFO - [0m07:09:25  Running with dbt=1.8.0
[2025-07-02T07:09:26.053+0000] {subprocess.py:93} INFO - [0m07:09:26  Registered adapter: postgres=1.8.2
[2025-07-02T07:09:26.642+0000] {subprocess.py:93} INFO - [0m07:09:26  Found 9 models, 10 sources, 428 macros
[2025-07-02T07:09:26.645+0000] {subprocess.py:93} INFO - [0m07:09:26
[2025-07-02T07:09:26.802+0000] {subprocess.py:93} INFO - [0m07:09:26  Concurrency: 1 threads (target='dev')
[2025-07-02T07:09:26.804+0000] {subprocess.py:93} INFO - [0m07:09:26
[2025-07-02T07:09:26.821+0000] {subprocess.py:93} INFO - [0m07:09:26  1 of 4 START sql table model driven_trusted.non_pii_data ....................... [RUN]
[2025-07-02T07:09:29.610+0000] {subprocess.py:93} INFO - [0m07:09:29  1 of 4 OK created sql table model driven_trusted.non_pii_data .................. [[32mSELECT 48299[0m in 2.78s]
[2025-07-02T07:09:29.614+0000] {subprocess.py:93} INFO - [0m07:09:29  2 of 4 START sql table model driven_trusted.payment_data ....................... [RUN]
[2025-07-02T07:09:30.782+0000] {subprocess.py:93} INFO - [0m07:09:30  2 of 4 OK created sql table model driven_trusted.payment_data .................. [[32mSELECT 48299[0m in 1.16s]
[2025-07-02T07:09:30.793+0000] {subprocess.py:93} INFO - [0m07:09:30  3 of 4 START sql table model driven_trusted.pii_data ........................... [RUN]
[2025-07-02T07:09:33.356+0000] {subprocess.py:93} INFO - [0m07:09:33  3 of 4 OK created sql table model driven_trusted.pii_data ...................... [[32mSELECT 48299[0m in 2.56s]
[2025-07-02T07:09:33.361+0000] {subprocess.py:93} INFO - [0m07:09:33  4 of 4 START sql table model driven_trusted.technical_data ..................... [RUN]
[2025-07-02T07:09:35.564+0000] {subprocess.py:93} INFO - [0m07:09:35  4 of 4 OK created sql table model driven_trusted.technical_data ................ [[32mSELECT 48299[0m in 2.20s]
[2025-07-02T07:09:35.598+0000] {subprocess.py:93} INFO - [0m07:09:35
[2025-07-02T07:09:35.599+0000] {subprocess.py:93} INFO - [0m07:09:35  Finished running 4 table models in 0 hours 0 minutes and 8.95 seconds (8.95s).
[2025-07-02T07:09:35.638+0000] {subprocess.py:93} INFO - [0m07:09:35
[2025-07-02T07:09:35.639+0000] {subprocess.py:93} INFO - [0m07:09:35  [32mCompleted successfully[0m
[2025-07-02T07:09:35.639+0000] {subprocess.py:93} INFO - [0m07:09:35
[2025-07-02T07:09:35.640+0000] {subprocess.py:93} INFO - [0m07:09:35  Done. PASS=4 WARN=0 ERROR=0 SKIP=0 TOTAL=4
[2025-07-02T07:09:36.345+0000] {subprocess.py:97} INFO - Command exited with return code 0
[2025-07-02T07:09:36.484+0000] {taskinstance.py:340} INFO - ::group::Post task execution logs
[2025-07-02T07:09:36.486+0000] {taskinstance.py:352} INFO - Marking task as SUCCESS. dag_id=extract_raw_data_pipeline, task_id=run_dbt_trusted, run_id=scheduled__2025-07-02T07:08:00+00:00, execution_date=20250702T070800, start_date=20250702T070922, end_date=20250702T070936
[2025-07-02T07:09:36.603+0000] {local_task_job_runner.py:266} INFO - Task exited with return code 0
[2025-07-02T07:09:36.643+0000] {taskinstance.py:3900} INFO - 0 downstream tasks scheduled from follow-on schedule check
[2025-07-02T07:09:36.685+0000] {local_task_job_runner.py:245} INFO - ::endgroup::
