[2025-07-02T00:30:47.950+0000] {local_task_job_runner.py:123} INFO - ::group::Pre task execution logs
[2025-07-02T00:30:47.970+0000] {taskinstance.py:2612} INFO - Dependencies all met for dep_context=non-requeueable deps ti=<TaskInstance: extract_raw_data_pipeline.run_dbt_staging manual__2025-07-02T00:30:31.780016+00:00 [queued]>
[2025-07-02T00:30:47.980+0000] {taskinstance.py:2612} INFO - Dependencies all met for dep_context=requeueable deps ti=<TaskInstance: extract_raw_data_pipeline.run_dbt_staging manual__2025-07-02T00:30:31.780016+00:00 [queued]>
[2025-07-02T00:30:47.980+0000] {taskinstance.py:2865} INFO - Starting attempt 1 of 1
[2025-07-02T00:30:48.082+0000] {taskinstance.py:2888} INFO - Executing <Task(BashOperator): run_dbt_staging> on 2025-07-02 00:30:31.780016+00:00
[2025-07-02T00:30:48.123+0000] {warnings.py:112} WARNING - /home/***/.local/lib/python3.12/site-packages/***/task/task_runner/standard_task_runner.py:70: DeprecationWarning: This process (pid=245) is multi-threaded, use of fork() may lead to deadlocks in the child.
  pid = os.fork()

[2025-07-02T00:30:48.130+0000] {standard_task_runner.py:72} INFO - Started process 247 to run task
[2025-07-02T00:30:48.133+0000] {standard_task_runner.py:104} INFO - Running: ['***', 'tasks', 'run', 'extract_raw_data_pipeline', 'run_dbt_staging', 'manual__2025-07-02T00:30:31.780016+00:00', '--job-id', '11', '--raw', '--subdir', 'DAGS_FOLDER/driven_data_pipeline.py', '--cfg-path', '/tmp/tmpj0xagfc4']
[2025-07-02T00:30:48.140+0000] {standard_task_runner.py:105} INFO - Job 11: Subtask run_dbt_staging
[2025-07-02T00:30:48.260+0000] {task_command.py:467} INFO - Running <TaskInstance: extract_raw_data_pipeline.run_dbt_staging manual__2025-07-02T00:30:31.780016+00:00 [running]> on host 37f96846e409
[2025-07-02T00:30:48.362+0000] {taskinstance.py:3131} INFO - Exporting env vars: AIRFLOW_CTX_DAG_OWNER='***' AIRFLOW_CTX_DAG_ID='extract_raw_data_pipeline' AIRFLOW_CTX_TASK_ID='run_dbt_staging' AIRFLOW_CTX_EXECUTION_DATE='2025-07-02T00:30:31.780016+00:00' AIRFLOW_CTX_TRY_NUMBER='1' AIRFLOW_CTX_DAG_RUN_ID='manual__2025-07-02T00:30:31.780016+00:00'
[2025-07-02T00:30:48.363+0000] {taskinstance.py:731} INFO - ::endgroup::
[2025-07-02T00:30:48.378+0000] {subprocess.py:63} INFO - Tmp dir root location: /tmp
[2025-07-02T00:30:48.379+0000] {subprocess.py:75} INFO - Running command: ['/usr/bin/bash', '-c', 'set -x; cd /opt/***/dbt && dbt run --select tag:staging']
[2025-07-02T00:30:48.393+0000] {subprocess.py:86} INFO - Output:
[2025-07-02T00:30:48.395+0000] {subprocess.py:93} INFO - + cd /opt/***/dbt
[2025-07-02T00:30:48.395+0000] {subprocess.py:93} INFO - + dbt run --select tag:staging
[2025-07-02T00:30:58.198+0000] {subprocess.py:93} INFO - [0m00:30:58  Running with dbt=1.8.0
[2025-07-02T00:30:58.807+0000] {subprocess.py:93} INFO - [0m00:30:58  Registered adapter: postgres=1.8.2
[2025-07-02T00:30:59.618+0000] {subprocess.py:93} INFO - [0m00:30:59  Found 9 models, 10 sources, 428 macros
[2025-07-02T00:30:59.621+0000] {subprocess.py:93} INFO - [0m00:30:59
[2025-07-02T00:31:00.009+0000] {subprocess.py:93} INFO - [0m00:31:00  Concurrency: 1 threads (target='dev')
[2025-07-02T00:31:00.010+0000] {subprocess.py:93} INFO - [0m00:31:00
[2025-07-02T00:31:00.023+0000] {subprocess.py:93} INFO - [0m00:31:00  1 of 5 START sql table model driven_staging.dim_address ........................ [RUN]
[2025-07-02T00:31:00.347+0000] {subprocess.py:93} INFO - [0m00:31:00  1 of 5 OK created sql table model driven_staging.dim_address ................... [[32mSELECT 113[0m in 0.32s]
[2025-07-02T00:31:00.350+0000] {subprocess.py:93} INFO - [0m00:31:00  2 of 5 START sql table model driven_staging.dim_date ........................... [RUN]
[2025-07-02T00:31:00.411+0000] {subprocess.py:93} INFO - [0m00:31:00  2 of 5 OK created sql table model driven_staging.dim_date ...................... [[32mSELECT 113[0m in 0.06s]
[2025-07-02T00:31:00.415+0000] {subprocess.py:93} INFO - [0m00:31:00  3 of 5 START sql table model driven_staging.dim_finance ........................ [RUN]
[2025-07-02T00:31:00.468+0000] {subprocess.py:93} INFO - [0m00:31:00  3 of 5 OK created sql table model driven_staging.dim_finance ................... [[32mSELECT 113[0m in 0.05s]
[2025-07-02T00:31:00.471+0000] {subprocess.py:93} INFO - [0m00:31:00  4 of 5 START sql table model driven_staging.dim_person ......................... [RUN]
[2025-07-02T00:31:00.635+0000] {subprocess.py:93} INFO - [0m00:31:00  4 of 5 OK created sql table model driven_staging.dim_person .................... [[32mSELECT 113[0m in 0.16s]
[2025-07-02T00:31:00.638+0000] {subprocess.py:93} INFO - [0m00:31:00  5 of 5 START sql table model driven_staging.fact_network_usage ................. [RUN]
[2025-07-02T00:31:00.712+0000] {subprocess.py:93} INFO - [0m00:31:00  5 of 5 OK created sql table model driven_staging.fact_network_usage ............ [[32mSELECT 113[0m in 0.07s]
[2025-07-02T00:31:00.729+0000] {subprocess.py:93} INFO - [0m00:31:00
[2025-07-02T00:31:00.730+0000] {subprocess.py:93} INFO - [0m00:31:00  Finished running 5 table models in 0 hours 0 minutes and 1.11 seconds (1.11s).
[2025-07-02T00:31:00.775+0000] {subprocess.py:93} INFO - [0m00:31:00
[2025-07-02T00:31:00.776+0000] {subprocess.py:93} INFO - [0m00:31:00  [32mCompleted successfully[0m
[2025-07-02T00:31:00.777+0000] {subprocess.py:93} INFO - [0m00:31:00
[2025-07-02T00:31:00.777+0000] {subprocess.py:93} INFO - [0m00:31:00  Done. PASS=5 WARN=0 ERROR=0 SKIP=0 TOTAL=5
[2025-07-02T00:31:02.857+0000] {subprocess.py:97} INFO - Command exited with return code 0
[2025-07-02T00:31:03.056+0000] {taskinstance.py:340} INFO - ::group::Post task execution logs
[2025-07-02T00:31:03.056+0000] {taskinstance.py:352} INFO - Marking task as SUCCESS. dag_id=extract_raw_data_pipeline, task_id=run_dbt_staging, run_id=manual__2025-07-02T00:30:31.780016+00:00, execution_date=20250702T003031, start_date=20250702T003047, end_date=20250702T003103
[2025-07-02T00:31:03.134+0000] {local_task_job_runner.py:266} INFO - Task exited with return code 0
[2025-07-02T00:31:03.147+0000] {standard_task_runner.py:217} INFO - Process not found (most likely exited), stop collecting metrics
[2025-07-02T00:31:03.154+0000] {taskinstance.py:3900} INFO - 1 downstream tasks scheduled from follow-on schedule check
[2025-07-02T00:31:03.166+0000] {local_task_job_runner.py:245} INFO - ::endgroup::
