[2025-07-01T07:15:02.191+0000] {local_task_job_runner.py:123} INFO - ::group::Pre task execution logs
[2025-07-01T07:15:02.215+0000] {taskinstance.py:2612} INFO - Dependencies all met for dep_context=non-requeueable deps ti=<TaskInstance: extract_raw_data_pipeline.create_raw_schema scheduled__2025-07-01T07:14:00+00:00 [queued]>
[2025-07-01T07:15:02.224+0000] {taskinstance.py:2612} INFO - Dependencies all met for dep_context=requeueable deps ti=<TaskInstance: extract_raw_data_pipeline.create_raw_schema scheduled__2025-07-01T07:14:00+00:00 [queued]>
[2025-07-01T07:15:02.224+0000] {taskinstance.py:2865} INFO - Starting attempt 1 of 1
[2025-07-01T07:15:02.265+0000] {taskinstance.py:2888} INFO - Executing <Task(SQLExecuteQueryOperator): create_raw_schema> on 2025-07-01 07:14:00+00:00
[2025-07-01T07:15:02.275+0000] {warnings.py:112} WARNING - /home/***/.local/lib/python3.12/site-packages/***/task/task_runner/standard_task_runner.py:70: DeprecationWarning: This process (pid=1423) is multi-threaded, use of fork() may lead to deadlocks in the child.
  pid = os.fork()

[2025-07-01T07:15:02.277+0000] {standard_task_runner.py:72} INFO - Started process 1429 to run task
[2025-07-01T07:15:02.278+0000] {standard_task_runner.py:104} INFO - Running: ['***', 'tasks', 'run', 'extract_raw_data_pipeline', 'create_raw_schema', 'scheduled__2025-07-01T07:14:00+00:00', '--job-id', '64', '--raw', '--subdir', 'DAGS_FOLDER/driven_data_pipeline.py', '--cfg-path', '/tmp/tmptp7a2i7l']
[2025-07-01T07:15:02.279+0000] {standard_task_runner.py:105} INFO - Job 64: Subtask create_raw_schema
[2025-07-01T07:15:02.342+0000] {task_command.py:467} INFO - Running <TaskInstance: extract_raw_data_pipeline.create_raw_schema scheduled__2025-07-01T07:14:00+00:00 [running]> on host 849c33af5dcf
[2025-07-01T07:15:02.489+0000] {taskinstance.py:3131} INFO - Exporting env vars: AIRFLOW_CTX_DAG_OWNER='***' AIRFLOW_CTX_DAG_ID='extract_raw_data_pipeline' AIRFLOW_CTX_TASK_ID='create_raw_schema' AIRFLOW_CTX_EXECUTION_DATE='2025-07-01T07:14:00+00:00' AIRFLOW_CTX_TRY_NUMBER='1' AIRFLOW_CTX_DAG_RUN_ID='scheduled__2025-07-01T07:14:00+00:00'
[2025-07-01T07:15:02.490+0000] {taskinstance.py:731} INFO - ::endgroup::
[2025-07-01T07:15:02.505+0000] {sql.py:266} INFO - Executing: CREATE SCHEMA IF NOT EXISTS driven_raw;
[2025-07-01T07:15:02.515+0000] {base.py:84} INFO - Retrieving connection 'postgres_conn'
[2025-07-01T07:15:02.530+0000] {base.py:84} INFO - Retrieving connection 'postgres_conn'
[2025-07-01T07:15:02.534+0000] {sql.py:509} INFO - Running statement: CREATE SCHEMA IF NOT EXISTS driven_raw;, parameters: None
[2025-07-01T07:15:02.550+0000] {taskinstance.py:340} INFO - ::group::Post task execution logs
[2025-07-01T07:15:02.551+0000] {taskinstance.py:352} INFO - Marking task as SUCCESS. dag_id=extract_raw_data_pipeline, task_id=create_raw_schema, run_id=scheduled__2025-07-01T07:14:00+00:00, execution_date=20250701T071400, start_date=20250701T071502, end_date=20250701T071502
[2025-07-01T07:15:02.612+0000] {local_task_job_runner.py:266} INFO - Task exited with return code 0
[2025-07-01T07:15:02.647+0000] {taskinstance.py:3900} INFO - 0 downstream tasks scheduled from follow-on schedule check
[2025-07-01T07:15:02.665+0000] {local_task_job_runner.py:245} INFO - ::endgroup::
