[2025-07-02T07:38:19.738+0000] {local_task_job_runner.py:123} INFO - ::group::Pre task execution logs
[2025-07-02T07:38:19.762+0000] {taskinstance.py:2612} INFO - Dependencies all met for dep_context=non-requeueable deps ti=<TaskInstance: extract_raw_data_pipeline.run_dbt_staging scheduled__2025-07-02T07:37:00+00:00 [queued]>
[2025-07-02T07:38:19.777+0000] {taskinstance.py:2612} INFO - Dependencies all met for dep_context=requeueable deps ti=<TaskInstance: extract_raw_data_pipeline.run_dbt_staging scheduled__2025-07-02T07:37:00+00:00 [queued]>
[2025-07-02T07:38:19.777+0000] {taskinstance.py:2865} INFO - Starting attempt 1 of 1
[2025-07-02T07:38:19.822+0000] {taskinstance.py:2888} INFO - Executing <Task(BashOperator): run_dbt_staging> on 2025-07-02 07:37:00+00:00
[2025-07-02T07:38:19.831+0000] {warnings.py:112} WARNING - /home/***/.local/lib/python3.12/site-packages/***/task/task_runner/standard_task_runner.py:70: DeprecationWarning: This process (pid=5343) is multi-threaded, use of fork() may lead to deadlocks in the child.
  pid = os.fork()

[2025-07-02T07:38:19.832+0000] {standard_task_runner.py:72} INFO - Started process 5345 to run task
[2025-07-02T07:38:19.833+0000] {standard_task_runner.py:104} INFO - Running: ['***', 'tasks', 'run', 'extract_raw_data_pipeline', 'run_dbt_staging', 'scheduled__2025-07-02T07:37:00+00:00', '--job-id', '216', '--raw', '--subdir', 'DAGS_FOLDER/driven_data_pipeline.py', '--cfg-path', '/tmp/tmp4hffw94n']
[2025-07-02T07:38:19.835+0000] {standard_task_runner.py:105} INFO - Job 216: Subtask run_dbt_staging
[2025-07-02T07:38:19.944+0000] {task_command.py:467} INFO - Running <TaskInstance: extract_raw_data_pipeline.run_dbt_staging scheduled__2025-07-02T07:37:00+00:00 [running]> on host 48b6d860598d
[2025-07-02T07:38:20.216+0000] {taskinstance.py:3131} INFO - Exporting env vars: AIRFLOW_CTX_DAG_OWNER='***' AIRFLOW_CTX_DAG_ID='extract_raw_data_pipeline' AIRFLOW_CTX_TASK_ID='run_dbt_staging' AIRFLOW_CTX_EXECUTION_DATE='2025-07-02T07:37:00+00:00' AIRFLOW_CTX_TRY_NUMBER='1' AIRFLOW_CTX_DAG_RUN_ID='scheduled__2025-07-02T07:37:00+00:00'
[2025-07-02T07:38:20.217+0000] {taskinstance.py:731} INFO - ::endgroup::
[2025-07-02T07:38:20.239+0000] {subprocess.py:63} INFO - Tmp dir root location: /tmp
[2025-07-02T07:38:20.239+0000] {subprocess.py:75} INFO - Running command: ['/usr/bin/bash', '-c', 'set -x; cd /opt/***/dbt && dbt run --select tag:staging']
[2025-07-02T07:38:20.257+0000] {subprocess.py:86} INFO - Output:
[2025-07-02T07:38:20.261+0000] {subprocess.py:93} INFO - + cd /opt/***/dbt
[2025-07-02T07:38:20.262+0000] {subprocess.py:93} INFO - + dbt run --select tag:staging
[2025-07-02T07:38:23.087+0000] {subprocess.py:93} INFO - [0m07:38:23  Running with dbt=1.8.0
[2025-07-02T07:38:23.424+0000] {subprocess.py:93} INFO - [0m07:38:23  Registered adapter: postgres=1.8.2
[2025-07-02T07:38:24.407+0000] {subprocess.py:93} INFO - [0m07:38:24  Found 9 models, 10 sources, 428 macros
[2025-07-02T07:38:24.411+0000] {subprocess.py:93} INFO - [0m07:38:24
[2025-07-02T07:38:25.017+0000] {subprocess.py:93} INFO - [0m07:38:25  Concurrency: 1 threads (target='dev')
[2025-07-02T07:38:25.018+0000] {subprocess.py:93} INFO - [0m07:38:25
[2025-07-02T07:38:25.032+0000] {subprocess.py:93} INFO - [0m07:38:25  1 of 5 START sql table model driven_staging.dim_address ........................ [RUN]
[2025-07-02T07:39:16.186+0000] {subprocess.py:93} INFO - [0m07:39:16  1 of 5 OK created sql table model driven_staging.dim_address ................... [[32mSELECT 292122[0m in 51.15s]
[2025-07-02T07:39:16.187+0000] {subprocess.py:93} INFO - [0m07:39:16  2 of 5 START sql table model driven_staging.dim_date ........................... [RUN]
[2025-07-02T07:40:29.748+0000] {subprocess.py:93} INFO - [0m07:40:29  2 of 5 OK created sql table model driven_staging.dim_date ...................... [[32mSELECT 292122[0m in 73.56s]
[2025-07-02T07:40:29.752+0000] {subprocess.py:93} INFO - [0m07:40:29  3 of 5 START sql table model driven_staging.dim_finance ........................ [RUN]
[2025-07-02T07:40:37.617+0000] {subprocess.py:93} INFO - [0m07:40:37  3 of 5 OK created sql table model driven_staging.dim_finance ................... [[32mSELECT 292122[0m in 7.86s]
[2025-07-02T07:40:37.623+0000] {subprocess.py:93} INFO - [0m07:40:37  4 of 5 START sql table model driven_staging.dim_person ......................... [RUN]
[2025-07-02T07:40:43.237+0000] {subprocess.py:93} INFO - [0m07:40:43  4 of 5 OK created sql table model driven_staging.dim_person .................... [[32mSELECT 292122[0m in 5.60s]
[2025-07-02T07:40:43.260+0000] {subprocess.py:93} INFO - [0m07:40:43  5 of 5 START sql table model driven_staging.fact_network_usage ................. [RUN]
[2025-07-02T07:40:49.594+0000] {subprocess.py:93} INFO - [0m07:40:49  5 of 5 OK created sql table model driven_staging.fact_network_usage ............ [[32mSELECT 292122[0m in 6.32s]
[2025-07-02T07:40:49.618+0000] {subprocess.py:93} INFO - [0m07:40:49
[2025-07-02T07:40:49.618+0000] {subprocess.py:93} INFO - [0m07:40:49  Finished running 5 table models in 0 hours 2 minutes and 25.20 seconds (145.20s).
[2025-07-02T07:40:49.679+0000] {subprocess.py:93} INFO - [0m07:40:49
[2025-07-02T07:40:49.680+0000] {subprocess.py:93} INFO - [0m07:40:49  [32mCompleted successfully[0m
[2025-07-02T07:40:49.681+0000] {subprocess.py:93} INFO - [0m07:40:49
[2025-07-02T07:40:49.681+0000] {subprocess.py:93} INFO - [0m07:40:49  Done. PASS=5 WARN=0 ERROR=0 SKIP=0 TOTAL=5
[2025-07-02T07:40:50.501+0000] {subprocess.py:97} INFO - Command exited with return code 0
[2025-07-02T07:40:50.738+0000] {taskinstance.py:340} INFO - ::group::Post task execution logs
[2025-07-02T07:40:50.739+0000] {taskinstance.py:352} INFO - Marking task as SUCCESS. dag_id=extract_raw_data_pipeline, task_id=run_dbt_staging, run_id=scheduled__2025-07-02T07:37:00+00:00, execution_date=20250702T073700, start_date=20250702T073819, end_date=20250702T074050
[2025-07-02T07:40:50.887+0000] {local_task_job_runner.py:266} INFO - Task exited with return code 0
[2025-07-02T07:40:50.915+0000] {taskinstance.py:3900} INFO - 1 downstream tasks scheduled from follow-on schedule check
[2025-07-02T07:40:51.486+0000] {local_task_job_runner.py:245} INFO - ::endgroup::
