[2025-07-02T07:23:28.027+0000] {local_task_job_runner.py:123} INFO - ::group::Pre task execution logs
[2025-07-02T07:23:28.050+0000] {taskinstance.py:2612} INFO - Dependencies all met for dep_context=non-requeueable deps ti=<TaskInstance: extract_raw_data_pipeline.run_dbt_staging scheduled__2025-07-02T07:22:00+00:00 [queued]>
[2025-07-02T07:23:28.062+0000] {taskinstance.py:2612} INFO - Dependencies all met for dep_context=requeueable deps ti=<TaskInstance: extract_raw_data_pipeline.run_dbt_staging scheduled__2025-07-02T07:22:00+00:00 [queued]>
[2025-07-02T07:23:28.063+0000] {taskinstance.py:2865} INFO - Starting attempt 1 of 1
[2025-07-02T07:23:28.375+0000] {taskinstance.py:2888} INFO - Executing <Task(BashOperator): run_dbt_staging> on 2025-07-02 07:22:00+00:00
[2025-07-02T07:23:28.385+0000] {warnings.py:112} WARNING - /home/***/.local/lib/python3.12/site-packages/***/task/task_runner/standard_task_runner.py:70: DeprecationWarning: This process (pid=4763) is multi-threaded, use of fork() may lead to deadlocks in the child.
  pid = os.fork()

[2025-07-02T07:23:28.386+0000] {standard_task_runner.py:72} INFO - Started process 4765 to run task
[2025-07-02T07:23:28.386+0000] {standard_task_runner.py:104} INFO - Running: ['***', 'tasks', 'run', 'extract_raw_data_pipeline', 'run_dbt_staging', 'scheduled__2025-07-02T07:22:00+00:00', '--job-id', '166', '--raw', '--subdir', 'DAGS_FOLDER/driven_data_pipeline.py', '--cfg-path', '/tmp/tmpxxtdprzo']
[2025-07-02T07:23:28.387+0000] {standard_task_runner.py:105} INFO - Job 166: Subtask run_dbt_staging
[2025-07-02T07:23:28.664+0000] {task_command.py:467} INFO - Running <TaskInstance: extract_raw_data_pipeline.run_dbt_staging scheduled__2025-07-02T07:22:00+00:00 [running]> on host 48b6d860598d
[2025-07-02T07:23:29.610+0000] {taskinstance.py:3131} INFO - Exporting env vars: AIRFLOW_CTX_DAG_OWNER='***' AIRFLOW_CTX_DAG_ID='extract_raw_data_pipeline' AIRFLOW_CTX_TASK_ID='run_dbt_staging' AIRFLOW_CTX_EXECUTION_DATE='2025-07-02T07:22:00+00:00' AIRFLOW_CTX_TRY_NUMBER='1' AIRFLOW_CTX_DAG_RUN_ID='scheduled__2025-07-02T07:22:00+00:00'
[2025-07-02T07:23:29.614+0000] {taskinstance.py:731} INFO - ::endgroup::
[2025-07-02T07:23:29.712+0000] {subprocess.py:63} INFO - Tmp dir root location: /tmp
[2025-07-02T07:23:29.715+0000] {subprocess.py:75} INFO - Running command: ['/usr/bin/bash', '-c', 'set -x; cd /opt/***/dbt && dbt run --select tag:staging']
[2025-07-02T07:23:29.753+0000] {subprocess.py:86} INFO - Output:
[2025-07-02T07:23:29.754+0000] {subprocess.py:93} INFO - + cd /opt/***/dbt
[2025-07-02T07:23:29.755+0000] {subprocess.py:93} INFO - + dbt run --select tag:staging
[2025-07-02T07:23:32.719+0000] {subprocess.py:93} INFO - [0m07:23:32  Running with dbt=1.8.0
[2025-07-02T07:23:33.140+0000] {subprocess.py:93} INFO - [0m07:23:33  Registered adapter: postgres=1.8.2
[2025-07-02T07:23:34.231+0000] {subprocess.py:93} INFO - [0m07:23:34  Found 9 models, 10 sources, 428 macros
[2025-07-02T07:23:34.234+0000] {subprocess.py:93} INFO - [0m07:23:34
[2025-07-02T07:23:34.399+0000] {subprocess.py:93} INFO - [0m07:23:34  Concurrency: 1 threads (target='dev')
[2025-07-02T07:23:34.400+0000] {subprocess.py:93} INFO - [0m07:23:34
[2025-07-02T07:23:34.418+0000] {subprocess.py:93} INFO - [0m07:23:34  1 of 5 START sql table model driven_staging.dim_address ........................ [RUN]
[2025-07-02T07:23:46.622+0000] {subprocess.py:93} INFO - [0m07:23:46  1 of 5 OK created sql table model driven_staging.dim_address ................... [[32mSELECT 163730[0m in 12.20s]
[2025-07-02T07:23:46.626+0000] {subprocess.py:93} INFO - [0m07:23:46  2 of 5 START sql table model driven_staging.dim_date ........................... [RUN]
[2025-07-02T07:23:50.256+0000] {subprocess.py:93} INFO - [0m07:23:50  2 of 5 OK created sql table model driven_staging.dim_date ...................... [[32mSELECT 163730[0m in 3.63s]
[2025-07-02T07:23:50.259+0000] {subprocess.py:93} INFO - [0m07:23:50  3 of 5 START sql table model driven_staging.dim_finance ........................ [RUN]
[2025-07-02T07:23:53.062+0000] {subprocess.py:93} INFO - [0m07:23:53  3 of 5 OK created sql table model driven_staging.dim_finance ................... [[32mSELECT 163730[0m in 2.79s]
[2025-07-02T07:23:53.072+0000] {subprocess.py:93} INFO - [0m07:23:53  4 of 5 START sql table model driven_staging.dim_person ......................... [RUN]
[2025-07-02T07:24:30.752+0000] {subprocess.py:93} INFO - [0m07:24:30  4 of 5 OK created sql table model driven_staging.dim_person .................... [[32mSELECT 163730[0m in 37.68s]
[2025-07-02T07:24:30.914+0000] {subprocess.py:93} INFO - [0m07:24:30  5 of 5 START sql table model driven_staging.fact_network_usage ................. [RUN]
[2025-07-02T07:24:37.203+0000] {subprocess.py:93} INFO - [0m07:24:37  5 of 5 OK created sql table model driven_staging.fact_network_usage ............ [[32mSELECT 163730[0m in 6.44s]
[2025-07-02T07:24:37.224+0000] {subprocess.py:93} INFO - [0m07:24:37
[2025-07-02T07:24:37.225+0000] {subprocess.py:93} INFO - [0m07:24:37  Finished running 5 table models in 0 hours 1 minutes and 2.99 seconds (62.99s).
[2025-07-02T07:24:37.302+0000] {subprocess.py:93} INFO - [0m07:24:37
[2025-07-02T07:24:37.303+0000] {subprocess.py:93} INFO - [0m07:24:37  [32mCompleted successfully[0m
[2025-07-02T07:24:37.304+0000] {subprocess.py:93} INFO - [0m07:24:37
[2025-07-02T07:24:37.305+0000] {subprocess.py:93} INFO - [0m07:24:37  Done. PASS=5 WARN=0 ERROR=0 SKIP=0 TOTAL=5
[2025-07-02T07:24:38.082+0000] {subprocess.py:97} INFO - Command exited with return code 0
[2025-07-02T07:24:38.355+0000] {taskinstance.py:340} INFO - ::group::Post task execution logs
[2025-07-02T07:24:38.357+0000] {taskinstance.py:352} INFO - Marking task as SUCCESS. dag_id=extract_raw_data_pipeline, task_id=run_dbt_staging, run_id=scheduled__2025-07-02T07:22:00+00:00, execution_date=20250702T072200, start_date=20250702T072328, end_date=20250702T072438
[2025-07-02T07:24:38.737+0000] {local_task_job_runner.py:266} INFO - Task exited with return code 0
[2025-07-02T07:24:38.824+0000] {taskinstance.py:3900} INFO - 1 downstream tasks scheduled from follow-on schedule check
[2025-07-02T07:24:38.949+0000] {local_task_job_runner.py:245} INFO - ::endgroup::
