[2025-07-02T07:04:02.083+0000] {local_task_job_runner.py:123} INFO - ::group::Pre task execution logs
[2025-07-02T07:04:02.146+0000] {taskinstance.py:2612} INFO - Dependencies all met for dep_context=non-requeueable deps ti=<TaskInstance: extract_raw_data_pipeline.extract_raw_data scheduled__2025-07-02T07:03:00+00:00 [queued]>
[2025-07-02T07:04:02.161+0000] {taskinstance.py:2612} INFO - Dependencies all met for dep_context=requeueable deps ti=<TaskInstance: extract_raw_data_pipeline.extract_raw_data scheduled__2025-07-02T07:03:00+00:00 [queued]>
[2025-07-02T07:04:02.162+0000] {taskinstance.py:2865} INFO - Starting attempt 1 of 1
[2025-07-02T07:04:02.206+0000] {taskinstance.py:2888} INFO - Executing <Task(PythonOperator): extract_raw_data> on 2025-07-02 07:03:00+00:00
[2025-07-02T07:04:02.216+0000] {warnings.py:112} WARNING - /home/***/.local/lib/python3.12/site-packages/***/task/task_runner/standard_task_runner.py:70: DeprecationWarning: This process (pid=3674) is multi-threaded, use of fork() may lead to deadlocks in the child.
  pid = os.fork()

[2025-07-02T07:04:02.218+0000] {standard_task_runner.py:72} INFO - Started process 3685 to run task
[2025-07-02T07:04:02.218+0000] {standard_task_runner.py:104} INFO - Running: ['***', 'tasks', 'run', 'extract_raw_data_pipeline', 'extract_raw_data', 'scheduled__2025-07-02T07:03:00+00:00', '--job-id', '59', '--raw', '--subdir', 'DAGS_FOLDER/driven_data_pipeline.py', '--cfg-path', '/tmp/tmph4cy__9n']
[2025-07-02T07:04:02.221+0000] {standard_task_runner.py:105} INFO - Job 59: Subtask extract_raw_data
[2025-07-02T07:04:02.334+0000] {task_command.py:467} INFO - Running <TaskInstance: extract_raw_data_pipeline.extract_raw_data scheduled__2025-07-02T07:03:00+00:00 [running]> on host 48b6d860598d
[2025-07-02T07:04:02.489+0000] {taskinstance.py:3131} INFO - Exporting env vars: AIRFLOW_CTX_DAG_OWNER='***' AIRFLOW_CTX_DAG_ID='extract_raw_data_pipeline' AIRFLOW_CTX_TASK_ID='extract_raw_data' AIRFLOW_CTX_EXECUTION_DATE='2025-07-02T07:03:00+00:00' AIRFLOW_CTX_TRY_NUMBER='1' AIRFLOW_CTX_DAG_RUN_ID='scheduled__2025-07-02T07:03:00+00:00'
[2025-07-02T07:04:02.490+0000] {taskinstance.py:731} INFO - ::endgroup::
[2025-07-02T07:04:02.530+0000] {driven_data_pipeline.py:153} INFO - Started batch processing for 2025-07-02.
[2025-07-02T07:04:02.531+0000] {driven_data_pipeline.py:35} INFO - Created synthetic data for MX country code.
[2025-07-02T07:04:02.965+0000] {driven_data_pipeline.py:108} INFO - Written 449 records to the CSV file.
[2025-07-02T07:04:03.010+0000] {driven_data_pipeline.py:125} INFO - Added UUID to the dataset.
[2025-07-02T07:04:03.109+0000] {driven_data_pipeline.py:145} INFO - Updated accessed timestamp.
[2025-07-02T07:04:03.110+0000] {driven_data_pipeline.py:161} INFO - Finished batch processing 2025-07-02.
[2025-07-02T07:04:03.110+0000] {python.py:240} INFO - Done. Returned value was: None
[2025-07-02T07:04:03.133+0000] {taskinstance.py:340} INFO - ::group::Post task execution logs
[2025-07-02T07:04:03.133+0000] {taskinstance.py:352} INFO - Marking task as SUCCESS. dag_id=extract_raw_data_pipeline, task_id=extract_raw_data, run_id=scheduled__2025-07-02T07:03:00+00:00, execution_date=20250702T070300, start_date=20250702T070402, end_date=20250702T070403
[2025-07-02T07:04:03.209+0000] {local_task_job_runner.py:266} INFO - Task exited with return code 0
[2025-07-02T07:04:03.221+0000] {local_task_job_runner.py:245} INFO - ::endgroup::
