[2025-07-02T07:10:09.745+0000] {local_task_job_runner.py:123} INFO - ::group::Pre task execution logs
[2025-07-02T07:10:09.761+0000] {taskinstance.py:2612} INFO - Dependencies all met for dep_context=non-requeueable deps ti=<TaskInstance: extract_raw_data_pipeline.run_dbt_staging scheduled__2025-07-02T07:09:00+00:00 [queued]>
[2025-07-02T07:10:09.770+0000] {taskinstance.py:2612} INFO - Dependencies all met for dep_context=requeueable deps ti=<TaskInstance: extract_raw_data_pipeline.run_dbt_staging scheduled__2025-07-02T07:09:00+00:00 [queued]>
[2025-07-02T07:10:09.770+0000] {taskinstance.py:2865} INFO - Starting attempt 1 of 1
[2025-07-02T07:10:09.822+0000] {taskinstance.py:2888} INFO - Executing <Task(BashOperator): run_dbt_staging> on 2025-07-02 07:09:00+00:00
[2025-07-02T07:10:09.831+0000] {warnings.py:112} WARNING - /home/***/.local/lib/python3.12/site-packages/***/task/task_runner/standard_task_runner.py:70: DeprecationWarning: This process (pid=4058) is multi-threaded, use of fork() may lead to deadlocks in the child.
  pid = os.fork()

[2025-07-02T07:10:09.832+0000] {standard_task_runner.py:72} INFO - Started process 4060 to run task
[2025-07-02T07:10:09.833+0000] {standard_task_runner.py:104} INFO - Running: ['***', 'tasks', 'run', 'extract_raw_data_pipeline', 'run_dbt_staging', 'scheduled__2025-07-02T07:09:00+00:00', '--job-id', '99', '--raw', '--subdir', 'DAGS_FOLDER/driven_data_pipeline.py', '--cfg-path', '/tmp/tmp14r_5t5x']
[2025-07-02T07:10:09.834+0000] {standard_task_runner.py:105} INFO - Job 99: Subtask run_dbt_staging
[2025-07-02T07:10:09.925+0000] {task_command.py:467} INFO - Running <TaskInstance: extract_raw_data_pipeline.run_dbt_staging scheduled__2025-07-02T07:09:00+00:00 [running]> on host 48b6d860598d
[2025-07-02T07:10:10.131+0000] {taskinstance.py:3131} INFO - Exporting env vars: AIRFLOW_CTX_DAG_OWNER='***' AIRFLOW_CTX_DAG_ID='extract_raw_data_pipeline' AIRFLOW_CTX_TASK_ID='run_dbt_staging' AIRFLOW_CTX_EXECUTION_DATE='2025-07-02T07:09:00+00:00' AIRFLOW_CTX_TRY_NUMBER='1' AIRFLOW_CTX_DAG_RUN_ID='scheduled__2025-07-02T07:09:00+00:00'
[2025-07-02T07:10:10.132+0000] {taskinstance.py:731} INFO - ::endgroup::
[2025-07-02T07:10:10.149+0000] {subprocess.py:63} INFO - Tmp dir root location: /tmp
[2025-07-02T07:10:10.149+0000] {subprocess.py:75} INFO - Running command: ['/usr/bin/bash', '-c', 'set -x; cd /opt/***/dbt && dbt run --select tag:staging']
[2025-07-02T07:10:10.165+0000] {subprocess.py:86} INFO - Output:
[2025-07-02T07:10:10.167+0000] {subprocess.py:93} INFO - + cd /opt/***/dbt
[2025-07-02T07:10:10.167+0000] {subprocess.py:93} INFO - + dbt run --select tag:staging
[2025-07-02T07:10:12.836+0000] {subprocess.py:93} INFO - [0m07:10:12  Running with dbt=1.8.0
[2025-07-02T07:10:13.467+0000] {subprocess.py:93} INFO - [0m07:10:13  Registered adapter: postgres=1.8.2
[2025-07-02T07:10:14.006+0000] {subprocess.py:93} INFO - [0m07:10:14  Found 9 models, 10 sources, 428 macros
[2025-07-02T07:10:14.010+0000] {subprocess.py:93} INFO - [0m07:10:14
[2025-07-02T07:10:14.150+0000] {subprocess.py:93} INFO - [0m07:10:14  Concurrency: 1 threads (target='dev')
[2025-07-02T07:10:14.152+0000] {subprocess.py:93} INFO - [0m07:10:14
[2025-07-02T07:10:14.165+0000] {subprocess.py:93} INFO - [0m07:10:14  1 of 5 START sql table model driven_staging.dim_address ........................ [RUN]
[2025-07-02T07:10:15.710+0000] {subprocess.py:93} INFO - [0m07:10:15  1 of 5 OK created sql table model driven_staging.dim_address ................... [[32mSELECT 54815[0m in 1.54s]
[2025-07-02T07:10:15.714+0000] {subprocess.py:93} INFO - [0m07:10:15  2 of 5 START sql table model driven_staging.dim_date ........................... [RUN]
[2025-07-02T07:10:16.328+0000] {subprocess.py:93} INFO - [0m07:10:16  2 of 5 OK created sql table model driven_staging.dim_date ...................... [[32mSELECT 54815[0m in 0.61s]
[2025-07-02T07:10:16.331+0000] {subprocess.py:93} INFO - [0m07:10:16  3 of 5 START sql table model driven_staging.dim_finance ........................ [RUN]
[2025-07-02T07:10:16.784+0000] {subprocess.py:93} INFO - [0m07:10:16  3 of 5 OK created sql table model driven_staging.dim_finance ................... [[32mSELECT 54815[0m in 0.45s]
[2025-07-02T07:10:16.788+0000] {subprocess.py:93} INFO - [0m07:10:16  4 of 5 START sql table model driven_staging.dim_person ......................... [RUN]
[2025-07-02T07:10:18.470+0000] {subprocess.py:93} INFO - [0m07:10:18  4 of 5 OK created sql table model driven_staging.dim_person .................... [[32mSELECT 54815[0m in 1.67s]
[2025-07-02T07:10:18.480+0000] {subprocess.py:93} INFO - [0m07:10:18  5 of 5 START sql table model driven_staging.fact_network_usage ................. [RUN]
[2025-07-02T07:10:18.983+0000] {subprocess.py:93} INFO - [0m07:10:18  5 of 5 OK created sql table model driven_staging.fact_network_usage ............ [[32mSELECT 54815[0m in 0.50s]
[2025-07-02T07:10:19.003+0000] {subprocess.py:93} INFO - [0m07:10:19
[2025-07-02T07:10:19.004+0000] {subprocess.py:93} INFO - [0m07:10:19  Finished running 5 table models in 0 hours 0 minutes and 4.99 seconds (4.99s).
[2025-07-02T07:10:19.048+0000] {subprocess.py:93} INFO - [0m07:10:19
[2025-07-02T07:10:19.049+0000] {subprocess.py:93} INFO - [0m07:10:19  [32mCompleted successfully[0m
[2025-07-02T07:10:19.049+0000] {subprocess.py:93} INFO - [0m07:10:19
[2025-07-02T07:10:19.050+0000] {subprocess.py:93} INFO - [0m07:10:19  Done. PASS=5 WARN=0 ERROR=0 SKIP=0 TOTAL=5
[2025-07-02T07:10:19.767+0000] {subprocess.py:97} INFO - Command exited with return code 0
[2025-07-02T07:10:20.348+0000] {taskinstance.py:340} INFO - ::group::Post task execution logs
[2025-07-02T07:10:20.359+0000] {taskinstance.py:352} INFO - Marking task as SUCCESS. dag_id=extract_raw_data_pipeline, task_id=run_dbt_staging, run_id=scheduled__2025-07-02T07:09:00+00:00, execution_date=20250702T070900, start_date=20250702T071009, end_date=20250702T071020
[2025-07-02T07:10:20.506+0000] {local_task_job_runner.py:266} INFO - Task exited with return code 0
[2025-07-02T07:10:20.609+0000] {taskinstance.py:3900} INFO - 1 downstream tasks scheduled from follow-on schedule check
[2025-07-02T07:10:20.655+0000] {local_task_job_runner.py:245} INFO - ::endgroup::
