[2025-07-02T07:37:14.927+0000] {local_task_job_runner.py:123} INFO - ::group::Pre task execution logs
[2025-07-02T07:37:15.249+0000] {taskinstance.py:2612} INFO - Dependencies all met for dep_context=non-requeueable deps ti=<TaskInstance: extract_raw_data_pipeline.run_dbt_staging scheduled__2025-07-02T07:35:00+00:00 [queued]>
[2025-07-02T07:37:15.277+0000] {taskinstance.py:2612} INFO - Dependencies all met for dep_context=requeueable deps ti=<TaskInstance: extract_raw_data_pipeline.run_dbt_staging scheduled__2025-07-02T07:35:00+00:00 [queued]>
[2025-07-02T07:37:15.277+0000] {taskinstance.py:2865} INFO - Starting attempt 1 of 1
[2025-07-02T07:37:16.550+0000] {taskinstance.py:2888} INFO - Executing <Task(BashOperator): run_dbt_staging> on 2025-07-02 07:35:00+00:00
[2025-07-02T07:37:16.624+0000] {warnings.py:112} WARNING - /home/***/.local/lib/python3.12/site-packages/***/task/task_runner/standard_task_runner.py:70: DeprecationWarning: This process (pid=5279) is multi-threaded, use of fork() may lead to deadlocks in the child.
  pid = os.fork()

[2025-07-02T07:37:16.628+0000] {standard_task_runner.py:72} INFO - Started process 5283 to run task
[2025-07-02T07:37:16.633+0000] {standard_task_runner.py:104} INFO - Running: ['***', 'tasks', 'run', 'extract_raw_data_pipeline', 'run_dbt_staging', 'scheduled__2025-07-02T07:35:00+00:00', '--job-id', '210', '--raw', '--subdir', 'DAGS_FOLDER/driven_data_pipeline.py', '--cfg-path', '/tmp/tmpvwg2j1m7']
[2025-07-02T07:37:16.637+0000] {standard_task_runner.py:105} INFO - Job 210: Subtask run_dbt_staging
[2025-07-02T07:37:17.694+0000] {task_command.py:467} INFO - Running <TaskInstance: extract_raw_data_pipeline.run_dbt_staging scheduled__2025-07-02T07:35:00+00:00 [running]> on host 48b6d860598d
[2025-07-02T07:37:19.179+0000] {taskinstance.py:3131} INFO - Exporting env vars: AIRFLOW_CTX_DAG_OWNER='***' AIRFLOW_CTX_DAG_ID='extract_raw_data_pipeline' AIRFLOW_CTX_TASK_ID='run_dbt_staging' AIRFLOW_CTX_EXECUTION_DATE='2025-07-02T07:35:00+00:00' AIRFLOW_CTX_TRY_NUMBER='1' AIRFLOW_CTX_DAG_RUN_ID='scheduled__2025-07-02T07:35:00+00:00'
[2025-07-02T07:37:19.183+0000] {taskinstance.py:731} INFO - ::endgroup::
[2025-07-02T07:37:19.236+0000] {subprocess.py:63} INFO - Tmp dir root location: /tmp
[2025-07-02T07:37:19.236+0000] {subprocess.py:75} INFO - Running command: ['/usr/bin/bash', '-c', 'set -x; cd /opt/***/dbt && dbt run --select tag:staging']
[2025-07-02T07:37:19.252+0000] {subprocess.py:86} INFO - Output:
[2025-07-02T07:37:19.254+0000] {subprocess.py:93} INFO - + cd /opt/***/dbt
[2025-07-02T07:37:19.255+0000] {subprocess.py:93} INFO - + dbt run --select tag:staging
[2025-07-02T07:37:21.915+0000] {subprocess.py:93} INFO - [0m07:37:21  Running with dbt=1.8.0
[2025-07-02T07:37:22.202+0000] {subprocess.py:93} INFO - [0m07:37:22  Registered adapter: postgres=1.8.2
[2025-07-02T07:37:22.841+0000] {subprocess.py:93} INFO - [0m07:37:22  Found 9 models, 10 sources, 428 macros
[2025-07-02T07:37:22.857+0000] {subprocess.py:93} INFO - [0m07:37:22
[2025-07-02T07:37:23.086+0000] {subprocess.py:93} INFO - [0m07:37:23  Concurrency: 1 threads (target='dev')
[2025-07-02T07:37:23.087+0000] {subprocess.py:93} INFO - [0m07:37:23
[2025-07-02T07:37:23.105+0000] {subprocess.py:93} INFO - [0m07:37:23  1 of 5 START sql table model driven_staging.dim_address ........................ [RUN]
[2025-07-02T07:37:48.912+0000] {subprocess.py:93} INFO - [0m07:37:48  1 of 5 OK created sql table model driven_staging.dim_address ................... [[32mSELECT 271652[0m in 25.80s]
[2025-07-02T07:37:48.915+0000] {subprocess.py:93} INFO - [0m07:37:48  2 of 5 START sql table model driven_staging.dim_date ........................... [RUN]
[2025-07-02T07:37:53.186+0000] {subprocess.py:93} INFO - [0m07:37:53  2 of 5 OK created sql table model driven_staging.dim_date ...................... [[32mSELECT 271652[0m in 4.27s]
[2025-07-02T07:37:53.192+0000] {subprocess.py:93} INFO - [0m07:37:53  3 of 5 START sql table model driven_staging.dim_finance ........................ [RUN]
[2025-07-02T07:37:55.821+0000] {subprocess.py:93} INFO - [0m07:37:55  3 of 5 OK created sql table model driven_staging.dim_finance ................... [[32mSELECT 271652[0m in 2.62s]
[2025-07-02T07:37:55.841+0000] {subprocess.py:93} INFO - [0m07:37:55  4 of 5 START sql table model driven_staging.dim_person ......................... [RUN]
[2025-07-02T07:38:01.885+0000] {subprocess.py:93} INFO - [0m07:38:01  4 of 5 OK created sql table model driven_staging.dim_person .................... [[32mSELECT 271652[0m in 6.04s]
[2025-07-02T07:38:01.889+0000] {subprocess.py:93} INFO - [0m07:38:01  5 of 5 START sql table model driven_staging.fact_network_usage ................. [RUN]
[2025-07-02T07:38:06.441+0000] {subprocess.py:93} INFO - [0m07:38:06  5 of 5 OK created sql table model driven_staging.fact_network_usage ............ [[32mSELECT 271652[0m in 4.55s]
[2025-07-02T07:38:06.460+0000] {subprocess.py:93} INFO - [0m07:38:06
[2025-07-02T07:38:06.461+0000] {subprocess.py:93} INFO - [0m07:38:06  Finished running 5 table models in 0 hours 0 minutes and 43.60 seconds (43.60s).
[2025-07-02T07:38:06.824+0000] {subprocess.py:93} INFO - [0m07:38:06
[2025-07-02T07:38:06.829+0000] {subprocess.py:93} INFO - [0m07:38:06  [32mCompleted successfully[0m
[2025-07-02T07:38:06.834+0000] {subprocess.py:93} INFO - [0m07:38:06
[2025-07-02T07:38:06.839+0000] {subprocess.py:93} INFO - [0m07:38:06  Done. PASS=5 WARN=0 ERROR=0 SKIP=0 TOTAL=5
[2025-07-02T07:38:07.699+0000] {subprocess.py:97} INFO - Command exited with return code 0
[2025-07-02T07:38:07.932+0000] {taskinstance.py:340} INFO - ::group::Post task execution logs
[2025-07-02T07:38:07.934+0000] {taskinstance.py:352} INFO - Marking task as SUCCESS. dag_id=extract_raw_data_pipeline, task_id=run_dbt_staging, run_id=scheduled__2025-07-02T07:35:00+00:00, execution_date=20250702T073500, start_date=20250702T073715, end_date=20250702T073807
[2025-07-02T07:38:08.572+0000] {local_task_job_runner.py:266} INFO - Task exited with return code 0
[2025-07-02T07:38:08.606+0000] {taskinstance.py:3900} INFO - 1 downstream tasks scheduled from follow-on schedule check
[2025-07-02T07:38:08.695+0000] {local_task_job_runner.py:245} INFO - ::endgroup::
