[2025-07-02T07:01:20.603+0000] {local_task_job_runner.py:123} INFO - ::group::Pre task execution logs
[2025-07-02T07:01:20.624+0000] {taskinstance.py:2612} INFO - Dependencies all met for dep_context=non-requeueable deps ti=<TaskInstance: extract_raw_data_pipeline.run_dbt_trusted scheduled__2025-07-02T07:00:00+00:00 [queued]>
[2025-07-02T07:01:20.635+0000] {taskinstance.py:2612} INFO - Dependencies all met for dep_context=requeueable deps ti=<TaskInstance: extract_raw_data_pipeline.run_dbt_trusted scheduled__2025-07-02T07:00:00+00:00 [queued]>
[2025-07-02T07:01:20.636+0000] {taskinstance.py:2865} INFO - Starting attempt 1 of 1
[2025-07-02T07:01:20.672+0000] {taskinstance.py:2888} INFO - Executing <Task(BashOperator): run_dbt_trusted> on 2025-07-02 07:00:00+00:00
[2025-07-02T07:01:20.681+0000] {warnings.py:112} WARNING - /home/***/.local/lib/python3.12/site-packages/***/task/task_runner/standard_task_runner.py:70: DeprecationWarning: This process (pid=3536) is multi-threaded, use of fork() may lead to deadlocks in the child.
  pid = os.fork()

[2025-07-02T07:01:20.682+0000] {standard_task_runner.py:72} INFO - Started process 3538 to run task
[2025-07-02T07:01:20.683+0000] {standard_task_runner.py:104} INFO - Running: ['***', 'tasks', 'run', 'extract_raw_data_pipeline', 'run_dbt_trusted', 'scheduled__2025-07-02T07:00:00+00:00', '--job-id', '46', '--raw', '--subdir', 'DAGS_FOLDER/driven_data_pipeline.py', '--cfg-path', '/tmp/tmphw0lrw26']
[2025-07-02T07:01:20.684+0000] {standard_task_runner.py:105} INFO - Job 46: Subtask run_dbt_trusted
[2025-07-02T07:01:20.748+0000] {task_command.py:467} INFO - Running <TaskInstance: extract_raw_data_pipeline.run_dbt_trusted scheduled__2025-07-02T07:00:00+00:00 [running]> on host 48b6d860598d
[2025-07-02T07:01:22.035+0000] {taskinstance.py:3131} INFO - Exporting env vars: AIRFLOW_CTX_DAG_OWNER='***' AIRFLOW_CTX_DAG_ID='extract_raw_data_pipeline' AIRFLOW_CTX_TASK_ID='run_dbt_trusted' AIRFLOW_CTX_EXECUTION_DATE='2025-07-02T07:00:00+00:00' AIRFLOW_CTX_TRY_NUMBER='1' AIRFLOW_CTX_DAG_RUN_ID='scheduled__2025-07-02T07:00:00+00:00'
[2025-07-02T07:01:22.038+0000] {taskinstance.py:731} INFO - ::endgroup::
[2025-07-02T07:01:22.060+0000] {subprocess.py:63} INFO - Tmp dir root location: /tmp
[2025-07-02T07:01:22.060+0000] {subprocess.py:75} INFO - Running command: ['/usr/bin/bash', '-c', 'set -x; cd /opt/***/dbt && dbt run --select tag:trusted']
[2025-07-02T07:01:22.073+0000] {subprocess.py:86} INFO - Output:
[2025-07-02T07:01:22.075+0000] {subprocess.py:93} INFO - + cd /opt/***/dbt
[2025-07-02T07:01:22.076+0000] {subprocess.py:93} INFO - + dbt run --select tag:trusted
[2025-07-02T07:01:25.868+0000] {subprocess.py:93} INFO - [0m07:01:25  Running with dbt=1.8.0
[2025-07-02T07:01:26.570+0000] {subprocess.py:93} INFO - [0m07:01:26  Registered adapter: postgres=1.8.2
[2025-07-02T07:01:27.219+0000] {subprocess.py:93} INFO - [0m07:01:27  Found 9 models, 10 sources, 428 macros
[2025-07-02T07:01:27.222+0000] {subprocess.py:93} INFO - [0m07:01:27
[2025-07-02T07:01:27.358+0000] {subprocess.py:93} INFO - [0m07:01:27  Concurrency: 1 threads (target='dev')
[2025-07-02T07:01:27.359+0000] {subprocess.py:93} INFO - [0m07:01:27
[2025-07-02T07:01:27.374+0000] {subprocess.py:93} INFO - [0m07:01:27  1 of 4 START sql table model driven_trusted.non_pii_data ....................... [RUN]
[2025-07-02T07:01:29.151+0000] {subprocess.py:93} INFO - [0m07:01:29  1 of 4 OK created sql table model driven_trusted.non_pii_data .................. [[32mSELECT 11225[0m in 1.77s]
[2025-07-02T07:01:29.158+0000] {subprocess.py:93} INFO - [0m07:01:29  2 of 4 START sql table model driven_trusted.payment_data ....................... [RUN]
[2025-07-02T07:01:29.365+0000] {subprocess.py:93} INFO - [0m07:01:29  2 of 4 OK created sql table model driven_trusted.payment_data .................. [[32mSELECT 11225[0m in 0.20s]
[2025-07-02T07:01:29.368+0000] {subprocess.py:93} INFO - [0m07:01:29  3 of 4 START sql table model driven_trusted.pii_data ........................... [RUN]
[2025-07-02T07:01:29.908+0000] {subprocess.py:93} INFO - [0m07:01:29  3 of 4 OK created sql table model driven_trusted.pii_data ...................... [[32mSELECT 11225[0m in 0.54s]
[2025-07-02T07:01:29.922+0000] {subprocess.py:93} INFO - [0m07:01:29  4 of 4 START sql table model driven_trusted.technical_data ..................... [RUN]
[2025-07-02T07:01:30.548+0000] {subprocess.py:93} INFO - [0m07:01:30  4 of 4 OK created sql table model driven_trusted.technical_data ................ [[32mSELECT 11225[0m in 0.62s]
[2025-07-02T07:01:30.579+0000] {subprocess.py:93} INFO - [0m07:01:30
[2025-07-02T07:01:30.580+0000] {subprocess.py:93} INFO - [0m07:01:30  Finished running 4 table models in 0 hours 0 minutes and 3.36 seconds (3.36s).
[2025-07-02T07:01:30.626+0000] {subprocess.py:93} INFO - [0m07:01:30
[2025-07-02T07:01:30.627+0000] {subprocess.py:93} INFO - [0m07:01:30  [32mCompleted successfully[0m
[2025-07-02T07:01:30.628+0000] {subprocess.py:93} INFO - [0m07:01:30
[2025-07-02T07:01:30.629+0000] {subprocess.py:93} INFO - [0m07:01:30  Done. PASS=4 WARN=0 ERROR=0 SKIP=0 TOTAL=4
[2025-07-02T07:01:31.304+0000] {subprocess.py:97} INFO - Command exited with return code 0
[2025-07-02T07:01:31.362+0000] {taskinstance.py:340} INFO - ::group::Post task execution logs
[2025-07-02T07:01:31.363+0000] {taskinstance.py:352} INFO - Marking task as SUCCESS. dag_id=extract_raw_data_pipeline, task_id=run_dbt_trusted, run_id=scheduled__2025-07-02T07:00:00+00:00, execution_date=20250702T070000, start_date=20250702T070120, end_date=20250702T070131
[2025-07-02T07:01:31.429+0000] {local_task_job_runner.py:266} INFO - Task exited with return code 0
[2025-07-02T07:01:31.445+0000] {taskinstance.py:3900} INFO - 0 downstream tasks scheduled from follow-on schedule check
[2025-07-02T07:01:31.463+0000] {local_task_job_runner.py:245} INFO - ::endgroup::
