[2025-07-02T07:41:33.070+0000] {local_task_job_runner.py:123} INFO - ::group::Pre task execution logs
[2025-07-02T07:41:33.093+0000] {taskinstance.py:2612} INFO - Dependencies all met for dep_context=non-requeueable deps ti=<TaskInstance: extract_raw_data_pipeline.create_raw_table scheduled__2025-07-02T07:40:00+00:00 [queued]>
[2025-07-02T07:41:33.103+0000] {taskinstance.py:2612} INFO - Dependencies all met for dep_context=requeueable deps ti=<TaskInstance: extract_raw_data_pipeline.create_raw_table scheduled__2025-07-02T07:40:00+00:00 [queued]>
[2025-07-02T07:41:33.103+0000] {taskinstance.py:2865} INFO - Starting attempt 1 of 1
[2025-07-02T07:41:33.485+0000] {taskinstance.py:2888} INFO - Executing <Task(SQLExecuteQueryOperator): create_raw_table> on 2025-07-02 07:40:00+00:00
[2025-07-02T07:41:33.519+0000] {warnings.py:112} WARNING - /home/***/.local/lib/python3.12/site-packages/***/task/task_runner/standard_task_runner.py:70: DeprecationWarning: This process (pid=5462) is multi-threaded, use of fork() may lead to deadlocks in the child.
  pid = os.fork()

[2025-07-02T07:41:33.522+0000] {standard_task_runner.py:72} INFO - Started process 5464 to run task
[2025-07-02T07:41:33.525+0000] {standard_task_runner.py:104} INFO - Running: ['***', 'tasks', 'run', 'extract_raw_data_pipeline', 'create_raw_table', 'scheduled__2025-07-02T07:40:00+00:00', '--job-id', '226', '--raw', '--subdir', 'DAGS_FOLDER/driven_data_pipeline.py', '--cfg-path', '/tmp/tmp_o08yo8h']
[2025-07-02T07:41:33.528+0000] {standard_task_runner.py:105} INFO - Job 226: Subtask create_raw_table
[2025-07-02T07:41:33.957+0000] {task_command.py:467} INFO - Running <TaskInstance: extract_raw_data_pipeline.create_raw_table scheduled__2025-07-02T07:40:00+00:00 [running]> on host 48b6d860598d
[2025-07-02T07:41:39.707+0000] {taskinstance.py:3131} INFO - Exporting env vars: AIRFLOW_CTX_DAG_OWNER='***' AIRFLOW_CTX_DAG_ID='extract_raw_data_pipeline' AIRFLOW_CTX_TASK_ID='create_raw_table' AIRFLOW_CTX_EXECUTION_DATE='2025-07-02T07:40:00+00:00' AIRFLOW_CTX_TRY_NUMBER='1' AIRFLOW_CTX_DAG_RUN_ID='scheduled__2025-07-02T07:40:00+00:00'
[2025-07-02T07:41:39.713+0000] {taskinstance.py:731} INFO - ::endgroup::
[2025-07-02T07:41:39.750+0000] {sql.py:266} INFO - Executing: 
        CREATE TABLE IF NOT EXISTS driven_raw.raw_batch_data (
            person_name VARCHAR(100),
            user_name VARCHAR(100),
            email VARCHAR(100),
            personal_number NUMERIC, 
            birth_date VARCHAR(100), 
            address VARCHAR(250),
            phone VARCHAR(100), 
            mac_address VARCHAR(100),
            ip_address VARCHAR(100),
            iban VARCHAR(100),
            accessed_at TIMESTAMP,
            session_duration INT,
            download_speed INT,
            upload_speed INT,
            consumed_traffic INT,
            unique_id VARCHAR(100)
        );
    
[2025-07-02T07:41:39.763+0000] {base.py:84} INFO - Retrieving connection 'postgres_conn'
[2025-07-02T07:41:39.775+0000] {base.py:84} INFO - Retrieving connection 'postgres_conn'
[2025-07-02T07:41:39.780+0000] {sql.py:509} INFO - Running statement: 
        CREATE TABLE IF NOT EXISTS driven_raw.raw_batch_data (
            person_name VARCHAR(100),
            user_name VARCHAR(100),
            email VARCHAR(100),
            personal_number NUMERIC, 
            birth_date VARCHAR(100), 
            address VARCHAR(250),
            phone VARCHAR(100), 
            mac_address VARCHAR(100),
            ip_address VARCHAR(100),
            iban VARCHAR(100),
            accessed_at TIMESTAMP,
            session_duration INT,
            download_speed INT,
            upload_speed INT,
            consumed_traffic INT,
            unique_id VARCHAR(100)
        );
    , parameters: None
[2025-07-02T07:41:39.796+0000] {taskinstance.py:340} INFO - ::group::Post task execution logs
[2025-07-02T07:41:39.797+0000] {taskinstance.py:352} INFO - Marking task as SUCCESS. dag_id=extract_raw_data_pipeline, task_id=create_raw_table, run_id=scheduled__2025-07-02T07:40:00+00:00, execution_date=20250702T074000, start_date=20250702T074133, end_date=20250702T074139
[2025-07-02T07:41:40.631+0000] {local_task_job_runner.py:266} INFO - Task exited with return code 0
[2025-07-02T07:41:40.641+0000] {local_task_job_runner.py:245} INFO - ::endgroup::
