[2025-07-02T01:26:36.662+0000] {local_task_job_runner.py:123} INFO - ::group::Pre task execution logs
[2025-07-02T01:26:36.682+0000] {taskinstance.py:2612} INFO - Dependencies all met for dep_context=non-requeueable deps ti=<TaskInstance: extract_raw_data_pipeline.run_dbt_trusted manual__2025-07-02T01:26:10.995704+00:00 [queued]>
[2025-07-02T01:26:36.692+0000] {taskinstance.py:2612} INFO - Dependencies all met for dep_context=requeueable deps ti=<TaskInstance: extract_raw_data_pipeline.run_dbt_trusted manual__2025-07-02T01:26:10.995704+00:00 [queued]>
[2025-07-02T01:26:36.692+0000] {taskinstance.py:2865} INFO - Starting attempt 1 of 1
[2025-07-02T01:26:38.745+0000] {taskinstance.py:2888} INFO - Executing <Task(BashOperator): run_dbt_trusted> on 2025-07-02 01:26:10.995704+00:00
[2025-07-02T01:26:38.793+0000] {warnings.py:112} WARNING - /home/***/.local/lib/python3.12/site-packages/***/task/task_runner/standard_task_runner.py:70: DeprecationWarning: This process (pid=290) is multi-threaded, use of fork() may lead to deadlocks in the child.
  pid = os.fork()

[2025-07-02T01:26:38.799+0000] {standard_task_runner.py:104} INFO - Running: ['***', 'tasks', 'run', 'extract_raw_data_pipeline', 'run_dbt_trusted', 'manual__2025-07-02T01:26:10.995704+00:00', '--job-id', '14', '--raw', '--subdir', 'DAGS_FOLDER/driven_data_pipeline.py', '--cfg-path', '/tmp/tmpwl803roy']
[2025-07-02T01:26:38.801+0000] {standard_task_runner.py:105} INFO - Job 14: Subtask run_dbt_trusted
[2025-07-02T01:26:38.799+0000] {standard_task_runner.py:72} INFO - Started process 292 to run task
[2025-07-02T01:26:39.316+0000] {task_command.py:467} INFO - Running <TaskInstance: extract_raw_data_pipeline.run_dbt_trusted manual__2025-07-02T01:26:10.995704+00:00 [running]> on host 48b6d860598d
[2025-07-02T01:26:39.714+0000] {taskinstance.py:3131} INFO - Exporting env vars: AIRFLOW_CTX_DAG_OWNER='***' AIRFLOW_CTX_DAG_ID='extract_raw_data_pipeline' AIRFLOW_CTX_TASK_ID='run_dbt_trusted' AIRFLOW_CTX_EXECUTION_DATE='2025-07-02T01:26:10.995704+00:00' AIRFLOW_CTX_TRY_NUMBER='1' AIRFLOW_CTX_DAG_RUN_ID='manual__2025-07-02T01:26:10.995704+00:00'
[2025-07-02T01:26:39.715+0000] {taskinstance.py:731} INFO - ::endgroup::
[2025-07-02T01:26:39.732+0000] {subprocess.py:63} INFO - Tmp dir root location: /tmp
[2025-07-02T01:26:39.733+0000] {subprocess.py:75} INFO - Running command: ['/usr/bin/bash', '-c', 'set -x; cd /opt/***/dbt && dbt run --select tag:trusted']
[2025-07-02T01:26:39.748+0000] {subprocess.py:86} INFO - Output:
[2025-07-02T01:26:39.751+0000] {subprocess.py:93} INFO - + cd /opt/***/dbt
[2025-07-02T01:26:39.751+0000] {subprocess.py:93} INFO - + dbt run --select tag:trusted
[2025-07-02T01:26:42.683+0000] {subprocess.py:93} INFO - [0m01:26:42  Running with dbt=1.8.0
[2025-07-02T01:26:43.041+0000] {subprocess.py:93} INFO - [0m01:26:43  Registered adapter: postgres=1.8.2
[2025-07-02T01:26:43.609+0000] {subprocess.py:93} INFO - [0m01:26:43  Found 9 models, 10 sources, 428 macros
[2025-07-02T01:26:43.613+0000] {subprocess.py:93} INFO - [0m01:26:43
[2025-07-02T01:26:44.526+0000] {subprocess.py:93} INFO - [0m01:26:44  Concurrency: 1 threads (target='dev')
[2025-07-02T01:26:44.526+0000] {subprocess.py:93} INFO - [0m01:26:44
[2025-07-02T01:26:44.546+0000] {subprocess.py:93} INFO - [0m01:26:44  1 of 4 START sql table model driven_trusted.non_pii_data ....................... [RUN]
[2025-07-02T01:26:44.832+0000] {subprocess.py:93} INFO - [0m01:26:44  1 of 4 OK created sql table model driven_trusted.non_pii_data .................. [[32mSELECT 854[0m in 0.28s]
[2025-07-02T01:26:44.835+0000] {subprocess.py:93} INFO - [0m01:26:44  2 of 4 START sql table model driven_trusted.payment_data ....................... [RUN]
[2025-07-02T01:26:44.931+0000] {subprocess.py:93} INFO - [0m01:26:44  2 of 4 OK created sql table model driven_trusted.payment_data .................. [[32mSELECT 854[0m in 0.09s]
[2025-07-02T01:26:44.934+0000] {subprocess.py:93} INFO - [0m01:26:44  3 of 4 START sql table model driven_trusted.pii_data ........................... [RUN]
[2025-07-02T01:26:45.068+0000] {subprocess.py:93} INFO - [0m01:26:45  3 of 4 OK created sql table model driven_trusted.pii_data ...................... [[32mSELECT 854[0m in 0.13s]
[2025-07-02T01:26:45.071+0000] {subprocess.py:93} INFO - [0m01:26:45  4 of 4 START sql table model driven_trusted.technical_data ..................... [RUN]
[2025-07-02T01:26:45.237+0000] {subprocess.py:93} INFO - [0m01:26:45  4 of 4 OK created sql table model driven_trusted.technical_data ................ [[32mSELECT 854[0m in 0.16s]
[2025-07-02T01:26:45.254+0000] {subprocess.py:93} INFO - [0m01:26:45
[2025-07-02T01:26:45.255+0000] {subprocess.py:93} INFO - [0m01:26:45  Finished running 4 table models in 0 hours 0 minutes and 1.64 seconds (1.64s).
[2025-07-02T01:26:45.299+0000] {subprocess.py:93} INFO - [0m01:26:45
[2025-07-02T01:26:45.300+0000] {subprocess.py:93} INFO - [0m01:26:45  [32mCompleted successfully[0m
[2025-07-02T01:26:45.301+0000] {subprocess.py:93} INFO - [0m01:26:45
[2025-07-02T01:26:45.301+0000] {subprocess.py:93} INFO - [0m01:26:45  Done. PASS=4 WARN=0 ERROR=0 SKIP=0 TOTAL=4
[2025-07-02T01:26:46.085+0000] {subprocess.py:97} INFO - Command exited with return code 0
[2025-07-02T01:26:46.976+0000] {taskinstance.py:340} INFO - ::group::Post task execution logs
[2025-07-02T01:26:46.977+0000] {taskinstance.py:352} INFO - Marking task as SUCCESS. dag_id=extract_raw_data_pipeline, task_id=run_dbt_trusted, run_id=manual__2025-07-02T01:26:10.995704+00:00, execution_date=20250702T012610, start_date=20250702T012636, end_date=20250702T012646
[2025-07-02T01:26:47.060+0000] {local_task_job_runner.py:266} INFO - Task exited with return code 0
[2025-07-02T01:26:47.076+0000] {taskinstance.py:3900} INFO - 0 downstream tasks scheduled from follow-on schedule check
[2025-07-02T01:26:47.095+0000] {local_task_job_runner.py:245} INFO - ::endgroup::
