[2025-07-02T07:06:10.143+0000] {local_task_job_runner.py:123} INFO - ::group::Pre task execution logs
[2025-07-02T07:06:10.162+0000] {taskinstance.py:2612} INFO - Dependencies all met for dep_context=non-requeueable deps ti=<TaskInstance: extract_raw_data_pipeline.run_dbt_staging scheduled__2025-07-02T07:05:00+00:00 [queued]>
[2025-07-02T07:06:10.172+0000] {taskinstance.py:2612} INFO - Dependencies all met for dep_context=requeueable deps ti=<TaskInstance: extract_raw_data_pipeline.run_dbt_staging scheduled__2025-07-02T07:05:00+00:00 [queued]>
[2025-07-02T07:06:10.173+0000] {taskinstance.py:2865} INFO - Starting attempt 1 of 1
[2025-07-02T07:06:10.214+0000] {taskinstance.py:2888} INFO - Executing <Task(BashOperator): run_dbt_staging> on 2025-07-02 07:05:00+00:00
[2025-07-02T07:06:10.222+0000] {warnings.py:112} WARNING - /home/***/.local/lib/python3.12/site-packages/***/task/task_runner/standard_task_runner.py:70: DeprecationWarning: This process (pid=3817) is multi-threaded, use of fork() may lead to deadlocks in the child.
  pid = os.fork()

[2025-07-02T07:06:10.223+0000] {standard_task_runner.py:72} INFO - Started process 3819 to run task
[2025-07-02T07:06:10.224+0000] {standard_task_runner.py:104} INFO - Running: ['***', 'tasks', 'run', 'extract_raw_data_pipeline', 'run_dbt_staging', 'scheduled__2025-07-02T07:05:00+00:00', '--job-id', '75', '--raw', '--subdir', 'DAGS_FOLDER/driven_data_pipeline.py', '--cfg-path', '/tmp/tmpsgph07f4']
[2025-07-02T07:06:10.225+0000] {standard_task_runner.py:105} INFO - Job 75: Subtask run_dbt_staging
[2025-07-02T07:06:10.301+0000] {task_command.py:467} INFO - Running <TaskInstance: extract_raw_data_pipeline.run_dbt_staging scheduled__2025-07-02T07:05:00+00:00 [running]> on host 48b6d860598d
[2025-07-02T07:06:10.461+0000] {taskinstance.py:3131} INFO - Exporting env vars: AIRFLOW_CTX_DAG_OWNER='***' AIRFLOW_CTX_DAG_ID='extract_raw_data_pipeline' AIRFLOW_CTX_TASK_ID='run_dbt_staging' AIRFLOW_CTX_EXECUTION_DATE='2025-07-02T07:05:00+00:00' AIRFLOW_CTX_TRY_NUMBER='1' AIRFLOW_CTX_DAG_RUN_ID='scheduled__2025-07-02T07:05:00+00:00'
[2025-07-02T07:06:10.462+0000] {taskinstance.py:731} INFO - ::endgroup::
[2025-07-02T07:06:10.488+0000] {subprocess.py:63} INFO - Tmp dir root location: /tmp
[2025-07-02T07:06:10.489+0000] {subprocess.py:75} INFO - Running command: ['/usr/bin/bash', '-c', 'set -x; cd /opt/***/dbt && dbt run --select tag:staging']
[2025-07-02T07:06:10.503+0000] {subprocess.py:86} INFO - Output:
[2025-07-02T07:06:10.505+0000] {subprocess.py:93} INFO - + cd /opt/***/dbt
[2025-07-02T07:06:10.506+0000] {subprocess.py:93} INFO - + dbt run --select tag:staging
[2025-07-02T07:06:13.124+0000] {subprocess.py:93} INFO - [0m07:06:13  Running with dbt=1.8.0
[2025-07-02T07:06:13.412+0000] {subprocess.py:93} INFO - [0m07:06:13  Registered adapter: postgres=1.8.2
[2025-07-02T07:06:13.870+0000] {subprocess.py:93} INFO - [0m07:06:13  Found 9 models, 10 sources, 428 macros
[2025-07-02T07:06:13.873+0000] {subprocess.py:93} INFO - [0m07:06:13
[2025-07-02T07:06:14.014+0000] {subprocess.py:93} INFO - [0m07:06:14  Concurrency: 1 threads (target='dev')
[2025-07-02T07:06:14.015+0000] {subprocess.py:93} INFO - [0m07:06:14
[2025-07-02T07:06:14.028+0000] {subprocess.py:93} INFO - [0m07:06:14  1 of 5 START sql table model driven_staging.dim_address ........................ [RUN]
[2025-07-02T07:06:14.449+0000] {subprocess.py:93} INFO - [0m07:06:14  1 of 5 OK created sql table model driven_staging.dim_address ................... [[32mSELECT 30923[0m in 0.42s]
[2025-07-02T07:06:14.451+0000] {subprocess.py:93} INFO - [0m07:06:14  2 of 5 START sql table model driven_staging.dim_date ........................... [RUN]
[2025-07-02T07:06:14.662+0000] {subprocess.py:93} INFO - [0m07:06:14  2 of 5 OK created sql table model driven_staging.dim_date ...................... [[32mSELECT 30923[0m in 0.21s]
[2025-07-02T07:06:14.668+0000] {subprocess.py:93} INFO - [0m07:06:14  3 of 5 START sql table model driven_staging.dim_finance ........................ [RUN]
[2025-07-02T07:06:14.936+0000] {subprocess.py:93} INFO - [0m07:06:14  3 of 5 OK created sql table model driven_staging.dim_finance ................... [[32mSELECT 30923[0m in 0.26s]
[2025-07-02T07:06:14.945+0000] {subprocess.py:93} INFO - [0m07:06:14  4 of 5 START sql table model driven_staging.dim_person ......................... [RUN]
[2025-07-02T07:06:15.973+0000] {subprocess.py:93} INFO - [0m07:06:15  4 of 5 OK created sql table model driven_staging.dim_person .................... [[32mSELECT 30923[0m in 1.02s]
[2025-07-02T07:06:15.976+0000] {subprocess.py:93} INFO - [0m07:06:15  5 of 5 START sql table model driven_staging.fact_network_usage ................. [RUN]
[2025-07-02T07:06:16.179+0000] {subprocess.py:93} INFO - [0m07:06:16  5 of 5 OK created sql table model driven_staging.fact_network_usage ............ [[32mSELECT 30923[0m in 0.20s]
[2025-07-02T07:06:16.204+0000] {subprocess.py:93} INFO - [0m07:06:16
[2025-07-02T07:06:16.206+0000] {subprocess.py:93} INFO - [0m07:06:16  Finished running 5 table models in 0 hours 0 minutes and 2.33 seconds (2.33s).
[2025-07-02T07:06:16.252+0000] {subprocess.py:93} INFO - [0m07:06:16
[2025-07-02T07:06:16.252+0000] {subprocess.py:93} INFO - [0m07:06:16  [32mCompleted successfully[0m
[2025-07-02T07:06:16.253+0000] {subprocess.py:93} INFO - [0m07:06:16
[2025-07-02T07:06:16.254+0000] {subprocess.py:93} INFO - [0m07:06:16  Done. PASS=5 WARN=0 ERROR=0 SKIP=0 TOTAL=5
[2025-07-02T07:06:16.980+0000] {subprocess.py:97} INFO - Command exited with return code 0
[2025-07-02T07:06:17.037+0000] {taskinstance.py:340} INFO - ::group::Post task execution logs
[2025-07-02T07:06:17.038+0000] {taskinstance.py:352} INFO - Marking task as SUCCESS. dag_id=extract_raw_data_pipeline, task_id=run_dbt_staging, run_id=scheduled__2025-07-02T07:05:00+00:00, execution_date=20250702T070500, start_date=20250702T070610, end_date=20250702T070617
[2025-07-02T07:06:17.157+0000] {local_task_job_runner.py:266} INFO - Task exited with return code 0
[2025-07-02T07:06:17.187+0000] {taskinstance.py:3900} INFO - 1 downstream tasks scheduled from follow-on schedule check
[2025-07-02T07:06:17.209+0000] {local_task_job_runner.py:245} INFO - ::endgroup::
