[2025-07-02T07:05:09.374+0000] {local_task_job_runner.py:123} INFO - ::group::Pre task execution logs
[2025-07-02T07:05:09.393+0000] {taskinstance.py:2612} INFO - Dependencies all met for dep_context=non-requeueable deps ti=<TaskInstance: extract_raw_data_pipeline.run_dbt_staging scheduled__2025-07-02T07:04:00+00:00 [queued]>
[2025-07-02T07:05:09.403+0000] {taskinstance.py:2612} INFO - Dependencies all met for dep_context=requeueable deps ti=<TaskInstance: extract_raw_data_pipeline.run_dbt_staging scheduled__2025-07-02T07:04:00+00:00 [queued]>
[2025-07-02T07:05:09.404+0000] {taskinstance.py:2865} INFO - Starting attempt 1 of 1
[2025-07-02T07:05:09.450+0000] {taskinstance.py:2888} INFO - Executing <Task(BashOperator): run_dbt_staging> on 2025-07-02 07:04:00+00:00
[2025-07-02T07:05:09.458+0000] {warnings.py:112} WARNING - /home/***/.local/lib/python3.12/site-packages/***/task/task_runner/standard_task_runner.py:70: DeprecationWarning: This process (pid=3755) is multi-threaded, use of fork() may lead to deadlocks in the child.
  pid = os.fork()

[2025-07-02T07:05:09.460+0000] {standard_task_runner.py:72} INFO - Started process 3764 to run task
[2025-07-02T07:05:09.461+0000] {standard_task_runner.py:104} INFO - Running: ['***', 'tasks', 'run', 'extract_raw_data_pipeline', 'run_dbt_staging', 'scheduled__2025-07-02T07:04:00+00:00', '--job-id', '69', '--raw', '--subdir', 'DAGS_FOLDER/driven_data_pipeline.py', '--cfg-path', '/tmp/tmp5cuazuit']
[2025-07-02T07:05:09.462+0000] {standard_task_runner.py:105} INFO - Job 69: Subtask run_dbt_staging
[2025-07-02T07:05:09.538+0000] {task_command.py:467} INFO - Running <TaskInstance: extract_raw_data_pipeline.run_dbt_staging scheduled__2025-07-02T07:04:00+00:00 [running]> on host 48b6d860598d
[2025-07-02T07:05:09.742+0000] {taskinstance.py:3131} INFO - Exporting env vars: AIRFLOW_CTX_DAG_OWNER='***' AIRFLOW_CTX_DAG_ID='extract_raw_data_pipeline' AIRFLOW_CTX_TASK_ID='run_dbt_staging' AIRFLOW_CTX_EXECUTION_DATE='2025-07-02T07:04:00+00:00' AIRFLOW_CTX_TRY_NUMBER='1' AIRFLOW_CTX_DAG_RUN_ID='scheduled__2025-07-02T07:04:00+00:00'
[2025-07-02T07:05:09.742+0000] {taskinstance.py:731} INFO - ::endgroup::
[2025-07-02T07:05:09.759+0000] {subprocess.py:63} INFO - Tmp dir root location: /tmp
[2025-07-02T07:05:09.760+0000] {subprocess.py:75} INFO - Running command: ['/usr/bin/bash', '-c', 'set -x; cd /opt/***/dbt && dbt run --select tag:staging']
[2025-07-02T07:05:09.778+0000] {subprocess.py:86} INFO - Output:
[2025-07-02T07:05:09.782+0000] {subprocess.py:93} INFO - + cd /opt/***/dbt
[2025-07-02T07:05:09.783+0000] {subprocess.py:93} INFO - + dbt run --select tag:staging
[2025-07-02T07:05:13.730+0000] {subprocess.py:93} INFO - [0m07:05:13  Running with dbt=1.8.0
[2025-07-02T07:05:14.034+0000] {subprocess.py:93} INFO - [0m07:05:14  Registered adapter: postgres=1.8.2
[2025-07-02T07:05:14.574+0000] {subprocess.py:93} INFO - [0m07:05:14  Found 9 models, 10 sources, 428 macros
[2025-07-02T07:05:14.577+0000] {subprocess.py:93} INFO - [0m07:05:14
[2025-07-02T07:05:14.713+0000] {subprocess.py:93} INFO - [0m07:05:14  Concurrency: 1 threads (target='dev')
[2025-07-02T07:05:14.714+0000] {subprocess.py:93} INFO - [0m07:05:14
[2025-07-02T07:05:14.726+0000] {subprocess.py:93} INFO - [0m07:05:14  1 of 5 START sql table model driven_staging.dim_address ........................ [RUN]
[2025-07-02T07:05:15.629+0000] {subprocess.py:93} INFO - [0m07:05:15  1 of 5 OK created sql table model driven_staging.dim_address ................... [[32mSELECT 25962[0m in 0.89s]
[2025-07-02T07:05:15.635+0000] {subprocess.py:93} INFO - [0m07:05:15  2 of 5 START sql table model driven_staging.dim_date ........................... [RUN]
[2025-07-02T07:05:16.702+0000] {subprocess.py:93} INFO - [0m07:05:16  2 of 5 OK created sql table model driven_staging.dim_date ...................... [[32mSELECT 25962[0m in 1.06s]
[2025-07-02T07:05:16.711+0000] {subprocess.py:93} INFO - [0m07:05:16  3 of 5 START sql table model driven_staging.dim_finance ........................ [RUN]
[2025-07-02T07:05:16.908+0000] {subprocess.py:93} INFO - [0m07:05:16  3 of 5 OK created sql table model driven_staging.dim_finance ................... [[32mSELECT 25962[0m in 0.19s]
[2025-07-02T07:05:16.915+0000] {subprocess.py:93} INFO - [0m07:05:16  4 of 5 START sql table model driven_staging.dim_person ......................... [RUN]
[2025-07-02T07:05:17.675+0000] {subprocess.py:93} INFO - [0m07:05:17  4 of 5 OK created sql table model driven_staging.dim_person .................... [[32mSELECT 25962[0m in 0.75s]
[2025-07-02T07:05:17.688+0000] {subprocess.py:93} INFO - [0m07:05:17  5 of 5 START sql table model driven_staging.fact_network_usage ................. [RUN]
[2025-07-02T07:05:18.239+0000] {subprocess.py:93} INFO - [0m07:05:18  5 of 5 OK created sql table model driven_staging.fact_network_usage ............ [[32mSELECT 25962[0m in 0.55s]
[2025-07-02T07:05:18.260+0000] {subprocess.py:93} INFO - [0m07:05:18
[2025-07-02T07:05:18.261+0000] {subprocess.py:93} INFO - [0m07:05:18  Finished running 5 table models in 0 hours 0 minutes and 3.68 seconds (3.68s).
[2025-07-02T07:05:18.302+0000] {subprocess.py:93} INFO - [0m07:05:18
[2025-07-02T07:05:18.303+0000] {subprocess.py:93} INFO - [0m07:05:18  [32mCompleted successfully[0m
[2025-07-02T07:05:18.303+0000] {subprocess.py:93} INFO - [0m07:05:18
[2025-07-02T07:05:18.304+0000] {subprocess.py:93} INFO - [0m07:05:18  Done. PASS=5 WARN=0 ERROR=0 SKIP=0 TOTAL=5
[2025-07-02T07:05:19.142+0000] {subprocess.py:97} INFO - Command exited with return code 0
[2025-07-02T07:05:20.399+0000] {taskinstance.py:340} INFO - ::group::Post task execution logs
[2025-07-02T07:05:20.402+0000] {taskinstance.py:352} INFO - Marking task as SUCCESS. dag_id=extract_raw_data_pipeline, task_id=run_dbt_staging, run_id=scheduled__2025-07-02T07:04:00+00:00, execution_date=20250702T070400, start_date=20250702T070509, end_date=20250702T070520
[2025-07-02T07:05:20.499+0000] {local_task_job_runner.py:266} INFO - Task exited with return code 0
[2025-07-02T07:05:20.539+0000] {taskinstance.py:3900} INFO - 1 downstream tasks scheduled from follow-on schedule check
[2025-07-02T07:05:20.557+0000] {local_task_job_runner.py:245} INFO - ::endgroup::
