[2025-07-01T22:54:03.829+0000] {local_task_job_runner.py:123} INFO - ::group::Pre task execution logs
[2025-07-01T22:54:03.877+0000] {taskinstance.py:2612} INFO - Dependencies all met for dep_context=non-requeueable deps ti=<TaskInstance: extract_raw_data_pipeline.run_dbt_staging manual__2025-07-01T22:53:48.202121+00:00 [queued]>
[2025-07-01T22:54:03.900+0000] {taskinstance.py:2612} INFO - Dependencies all met for dep_context=requeueable deps ti=<TaskInstance: extract_raw_data_pipeline.run_dbt_staging manual__2025-07-01T22:53:48.202121+00:00 [queued]>
[2025-07-01T22:54:03.901+0000] {taskinstance.py:2865} INFO - Starting attempt 1 of 1
[2025-07-01T22:54:04.308+0000] {taskinstance.py:2888} INFO - Executing <Task(BashOperator): run_dbt_staging> on 2025-07-01 22:53:48.202121+00:00
[2025-07-01T22:54:04.317+0000] {warnings.py:112} WARNING - /home/***/.local/lib/python3.12/site-packages/***/task/task_runner/standard_task_runner.py:70: DeprecationWarning: This process (pid=297) is multi-threaded, use of fork() may lead to deadlocks in the child.
  pid = os.fork()

[2025-07-01T22:54:04.319+0000] {standard_task_runner.py:72} INFO - Started process 299 to run task
[2025-07-01T22:54:04.323+0000] {standard_task_runner.py:104} INFO - Running: ['***', 'tasks', 'run', 'extract_raw_data_pipeline', 'run_dbt_staging', 'manual__2025-07-01T22:53:48.202121+00:00', '--job-id', '17', '--raw', '--subdir', 'DAGS_FOLDER/driven_data_pipeline.py', '--cfg-path', '/tmp/tmpe58zpv03']
[2025-07-01T22:54:04.325+0000] {standard_task_runner.py:105} INFO - Job 17: Subtask run_dbt_staging
[2025-07-01T22:54:04.746+0000] {task_command.py:467} INFO - Running <TaskInstance: extract_raw_data_pipeline.run_dbt_staging manual__2025-07-01T22:53:48.202121+00:00 [running]> on host 943703dd0104
[2025-07-01T22:54:04.885+0000] {taskinstance.py:3131} INFO - Exporting env vars: AIRFLOW_CTX_DAG_OWNER='***' AIRFLOW_CTX_DAG_ID='extract_raw_data_pipeline' AIRFLOW_CTX_TASK_ID='run_dbt_staging' AIRFLOW_CTX_EXECUTION_DATE='2025-07-01T22:53:48.202121+00:00' AIRFLOW_CTX_TRY_NUMBER='1' AIRFLOW_CTX_DAG_RUN_ID='manual__2025-07-01T22:53:48.202121+00:00'
[2025-07-01T22:54:04.886+0000] {taskinstance.py:731} INFO - ::endgroup::
[2025-07-01T22:54:04.905+0000] {subprocess.py:63} INFO - Tmp dir root location: /tmp
[2025-07-01T22:54:04.906+0000] {subprocess.py:75} INFO - Running command: ['/usr/bin/bash', '-c', 'set -x; cd /opt/***/dbt && dbt run --select tag:staging']
[2025-07-01T22:54:04.922+0000] {subprocess.py:86} INFO - Output:
[2025-07-01T22:54:04.924+0000] {subprocess.py:93} INFO - + cd /opt/***/dbt
[2025-07-01T22:54:04.925+0000] {subprocess.py:93} INFO - + dbt run --select tag:staging
[2025-07-01T22:54:08.372+0000] {subprocess.py:93} INFO - [0m22:54:08  Running with dbt=1.8.0
[2025-07-01T22:54:08.773+0000] {subprocess.py:93} INFO - [0m22:54:08  Registered adapter: postgres=1.8.2
[2025-07-01T22:54:09.255+0000] {subprocess.py:93} INFO - [0m22:54:09  Found 9 models, 10 sources, 428 macros
[2025-07-01T22:54:09.260+0000] {subprocess.py:93} INFO - [0m22:54:09
[2025-07-01T22:54:09.418+0000] {subprocess.py:93} INFO - [0m22:54:09  Concurrency: 1 threads (target='dev')
[2025-07-01T22:54:09.419+0000] {subprocess.py:93} INFO - [0m22:54:09
[2025-07-01T22:54:09.433+0000] {subprocess.py:93} INFO - [0m22:54:09  1 of 5 START sql table model driven_staging.dim_address ........................ [RUN]
[2025-07-01T22:54:10.983+0000] {subprocess.py:93} INFO - [0m22:54:10  1 of 5 OK created sql table model driven_staging.dim_address ................... [[32mSELECT 1594[0m in 1.55s]
[2025-07-01T22:54:10.989+0000] {subprocess.py:93} INFO - [0m22:54:10  2 of 5 START sql table model driven_staging.dim_date ........................... [RUN]
[2025-07-01T22:54:11.090+0000] {subprocess.py:93} INFO - [0m22:54:11  2 of 5 OK created sql table model driven_staging.dim_date ...................... [[32mSELECT 1594[0m in 0.10s]
[2025-07-01T22:54:11.093+0000] {subprocess.py:93} INFO - [0m22:54:11  3 of 5 START sql table model driven_staging.dim_finance ........................ [RUN]
[2025-07-01T22:54:11.227+0000] {subprocess.py:93} INFO - [0m22:54:11  3 of 5 OK created sql table model driven_staging.dim_finance ................... [[32mSELECT 1594[0m in 0.13s]
[2025-07-01T22:54:11.235+0000] {subprocess.py:93} INFO - [0m22:54:11  4 of 5 START sql table model driven_staging.dim_person ......................... [RUN]
[2025-07-01T22:54:11.490+0000] {subprocess.py:93} INFO - [0m22:54:11  4 of 5 OK created sql table model driven_staging.dim_person .................... [[32mSELECT 1594[0m in 0.25s]
[2025-07-01T22:54:11.499+0000] {subprocess.py:93} INFO - [0m22:54:11  5 of 5 START sql table model driven_staging.fact_network_usage ................. [RUN]
[2025-07-01T22:54:11.683+0000] {subprocess.py:93} INFO - [0m22:54:11  5 of 5 OK created sql table model driven_staging.fact_network_usage ............ [[32mSELECT 1594[0m in 0.18s]
[2025-07-01T22:54:11.701+0000] {subprocess.py:93} INFO - [0m22:54:11
[2025-07-01T22:54:11.702+0000] {subprocess.py:93} INFO - [0m22:54:11  Finished running 5 table models in 0 hours 0 minutes and 2.44 seconds (2.44s).
[2025-07-01T22:54:11.743+0000] {subprocess.py:93} INFO - [0m22:54:11
[2025-07-01T22:54:11.743+0000] {subprocess.py:93} INFO - [0m22:54:11  [32mCompleted successfully[0m
[2025-07-01T22:54:11.744+0000] {subprocess.py:93} INFO - [0m22:54:11
[2025-07-01T22:54:11.744+0000] {subprocess.py:93} INFO - [0m22:54:11  Done. PASS=5 WARN=0 ERROR=0 SKIP=0 TOTAL=5
[2025-07-01T22:54:12.743+0000] {subprocess.py:97} INFO - Command exited with return code 0
[2025-07-01T22:54:12.824+0000] {taskinstance.py:340} INFO - ::group::Post task execution logs
[2025-07-01T22:54:12.824+0000] {taskinstance.py:352} INFO - Marking task as SUCCESS. dag_id=extract_raw_data_pipeline, task_id=run_dbt_staging, run_id=manual__2025-07-01T22:53:48.202121+00:00, execution_date=20250701T225348, start_date=20250701T225403, end_date=20250701T225412
[2025-07-01T22:54:12.896+0000] {local_task_job_runner.py:266} INFO - Task exited with return code 0
[2025-07-01T22:54:12.921+0000] {taskinstance.py:3900} INFO - 1 downstream tasks scheduled from follow-on schedule check
[2025-07-01T22:54:12.951+0000] {local_task_job_runner.py:245} INFO - ::endgroup::
