[2025-07-01T22:52:42.870+0000] {local_task_job_runner.py:123} INFO - ::group::Pre task execution logs
[2025-07-01T22:52:42.887+0000] {taskinstance.py:2612} INFO - Dependencies all met for dep_context=non-requeueable deps ti=<TaskInstance: extract_raw_data_pipeline.run_dbt_staging scheduled__2025-07-01T07:58:00+00:00 [queued]>
[2025-07-01T22:52:42.895+0000] {taskinstance.py:2612} INFO - Dependencies all met for dep_context=requeueable deps ti=<TaskInstance: extract_raw_data_pipeline.run_dbt_staging scheduled__2025-07-01T07:58:00+00:00 [queued]>
[2025-07-01T22:52:42.895+0000] {taskinstance.py:2865} INFO - Starting attempt 1 of 1
[2025-07-01T22:52:42.929+0000] {taskinstance.py:2888} INFO - Executing <Task(BashOperator): run_dbt_staging> on 2025-07-01 07:58:00+00:00
[2025-07-01T22:52:42.936+0000] {warnings.py:112} WARNING - /home/***/.local/lib/python3.12/site-packages/***/task/task_runner/standard_task_runner.py:70: DeprecationWarning: This process (pid=228) is multi-threaded, use of fork() may lead to deadlocks in the child.
  pid = os.fork()

[2025-07-01T22:52:42.937+0000] {standard_task_runner.py:72} INFO - Started process 230 to run task
[2025-07-01T22:52:42.938+0000] {standard_task_runner.py:104} INFO - Running: ['***', 'tasks', 'run', 'extract_raw_data_pipeline', 'run_dbt_staging', 'scheduled__2025-07-01T07:58:00+00:00', '--job-id', '11', '--raw', '--subdir', 'DAGS_FOLDER/driven_data_pipeline.py', '--cfg-path', '/tmp/tmpbv7vf01u']
[2025-07-01T22:52:42.939+0000] {standard_task_runner.py:105} INFO - Job 11: Subtask run_dbt_staging
[2025-07-01T22:52:43.021+0000] {task_command.py:467} INFO - Running <TaskInstance: extract_raw_data_pipeline.run_dbt_staging scheduled__2025-07-01T07:58:00+00:00 [running]> on host 943703dd0104
[2025-07-01T22:52:43.158+0000] {taskinstance.py:3131} INFO - Exporting env vars: AIRFLOW_CTX_DAG_OWNER='***' AIRFLOW_CTX_DAG_ID='extract_raw_data_pipeline' AIRFLOW_CTX_TASK_ID='run_dbt_staging' AIRFLOW_CTX_EXECUTION_DATE='2025-07-01T07:58:00+00:00' AIRFLOW_CTX_TRY_NUMBER='1' AIRFLOW_CTX_DAG_RUN_ID='scheduled__2025-07-01T07:58:00+00:00'
[2025-07-01T22:52:43.161+0000] {taskinstance.py:731} INFO - ::endgroup::
[2025-07-01T22:52:43.195+0000] {subprocess.py:63} INFO - Tmp dir root location: /tmp
[2025-07-01T22:52:43.195+0000] {subprocess.py:75} INFO - Running command: ['/usr/bin/bash', '-c', 'set -x; cd /opt/***/dbt && dbt run --select tag:staging']
[2025-07-01T22:52:43.229+0000] {subprocess.py:86} INFO - Output:
[2025-07-01T22:52:43.264+0000] {subprocess.py:93} INFO - + cd /opt/***/dbt
[2025-07-01T22:52:43.266+0000] {subprocess.py:93} INFO - + dbt run --select tag:staging
[2025-07-01T22:52:52.745+0000] {subprocess.py:93} INFO - [0m22:52:52  Running with dbt=1.8.0
[2025-07-01T22:52:53.938+0000] {subprocess.py:93} INFO - [0m22:52:53  Registered adapter: postgres=1.8.2
[2025-07-01T22:52:54.918+0000] {subprocess.py:93} INFO - [0m22:52:54  Found 9 models, 10 sources, 428 macros
[2025-07-01T22:52:54.924+0000] {subprocess.py:93} INFO - [0m22:52:54
[2025-07-01T22:52:55.338+0000] {subprocess.py:93} INFO - [0m22:52:55  Concurrency: 1 threads (target='dev')
[2025-07-01T22:52:55.338+0000] {subprocess.py:93} INFO - [0m22:52:55
[2025-07-01T22:52:55.350+0000] {subprocess.py:93} INFO - [0m22:52:55  1 of 5 START sql table model driven_staging.dim_address ........................ [RUN]
[2025-07-01T22:52:55.657+0000] {subprocess.py:93} INFO - [0m22:52:55  1 of 5 OK created sql table model driven_staging.dim_address ................... [[32mSELECT 687[0m in 0.30s]
[2025-07-01T22:52:55.659+0000] {subprocess.py:93} INFO - [0m22:52:55  2 of 5 START sql table model driven_staging.dim_date ........................... [RUN]
[2025-07-01T22:52:55.723+0000] {subprocess.py:93} INFO - [0m22:52:55  2 of 5 OK created sql table model driven_staging.dim_date ...................... [[32mSELECT 687[0m in 0.06s]
[2025-07-01T22:52:55.725+0000] {subprocess.py:93} INFO - [0m22:52:55  3 of 5 START sql table model driven_staging.dim_finance ........................ [RUN]
[2025-07-01T22:52:55.829+0000] {subprocess.py:93} INFO - [0m22:52:55  3 of 5 OK created sql table model driven_staging.dim_finance ................... [[32mSELECT 687[0m in 0.10s]
[2025-07-01T22:52:55.832+0000] {subprocess.py:93} INFO - [0m22:52:55  4 of 5 START sql table model driven_staging.dim_person ......................... [RUN]
[2025-07-01T22:52:55.973+0000] {subprocess.py:93} INFO - [0m22:52:55  4 of 5 OK created sql table model driven_staging.dim_person .................... [[32mSELECT 687[0m in 0.14s]
[2025-07-01T22:52:55.976+0000] {subprocess.py:93} INFO - [0m22:52:55  5 of 5 START sql table model driven_staging.fact_network_usage ................. [RUN]
[2025-07-01T22:52:56.059+0000] {subprocess.py:93} INFO - [0m22:52:56  5 of 5 OK created sql table model driven_staging.fact_network_usage ............ [[32mSELECT 687[0m in 0.08s]
[2025-07-01T22:52:56.079+0000] {subprocess.py:93} INFO - [0m22:52:56
[2025-07-01T22:52:56.080+0000] {subprocess.py:93} INFO - [0m22:52:56  Finished running 5 table models in 0 hours 0 minutes and 1.15 seconds (1.15s).
[2025-07-01T22:52:56.120+0000] {subprocess.py:93} INFO - [0m22:52:56
[2025-07-01T22:52:56.121+0000] {subprocess.py:93} INFO - [0m22:52:56  [32mCompleted successfully[0m
[2025-07-01T22:52:56.122+0000] {subprocess.py:93} INFO - [0m22:52:56
[2025-07-01T22:52:56.122+0000] {subprocess.py:93} INFO - [0m22:52:56  Done. PASS=5 WARN=0 ERROR=0 SKIP=0 TOTAL=5
[2025-07-01T22:52:57.307+0000] {subprocess.py:97} INFO - Command exited with return code 0
[2025-07-01T22:52:57.390+0000] {taskinstance.py:340} INFO - ::group::Post task execution logs
[2025-07-01T22:52:57.390+0000] {taskinstance.py:352} INFO - Marking task as SUCCESS. dag_id=extract_raw_data_pipeline, task_id=run_dbt_staging, run_id=scheduled__2025-07-01T07:58:00+00:00, execution_date=20250701T075800, start_date=20250701T225242, end_date=20250701T225257
[2025-07-01T22:52:57.443+0000] {local_task_job_runner.py:266} INFO - Task exited with return code 0
[2025-07-01T22:52:57.466+0000] {taskinstance.py:3900} INFO - 1 downstream tasks scheduled from follow-on schedule check
[2025-07-01T22:52:57.489+0000] {local_task_job_runner.py:245} INFO - ::endgroup::
[2025-07-02T01:23:39.751+0000] {local_task_job_runner.py:123} INFO - ::group::Pre task execution logs
[2025-07-02T01:23:39.817+0000] {taskinstance.py:2612} INFO - Dependencies all met for dep_context=non-requeueable deps ti=<TaskInstance: extract_raw_data_pipeline.run_dbt_staging scheduled__2025-07-01T07:58:00+00:00 [queued]>
[2025-07-02T01:23:39.827+0000] {taskinstance.py:2612} INFO - Dependencies all met for dep_context=requeueable deps ti=<TaskInstance: extract_raw_data_pipeline.run_dbt_staging scheduled__2025-07-01T07:58:00+00:00 [queued]>
[2025-07-02T01:23:39.828+0000] {taskinstance.py:2865} INFO - Starting attempt 1 of 1
[2025-07-02T01:23:39.872+0000] {taskinstance.py:2888} INFO - Executing <Task(BashOperator): run_dbt_staging> on 2025-07-01 07:58:00+00:00
[2025-07-02T01:23:39.903+0000] {warnings.py:112} WARNING - /home/***/.local/lib/python3.12/site-packages/***/task/task_runner/standard_task_runner.py:70: DeprecationWarning: This process (pid=193) is multi-threaded, use of fork() may lead to deadlocks in the child.
  pid = os.fork()

[2025-07-02T01:23:39.911+0000] {standard_task_runner.py:72} INFO - Started process 195 to run task
[2025-07-02T01:23:39.916+0000] {standard_task_runner.py:104} INFO - Running: ['***', 'tasks', 'run', 'extract_raw_data_pipeline', 'run_dbt_staging', 'scheduled__2025-07-01T07:58:00+00:00', '--job-id', '7', '--raw', '--subdir', 'DAGS_FOLDER/driven_data_pipeline.py', '--cfg-path', '/tmp/tmpsu0dluny']
[2025-07-02T01:23:39.923+0000] {standard_task_runner.py:105} INFO - Job 7: Subtask run_dbt_staging
[2025-07-02T01:23:40.105+0000] {task_command.py:467} INFO - Running <TaskInstance: extract_raw_data_pipeline.run_dbt_staging scheduled__2025-07-01T07:58:00+00:00 [running]> on host 48b6d860598d
[2025-07-02T01:23:40.221+0000] {taskinstance.py:3131} INFO - Exporting env vars: AIRFLOW_CTX_DAG_OWNER='***' AIRFLOW_CTX_DAG_ID='extract_raw_data_pipeline' AIRFLOW_CTX_TASK_ID='run_dbt_staging' AIRFLOW_CTX_EXECUTION_DATE='2025-07-01T07:58:00+00:00' AIRFLOW_CTX_TRY_NUMBER='1' AIRFLOW_CTX_DAG_RUN_ID='scheduled__2025-07-01T07:58:00+00:00'
[2025-07-02T01:23:40.222+0000] {taskinstance.py:731} INFO - ::endgroup::
[2025-07-02T01:23:40.238+0000] {subprocess.py:63} INFO - Tmp dir root location: /tmp
[2025-07-02T01:23:40.238+0000] {subprocess.py:75} INFO - Running command: ['/usr/bin/bash', '-c', 'set -x; cd /opt/***/dbt && dbt run --select tag:staging']
[2025-07-02T01:23:40.253+0000] {subprocess.py:86} INFO - Output:
[2025-07-02T01:23:40.255+0000] {subprocess.py:93} INFO - + cd /opt/***/dbt
[2025-07-02T01:23:40.255+0000] {subprocess.py:93} INFO - + dbt run --select tag:staging
[2025-07-02T01:23:50.412+0000] {subprocess.py:93} INFO - [0m01:23:50  Running with dbt=1.8.0
[2025-07-02T01:23:51.710+0000] {subprocess.py:93} INFO - [0m01:23:51  Registered adapter: postgres=1.8.2
[2025-07-02T01:23:54.033+0000] {subprocess.py:93} INFO - [0m01:23:54  Found 9 models, 10 sources, 428 macros
[2025-07-02T01:23:54.038+0000] {subprocess.py:93} INFO - [0m01:23:54
[2025-07-02T01:23:54.442+0000] {subprocess.py:93} INFO - [0m01:23:54  Concurrency: 1 threads (target='dev')
[2025-07-02T01:23:54.443+0000] {subprocess.py:93} INFO - [0m01:23:54
[2025-07-02T01:23:54.463+0000] {subprocess.py:93} INFO - [0m01:23:54  1 of 5 START sql table model driven_staging.dim_address ........................ [RUN]
[2025-07-02T01:23:54.838+0000] {subprocess.py:93} INFO - [0m01:23:54  1 of 5 OK created sql table model driven_staging.dim_address ................... [[32mSELECT 334[0m in 0.37s]
[2025-07-02T01:23:54.841+0000] {subprocess.py:93} INFO - [0m01:23:54  2 of 5 START sql table model driven_staging.dim_date ........................... [RUN]
[2025-07-02T01:23:54.936+0000] {subprocess.py:93} INFO - [0m01:23:54  2 of 5 OK created sql table model driven_staging.dim_date ...................... [[32mSELECT 334[0m in 0.08s]
[2025-07-02T01:23:54.941+0000] {subprocess.py:93} INFO - [0m01:23:54  3 of 5 START sql table model driven_staging.dim_finance ........................ [RUN]
[2025-07-02T01:23:55.209+0000] {subprocess.py:93} INFO - [0m01:23:55  3 of 5 OK created sql table model driven_staging.dim_finance ................... [[32mSELECT 334[0m in 0.26s]
[2025-07-02T01:23:55.211+0000] {subprocess.py:93} INFO - [0m01:23:55  4 of 5 START sql table model driven_staging.dim_person ......................... [RUN]
[2025-07-02T01:23:55.747+0000] {subprocess.py:93} INFO - [0m01:23:55  4 of 5 OK created sql table model driven_staging.dim_person .................... [[32mSELECT 334[0m in 0.53s]
[2025-07-02T01:23:55.755+0000] {subprocess.py:93} INFO - [0m01:23:55  5 of 5 START sql table model driven_staging.fact_network_usage ................. [RUN]
[2025-07-02T01:23:55.838+0000] {subprocess.py:93} INFO - [0m01:23:55  5 of 5 OK created sql table model driven_staging.fact_network_usage ............ [[32mSELECT 334[0m in 0.08s]
[2025-07-02T01:23:55.857+0000] {subprocess.py:93} INFO - [0m01:23:55
[2025-07-02T01:23:55.858+0000] {subprocess.py:93} INFO - [0m01:23:55  Finished running 5 table models in 0 hours 0 minutes and 1.82 seconds (1.82s).
[2025-07-02T01:23:55.912+0000] {subprocess.py:93} INFO - [0m01:23:55
[2025-07-02T01:23:55.913+0000] {subprocess.py:93} INFO - [0m01:23:55  [32mCompleted successfully[0m
[2025-07-02T01:23:55.914+0000] {subprocess.py:93} INFO - [0m01:23:55
[2025-07-02T01:23:55.915+0000] {subprocess.py:93} INFO - [0m01:23:55  Done. PASS=5 WARN=0 ERROR=0 SKIP=0 TOTAL=5
[2025-07-02T01:23:57.348+0000] {subprocess.py:97} INFO - Command exited with return code 0
[2025-07-02T01:23:57.408+0000] {taskinstance.py:340} INFO - ::group::Post task execution logs
[2025-07-02T01:23:57.408+0000] {taskinstance.py:352} INFO - Marking task as SUCCESS. dag_id=extract_raw_data_pipeline, task_id=run_dbt_staging, run_id=scheduled__2025-07-01T07:58:00+00:00, execution_date=20250701T075800, start_date=20250702T012339, end_date=20250702T012357
[2025-07-02T01:23:57.588+0000] {local_task_job_runner.py:266} INFO - Task exited with return code 0
[2025-07-02T01:23:57.618+0000] {taskinstance.py:3900} INFO - 1 downstream tasks scheduled from follow-on schedule check
[2025-07-02T01:23:57.748+0000] {local_task_job_runner.py:245} INFO - ::endgroup::
