[2025-07-02T07:26:41.548+0000] {local_task_job_runner.py:123} INFO - ::group::Pre task execution logs
[2025-07-02T07:26:41.993+0000] {taskinstance.py:2612} INFO - Dependencies all met for dep_context=non-requeueable deps ti=<TaskInstance: extract_raw_data_pipeline.run_dbt_staging scheduled__2025-07-02T07:24:00+00:00 [queued]>
[2025-07-02T07:26:42.048+0000] {taskinstance.py:2612} INFO - Dependencies all met for dep_context=requeueable deps ti=<TaskInstance: extract_raw_data_pipeline.run_dbt_staging scheduled__2025-07-02T07:24:00+00:00 [queued]>
[2025-07-02T07:26:42.049+0000] {taskinstance.py:2865} INFO - Starting attempt 1 of 1
[2025-07-02T07:26:42.775+0000] {taskinstance.py:2888} INFO - Executing <Task(BashOperator): run_dbt_staging> on 2025-07-02 07:24:00+00:00
[2025-07-02T07:26:42.810+0000] {warnings.py:112} WARNING - /home/***/.local/lib/python3.12/site-packages/***/task/task_runner/standard_task_runner.py:70: DeprecationWarning: This process (pid=4871) is multi-threaded, use of fork() may lead to deadlocks in the child.
  pid = os.fork()

[2025-07-02T07:26:42.817+0000] {standard_task_runner.py:72} INFO - Started process 4873 to run task
[2025-07-02T07:26:42.826+0000] {standard_task_runner.py:104} INFO - Running: ['***', 'tasks', 'run', 'extract_raw_data_pipeline', 'run_dbt_staging', 'scheduled__2025-07-02T07:24:00+00:00', '--job-id', '174', '--raw', '--subdir', 'DAGS_FOLDER/driven_data_pipeline.py', '--cfg-path', '/tmp/tmpx737uyei']
[2025-07-02T07:26:42.833+0000] {standard_task_runner.py:105} INFO - Job 174: Subtask run_dbt_staging
[2025-07-02T07:26:43.695+0000] {task_command.py:467} INFO - Running <TaskInstance: extract_raw_data_pipeline.run_dbt_staging scheduled__2025-07-02T07:24:00+00:00 [running]> on host 48b6d860598d
[2025-07-02T07:26:47.256+0000] {taskinstance.py:3131} INFO - Exporting env vars: AIRFLOW_CTX_DAG_OWNER='***' AIRFLOW_CTX_DAG_ID='extract_raw_data_pipeline' AIRFLOW_CTX_TASK_ID='run_dbt_staging' AIRFLOW_CTX_EXECUTION_DATE='2025-07-02T07:24:00+00:00' AIRFLOW_CTX_TRY_NUMBER='1' AIRFLOW_CTX_DAG_RUN_ID='scheduled__2025-07-02T07:24:00+00:00'
[2025-07-02T07:26:47.527+0000] {taskinstance.py:731} INFO - ::endgroup::
[2025-07-02T07:26:47.563+0000] {subprocess.py:63} INFO - Tmp dir root location: /tmp
[2025-07-02T07:26:47.563+0000] {subprocess.py:75} INFO - Running command: ['/usr/bin/bash', '-c', 'set -x; cd /opt/***/dbt && dbt run --select tag:staging']
[2025-07-02T07:26:47.578+0000] {subprocess.py:86} INFO - Output:
[2025-07-02T07:26:47.580+0000] {subprocess.py:93} INFO - + cd /opt/***/dbt
[2025-07-02T07:26:47.580+0000] {subprocess.py:93} INFO - + dbt run --select tag:staging
[2025-07-02T07:26:50.907+0000] {subprocess.py:93} INFO - [0m07:26:50  Running with dbt=1.8.0
[2025-07-02T07:26:51.272+0000] {subprocess.py:93} INFO - [0m07:26:51  Registered adapter: postgres=1.8.2
[2025-07-02T07:26:51.750+0000] {subprocess.py:93} INFO - [0m07:26:51  Found 9 models, 10 sources, 428 macros
[2025-07-02T07:26:51.754+0000] {subprocess.py:93} INFO - [0m07:26:51
[2025-07-02T07:26:51.904+0000] {subprocess.py:93} INFO - [0m07:26:51  Concurrency: 1 threads (target='dev')
[2025-07-02T07:26:51.904+0000] {subprocess.py:93} INFO - [0m07:26:51
[2025-07-02T07:26:51.921+0000] {subprocess.py:93} INFO - [0m07:26:51  1 of 5 START sql table model driven_staging.dim_address ........................ [RUN]
[2025-07-02T07:27:02.837+0000] {subprocess.py:93} INFO - [0m07:27:02  1 of 5 OK created sql table model driven_staging.dim_address ................... [[32mSELECT 179221[0m in 10.91s]
[2025-07-02T07:27:02.841+0000] {subprocess.py:93} INFO - [0m07:27:02  2 of 5 START sql table model driven_staging.dim_date ........................... [RUN]
[2025-07-02T07:27:04.656+0000] {subprocess.py:93} INFO - [0m07:27:04  2 of 5 OK created sql table model driven_staging.dim_date ...................... [[32mSELECT 179221[0m in 1.81s]
[2025-07-02T07:27:04.664+0000] {subprocess.py:93} INFO - [0m07:27:04  3 of 5 START sql table model driven_staging.dim_finance ........................ [RUN]
[2025-07-02T07:27:07.452+0000] {subprocess.py:93} INFO - [0m07:27:07  3 of 5 OK created sql table model driven_staging.dim_finance ................... [[32mSELECT 179221[0m in 2.79s]
[2025-07-02T07:27:07.456+0000] {subprocess.py:93} INFO - [0m07:27:07  4 of 5 START sql table model driven_staging.dim_person ......................... [RUN]
[2025-07-02T07:27:11.767+0000] {subprocess.py:93} INFO - [0m07:27:11  4 of 5 OK created sql table model driven_staging.dim_person .................... [[32mSELECT 179221[0m in 4.31s]
[2025-07-02T07:27:11.771+0000] {subprocess.py:93} INFO - [0m07:27:11  5 of 5 START sql table model driven_staging.fact_network_usage ................. [RUN]
[2025-07-02T07:27:16.291+0000] {subprocess.py:93} INFO - [0m07:27:16  5 of 5 OK created sql table model driven_staging.fact_network_usage ............ [[32mSELECT 179221[0m in 4.52s]
[2025-07-02T07:27:16.312+0000] {subprocess.py:93} INFO - [0m07:27:16
[2025-07-02T07:27:16.313+0000] {subprocess.py:93} INFO - [0m07:27:16  Finished running 5 table models in 0 hours 0 minutes and 24.56 seconds (24.56s).
[2025-07-02T07:27:16.367+0000] {subprocess.py:93} INFO - [0m07:27:16
[2025-07-02T07:27:16.368+0000] {subprocess.py:93} INFO - [0m07:27:16  [32mCompleted successfully[0m
[2025-07-02T07:27:16.369+0000] {subprocess.py:93} INFO - [0m07:27:16
[2025-07-02T07:27:16.370+0000] {subprocess.py:93} INFO - [0m07:27:16  Done. PASS=5 WARN=0 ERROR=0 SKIP=0 TOTAL=5
[2025-07-02T07:27:17.112+0000] {subprocess.py:97} INFO - Command exited with return code 0
[2025-07-02T07:27:17.276+0000] {taskinstance.py:340} INFO - ::group::Post task execution logs
[2025-07-02T07:27:17.331+0000] {taskinstance.py:352} INFO - Marking task as SUCCESS. dag_id=extract_raw_data_pipeline, task_id=run_dbt_staging, run_id=scheduled__2025-07-02T07:24:00+00:00, execution_date=20250702T072400, start_date=20250702T072641, end_date=20250702T072717
[2025-07-02T07:27:17.555+0000] {local_task_job_runner.py:266} INFO - Task exited with return code 0
[2025-07-02T07:27:17.578+0000] {taskinstance.py:3900} INFO - 1 downstream tasks scheduled from follow-on schedule check
[2025-07-02T07:27:17.829+0000] {local_task_job_runner.py:245} INFO - ::endgroup::
[2025-07-02T07:27:17.836+0000] {standard_task_runner.py:217} INFO - Process not found (most likely exited), stop collecting metrics
