[2025-07-02T07:02:03.335+0000] {local_task_job_runner.py:123} INFO - ::group::Pre task execution logs
[2025-07-02T07:02:03.378+0000] {taskinstance.py:2612} INFO - Dependencies all met for dep_context=non-requeueable deps ti=<TaskInstance: extract_raw_data_pipeline.create_raw_table scheduled__2025-07-02T07:01:00+00:00 [queued]>
[2025-07-02T07:02:03.389+0000] {taskinstance.py:2612} INFO - Dependencies all met for dep_context=requeueable deps ti=<TaskInstance: extract_raw_data_pipeline.create_raw_table scheduled__2025-07-02T07:01:00+00:00 [queued]>
[2025-07-02T07:02:03.390+0000] {taskinstance.py:2865} INFO - Starting attempt 1 of 1
[2025-07-02T07:02:03.419+0000] {taskinstance.py:2888} INFO - Executing <Task(SQLExecuteQueryOperator): create_raw_table> on 2025-07-02 07:01:00+00:00
[2025-07-02T07:02:03.428+0000] {warnings.py:112} WARNING - /home/***/.local/lib/python3.12/site-packages/***/task/task_runner/standard_task_runner.py:70: DeprecationWarning: This process (pid=3569) is multi-threaded, use of fork() may lead to deadlocks in the child.
  pid = os.fork()

[2025-07-02T07:02:03.429+0000] {standard_task_runner.py:72} INFO - Started process 3571 to run task
[2025-07-02T07:02:03.430+0000] {standard_task_runner.py:104} INFO - Running: ['***', 'tasks', 'run', 'extract_raw_data_pipeline', 'create_raw_table', 'scheduled__2025-07-02T07:01:00+00:00', '--job-id', '49', '--raw', '--subdir', 'DAGS_FOLDER/driven_data_pipeline.py', '--cfg-path', '/tmp/tmpxax3asna']
[2025-07-02T07:02:03.432+0000] {standard_task_runner.py:105} INFO - Job 49: Subtask create_raw_table
[2025-07-02T07:02:03.523+0000] {task_command.py:467} INFO - Running <TaskInstance: extract_raw_data_pipeline.create_raw_table scheduled__2025-07-02T07:01:00+00:00 [running]> on host 48b6d860598d
[2025-07-02T07:02:03.648+0000] {taskinstance.py:3131} INFO - Exporting env vars: AIRFLOW_CTX_DAG_OWNER='***' AIRFLOW_CTX_DAG_ID='extract_raw_data_pipeline' AIRFLOW_CTX_TASK_ID='create_raw_table' AIRFLOW_CTX_EXECUTION_DATE='2025-07-02T07:01:00+00:00' AIRFLOW_CTX_TRY_NUMBER='1' AIRFLOW_CTX_DAG_RUN_ID='scheduled__2025-07-02T07:01:00+00:00'
[2025-07-02T07:02:03.649+0000] {taskinstance.py:731} INFO - ::endgroup::
[2025-07-02T07:02:03.663+0000] {sql.py:266} INFO - Executing: 
        CREATE TABLE IF NOT EXISTS driven_raw.raw_batch_data (
            person_name VARCHAR(100),
            user_name VARCHAR(100),
            email VARCHAR(100),
            personal_number NUMERIC, 
            birth_date VARCHAR(100), 
            address VARCHAR(250),
            phone VARCHAR(100), 
            mac_address VARCHAR(100),
            ip_address VARCHAR(100),
            iban VARCHAR(100),
            accessed_at TIMESTAMP,
            session_duration INT,
            download_speed INT,
            upload_speed INT,
            consumed_traffic INT,
            unique_id VARCHAR(100)
        );
    
[2025-07-02T07:02:03.671+0000] {base.py:84} INFO - Retrieving connection 'postgres_conn'
[2025-07-02T07:02:03.682+0000] {base.py:84} INFO - Retrieving connection 'postgres_conn'
[2025-07-02T07:02:03.687+0000] {sql.py:509} INFO - Running statement: 
        CREATE TABLE IF NOT EXISTS driven_raw.raw_batch_data (
            person_name VARCHAR(100),
            user_name VARCHAR(100),
            email VARCHAR(100),
            personal_number NUMERIC, 
            birth_date VARCHAR(100), 
            address VARCHAR(250),
            phone VARCHAR(100), 
            mac_address VARCHAR(100),
            ip_address VARCHAR(100),
            iban VARCHAR(100),
            accessed_at TIMESTAMP,
            session_duration INT,
            download_speed INT,
            upload_speed INT,
            consumed_traffic INT,
            unique_id VARCHAR(100)
        );
    , parameters: None
[2025-07-02T07:02:03.699+0000] {taskinstance.py:340} INFO - ::group::Post task execution logs
[2025-07-02T07:02:03.700+0000] {taskinstance.py:352} INFO - Marking task as SUCCESS. dag_id=extract_raw_data_pipeline, task_id=create_raw_table, run_id=scheduled__2025-07-02T07:01:00+00:00, execution_date=20250702T070100, start_date=20250702T070203, end_date=20250702T070203
[2025-07-02T07:02:03.765+0000] {local_task_job_runner.py:266} INFO - Task exited with return code 0
[2025-07-02T07:02:03.799+0000] {taskinstance.py:3900} INFO - 1 downstream tasks scheduled from follow-on schedule check
[2025-07-02T07:02:03.814+0000] {local_task_job_runner.py:245} INFO - ::endgroup::
