[2025-07-02T07:13:13.010+0000] {local_task_job_runner.py:123} INFO - ::group::Pre task execution logs
[2025-07-02T07:13:13.027+0000] {taskinstance.py:2612} INFO - Dependencies all met for dep_context=non-requeueable deps ti=<TaskInstance: extract_raw_data_pipeline.run_dbt_staging scheduled__2025-07-02T07:12:00+00:00 [queued]>
[2025-07-02T07:13:13.039+0000] {taskinstance.py:2612} INFO - Dependencies all met for dep_context=requeueable deps ti=<TaskInstance: extract_raw_data_pipeline.run_dbt_staging scheduled__2025-07-02T07:12:00+00:00 [queued]>
[2025-07-02T07:13:13.040+0000] {taskinstance.py:2865} INFO - Starting attempt 1 of 1
[2025-07-02T07:13:13.075+0000] {taskinstance.py:2888} INFO - Executing <Task(BashOperator): run_dbt_staging> on 2025-07-02 07:12:00+00:00
[2025-07-02T07:13:13.088+0000] {warnings.py:112} WARNING - /home/***/.local/lib/python3.12/site-packages/***/task/task_runner/standard_task_runner.py:70: DeprecationWarning: This process (pid=4244) is multi-threaded, use of fork() may lead to deadlocks in the child.
  pid = os.fork()

[2025-07-02T07:13:13.090+0000] {standard_task_runner.py:72} INFO - Started process 4246 to run task
[2025-07-02T07:13:13.091+0000] {standard_task_runner.py:104} INFO - Running: ['***', 'tasks', 'run', 'extract_raw_data_pipeline', 'run_dbt_staging', 'scheduled__2025-07-02T07:12:00+00:00', '--job-id', '117', '--raw', '--subdir', 'DAGS_FOLDER/driven_data_pipeline.py', '--cfg-path', '/tmp/tmpshe89n6v']
[2025-07-02T07:13:13.092+0000] {standard_task_runner.py:105} INFO - Job 117: Subtask run_dbt_staging
[2025-07-02T07:13:13.168+0000] {task_command.py:467} INFO - Running <TaskInstance: extract_raw_data_pipeline.run_dbt_staging scheduled__2025-07-02T07:12:00+00:00 [running]> on host 48b6d860598d
[2025-07-02T07:13:14.110+0000] {taskinstance.py:3131} INFO - Exporting env vars: AIRFLOW_CTX_DAG_OWNER='***' AIRFLOW_CTX_DAG_ID='extract_raw_data_pipeline' AIRFLOW_CTX_TASK_ID='run_dbt_staging' AIRFLOW_CTX_EXECUTION_DATE='2025-07-02T07:12:00+00:00' AIRFLOW_CTX_TRY_NUMBER='1' AIRFLOW_CTX_DAG_RUN_ID='scheduled__2025-07-02T07:12:00+00:00'
[2025-07-02T07:13:14.112+0000] {taskinstance.py:731} INFO - ::endgroup::
[2025-07-02T07:13:14.145+0000] {subprocess.py:63} INFO - Tmp dir root location: /tmp
[2025-07-02T07:13:14.146+0000] {subprocess.py:75} INFO - Running command: ['/usr/bin/bash', '-c', 'set -x; cd /opt/***/dbt && dbt run --select tag:staging']
[2025-07-02T07:13:14.159+0000] {subprocess.py:86} INFO - Output:
[2025-07-02T07:13:14.161+0000] {subprocess.py:93} INFO - + cd /opt/***/dbt
[2025-07-02T07:13:14.162+0000] {subprocess.py:93} INFO - + dbt run --select tag:staging
[2025-07-02T07:13:16.906+0000] {subprocess.py:93} INFO - [0m07:13:16  Running with dbt=1.8.0
[2025-07-02T07:13:17.283+0000] {subprocess.py:93} INFO - [0m07:13:17  Registered adapter: postgres=1.8.2
[2025-07-02T07:13:17.880+0000] {subprocess.py:93} INFO - [0m07:13:17  Found 9 models, 10 sources, 428 macros
[2025-07-02T07:13:17.883+0000] {subprocess.py:93} INFO - [0m07:13:17
[2025-07-02T07:13:18.013+0000] {subprocess.py:93} INFO - [0m07:13:18  Concurrency: 1 threads (target='dev')
[2025-07-02T07:13:18.015+0000] {subprocess.py:93} INFO - [0m07:13:18
[2025-07-02T07:13:18.026+0000] {subprocess.py:93} INFO - [0m07:13:18  1 of 5 START sql table model driven_staging.dim_address ........................ [RUN]
[2025-07-02T07:13:18.639+0000] {subprocess.py:93} INFO - [0m07:13:18  1 of 5 OK created sql table model driven_staging.dim_address ................... [[32mSELECT 75640[0m in 0.61s]
[2025-07-02T07:13:18.643+0000] {subprocess.py:93} INFO - [0m07:13:18  2 of 5 START sql table model driven_staging.dim_date ........................... [RUN]
[2025-07-02T07:13:19.028+0000] {subprocess.py:93} INFO - [0m07:13:19  2 of 5 OK created sql table model driven_staging.dim_date ...................... [[32mSELECT 75640[0m in 0.38s]
[2025-07-02T07:13:19.032+0000] {subprocess.py:93} INFO - [0m07:13:19  3 of 5 START sql table model driven_staging.dim_finance ........................ [RUN]
[2025-07-02T07:13:19.681+0000] {subprocess.py:93} INFO - [0m07:13:19  3 of 5 OK created sql table model driven_staging.dim_finance ................... [[32mSELECT 75640[0m in 0.64s]
[2025-07-02T07:13:19.691+0000] {subprocess.py:93} INFO - [0m07:13:19  4 of 5 START sql table model driven_staging.dim_person ......................... [RUN]
[2025-07-02T07:13:21.910+0000] {subprocess.py:93} INFO - [0m07:13:21  4 of 5 OK created sql table model driven_staging.dim_person .................... [[32mSELECT 75640[0m in 2.22s]
[2025-07-02T07:13:21.914+0000] {subprocess.py:93} INFO - [0m07:13:21  5 of 5 START sql table model driven_staging.fact_network_usage ................. [RUN]
[2025-07-02T07:13:23.273+0000] {subprocess.py:93} INFO - [0m07:13:23  5 of 5 OK created sql table model driven_staging.fact_network_usage ............ [[32mSELECT 75640[0m in 1.36s]
[2025-07-02T07:13:23.290+0000] {subprocess.py:93} INFO - [0m07:13:23
[2025-07-02T07:13:23.291+0000] {subprocess.py:93} INFO - [0m07:13:23  Finished running 5 table models in 0 hours 0 minutes and 5.41 seconds (5.41s).
[2025-07-02T07:13:23.333+0000] {subprocess.py:93} INFO - [0m07:13:23
[2025-07-02T07:13:23.334+0000] {subprocess.py:93} INFO - [0m07:13:23  [32mCompleted successfully[0m
[2025-07-02T07:13:23.334+0000] {subprocess.py:93} INFO - [0m07:13:23
[2025-07-02T07:13:23.335+0000] {subprocess.py:93} INFO - [0m07:13:23  Done. PASS=5 WARN=0 ERROR=0 SKIP=0 TOTAL=5
[2025-07-02T07:13:24.085+0000] {subprocess.py:97} INFO - Command exited with return code 0
[2025-07-02T07:13:25.100+0000] {taskinstance.py:340} INFO - ::group::Post task execution logs
[2025-07-02T07:13:25.101+0000] {taskinstance.py:352} INFO - Marking task as SUCCESS. dag_id=extract_raw_data_pipeline, task_id=run_dbt_staging, run_id=scheduled__2025-07-02T07:12:00+00:00, execution_date=20250702T071200, start_date=20250702T071313, end_date=20250702T071325
[2025-07-02T07:13:25.170+0000] {local_task_job_runner.py:266} INFO - Task exited with return code 0
[2025-07-02T07:13:25.195+0000] {taskinstance.py:3900} INFO - 1 downstream tasks scheduled from follow-on schedule check
[2025-07-02T07:13:25.222+0000] {local_task_job_runner.py:245} INFO - ::endgroup::
