[2025-07-02T07:40:53.408+0000] {local_task_job_runner.py:123} INFO - ::group::Pre task execution logs
[2025-07-02T07:40:53.431+0000] {taskinstance.py:2612} INFO - Dependencies all met for dep_context=non-requeueable deps ti=<TaskInstance: extract_raw_data_pipeline.run_dbt_trusted scheduled__2025-07-02T07:37:00+00:00 [queued]>
[2025-07-02T07:40:53.446+0000] {taskinstance.py:2612} INFO - Dependencies all met for dep_context=requeueable deps ti=<TaskInstance: extract_raw_data_pipeline.run_dbt_trusted scheduled__2025-07-02T07:37:00+00:00 [queued]>
[2025-07-02T07:40:53.447+0000] {taskinstance.py:2865} INFO - Starting attempt 1 of 1
[2025-07-02T07:40:53.606+0000] {taskinstance.py:2888} INFO - Executing <Task(BashOperator): run_dbt_trusted> on 2025-07-02 07:37:00+00:00
[2025-07-02T07:40:53.614+0000] {warnings.py:112} WARNING - /home/***/.local/lib/python3.12/site-packages/***/task/task_runner/standard_task_runner.py:70: DeprecationWarning: This process (pid=5407) is multi-threaded, use of fork() may lead to deadlocks in the child.
  pid = os.fork()

[2025-07-02T07:40:53.616+0000] {standard_task_runner.py:72} INFO - Started process 5411 to run task
[2025-07-02T07:40:53.617+0000] {standard_task_runner.py:104} INFO - Running: ['***', 'tasks', 'run', 'extract_raw_data_pipeline', 'run_dbt_trusted', 'scheduled__2025-07-02T07:37:00+00:00', '--job-id', '220', '--raw', '--subdir', 'DAGS_FOLDER/driven_data_pipeline.py', '--cfg-path', '/tmp/tmp9dfo3dej']
[2025-07-02T07:40:53.619+0000] {standard_task_runner.py:105} INFO - Job 220: Subtask run_dbt_trusted
[2025-07-02T07:40:54.602+0000] {task_command.py:467} INFO - Running <TaskInstance: extract_raw_data_pipeline.run_dbt_trusted scheduled__2025-07-02T07:37:00+00:00 [running]> on host 48b6d860598d
[2025-07-02T07:40:55.069+0000] {taskinstance.py:3131} INFO - Exporting env vars: AIRFLOW_CTX_DAG_OWNER='***' AIRFLOW_CTX_DAG_ID='extract_raw_data_pipeline' AIRFLOW_CTX_TASK_ID='run_dbt_trusted' AIRFLOW_CTX_EXECUTION_DATE='2025-07-02T07:37:00+00:00' AIRFLOW_CTX_TRY_NUMBER='1' AIRFLOW_CTX_DAG_RUN_ID='scheduled__2025-07-02T07:37:00+00:00'
[2025-07-02T07:40:55.073+0000] {taskinstance.py:731} INFO - ::endgroup::
[2025-07-02T07:40:55.116+0000] {subprocess.py:63} INFO - Tmp dir root location: /tmp
[2025-07-02T07:40:55.117+0000] {subprocess.py:75} INFO - Running command: ['/usr/bin/bash', '-c', 'set -x; cd /opt/***/dbt && dbt run --select tag:trusted']
[2025-07-02T07:40:55.134+0000] {subprocess.py:86} INFO - Output:
[2025-07-02T07:40:55.137+0000] {subprocess.py:93} INFO - + cd /opt/***/dbt
[2025-07-02T07:40:55.138+0000] {subprocess.py:93} INFO - + dbt run --select tag:trusted
[2025-07-02T07:40:58.199+0000] {subprocess.py:93} INFO - [0m07:40:58  Running with dbt=1.8.0
[2025-07-02T07:40:58.500+0000] {subprocess.py:93} INFO - [0m07:40:58  Registered adapter: postgres=1.8.2
[2025-07-02T07:40:58.988+0000] {subprocess.py:93} INFO - [0m07:40:58  Found 9 models, 10 sources, 428 macros
[2025-07-02T07:40:58.993+0000] {subprocess.py:93} INFO - [0m07:40:58
[2025-07-02T07:41:00.533+0000] {subprocess.py:93} INFO - [0m07:41:00  Concurrency: 1 threads (target='dev')
[2025-07-02T07:41:00.537+0000] {subprocess.py:93} INFO - [0m07:41:00
[2025-07-02T07:41:00.558+0000] {subprocess.py:93} INFO - [0m07:41:00  1 of 4 START sql table model driven_trusted.non_pii_data ....................... [RUN]
[2025-07-02T07:41:46.372+0000] {job.py:229} INFO - Heartbeat recovered after 11.84 seconds
[2025-07-02T07:42:03.954+0000] {subprocess.py:93} INFO - [0m07:42:03  1 of 4 OK created sql table model driven_trusted.non_pii_data .................. [[32mSELECT 616482[0m in 63.38s]
[2025-07-02T07:42:03.965+0000] {subprocess.py:93} INFO - [0m07:42:03  2 of 4 START sql table model driven_trusted.payment_data ....................... [RUN]
[2025-07-02T07:42:15.821+0000] {subprocess.py:93} INFO - [0m07:42:15  2 of 4 OK created sql table model driven_trusted.payment_data .................. [[32mSELECT 313746[0m in 11.85s]
[2025-07-02T07:42:15.828+0000] {subprocess.py:93} INFO - [0m07:42:15  3 of 4 START sql table model driven_trusted.pii_data ........................... [RUN]
[2025-07-02T07:42:28.983+0000] {job.py:229} INFO - Heartbeat recovered after 11.86 seconds
[2025-07-02T07:42:37.543+0000] {job.py:229} INFO - Heartbeat recovered after 12.54 seconds
[2025-07-02T07:43:24.970+0000] {subprocess.py:93} INFO - [0m07:43:24  3 of 4 OK created sql table model driven_trusted.pii_data ...................... [[32mSELECT 616482[0m in 69.14s]
[2025-07-02T07:43:24.984+0000] {subprocess.py:93} INFO - [0m07:43:24  4 of 4 START sql table model driven_trusted.technical_data ..................... [RUN]
[2025-07-02T07:43:57.121+0000] {subprocess.py:93} INFO - [0m07:43:57  4 of 4 OK created sql table model driven_trusted.technical_data ................ [[32mSELECT 313746[0m in 32.13s]
[2025-07-02T07:43:57.137+0000] {subprocess.py:93} INFO - [0m07:43:57
[2025-07-02T07:43:57.138+0000] {subprocess.py:93} INFO - [0m07:43:57  Finished running 4 table models in 0 hours 2 minutes and 58.14 seconds (178.14s).
[2025-07-02T07:43:57.452+0000] {subprocess.py:93} INFO - [0m07:43:57
[2025-07-02T07:43:57.456+0000] {subprocess.py:93} INFO - [0m07:43:57  [32mCompleted successfully[0m
[2025-07-02T07:43:57.458+0000] {subprocess.py:93} INFO - [0m07:43:57
[2025-07-02T07:43:57.462+0000] {subprocess.py:93} INFO - [0m07:43:57  Done. PASS=4 WARN=0 ERROR=0 SKIP=0 TOTAL=4
[2025-07-02T07:43:58.289+0000] {subprocess.py:97} INFO - Command exited with return code 0
[2025-07-02T07:44:04.839+0000] {taskinstance.py:340} INFO - ::group::Post task execution logs
[2025-07-02T07:44:04.842+0000] {taskinstance.py:352} INFO - Marking task as SUCCESS. dag_id=extract_raw_data_pipeline, task_id=run_dbt_trusted, run_id=scheduled__2025-07-02T07:37:00+00:00, execution_date=20250702T073700, start_date=20250702T074053, end_date=20250702T074404
[2025-07-02T07:44:06.217+0000] {local_task_job_runner.py:266} INFO - Task exited with return code 0
[2025-07-02T07:44:06.293+0000] {taskinstance.py:3900} INFO - 0 downstream tasks scheduled from follow-on schedule check
[2025-07-02T07:44:07.777+0000] {local_task_job_runner.py:245} INFO - ::endgroup::
