[2025-07-02T07:18:25.482+0000] {local_task_job_runner.py:123} INFO - ::group::Pre task execution logs
[2025-07-02T07:18:25.503+0000] {taskinstance.py:2612} INFO - Dependencies all met for dep_context=non-requeueable deps ti=<TaskInstance: extract_raw_data_pipeline.run_dbt_trusted scheduled__2025-07-02T07:17:00+00:00 [queued]>
[2025-07-02T07:18:25.512+0000] {taskinstance.py:2612} INFO - Dependencies all met for dep_context=requeueable deps ti=<TaskInstance: extract_raw_data_pipeline.run_dbt_trusted scheduled__2025-07-02T07:17:00+00:00 [queued]>
[2025-07-02T07:18:25.513+0000] {taskinstance.py:2865} INFO - Starting attempt 1 of 1
[2025-07-02T07:18:25.657+0000] {taskinstance.py:2888} INFO - Executing <Task(BashOperator): run_dbt_trusted> on 2025-07-02 07:17:00+00:00
[2025-07-02T07:18:25.684+0000] {warnings.py:112} WARNING - /home/***/.local/lib/python3.12/site-packages/***/task/task_runner/standard_task_runner.py:70: DeprecationWarning: This process (pid=4547) is multi-threaded, use of fork() may lead to deadlocks in the child.
  pid = os.fork()

[2025-07-02T07:18:25.688+0000] {standard_task_runner.py:72} INFO - Started process 4549 to run task
[2025-07-02T07:18:25.690+0000] {standard_task_runner.py:104} INFO - Running: ['***', 'tasks', 'run', 'extract_raw_data_pipeline', 'run_dbt_trusted', 'scheduled__2025-07-02T07:17:00+00:00', '--job-id', '147', '--raw', '--subdir', 'DAGS_FOLDER/driven_data_pipeline.py', '--cfg-path', '/tmp/tmpgzrafy8u']
[2025-07-02T07:18:25.692+0000] {standard_task_runner.py:105} INFO - Job 147: Subtask run_dbt_trusted
[2025-07-02T07:18:26.286+0000] {task_command.py:467} INFO - Running <TaskInstance: extract_raw_data_pipeline.run_dbt_trusted scheduled__2025-07-02T07:17:00+00:00 [running]> on host 48b6d860598d
[2025-07-02T07:18:26.799+0000] {taskinstance.py:3131} INFO - Exporting env vars: AIRFLOW_CTX_DAG_OWNER='***' AIRFLOW_CTX_DAG_ID='extract_raw_data_pipeline' AIRFLOW_CTX_TASK_ID='run_dbt_trusted' AIRFLOW_CTX_EXECUTION_DATE='2025-07-02T07:17:00+00:00' AIRFLOW_CTX_TRY_NUMBER='1' AIRFLOW_CTX_DAG_RUN_ID='scheduled__2025-07-02T07:17:00+00:00'
[2025-07-02T07:18:26.802+0000] {taskinstance.py:731} INFO - ::endgroup::
[2025-07-02T07:18:26.855+0000] {subprocess.py:63} INFO - Tmp dir root location: /tmp
[2025-07-02T07:18:26.856+0000] {subprocess.py:75} INFO - Running command: ['/usr/bin/bash', '-c', 'set -x; cd /opt/***/dbt && dbt run --select tag:trusted']
[2025-07-02T07:18:26.874+0000] {subprocess.py:86} INFO - Output:
[2025-07-02T07:18:26.936+0000] {subprocess.py:93} INFO - + cd /opt/***/dbt
[2025-07-02T07:18:26.937+0000] {subprocess.py:93} INFO - + dbt run --select tag:trusted
[2025-07-02T07:18:31.310+0000] {subprocess.py:93} INFO - [0m07:18:31  Running with dbt=1.8.0
[2025-07-02T07:18:31.609+0000] {subprocess.py:93} INFO - [0m07:18:31  Registered adapter: postgres=1.8.2
[2025-07-02T07:18:32.328+0000] {subprocess.py:93} INFO - [0m07:18:32  Found 9 models, 10 sources, 428 macros
[2025-07-02T07:18:32.332+0000] {subprocess.py:93} INFO - [0m07:18:32
[2025-07-02T07:18:32.487+0000] {subprocess.py:93} INFO - [0m07:18:32  Concurrency: 1 threads (target='dev')
[2025-07-02T07:18:32.489+0000] {subprocess.py:93} INFO - [0m07:18:32
[2025-07-02T07:18:32.506+0000] {subprocess.py:93} INFO - [0m07:18:32  1 of 4 START sql table model driven_trusted.non_pii_data ....................... [RUN]
[2025-07-02T07:18:48.278+0000] {subprocess.py:93} INFO - [0m07:18:48  1 of 4 OK created sql table model driven_trusted.non_pii_data .................. [[32mSELECT 448501[0m in 15.77s]
[2025-07-02T07:18:48.282+0000] {subprocess.py:93} INFO - [0m07:18:48  2 of 4 START sql table model driven_trusted.payment_data ....................... [RUN]
[2025-07-02T07:18:55.290+0000] {subprocess.py:93} INFO - [0m07:18:55  2 of 4 OK created sql table model driven_trusted.payment_data .................. [[32mSELECT 145765[0m in 7.01s]
[2025-07-02T07:18:55.295+0000] {subprocess.py:93} INFO - [0m07:18:55  3 of 4 START sql table model driven_trusted.pii_data ........................... [RUN]
[2025-07-02T07:19:51.385+0000] {subprocess.py:93} INFO - [0m07:19:51  3 of 4 OK created sql table model driven_trusted.pii_data ...................... [[32mSELECT 448501[0m in 56.09s]
[2025-07-02T07:19:51.853+0000] {subprocess.py:93} INFO - [0m07:19:51  4 of 4 START sql table model driven_trusted.technical_data ..................... [RUN]
[2025-07-02T07:20:22.177+0000] {subprocess.py:93} INFO - [0m07:20:22  4 of 4 OK created sql table model driven_trusted.technical_data ................ [[32mSELECT 145765[0m in 30.78s]
[2025-07-02T07:20:22.407+0000] {subprocess.py:93} INFO - [0m07:20:22
[2025-07-02T07:20:22.407+0000] {subprocess.py:93} INFO - [0m07:20:22  Finished running 4 table models in 0 hours 1 minutes and 49.87 seconds (109.87s).
[2025-07-02T07:20:22.552+0000] {subprocess.py:93} INFO - [0m07:20:22
[2025-07-02T07:20:22.553+0000] {subprocess.py:93} INFO - [0m07:20:22  [32mCompleted successfully[0m
[2025-07-02T07:20:22.554+0000] {subprocess.py:93} INFO - [0m07:20:22
[2025-07-02T07:20:22.555+0000] {subprocess.py:93} INFO - [0m07:20:22  Done. PASS=4 WARN=0 ERROR=0 SKIP=0 TOTAL=4
[2025-07-02T07:20:23.263+0000] {subprocess.py:97} INFO - Command exited with return code 0
[2025-07-02T07:20:26.258+0000] {taskinstance.py:340} INFO - ::group::Post task execution logs
[2025-07-02T07:20:26.260+0000] {taskinstance.py:352} INFO - Marking task as SUCCESS. dag_id=extract_raw_data_pipeline, task_id=run_dbt_trusted, run_id=scheduled__2025-07-02T07:17:00+00:00, execution_date=20250702T071700, start_date=20250702T071825, end_date=20250702T072026
[2025-07-02T07:20:28.316+0000] {local_task_job_runner.py:266} INFO - Task exited with return code 0
[2025-07-02T07:20:28.379+0000] {taskinstance.py:3900} INFO - 0 downstream tasks scheduled from follow-on schedule check
[2025-07-02T07:20:29.372+0000] {local_task_job_runner.py:245} INFO - ::endgroup::
[2025-07-02T07:20:30.716+0000] {standard_task_runner.py:217} INFO - Process not found (most likely exited), stop collecting metrics
