[2025-07-02T07:10:24.049+0000] {local_task_job_runner.py:123} INFO - ::group::Pre task execution logs
[2025-07-02T07:10:24.067+0000] {taskinstance.py:2612} INFO - Dependencies all met for dep_context=non-requeueable deps ti=<TaskInstance: extract_raw_data_pipeline.run_dbt_trusted scheduled__2025-07-02T07:09:00+00:00 [queued]>
[2025-07-02T07:10:24.076+0000] {taskinstance.py:2612} INFO - Dependencies all met for dep_context=requeueable deps ti=<TaskInstance: extract_raw_data_pipeline.run_dbt_trusted scheduled__2025-07-02T07:09:00+00:00 [queued]>
[2025-07-02T07:10:24.077+0000] {taskinstance.py:2865} INFO - Starting attempt 1 of 1
[2025-07-02T07:10:24.123+0000] {taskinstance.py:2888} INFO - Executing <Task(BashOperator): run_dbt_trusted> on 2025-07-02 07:09:00+00:00
[2025-07-02T07:10:24.130+0000] {warnings.py:112} WARNING - /home/***/.local/lib/python3.12/site-packages/***/task/task_runner/standard_task_runner.py:70: DeprecationWarning: This process (pid=4079) is multi-threaded, use of fork() may lead to deadlocks in the child.
  pid = os.fork()

[2025-07-02T07:10:24.131+0000] {standard_task_runner.py:72} INFO - Started process 4081 to run task
[2025-07-02T07:10:24.132+0000] {standard_task_runner.py:104} INFO - Running: ['***', 'tasks', 'run', 'extract_raw_data_pipeline', 'run_dbt_trusted', 'scheduled__2025-07-02T07:09:00+00:00', '--job-id', '100', '--raw', '--subdir', 'DAGS_FOLDER/driven_data_pipeline.py', '--cfg-path', '/tmp/tmptfjrexy9']
[2025-07-02T07:10:24.133+0000] {standard_task_runner.py:105} INFO - Job 100: Subtask run_dbt_trusted
[2025-07-02T07:10:24.313+0000] {task_command.py:467} INFO - Running <TaskInstance: extract_raw_data_pipeline.run_dbt_trusted scheduled__2025-07-02T07:09:00+00:00 [running]> on host 48b6d860598d
[2025-07-02T07:10:24.494+0000] {taskinstance.py:3131} INFO - Exporting env vars: AIRFLOW_CTX_DAG_OWNER='***' AIRFLOW_CTX_DAG_ID='extract_raw_data_pipeline' AIRFLOW_CTX_TASK_ID='run_dbt_trusted' AIRFLOW_CTX_EXECUTION_DATE='2025-07-02T07:09:00+00:00' AIRFLOW_CTX_TRY_NUMBER='1' AIRFLOW_CTX_DAG_RUN_ID='scheduled__2025-07-02T07:09:00+00:00'
[2025-07-02T07:10:24.495+0000] {taskinstance.py:731} INFO - ::endgroup::
[2025-07-02T07:10:24.514+0000] {subprocess.py:63} INFO - Tmp dir root location: /tmp
[2025-07-02T07:10:24.515+0000] {subprocess.py:75} INFO - Running command: ['/usr/bin/bash', '-c', 'set -x; cd /opt/***/dbt && dbt run --select tag:trusted']
[2025-07-02T07:10:24.528+0000] {subprocess.py:86} INFO - Output:
[2025-07-02T07:10:24.529+0000] {subprocess.py:93} INFO - + cd /opt/***/dbt
[2025-07-02T07:10:24.530+0000] {subprocess.py:93} INFO - + dbt run --select tag:trusted
[2025-07-02T07:10:27.035+0000] {subprocess.py:93} INFO - [0m07:10:27  Running with dbt=1.8.0
[2025-07-02T07:10:27.320+0000] {subprocess.py:93} INFO - [0m07:10:27  Registered adapter: postgres=1.8.2
[2025-07-02T07:10:27.765+0000] {subprocess.py:93} INFO - [0m07:10:27  Found 9 models, 10 sources, 428 macros
[2025-07-02T07:10:27.768+0000] {subprocess.py:93} INFO - [0m07:10:27
[2025-07-02T07:10:27.929+0000] {subprocess.py:93} INFO - [0m07:10:27  Concurrency: 1 threads (target='dev')
[2025-07-02T07:10:27.930+0000] {subprocess.py:93} INFO - [0m07:10:27
[2025-07-02T07:10:27.946+0000] {subprocess.py:93} INFO - [0m07:10:27  1 of 4 START sql table model driven_trusted.non_pii_data ....................... [RUN]
[2025-07-02T07:10:30.364+0000] {subprocess.py:93} INFO - [0m07:10:30  1 of 4 OK created sql table model driven_trusted.non_pii_data .................. [[32mSELECT 54815[0m in 2.42s]
[2025-07-02T07:10:30.366+0000] {subprocess.py:93} INFO - [0m07:10:30  2 of 4 START sql table model driven_trusted.payment_data ....................... [RUN]
[2025-07-02T07:10:31.497+0000] {subprocess.py:93} INFO - [0m07:10:31  2 of 4 OK created sql table model driven_trusted.payment_data .................. [[32mSELECT 54815[0m in 1.13s]
[2025-07-02T07:10:31.504+0000] {subprocess.py:93} INFO - [0m07:10:31  3 of 4 START sql table model driven_trusted.pii_data ........................... [RUN]
[2025-07-02T07:10:35.252+0000] {subprocess.py:93} INFO - [0m07:10:35  3 of 4 OK created sql table model driven_trusted.pii_data ...................... [[32mSELECT 54815[0m in 3.75s]
[2025-07-02T07:10:35.257+0000] {subprocess.py:93} INFO - [0m07:10:35  4 of 4 START sql table model driven_trusted.technical_data ..................... [RUN]
[2025-07-02T07:10:36.509+0000] {subprocess.py:93} INFO - [0m07:10:36  4 of 4 OK created sql table model driven_trusted.technical_data ................ [[32mSELECT 54815[0m in 1.25s]
[2025-07-02T07:10:36.535+0000] {subprocess.py:93} INFO - [0m07:10:36
[2025-07-02T07:10:36.536+0000] {subprocess.py:93} INFO - [0m07:10:36  Finished running 4 table models in 0 hours 0 minutes and 8.77 seconds (8.77s).
[2025-07-02T07:10:36.595+0000] {subprocess.py:93} INFO - [0m07:10:36
[2025-07-02T07:10:36.596+0000] {subprocess.py:93} INFO - [0m07:10:36  [32mCompleted successfully[0m
[2025-07-02T07:10:36.597+0000] {subprocess.py:93} INFO - [0m07:10:36
[2025-07-02T07:10:36.598+0000] {subprocess.py:93} INFO - [0m07:10:36  Done. PASS=4 WARN=0 ERROR=0 SKIP=0 TOTAL=4
[2025-07-02T07:10:37.325+0000] {subprocess.py:97} INFO - Command exited with return code 0
[2025-07-02T07:10:38.156+0000] {taskinstance.py:340} INFO - ::group::Post task execution logs
[2025-07-02T07:10:38.157+0000] {taskinstance.py:352} INFO - Marking task as SUCCESS. dag_id=extract_raw_data_pipeline, task_id=run_dbt_trusted, run_id=scheduled__2025-07-02T07:09:00+00:00, execution_date=20250702T070900, start_date=20250702T071024, end_date=20250702T071038
[2025-07-02T07:10:38.500+0000] {local_task_job_runner.py:266} INFO - Task exited with return code 0
[2025-07-02T07:10:38.557+0000] {taskinstance.py:3900} INFO - 0 downstream tasks scheduled from follow-on schedule check
[2025-07-02T07:10:38.611+0000] {local_task_job_runner.py:245} INFO - ::endgroup::
