[2025-07-02T07:38:10.126+0000] {local_task_job_runner.py:123} INFO - ::group::Pre task execution logs
[2025-07-02T07:38:10.154+0000] {taskinstance.py:2612} INFO - Dependencies all met for dep_context=non-requeueable deps ti=<TaskInstance: extract_raw_data_pipeline.run_dbt_trusted scheduled__2025-07-02T07:35:00+00:00 [queued]>
[2025-07-02T07:38:10.168+0000] {taskinstance.py:2612} INFO - Dependencies all met for dep_context=requeueable deps ti=<TaskInstance: extract_raw_data_pipeline.run_dbt_trusted scheduled__2025-07-02T07:35:00+00:00 [queued]>
[2025-07-02T07:38:10.169+0000] {taskinstance.py:2865} INFO - Starting attempt 1 of 1
[2025-07-02T07:38:10.379+0000] {taskinstance.py:2888} INFO - Executing <Task(BashOperator): run_dbt_trusted> on 2025-07-02 07:35:00+00:00
[2025-07-02T07:38:10.420+0000] {warnings.py:112} WARNING - /home/***/.local/lib/python3.12/site-packages/***/task/task_runner/standard_task_runner.py:70: DeprecationWarning: This process (pid=5315) is multi-threaded, use of fork() may lead to deadlocks in the child.
  pid = os.fork()

[2025-07-02T07:38:10.423+0000] {standard_task_runner.py:72} INFO - Started process 5320 to run task
[2025-07-02T07:38:10.426+0000] {standard_task_runner.py:104} INFO - Running: ['***', 'tasks', 'run', 'extract_raw_data_pipeline', 'run_dbt_trusted', 'scheduled__2025-07-02T07:35:00+00:00', '--job-id', '214', '--raw', '--subdir', 'DAGS_FOLDER/driven_data_pipeline.py', '--cfg-path', '/tmp/tmp67h2o93c']
[2025-07-02T07:38:10.430+0000] {standard_task_runner.py:105} INFO - Job 214: Subtask run_dbt_trusted
[2025-07-02T07:38:10.853+0000] {task_command.py:467} INFO - Running <TaskInstance: extract_raw_data_pipeline.run_dbt_trusted scheduled__2025-07-02T07:35:00+00:00 [running]> on host 48b6d860598d
[2025-07-02T07:38:12.151+0000] {taskinstance.py:3131} INFO - Exporting env vars: AIRFLOW_CTX_DAG_OWNER='***' AIRFLOW_CTX_DAG_ID='extract_raw_data_pipeline' AIRFLOW_CTX_TASK_ID='run_dbt_trusted' AIRFLOW_CTX_EXECUTION_DATE='2025-07-02T07:35:00+00:00' AIRFLOW_CTX_TRY_NUMBER='1' AIRFLOW_CTX_DAG_RUN_ID='scheduled__2025-07-02T07:35:00+00:00'
[2025-07-02T07:38:12.155+0000] {taskinstance.py:731} INFO - ::endgroup::
[2025-07-02T07:38:12.222+0000] {subprocess.py:63} INFO - Tmp dir root location: /tmp
[2025-07-02T07:38:12.223+0000] {subprocess.py:75} INFO - Running command: ['/usr/bin/bash', '-c', 'set -x; cd /opt/***/dbt && dbt run --select tag:trusted']
[2025-07-02T07:38:12.242+0000] {subprocess.py:86} INFO - Output:
[2025-07-02T07:38:12.244+0000] {subprocess.py:93} INFO - + cd /opt/***/dbt
[2025-07-02T07:38:12.244+0000] {subprocess.py:93} INFO - + dbt run --select tag:trusted
[2025-07-02T07:38:15.505+0000] {subprocess.py:93} INFO - [0m07:38:15  Running with dbt=1.8.0
[2025-07-02T07:38:15.972+0000] {subprocess.py:93} INFO - [0m07:38:15  Registered adapter: postgres=1.8.2
[2025-07-02T07:38:16.977+0000] {subprocess.py:93} INFO - [0m07:38:16  Found 9 models, 10 sources, 428 macros
[2025-07-02T07:38:16.983+0000] {subprocess.py:93} INFO - [0m07:38:16
[2025-07-02T07:38:18.306+0000] {subprocess.py:93} INFO - [0m07:38:18  Concurrency: 1 threads (target='dev')
[2025-07-02T07:38:18.306+0000] {subprocess.py:93} INFO - [0m07:38:18
[2025-07-02T07:38:18.326+0000] {subprocess.py:93} INFO - [0m07:38:18  1 of 4 START sql table model driven_trusted.non_pii_data ....................... [RUN]
[2025-07-02T07:39:04.215+0000] {job.py:229} INFO - Heartbeat recovered after 11.60 seconds
[2025-07-02T07:39:09.489+0000] {job.py:229} INFO - Heartbeat recovered after 11.66 seconds
[2025-07-02T07:39:15.850+0000] {subprocess.py:93} INFO - [0m07:39:15  1 of 4 OK created sql table model driven_trusted.non_pii_data .................. [[32mSELECT 596012[0m in 57.51s]
[2025-07-02T07:39:15.862+0000] {subprocess.py:93} INFO - [0m07:39:15  2 of 4 START sql table model driven_trusted.payment_data ....................... [RUN]
[2025-07-02T07:39:29.647+0000] {subprocess.py:93} INFO - [0m07:39:29  2 of 4 OK created sql table model driven_trusted.payment_data .................. [[32mSELECT 293276[0m in 13.77s]
[2025-07-02T07:39:29.666+0000] {subprocess.py:93} INFO - [0m07:39:29  3 of 4 START sql table model driven_trusted.pii_data ........................... [RUN]
[2025-07-02T07:40:29.425+0000] {subprocess.py:93} INFO - [0m07:40:29  3 of 4 OK created sql table model driven_trusted.pii_data ...................... [[32mSELECT 596012[0m in 59.75s]
[2025-07-02T07:40:29.429+0000] {subprocess.py:93} INFO - [0m07:40:29  4 of 4 START sql table model driven_trusted.technical_data ..................... [RUN]
[2025-07-02T07:40:49.498+0000] {subprocess.py:93} INFO - [0m07:40:49  4 of 4 OK created sql table model driven_trusted.technical_data ................ [[32mSELECT 293276[0m in 20.07s]
[2025-07-02T07:40:49.518+0000] {subprocess.py:93} INFO - [0m07:40:49
[2025-07-02T07:40:49.520+0000] {subprocess.py:93} INFO - [0m07:40:49  Finished running 4 table models in 0 hours 2 minutes and 32.53 seconds (152.53s).
[2025-07-02T07:40:49.584+0000] {subprocess.py:93} INFO - [0m07:40:49
[2025-07-02T07:40:49.585+0000] {subprocess.py:93} INFO - [0m07:40:49  [32mCompleted successfully[0m
[2025-07-02T07:40:49.587+0000] {subprocess.py:93} INFO - [0m07:40:49
[2025-07-02T07:40:49.590+0000] {subprocess.py:93} INFO - [0m07:40:49  Done. PASS=4 WARN=0 ERROR=0 SKIP=0 TOTAL=4
[2025-07-02T07:40:50.436+0000] {subprocess.py:97} INFO - Command exited with return code 0
[2025-07-02T07:40:50.739+0000] {taskinstance.py:340} INFO - ::group::Post task execution logs
[2025-07-02T07:40:50.739+0000] {taskinstance.py:352} INFO - Marking task as SUCCESS. dag_id=extract_raw_data_pipeline, task_id=run_dbt_trusted, run_id=scheduled__2025-07-02T07:35:00+00:00, execution_date=20250702T073500, start_date=20250702T073810, end_date=20250702T074050
[2025-07-02T07:40:51.419+0000] {local_task_job_runner.py:266} INFO - Task exited with return code 0
[2025-07-02T07:40:51.437+0000] {taskinstance.py:3900} INFO - 0 downstream tasks scheduled from follow-on schedule check
[2025-07-02T07:40:51.646+0000] {local_task_job_runner.py:245} INFO - ::endgroup::
