[2025-07-02T07:38:03.790+0000] {local_task_job_runner.py:123} INFO - ::group::Pre task execution logs
[2025-07-02T07:38:03.830+0000] {taskinstance.py:2612} INFO - Dependencies all met for dep_context=non-requeueable deps ti=<TaskInstance: extract_raw_data_pipeline.extract_raw_data scheduled__2025-07-02T07:37:00+00:00 [queued]>
[2025-07-02T07:38:03.845+0000] {taskinstance.py:2612} INFO - Dependencies all met for dep_context=requeueable deps ti=<TaskInstance: extract_raw_data_pipeline.extract_raw_data scheduled__2025-07-02T07:37:00+00:00 [queued]>
[2025-07-02T07:38:03.845+0000] {taskinstance.py:2865} INFO - Starting attempt 1 of 1
[2025-07-02T07:38:04.684+0000] {taskinstance.py:2888} INFO - Executing <Task(PythonOperator): extract_raw_data> on 2025-07-02 07:37:00+00:00
[2025-07-02T07:38:04.723+0000] {warnings.py:112} WARNING - /home/***/.local/lib/python3.12/site-packages/***/task/task_runner/standard_task_runner.py:70: DeprecationWarning: This process (pid=5302) is multi-threaded, use of fork() may lead to deadlocks in the child.
  pid = os.fork()

[2025-07-02T07:38:04.730+0000] {standard_task_runner.py:72} INFO - Started process 5306 to run task
[2025-07-02T07:38:04.731+0000] {standard_task_runner.py:104} INFO - Running: ['***', 'tasks', 'run', 'extract_raw_data_pipeline', 'extract_raw_data', 'scheduled__2025-07-02T07:37:00+00:00', '--job-id', '211', '--raw', '--subdir', 'DAGS_FOLDER/driven_data_pipeline.py', '--cfg-path', '/tmp/tmpp3zesv5z']
[2025-07-02T07:38:04.737+0000] {standard_task_runner.py:105} INFO - Job 211: Subtask extract_raw_data
[2025-07-02T07:38:05.030+0000] {task_command.py:467} INFO - Running <TaskInstance: extract_raw_data_pipeline.extract_raw_data scheduled__2025-07-02T07:37:00+00:00 [running]> on host 48b6d860598d
[2025-07-02T07:38:06.054+0000] {taskinstance.py:3131} INFO - Exporting env vars: AIRFLOW_CTX_DAG_OWNER='***' AIRFLOW_CTX_DAG_ID='extract_raw_data_pipeline' AIRFLOW_CTX_TASK_ID='extract_raw_data' AIRFLOW_CTX_EXECUTION_DATE='2025-07-02T07:37:00+00:00' AIRFLOW_CTX_TRY_NUMBER='1' AIRFLOW_CTX_DAG_RUN_ID='scheduled__2025-07-02T07:37:00+00:00'
[2025-07-02T07:38:06.058+0000] {taskinstance.py:731} INFO - ::endgroup::
[2025-07-02T07:38:06.103+0000] {driven_data_pipeline.py:153} INFO - Started batch processing for 2025-07-02.
[2025-07-02T07:38:06.104+0000] {driven_data_pipeline.py:35} INFO - Created synthetic data for MX country code.
[2025-07-02T07:38:06.334+0000] {driven_data_pipeline.py:108} INFO - Written 437 records to the CSV file.
[2025-07-02T07:38:07.066+0000] {driven_data_pipeline.py:125} INFO - Added UUID to the dataset.
[2025-07-02T07:38:07.381+0000] {driven_data_pipeline.py:145} INFO - Updated accessed timestamp.
[2025-07-02T07:38:07.385+0000] {driven_data_pipeline.py:161} INFO - Finished batch processing 2025-07-02.
[2025-07-02T07:38:07.386+0000] {python.py:240} INFO - Done. Returned value was: None
[2025-07-02T07:38:07.413+0000] {taskinstance.py:340} INFO - ::group::Post task execution logs
[2025-07-02T07:38:07.414+0000] {taskinstance.py:352} INFO - Marking task as SUCCESS. dag_id=extract_raw_data_pipeline, task_id=extract_raw_data, run_id=scheduled__2025-07-02T07:37:00+00:00, execution_date=20250702T073700, start_date=20250702T073803, end_date=20250702T073807
[2025-07-02T07:38:07.651+0000] {local_task_job_runner.py:266} INFO - Task exited with return code 0
[2025-07-02T07:38:07.685+0000] {taskinstance.py:3900} INFO - 1 downstream tasks scheduled from follow-on schedule check
[2025-07-02T07:38:07.872+0000] {local_task_job_runner.py:245} INFO - ::endgroup::
