[2025-07-02T07:46:33.033+0000] {local_task_job_runner.py:123} INFO - ::group::Pre task execution logs
[2025-07-02T07:46:43.503+0000] {taskinstance.py:2612} INFO - Dependencies all met for dep_context=non-requeueable deps ti=<TaskInstance: extract_raw_data_pipeline.create_raw_schema scheduled__2025-07-02T07:44:00+00:00 [queued]>
[2025-07-02T07:46:46.144+0000] {taskinstance.py:2612} INFO - Dependencies all met for dep_context=requeueable deps ti=<TaskInstance: extract_raw_data_pipeline.create_raw_schema scheduled__2025-07-02T07:44:00+00:00 [queued]>
[2025-07-02T07:46:46.145+0000] {taskinstance.py:2865} INFO - Starting attempt 1 of 1
[2025-07-02T07:46:49.619+0000] {taskinstance.py:2888} INFO - Executing <Task(SQLExecuteQueryOperator): create_raw_schema> on 2025-07-02 07:44:00+00:00
[2025-07-02T07:46:49.760+0000] {warnings.py:112} WARNING - /home/***/.local/lib/python3.12/site-packages/***/task/task_runner/standard_task_runner.py:70: DeprecationWarning: This process (pid=5600) is multi-threaded, use of fork() may lead to deadlocks in the child.
  pid = os.fork()

[2025-07-02T07:46:49.963+0000] {standard_task_runner.py:72} INFO - Started process 5648 to run task
[2025-07-02T07:46:49.977+0000] {standard_task_runner.py:104} INFO - Running: ['***', 'tasks', 'run', 'extract_raw_data_pipeline', 'create_raw_schema', 'scheduled__2025-07-02T07:44:00+00:00', '--job-id', '240', '--raw', '--subdir', 'DAGS_FOLDER/driven_data_pipeline.py', '--cfg-path', '/tmp/tmpds6w5a1q']
[2025-07-02T07:46:49.981+0000] {standard_task_runner.py:105} INFO - Job 240: Subtask create_raw_schema
[2025-07-02T07:46:52.003+0000] {task_command.py:467} INFO - Running <TaskInstance: extract_raw_data_pipeline.create_raw_schema scheduled__2025-07-02T07:44:00+00:00 [running]> on host 48b6d860598d
[2025-07-02T07:47:01.430+0000] {job.py:229} INFO - Heartbeat recovered after 37.74 seconds
[2025-07-02T07:47:04.763+0000] {taskinstance.py:3131} INFO - Exporting env vars: AIRFLOW_CTX_DAG_OWNER='***' AIRFLOW_CTX_DAG_ID='extract_raw_data_pipeline' AIRFLOW_CTX_TASK_ID='create_raw_schema' AIRFLOW_CTX_EXECUTION_DATE='2025-07-02T07:44:00+00:00' AIRFLOW_CTX_TRY_NUMBER='1' AIRFLOW_CTX_DAG_RUN_ID='scheduled__2025-07-02T07:44:00+00:00'
[2025-07-02T07:47:05.330+0000] {taskinstance.py:731} INFO - ::endgroup::
[2025-07-02T07:47:09.388+0000] {sql.py:266} INFO - Executing: CREATE SCHEMA IF NOT EXISTS driven_raw;
[2025-07-02T07:47:13.221+0000] {base.py:84} INFO - Retrieving connection 'postgres_conn'
[2025-07-02T16:19:31.741+0000] {job.py:229} INFO - Heartbeat recovered after 30745.19 seconds
[2025-07-02T16:19:40.742+0000] {base.py:84} INFO - Retrieving connection 'postgres_conn'
[2025-07-02T16:19:40.747+0000] {sql.py:509} INFO - Running statement: CREATE SCHEMA IF NOT EXISTS driven_raw;, parameters: None
[2025-07-02T16:19:41.586+0000] {taskinstance.py:340} INFO - ::group::Post task execution logs
[2025-07-02T16:19:41.588+0000] {taskinstance.py:352} INFO - Marking task as SUCCESS. dag_id=extract_raw_data_pipeline, task_id=create_raw_schema, run_id=scheduled__2025-07-02T07:44:00+00:00, execution_date=20250702T074400, start_date=20250702T074643, end_date=20250702T161941
[2025-07-02T16:19:42.830+0000] {local_task_job_runner.py:266} INFO - Task exited with return code 0
[2025-07-02T16:19:46.511+0000] {standard_task_runner.py:217} INFO - Process not found (most likely exited), stop collecting metrics
[2025-07-02T16:19:47.196+0000] {taskinstance.py:3900} INFO - 1 downstream tasks scheduled from follow-on schedule check
[2025-07-02T16:19:47.884+0000] {local_task_job_runner.py:245} INFO - ::endgroup::
