[2025-07-03T02:28:58.534+0000] {local_task_job_runner.py:123} INFO - ::group::Pre task execution logs
[2025-07-03T02:28:58.849+0000] {taskinstance.py:2612} INFO - Dependencies all met for dep_context=non-requeueable deps ti=<TaskInstance: extract_raw_data_pipeline.extract_raw_data scheduled__2025-07-02T07:58:00+00:00 [queued]>
[2025-07-03T02:28:59.046+0000] {taskinstance.py:2612} INFO - Dependencies all met for dep_context=requeueable deps ti=<TaskInstance: extract_raw_data_pipeline.extract_raw_data scheduled__2025-07-02T07:58:00+00:00 [queued]>
[2025-07-03T02:28:59.047+0000] {taskinstance.py:2865} INFO - Starting attempt 1 of 1
[2025-07-03T02:28:59.424+0000] {taskinstance.py:2888} INFO - Executing <Task(PythonOperator): extract_raw_data> on 2025-07-02 07:58:00+00:00
[2025-07-03T02:28:59.454+0000] {warnings.py:112} WARNING - /home/***/.local/lib/python3.12/site-packages/***/task/task_runner/standard_task_runner.py:70: DeprecationWarning: This process (pid=13382) is multi-threaded, use of fork() may lead to deadlocks in the child.
  pid = os.fork()

[2025-07-03T02:28:59.463+0000] {standard_task_runner.py:104} INFO - Running: ['***', 'tasks', 'run', 'extract_raw_data_pipeline', 'extract_raw_data', 'scheduled__2025-07-02T07:58:00+00:00', '--job-id', '249', '--raw', '--subdir', 'DAGS_FOLDER/driven_data_pipeline.py', '--cfg-path', '/tmp/tmp6hazd2ad']
[2025-07-03T02:28:59.470+0000] {standard_task_runner.py:72} INFO - Started process 13399 to run task
[2025-07-03T02:28:59.470+0000] {standard_task_runner.py:105} INFO - Job 249: Subtask extract_raw_data
[2025-07-03T02:28:59.637+0000] {task_command.py:467} INFO - Running <TaskInstance: extract_raw_data_pipeline.extract_raw_data scheduled__2025-07-02T07:58:00+00:00 [running]> on host 48b6d860598d
[2025-07-03T02:29:00.147+0000] {taskinstance.py:3131} INFO - Exporting env vars: AIRFLOW_CTX_DAG_OWNER='***' AIRFLOW_CTX_DAG_ID='extract_raw_data_pipeline' AIRFLOW_CTX_TASK_ID='extract_raw_data' AIRFLOW_CTX_EXECUTION_DATE='2025-07-02T07:58:00+00:00' AIRFLOW_CTX_TRY_NUMBER='1' AIRFLOW_CTX_DAG_RUN_ID='scheduled__2025-07-02T07:58:00+00:00'
[2025-07-03T02:29:00.152+0000] {taskinstance.py:731} INFO - ::endgroup::
[2025-07-03T02:29:00.324+0000] {driven_data_pipeline.py:153} INFO - Started batch processing for 2025-07-03.
[2025-07-03T02:29:00.325+0000] {driven_data_pipeline.py:35} INFO - Created synthetic data for MX country code.
[2025-07-03T02:29:02.235+0000] {driven_data_pipeline.py:108} INFO - Written 157 records to the CSV file.
[2025-07-03T02:29:02.889+0000] {driven_data_pipeline.py:125} INFO - Added UUID to the dataset.
[2025-07-03T02:29:03.014+0000] {driven_data_pipeline.py:145} INFO - Updated accessed timestamp.
[2025-07-03T02:29:03.015+0000] {driven_data_pipeline.py:161} INFO - Finished batch processing 2025-07-03.
[2025-07-03T02:29:03.015+0000] {python.py:240} INFO - Done. Returned value was: None
[2025-07-03T02:29:03.335+0000] {taskinstance.py:340} INFO - ::group::Post task execution logs
[2025-07-03T02:29:03.337+0000] {taskinstance.py:352} INFO - Marking task as SUCCESS. dag_id=extract_raw_data_pipeline, task_id=extract_raw_data, run_id=scheduled__2025-07-02T07:58:00+00:00, execution_date=20250702T075800, start_date=20250703T022858, end_date=20250703T022903
[2025-07-03T02:29:03.572+0000] {local_task_job_runner.py:266} INFO - Task exited with return code 0
[2025-07-03T02:29:03.964+0000] {taskinstance.py:3900} INFO - 1 downstream tasks scheduled from follow-on schedule check
[2025-07-03T02:29:03.990+0000] {local_task_job_runner.py:245} INFO - ::endgroup::
