[2025-07-02T07:35:32.269+0000] {local_task_job_runner.py:123} INFO - ::group::Pre task execution logs
[2025-07-02T07:35:32.290+0000] {taskinstance.py:2612} INFO - Dependencies all met for dep_context=non-requeueable deps ti=<TaskInstance: extract_raw_data_pipeline.run_dbt_trusted scheduled__2025-07-02T07:32:00+00:00 [queued]>
[2025-07-02T07:35:32.300+0000] {taskinstance.py:2612} INFO - Dependencies all met for dep_context=requeueable deps ti=<TaskInstance: extract_raw_data_pipeline.run_dbt_trusted scheduled__2025-07-02T07:32:00+00:00 [queued]>
[2025-07-02T07:35:32.300+0000] {taskinstance.py:2865} INFO - Starting attempt 1 of 1
[2025-07-02T07:35:32.414+0000] {taskinstance.py:2888} INFO - Executing <Task(BashOperator): run_dbt_trusted> on 2025-07-02 07:32:00+00:00
[2025-07-02T07:35:32.440+0000] {warnings.py:112} WARNING - /home/***/.local/lib/python3.12/site-packages/***/task/task_runner/standard_task_runner.py:70: DeprecationWarning: This process (pid=5217) is multi-threaded, use of fork() may lead to deadlocks in the child.
  pid = os.fork()

[2025-07-02T07:35:32.445+0000] {standard_task_runner.py:72} INFO - Started process 5219 to run task
[2025-07-02T07:35:32.448+0000] {standard_task_runner.py:104} INFO - Running: ['***', 'tasks', 'run', 'extract_raw_data_pipeline', 'run_dbt_trusted', 'scheduled__2025-07-02T07:32:00+00:00', '--job-id', '204', '--raw', '--subdir', 'DAGS_FOLDER/driven_data_pipeline.py', '--cfg-path', '/tmp/tmpgpndj8d2']
[2025-07-02T07:35:32.451+0000] {standard_task_runner.py:105} INFO - Job 204: Subtask run_dbt_trusted
[2025-07-02T07:35:32.610+0000] {task_command.py:467} INFO - Running <TaskInstance: extract_raw_data_pipeline.run_dbt_trusted scheduled__2025-07-02T07:32:00+00:00 [running]> on host 48b6d860598d
[2025-07-02T07:35:33.936+0000] {taskinstance.py:3131} INFO - Exporting env vars: AIRFLOW_CTX_DAG_OWNER='***' AIRFLOW_CTX_DAG_ID='extract_raw_data_pipeline' AIRFLOW_CTX_TASK_ID='run_dbt_trusted' AIRFLOW_CTX_EXECUTION_DATE='2025-07-02T07:32:00+00:00' AIRFLOW_CTX_TRY_NUMBER='1' AIRFLOW_CTX_DAG_RUN_ID='scheduled__2025-07-02T07:32:00+00:00'
[2025-07-02T07:35:33.940+0000] {taskinstance.py:731} INFO - ::endgroup::
[2025-07-02T07:35:33.960+0000] {subprocess.py:63} INFO - Tmp dir root location: /tmp
[2025-07-02T07:35:33.961+0000] {subprocess.py:75} INFO - Running command: ['/usr/bin/bash', '-c', 'set -x; cd /opt/***/dbt && dbt run --select tag:trusted']
[2025-07-02T07:35:33.974+0000] {subprocess.py:86} INFO - Output:
[2025-07-02T07:35:33.975+0000] {subprocess.py:93} INFO - + cd /opt/***/dbt
[2025-07-02T07:35:33.976+0000] {subprocess.py:93} INFO - + dbt run --select tag:trusted
[2025-07-02T07:35:36.592+0000] {subprocess.py:93} INFO - [0m07:35:36  Running with dbt=1.8.0
[2025-07-02T07:35:36.889+0000] {subprocess.py:93} INFO - [0m07:35:36  Registered adapter: postgres=1.8.2
[2025-07-02T07:35:37.419+0000] {subprocess.py:93} INFO - [0m07:35:37  Found 9 models, 10 sources, 428 macros
[2025-07-02T07:35:37.422+0000] {subprocess.py:93} INFO - [0m07:35:37
[2025-07-02T07:35:37.654+0000] {subprocess.py:93} INFO - [0m07:35:37  Concurrency: 1 threads (target='dev')
[2025-07-02T07:35:37.655+0000] {subprocess.py:93} INFO - [0m07:35:37
[2025-07-02T07:35:37.671+0000] {subprocess.py:93} INFO - [0m07:35:37  1 of 4 START sql table model driven_trusted.non_pii_data ....................... [RUN]
[2025-07-02T07:36:29.558+0000] {subprocess.py:93} INFO - [0m07:36:29  1 of 4 OK created sql table model driven_trusted.non_pii_data .................. [[32mSELECT 575979[0m in 51.88s]
[2025-07-02T07:36:29.562+0000] {subprocess.py:93} INFO - [0m07:36:29  2 of 4 START sql table model driven_trusted.payment_data ....................... [RUN]
[2025-07-02T07:36:39.328+0000] {subprocess.py:93} INFO - [0m07:36:39  2 of 4 OK created sql table model driven_trusted.payment_data .................. [[32mSELECT 273243[0m in 9.76s]
[2025-07-02T07:36:39.331+0000] {subprocess.py:93} INFO - [0m07:36:39  3 of 4 START sql table model driven_trusted.pii_data ........................... [RUN]
[2025-07-02T07:37:31.088+0000] {subprocess.py:93} INFO - [0m07:37:31  3 of 4 OK created sql table model driven_trusted.pii_data ...................... [[32mSELECT 575979[0m in 51.75s]
[2025-07-02T07:37:31.097+0000] {subprocess.py:93} INFO - [0m07:37:31  4 of 4 START sql table model driven_trusted.technical_data ..................... [RUN]
[2025-07-02T07:37:48.338+0000] {subprocess.py:93} INFO - [0m07:37:48  4 of 4 OK created sql table model driven_trusted.technical_data ................ [[32mSELECT 273243[0m in 17.23s]
[2025-07-02T07:37:48.364+0000] {subprocess.py:93} INFO - [0m07:37:48
[2025-07-02T07:37:48.365+0000] {subprocess.py:93} INFO - [0m07:37:48  Finished running 4 table models in 0 hours 2 minutes and 10.94 seconds (130.94s).
[2025-07-02T07:37:48.644+0000] {subprocess.py:93} INFO - [0m07:37:48
[2025-07-02T07:37:48.646+0000] {subprocess.py:93} INFO - [0m07:37:48  [32mCompleted successfully[0m
[2025-07-02T07:37:48.649+0000] {subprocess.py:93} INFO - [0m07:37:48
[2025-07-02T07:37:48.652+0000] {subprocess.py:93} INFO - [0m07:37:48  Done. PASS=4 WARN=0 ERROR=0 SKIP=0 TOTAL=4
[2025-07-02T07:37:49.433+0000] {subprocess.py:97} INFO - Command exited with return code 0
[2025-07-02T07:37:50.123+0000] {taskinstance.py:340} INFO - ::group::Post task execution logs
[2025-07-02T07:37:50.127+0000] {taskinstance.py:352} INFO - Marking task as SUCCESS. dag_id=extract_raw_data_pipeline, task_id=run_dbt_trusted, run_id=scheduled__2025-07-02T07:32:00+00:00, execution_date=20250702T073200, start_date=20250702T073532, end_date=20250702T073750
[2025-07-02T07:37:52.084+0000] {local_task_job_runner.py:266} INFO - Task exited with return code 0
[2025-07-02T07:37:52.267+0000] {taskinstance.py:3900} INFO - 0 downstream tasks scheduled from follow-on schedule check
[2025-07-02T07:37:52.475+0000] {standard_task_runner.py:217} INFO - Process not found (most likely exited), stop collecting metrics
[2025-07-02T07:37:52.528+0000] {local_task_job_runner.py:245} INFO - ::endgroup::
