[2025-06-30T22:58:16.309+0000] {local_task_job_runner.py:123} INFO - ::group::Pre task execution logs
[2025-06-30T22:58:16.484+0000] {taskinstance.py:2612} INFO - Dependencies all met for dep_context=non-requeueable deps ti=<TaskInstance: extract_raw_data_pipeline.extract_raw_data manual__2025-06-30T22:57:22.766361+00:00 [queued]>
[2025-06-30T22:58:16.539+0000] {taskinstance.py:2612} INFO - Dependencies all met for dep_context=requeueable deps ti=<TaskInstance: extract_raw_data_pipeline.extract_raw_data manual__2025-06-30T22:57:22.766361+00:00 [queued]>
[2025-06-30T22:58:16.539+0000] {taskinstance.py:2865} INFO - Starting attempt 1 of 1
[2025-06-30T22:58:16.641+0000] {taskinstance.py:2888} INFO - Executing <Task(PythonOperator): extract_raw_data> on 2025-06-30 22:57:22.766361+00:00
[2025-06-30T22:58:16.653+0000] {warnings.py:112} WARNING - /home/***/.local/lib/python3.12/site-packages/***/task/task_runner/standard_task_runner.py:70: DeprecationWarning: This process (pid=10896) is multi-threaded, use of fork() may lead to deadlocks in the child.
  pid = os.fork()

[2025-06-30T22:58:16.656+0000] {standard_task_runner.py:72} INFO - Started process 10908 to run task
[2025-06-30T22:58:16.656+0000] {standard_task_runner.py:104} INFO - Running: ['***', 'tasks', 'run', 'extract_raw_data_pipeline', 'extract_raw_data', 'manual__2025-06-30T22:57:22.766361+00:00', '--job-id', '22', '--raw', '--subdir', 'DAGS_FOLDER/driven_data_pipeline.py', '--cfg-path', '/tmp/tmpxbe2bi4b']
[2025-06-30T22:58:16.658+0000] {standard_task_runner.py:105} INFO - Job 22: Subtask extract_raw_data
[2025-06-30T22:58:16.770+0000] {task_command.py:467} INFO - Running <TaskInstance: extract_raw_data_pipeline.extract_raw_data manual__2025-06-30T22:57:22.766361+00:00 [running]> on host 849c33af5dcf
[2025-06-30T22:58:17.155+0000] {taskinstance.py:3131} INFO - Exporting env vars: AIRFLOW_CTX_DAG_OWNER='***' AIRFLOW_CTX_DAG_ID='extract_raw_data_pipeline' AIRFLOW_CTX_TASK_ID='extract_raw_data' AIRFLOW_CTX_EXECUTION_DATE='2025-06-30T22:57:22.766361+00:00' AIRFLOW_CTX_TRY_NUMBER='1' AIRFLOW_CTX_DAG_RUN_ID='manual__2025-06-30T22:57:22.766361+00:00'
[2025-06-30T22:58:17.158+0000] {taskinstance.py:731} INFO - ::endgroup::
[2025-06-30T22:58:17.216+0000] {driven_data_pipeline.py:143} INFO - Started batch processing for 2025-06-30.
[2025-06-30T22:58:17.217+0000] {driven_data_pipeline.py:34} INFO - Created synthetic data for MX country code.
[2025-06-30T22:58:18.014+0000] {driven_data_pipeline.py:100} INFO - Written 856 records to the CSV file.
[2025-06-30T22:58:18.356+0000] {driven_data_pipeline.py:116} INFO - Added UUID to the dataset.
[2025-06-30T22:58:18.421+0000] {driven_data_pipeline.py:135} INFO - Updated accessed timestamp.
[2025-06-30T22:58:18.423+0000] {driven_data_pipeline.py:151} INFO - Finished batch processing 2025-06-30.
[2025-06-30T22:58:18.424+0000] {python.py:240} INFO - Done. Returned value was: None
[2025-06-30T22:58:18.479+0000] {taskinstance.py:340} INFO - ::group::Post task execution logs
[2025-06-30T22:58:18.482+0000] {taskinstance.py:352} INFO - Marking task as SUCCESS. dag_id=extract_raw_data_pipeline, task_id=extract_raw_data, run_id=manual__2025-06-30T22:57:22.766361+00:00, execution_date=20250630T225722, start_date=20250630T225816, end_date=20250630T225818
[2025-06-30T22:58:18.638+0000] {local_task_job_runner.py:266} INFO - Task exited with return code 0
[2025-06-30T22:58:18.799+0000] {taskinstance.py:3900} INFO - 1 downstream tasks scheduled from follow-on schedule check
[2025-06-30T22:58:18.825+0000] {local_task_job_runner.py:245} INFO - ::endgroup::
