[2025-07-02T03:04:19.932+0000] {local_task_job_runner.py:123} INFO - ::group::Pre task execution logs
[2025-07-02T03:04:19.949+0000] {taskinstance.py:2612} INFO - Dependencies all met for dep_context=non-requeueable deps ti=<TaskInstance: extract_raw_data_pipeline.run_dbt_trusted manual__2025-07-02T03:04:03.145899+00:00 [queued]>
[2025-07-02T03:04:19.958+0000] {taskinstance.py:2612} INFO - Dependencies all met for dep_context=requeueable deps ti=<TaskInstance: extract_raw_data_pipeline.run_dbt_trusted manual__2025-07-02T03:04:03.145899+00:00 [queued]>
[2025-07-02T03:04:19.958+0000] {taskinstance.py:2865} INFO - Starting attempt 1 of 1
[2025-07-02T03:04:20.025+0000] {taskinstance.py:2888} INFO - Executing <Task(BashOperator): run_dbt_trusted> on 2025-07-02 03:04:03.145899+00:00
[2025-07-02T03:04:20.046+0000] {warnings.py:112} WARNING - /home/***/.local/lib/python3.12/site-packages/***/task/task_runner/standard_task_runner.py:70: DeprecationWarning: This process (pid=463) is multi-threaded, use of fork() may lead to deadlocks in the child.
  pid = os.fork()

[2025-07-02T03:04:20.052+0000] {standard_task_runner.py:72} INFO - Started process 465 to run task
[2025-07-02T03:04:20.054+0000] {standard_task_runner.py:104} INFO - Running: ['***', 'tasks', 'run', 'extract_raw_data_pipeline', 'run_dbt_trusted', 'manual__2025-07-02T03:04:03.145899+00:00', '--job-id', '34', '--raw', '--subdir', 'DAGS_FOLDER/driven_data_pipeline.py', '--cfg-path', '/tmp/tmpy4ukejqi']
[2025-07-02T03:04:20.056+0000] {standard_task_runner.py:105} INFO - Job 34: Subtask run_dbt_trusted
[2025-07-02T03:04:20.176+0000] {task_command.py:467} INFO - Running <TaskInstance: extract_raw_data_pipeline.run_dbt_trusted manual__2025-07-02T03:04:03.145899+00:00 [running]> on host 48b6d860598d
[2025-07-02T03:04:20.350+0000] {taskinstance.py:3131} INFO - Exporting env vars: AIRFLOW_CTX_DAG_OWNER='***' AIRFLOW_CTX_DAG_ID='extract_raw_data_pipeline' AIRFLOW_CTX_TASK_ID='run_dbt_trusted' AIRFLOW_CTX_EXECUTION_DATE='2025-07-02T03:04:03.145899+00:00' AIRFLOW_CTX_TRY_NUMBER='1' AIRFLOW_CTX_DAG_RUN_ID='manual__2025-07-02T03:04:03.145899+00:00'
[2025-07-02T03:04:20.352+0000] {taskinstance.py:731} INFO - ::endgroup::
[2025-07-02T03:04:20.386+0000] {subprocess.py:63} INFO - Tmp dir root location: /tmp
[2025-07-02T03:04:20.387+0000] {subprocess.py:75} INFO - Running command: ['/usr/bin/bash', '-c', 'set -x; cd /opt/***/dbt && dbt run --select tag:trusted']
[2025-07-02T03:04:20.400+0000] {subprocess.py:86} INFO - Output:
[2025-07-02T03:04:20.402+0000] {subprocess.py:93} INFO - + cd /opt/***/dbt
[2025-07-02T03:04:20.402+0000] {subprocess.py:93} INFO - + dbt run --select tag:trusted
[2025-07-02T03:04:23.192+0000] {subprocess.py:93} INFO - [0m03:04:23  Running with dbt=1.8.0
[2025-07-02T03:04:23.504+0000] {subprocess.py:93} INFO - [0m03:04:23  Registered adapter: postgres=1.8.2
[2025-07-02T03:04:24.225+0000] {subprocess.py:93} INFO - [0m03:04:24  Found 9 models, 10 sources, 428 macros
[2025-07-02T03:04:24.229+0000] {subprocess.py:93} INFO - [0m03:04:24
[2025-07-02T03:04:24.415+0000] {subprocess.py:93} INFO - [0m03:04:24  Concurrency: 1 threads (target='dev')
[2025-07-02T03:04:24.417+0000] {subprocess.py:93} INFO - [0m03:04:24
[2025-07-02T03:04:24.436+0000] {subprocess.py:93} INFO - [0m03:04:24  1 of 4 START sql table model driven_trusted.non_pii_data ....................... [RUN]
[2025-07-02T03:04:24.777+0000] {subprocess.py:93} INFO - [0m03:04:24  1 of 4 OK created sql table model driven_trusted.non_pii_data .................. [[32mSELECT 5768[0m in 0.33s]
[2025-07-02T03:04:24.786+0000] {subprocess.py:93} INFO - [0m03:04:24  2 of 4 START sql table model driven_trusted.payment_data ....................... [RUN]
[2025-07-02T03:04:25.092+0000] {subprocess.py:93} INFO - [0m03:04:25  2 of 4 OK created sql table model driven_trusted.payment_data .................. [[32mSELECT 5768[0m in 0.30s]
[2025-07-02T03:04:25.108+0000] {subprocess.py:93} INFO - [0m03:04:25  3 of 4 START sql table model driven_trusted.pii_data ........................... [RUN]
[2025-07-02T03:04:26.060+0000] {subprocess.py:93} INFO - [0m03:04:26  3 of 4 OK created sql table model driven_trusted.pii_data ...................... [[32mSELECT 5768[0m in 0.94s]
[2025-07-02T03:04:26.066+0000] {subprocess.py:93} INFO - [0m03:04:26  4 of 4 START sql table model driven_trusted.technical_data ..................... [RUN]
[2025-07-02T03:04:26.317+0000] {subprocess.py:93} INFO - [0m03:04:26  4 of 4 OK created sql table model driven_trusted.technical_data ................ [[32mSELECT 5768[0m in 0.25s]
[2025-07-02T03:04:26.350+0000] {subprocess.py:93} INFO - [0m03:04:26
[2025-07-02T03:04:26.351+0000] {subprocess.py:93} INFO - [0m03:04:26  Finished running 4 table models in 0 hours 0 minutes and 2.12 seconds (2.12s).
[2025-07-02T03:04:26.390+0000] {subprocess.py:93} INFO - [0m03:04:26
[2025-07-02T03:04:26.390+0000] {subprocess.py:93} INFO - [0m03:04:26  [32mCompleted successfully[0m
[2025-07-02T03:04:26.391+0000] {subprocess.py:93} INFO - [0m03:04:26
[2025-07-02T03:04:26.392+0000] {subprocess.py:93} INFO - [0m03:04:26  Done. PASS=4 WARN=0 ERROR=0 SKIP=0 TOTAL=4
[2025-07-02T03:04:27.076+0000] {subprocess.py:97} INFO - Command exited with return code 0
[2025-07-02T03:04:27.128+0000] {taskinstance.py:340} INFO - ::group::Post task execution logs
[2025-07-02T03:04:27.129+0000] {taskinstance.py:352} INFO - Marking task as SUCCESS. dag_id=extract_raw_data_pipeline, task_id=run_dbt_trusted, run_id=manual__2025-07-02T03:04:03.145899+00:00, execution_date=20250702T030403, start_date=20250702T030419, end_date=20250702T030427
[2025-07-02T03:04:27.209+0000] {local_task_job_runner.py:266} INFO - Task exited with return code 0
[2025-07-02T03:04:27.235+0000] {taskinstance.py:3900} INFO - 0 downstream tasks scheduled from follow-on schedule check
[2025-07-02T03:04:27.262+0000] {local_task_job_runner.py:245} INFO - ::endgroup::
