[2025-07-02T07:12:09.147+0000] {local_task_job_runner.py:123} INFO - ::group::Pre task execution logs
[2025-07-02T07:12:09.164+0000] {taskinstance.py:2612} INFO - Dependencies all met for dep_context=non-requeueable deps ti=<TaskInstance: extract_raw_data_pipeline.run_dbt_staging scheduled__2025-07-02T07:11:00+00:00 [queued]>
[2025-07-02T07:12:09.173+0000] {taskinstance.py:2612} INFO - Dependencies all met for dep_context=requeueable deps ti=<TaskInstance: extract_raw_data_pipeline.run_dbt_staging scheduled__2025-07-02T07:11:00+00:00 [queued]>
[2025-07-02T07:12:09.173+0000] {taskinstance.py:2865} INFO - Starting attempt 1 of 1
[2025-07-02T07:12:09.214+0000] {taskinstance.py:2888} INFO - Executing <Task(BashOperator): run_dbt_staging> on 2025-07-02 07:11:00+00:00
[2025-07-02T07:12:09.234+0000] {warnings.py:112} WARNING - /home/***/.local/lib/python3.12/site-packages/***/task/task_runner/standard_task_runner.py:70: DeprecationWarning: This process (pid=4182) is multi-threaded, use of fork() may lead to deadlocks in the child.
  pid = os.fork()

[2025-07-02T07:12:09.238+0000] {standard_task_runner.py:72} INFO - Started process 4184 to run task
[2025-07-02T07:12:09.240+0000] {standard_task_runner.py:104} INFO - Running: ['***', 'tasks', 'run', 'extract_raw_data_pipeline', 'run_dbt_staging', 'scheduled__2025-07-02T07:11:00+00:00', '--job-id', '111', '--raw', '--subdir', 'DAGS_FOLDER/driven_data_pipeline.py', '--cfg-path', '/tmp/tmppv99tr7f']
[2025-07-02T07:12:09.244+0000] {standard_task_runner.py:105} INFO - Job 111: Subtask run_dbt_staging
[2025-07-02T07:12:09.330+0000] {task_command.py:467} INFO - Running <TaskInstance: extract_raw_data_pipeline.run_dbt_staging scheduled__2025-07-02T07:11:00+00:00 [running]> on host 48b6d860598d
[2025-07-02T07:12:10.260+0000] {taskinstance.py:3131} INFO - Exporting env vars: AIRFLOW_CTX_DAG_OWNER='***' AIRFLOW_CTX_DAG_ID='extract_raw_data_pipeline' AIRFLOW_CTX_TASK_ID='run_dbt_staging' AIRFLOW_CTX_EXECUTION_DATE='2025-07-02T07:11:00+00:00' AIRFLOW_CTX_TRY_NUMBER='1' AIRFLOW_CTX_DAG_RUN_ID='scheduled__2025-07-02T07:11:00+00:00'
[2025-07-02T07:12:10.263+0000] {taskinstance.py:731} INFO - ::endgroup::
[2025-07-02T07:12:10.298+0000] {subprocess.py:63} INFO - Tmp dir root location: /tmp
[2025-07-02T07:12:10.299+0000] {subprocess.py:75} INFO - Running command: ['/usr/bin/bash', '-c', 'set -x; cd /opt/***/dbt && dbt run --select tag:staging']
[2025-07-02T07:12:10.313+0000] {subprocess.py:86} INFO - Output:
[2025-07-02T07:12:10.314+0000] {subprocess.py:93} INFO - + cd /opt/***/dbt
[2025-07-02T07:12:10.315+0000] {subprocess.py:93} INFO - + dbt run --select tag:staging
[2025-07-02T07:12:12.999+0000] {subprocess.py:93} INFO - [0m07:12:12  Running with dbt=1.8.0
[2025-07-02T07:12:13.283+0000] {subprocess.py:93} INFO - [0m07:12:13  Registered adapter: postgres=1.8.2
[2025-07-02T07:12:13.742+0000] {subprocess.py:93} INFO - [0m07:12:13  Found 9 models, 10 sources, 428 macros
[2025-07-02T07:12:13.745+0000] {subprocess.py:93} INFO - [0m07:12:13
[2025-07-02T07:12:13.898+0000] {subprocess.py:93} INFO - [0m07:12:13  Concurrency: 1 threads (target='dev')
[2025-07-02T07:12:13.901+0000] {subprocess.py:93} INFO - [0m07:12:13
[2025-07-02T07:12:13.917+0000] {subprocess.py:93} INFO - [0m07:12:13  1 of 5 START sql table model driven_staging.dim_address ........................ [RUN]
[2025-07-02T07:12:14.457+0000] {subprocess.py:93} INFO - [0m07:12:14  1 of 5 OK created sql table model driven_staging.dim_address ................... [[32mSELECT 68430[0m in 0.54s]
[2025-07-02T07:12:14.459+0000] {subprocess.py:93} INFO - [0m07:12:14  2 of 5 START sql table model driven_staging.dim_date ........................... [RUN]
[2025-07-02T07:12:14.715+0000] {subprocess.py:93} INFO - [0m07:12:14  2 of 5 OK created sql table model driven_staging.dim_date ...................... [[32mSELECT 68430[0m in 0.25s]
[2025-07-02T07:12:14.718+0000] {subprocess.py:93} INFO - [0m07:12:14  3 of 5 START sql table model driven_staging.dim_finance ........................ [RUN]
[2025-07-02T07:12:15.019+0000] {subprocess.py:93} INFO - [0m07:12:15  3 of 5 OK created sql table model driven_staging.dim_finance ................... [[32mSELECT 68430[0m in 0.30s]
[2025-07-02T07:12:15.023+0000] {subprocess.py:93} INFO - [0m07:12:15  4 of 5 START sql table model driven_staging.dim_person ......................... [RUN]
[2025-07-02T07:12:15.529+0000] {subprocess.py:93} INFO - [0m07:12:15  4 of 5 OK created sql table model driven_staging.dim_person .................... [[32mSELECT 68430[0m in 0.50s]
[2025-07-02T07:12:15.532+0000] {subprocess.py:93} INFO - [0m07:12:15  5 of 5 START sql table model driven_staging.fact_network_usage ................. [RUN]
[2025-07-02T07:12:15.864+0000] {subprocess.py:93} INFO - [0m07:12:15  5 of 5 OK created sql table model driven_staging.fact_network_usage ............ [[32mSELECT 68430[0m in 0.33s]
[2025-07-02T07:12:15.881+0000] {subprocess.py:93} INFO - [0m07:12:15
[2025-07-02T07:12:15.882+0000] {subprocess.py:93} INFO - [0m07:12:15  Finished running 5 table models in 0 hours 0 minutes and 2.14 seconds (2.14s).
[2025-07-02T07:12:15.943+0000] {subprocess.py:93} INFO - [0m07:12:15
[2025-07-02T07:12:15.944+0000] {subprocess.py:93} INFO - [0m07:12:15  [32mCompleted successfully[0m
[2025-07-02T07:12:15.945+0000] {subprocess.py:93} INFO - [0m07:12:15
[2025-07-02T07:12:15.946+0000] {subprocess.py:93} INFO - [0m07:12:15  Done. PASS=5 WARN=0 ERROR=0 SKIP=0 TOTAL=5
[2025-07-02T07:12:16.819+0000] {subprocess.py:97} INFO - Command exited with return code 0
[2025-07-02T07:12:16.991+0000] {taskinstance.py:340} INFO - ::group::Post task execution logs
[2025-07-02T07:12:16.991+0000] {taskinstance.py:352} INFO - Marking task as SUCCESS. dag_id=extract_raw_data_pipeline, task_id=run_dbt_staging, run_id=scheduled__2025-07-02T07:11:00+00:00, execution_date=20250702T071100, start_date=20250702T071209, end_date=20250702T071216
[2025-07-02T07:12:17.159+0000] {local_task_job_runner.py:266} INFO - Task exited with return code 0
[2025-07-02T07:12:17.209+0000] {taskinstance.py:3900} INFO - 1 downstream tasks scheduled from follow-on schedule check
[2025-07-02T07:12:17.258+0000] {local_task_job_runner.py:245} INFO - ::endgroup::
