[2025-07-02T07:11:24.133+0000] {local_task_job_runner.py:123} INFO - ::group::Pre task execution logs
[2025-07-02T07:11:24.154+0000] {taskinstance.py:2612} INFO - Dependencies all met for dep_context=non-requeueable deps ti=<TaskInstance: extract_raw_data_pipeline.run_dbt_trusted scheduled__2025-07-02T07:10:00+00:00 [queued]>
[2025-07-02T07:11:24.167+0000] {taskinstance.py:2612} INFO - Dependencies all met for dep_context=requeueable deps ti=<TaskInstance: extract_raw_data_pipeline.run_dbt_trusted scheduled__2025-07-02T07:10:00+00:00 [queued]>
[2025-07-02T07:11:24.167+0000] {taskinstance.py:2865} INFO - Starting attempt 1 of 1
[2025-07-02T07:11:24.222+0000] {taskinstance.py:2888} INFO - Executing <Task(BashOperator): run_dbt_trusted> on 2025-07-02 07:10:00+00:00
[2025-07-02T07:11:24.230+0000] {warnings.py:112} WARNING - /home/***/.local/lib/python3.12/site-packages/***/task/task_runner/standard_task_runner.py:70: DeprecationWarning: This process (pid=4141) is multi-threaded, use of fork() may lead to deadlocks in the child.
  pid = os.fork()

[2025-07-02T07:11:24.232+0000] {standard_task_runner.py:72} INFO - Started process 4143 to run task
[2025-07-02T07:11:24.233+0000] {standard_task_runner.py:104} INFO - Running: ['***', 'tasks', 'run', 'extract_raw_data_pipeline', 'run_dbt_trusted', 'scheduled__2025-07-02T07:10:00+00:00', '--job-id', '106', '--raw', '--subdir', 'DAGS_FOLDER/driven_data_pipeline.py', '--cfg-path', '/tmp/tmp1uozas0n']
[2025-07-02T07:11:24.234+0000] {standard_task_runner.py:105} INFO - Job 106: Subtask run_dbt_trusted
[2025-07-02T07:11:24.323+0000] {task_command.py:467} INFO - Running <TaskInstance: extract_raw_data_pipeline.run_dbt_trusted scheduled__2025-07-02T07:10:00+00:00 [running]> on host 48b6d860598d
[2025-07-02T07:11:25.395+0000] {taskinstance.py:3131} INFO - Exporting env vars: AIRFLOW_CTX_DAG_OWNER='***' AIRFLOW_CTX_DAG_ID='extract_raw_data_pipeline' AIRFLOW_CTX_TASK_ID='run_dbt_trusted' AIRFLOW_CTX_EXECUTION_DATE='2025-07-02T07:10:00+00:00' AIRFLOW_CTX_TRY_NUMBER='1' AIRFLOW_CTX_DAG_RUN_ID='scheduled__2025-07-02T07:10:00+00:00'
[2025-07-02T07:11:25.398+0000] {taskinstance.py:731} INFO - ::endgroup::
[2025-07-02T07:11:25.429+0000] {subprocess.py:63} INFO - Tmp dir root location: /tmp
[2025-07-02T07:11:25.430+0000] {subprocess.py:75} INFO - Running command: ['/usr/bin/bash', '-c', 'set -x; cd /opt/***/dbt && dbt run --select tag:trusted']
[2025-07-02T07:11:25.443+0000] {subprocess.py:86} INFO - Output:
[2025-07-02T07:11:25.444+0000] {subprocess.py:93} INFO - + cd /opt/***/dbt
[2025-07-02T07:11:25.445+0000] {subprocess.py:93} INFO - + dbt run --select tag:trusted
[2025-07-02T07:11:27.969+0000] {subprocess.py:93} INFO - [0m07:11:27  Running with dbt=1.8.0
[2025-07-02T07:11:28.253+0000] {subprocess.py:93} INFO - [0m07:11:28  Registered adapter: postgres=1.8.2
[2025-07-02T07:11:28.793+0000] {subprocess.py:93} INFO - [0m07:11:28  Found 9 models, 10 sources, 428 macros
[2025-07-02T07:11:28.800+0000] {subprocess.py:93} INFO - [0m07:11:28
[2025-07-02T07:11:28.984+0000] {subprocess.py:93} INFO - [0m07:11:28  Concurrency: 1 threads (target='dev')
[2025-07-02T07:11:28.985+0000] {subprocess.py:93} INFO - [0m07:11:28
[2025-07-02T07:11:28.998+0000] {subprocess.py:93} INFO - [0m07:11:28  1 of 4 START sql table model driven_trusted.non_pii_data ....................... [RUN]
[2025-07-02T07:11:32.215+0000] {subprocess.py:93} INFO - [0m07:11:32  1 of 4 OK created sql table model driven_trusted.non_pii_data .................. [[32mSELECT 61590[0m in 3.21s]
[2025-07-02T07:11:32.219+0000] {subprocess.py:93} INFO - [0m07:11:32  2 of 4 START sql table model driven_trusted.payment_data ....................... [RUN]
[2025-07-02T07:11:32.950+0000] {subprocess.py:93} INFO - [0m07:11:32  2 of 4 OK created sql table model driven_trusted.payment_data .................. [[32mSELECT 61590[0m in 0.73s]
[2025-07-02T07:11:32.957+0000] {subprocess.py:93} INFO - [0m07:11:32  3 of 4 START sql table model driven_trusted.pii_data ........................... [RUN]
[2025-07-02T07:11:35.125+0000] {subprocess.py:93} INFO - [0m07:11:35  3 of 4 OK created sql table model driven_trusted.pii_data ...................... [[32mSELECT 61590[0m in 2.17s]
[2025-07-02T07:11:35.129+0000] {subprocess.py:93} INFO - [0m07:11:35  4 of 4 START sql table model driven_trusted.technical_data ..................... [RUN]
[2025-07-02T07:11:36.154+0000] {subprocess.py:93} INFO - [0m07:11:36  4 of 4 OK created sql table model driven_trusted.technical_data ................ [[32mSELECT 61590[0m in 1.02s]
[2025-07-02T07:11:36.170+0000] {subprocess.py:93} INFO - [0m07:11:36
[2025-07-02T07:11:36.171+0000] {subprocess.py:93} INFO - [0m07:11:36  Finished running 4 table models in 0 hours 0 minutes and 7.37 seconds (7.37s).
[2025-07-02T07:11:36.222+0000] {subprocess.py:93} INFO - [0m07:11:36
[2025-07-02T07:11:36.223+0000] {subprocess.py:93} INFO - [0m07:11:36  [32mCompleted successfully[0m
[2025-07-02T07:11:36.223+0000] {subprocess.py:93} INFO - [0m07:11:36
[2025-07-02T07:11:36.224+0000] {subprocess.py:93} INFO - [0m07:11:36  Done. PASS=4 WARN=0 ERROR=0 SKIP=0 TOTAL=4
[2025-07-02T07:11:36.886+0000] {subprocess.py:97} INFO - Command exited with return code 0
[2025-07-02T07:11:36.927+0000] {taskinstance.py:340} INFO - ::group::Post task execution logs
[2025-07-02T07:11:36.928+0000] {taskinstance.py:352} INFO - Marking task as SUCCESS. dag_id=extract_raw_data_pipeline, task_id=run_dbt_trusted, run_id=scheduled__2025-07-02T07:10:00+00:00, execution_date=20250702T071000, start_date=20250702T071124, end_date=20250702T071136
[2025-07-02T07:11:38.000+0000] {local_task_job_runner.py:266} INFO - Task exited with return code 0
[2025-07-02T07:11:38.044+0000] {taskinstance.py:3900} INFO - 0 downstream tasks scheduled from follow-on schedule check
[2025-07-02T07:11:38.057+0000] {local_task_job_runner.py:245} INFO - ::endgroup::
