[2025-07-02T07:44:58.340+0000] {local_task_job_runner.py:123} INFO - ::group::Pre task execution logs
[2025-07-02T07:44:58.366+0000] {taskinstance.py:2612} INFO - Dependencies all met for dep_context=non-requeueable deps ti=<TaskInstance: extract_raw_data_pipeline.run_dbt_staging scheduled__2025-07-02T07:43:00+00:00 [queued]>
[2025-07-02T07:44:58.380+0000] {taskinstance.py:2612} INFO - Dependencies all met for dep_context=requeueable deps ti=<TaskInstance: extract_raw_data_pipeline.run_dbt_staging scheduled__2025-07-02T07:43:00+00:00 [queued]>
[2025-07-02T07:44:58.380+0000] {taskinstance.py:2865} INFO - Starting attempt 1 of 1
[2025-07-02T07:45:00.126+0000] {taskinstance.py:2888} INFO - Executing <Task(BashOperator): run_dbt_staging> on 2025-07-02 07:43:00+00:00
[2025-07-02T07:45:00.175+0000] {warnings.py:112} WARNING - /home/***/.local/lib/python3.12/site-packages/***/task/task_runner/standard_task_runner.py:70: DeprecationWarning: This process (pid=5586) is multi-threaded, use of fork() may lead to deadlocks in the child.
  pid = os.fork()

[2025-07-02T07:45:00.182+0000] {standard_task_runner.py:72} INFO - Started process 5588 to run task
[2025-07-02T07:45:00.190+0000] {standard_task_runner.py:104} INFO - Running: ['***', 'tasks', 'run', 'extract_raw_data_pipeline', 'run_dbt_staging', 'scheduled__2025-07-02T07:43:00+00:00', '--job-id', '237', '--raw', '--subdir', 'DAGS_FOLDER/driven_data_pipeline.py', '--cfg-path', '/tmp/tmpv3n74u9l']
[2025-07-02T07:45:00.197+0000] {standard_task_runner.py:105} INFO - Job 237: Subtask run_dbt_staging
[2025-07-02T07:45:01.360+0000] {task_command.py:467} INFO - Running <TaskInstance: extract_raw_data_pipeline.run_dbt_staging scheduled__2025-07-02T07:43:00+00:00 [running]> on host 48b6d860598d
[2025-07-02T07:45:06.711+0000] {taskinstance.py:3131} INFO - Exporting env vars: AIRFLOW_CTX_DAG_OWNER='***' AIRFLOW_CTX_DAG_ID='extract_raw_data_pipeline' AIRFLOW_CTX_TASK_ID='run_dbt_staging' AIRFLOW_CTX_EXECUTION_DATE='2025-07-02T07:43:00+00:00' AIRFLOW_CTX_TRY_NUMBER='1' AIRFLOW_CTX_DAG_RUN_ID='scheduled__2025-07-02T07:43:00+00:00'
[2025-07-02T07:45:06.716+0000] {taskinstance.py:731} INFO - ::endgroup::
[2025-07-02T07:45:06.805+0000] {subprocess.py:63} INFO - Tmp dir root location: /tmp
[2025-07-02T07:45:06.807+0000] {subprocess.py:75} INFO - Running command: ['/usr/bin/bash', '-c', 'set -x; cd /opt/***/dbt && dbt run --select tag:staging']
[2025-07-02T07:45:06.831+0000] {subprocess.py:86} INFO - Output:
[2025-07-02T07:45:06.834+0000] {subprocess.py:93} INFO - + cd /opt/***/dbt
[2025-07-02T07:45:06.834+0000] {subprocess.py:93} INFO - + dbt run --select tag:staging
[2025-07-02T07:45:09.848+0000] {subprocess.py:93} INFO - [0m07:45:09  Running with dbt=1.8.0
[2025-07-02T07:45:10.129+0000] {subprocess.py:93} INFO - [0m07:45:10  Registered adapter: postgres=1.8.2
[2025-07-02T07:45:10.708+0000] {subprocess.py:93} INFO - [0m07:45:10  Found 9 models, 10 sources, 428 macros
[2025-07-02T07:45:10.715+0000] {subprocess.py:93} INFO - [0m07:45:10
[2025-07-02T07:45:10.871+0000] {subprocess.py:93} INFO - [0m07:45:10  Concurrency: 1 threads (target='dev')
[2025-07-02T07:45:10.873+0000] {subprocess.py:93} INFO - [0m07:45:10
[2025-07-02T07:45:10.892+0000] {subprocess.py:93} INFO - [0m07:45:10  1 of 5 START sql table model driven_staging.dim_address ........................ [RUN]
[2025-07-02T07:46:27.647+0000] {subprocess.py:93} INFO - [0m07:46:27  1 of 5 OK created sql table model driven_staging.dim_address ................... [[32mSELECT 356043[0m in 76.75s]
[2025-07-02T07:46:27.652+0000] {subprocess.py:93} INFO - [0m07:46:27  2 of 5 START sql table model driven_staging.dim_date ........................... [RUN]
[2025-07-02T16:19:31.739+0000] {job.py:229} INFO - Heartbeat recovered after 30745.45 seconds
[2025-07-02T16:19:38.933+0000] {job.py:229} INFO - Heartbeat recovered after 12.45 seconds
[2025-07-02T16:22:31.370+0000] {subprocess.py:93} INFO - [0m16:22:31  2 of 5 OK created sql table model driven_staging.dim_date ...................... [[32mSELECT 356043[0m in 30963.71s]
[2025-07-02T16:22:31.380+0000] {subprocess.py:93} INFO - [0m16:22:31  3 of 5 START sql table model driven_staging.dim_finance ........................ [RUN]
[2025-07-02T16:22:51.900+0000] {subprocess.py:93} INFO - [0m16:22:51  3 of 5 OK created sql table model driven_staging.dim_finance ................... [[32mSELECT 378987[0m in 20.51s]
[2025-07-02T16:22:51.902+0000] {subprocess.py:93} INFO - [0m16:22:51  4 of 5 START sql table model driven_staging.dim_person ......................... [RUN]
[2025-07-02T16:23:12.515+0000] {subprocess.py:93} INFO - [0m16:23:12  4 of 5 OK created sql table model driven_staging.dim_person .................... [[32mSELECT 378987[0m in 20.61s]
[2025-07-02T16:23:12.520+0000] {subprocess.py:93} INFO - [0m16:23:12  5 of 5 START sql table model driven_staging.fact_network_usage ................. [RUN]
[2025-07-02T16:23:25.397+0000] {subprocess.py:93} INFO - [0m16:23:25  5 of 5 OK created sql table model driven_staging.fact_network_usage ............ [[32mSELECT 378987[0m in 12.87s]
[2025-07-02T16:23:25.417+0000] {subprocess.py:93} INFO - [0m16:23:25
[2025-07-02T16:23:25.418+0000] {subprocess.py:93} INFO - [0m16:23:25  Finished running 5 table models in 8 hours 38 minutes and 14.70 seconds (31094.70s).
[2025-07-02T16:23:25.529+0000] {subprocess.py:93} INFO - [0m16:23:25
[2025-07-02T16:23:25.530+0000] {subprocess.py:93} INFO - [0m16:23:25  [32mCompleted successfully[0m
[2025-07-02T16:23:25.531+0000] {subprocess.py:93} INFO - [0m16:23:25
[2025-07-02T16:23:25.532+0000] {subprocess.py:93} INFO - [0m16:23:25  Done. PASS=5 WARN=0 ERROR=0 SKIP=0 TOTAL=5
[2025-07-02T16:23:26.288+0000] {subprocess.py:97} INFO - Command exited with return code 0
[2025-07-02T16:23:28.171+0000] {taskinstance.py:340} INFO - ::group::Post task execution logs
[2025-07-02T16:23:28.172+0000] {taskinstance.py:352} INFO - Marking task as SUCCESS. dag_id=extract_raw_data_pipeline, task_id=run_dbt_staging, run_id=scheduled__2025-07-02T07:43:00+00:00, execution_date=20250702T074300, start_date=20250702T074458, end_date=20250702T162328
[2025-07-02T16:23:29.769+0000] {local_task_job_runner.py:266} INFO - Task exited with return code 0
[2025-07-02T16:23:29.798+0000] {taskinstance.py:3900} INFO - 1 downstream tasks scheduled from follow-on schedule check
[2025-07-02T16:23:30.016+0000] {local_task_job_runner.py:245} INFO - ::endgroup::
