[2025-07-02T16:23:32.198+0000] {local_task_job_runner.py:123} INFO - ::group::Pre task execution logs
[2025-07-02T16:23:32.221+0000] {taskinstance.py:2612} INFO - Dependencies all met for dep_context=non-requeueable deps ti=<TaskInstance: extract_raw_data_pipeline.run_dbt_trusted scheduled__2025-07-02T07:43:00+00:00 [queued]>
[2025-07-02T16:23:32.231+0000] {taskinstance.py:2612} INFO - Dependencies all met for dep_context=requeueable deps ti=<TaskInstance: extract_raw_data_pipeline.run_dbt_trusted scheduled__2025-07-02T07:43:00+00:00 [queued]>
[2025-07-02T16:23:32.231+0000] {taskinstance.py:2865} INFO - Starting attempt 1 of 1
[2025-07-02T16:23:32.316+0000] {taskinstance.py:2888} INFO - Executing <Task(BashOperator): run_dbt_trusted> on 2025-07-02 07:43:00+00:00
[2025-07-02T16:23:32.342+0000] {warnings.py:112} WARNING - /home/***/.local/lib/python3.12/site-packages/***/task/task_runner/standard_task_runner.py:70: DeprecationWarning: This process (pid=5742) is multi-threaded, use of fork() may lead to deadlocks in the child.
  pid = os.fork()

[2025-07-02T16:23:32.346+0000] {standard_task_runner.py:72} INFO - Started process 5744 to run task
[2025-07-02T16:23:32.347+0000] {standard_task_runner.py:104} INFO - Running: ['***', 'tasks', 'run', 'extract_raw_data_pipeline', 'run_dbt_trusted', 'scheduled__2025-07-02T07:43:00+00:00', '--job-id', '245', '--raw', '--subdir', 'DAGS_FOLDER/driven_data_pipeline.py', '--cfg-path', '/tmp/tmptrol3rvp']
[2025-07-02T16:23:32.349+0000] {standard_task_runner.py:105} INFO - Job 245: Subtask run_dbt_trusted
[2025-07-02T16:23:32.574+0000] {task_command.py:467} INFO - Running <TaskInstance: extract_raw_data_pipeline.run_dbt_trusted scheduled__2025-07-02T07:43:00+00:00 [running]> on host 48b6d860598d
[2025-07-02T16:23:33.567+0000] {taskinstance.py:3131} INFO - Exporting env vars: AIRFLOW_CTX_DAG_OWNER='***' AIRFLOW_CTX_DAG_ID='extract_raw_data_pipeline' AIRFLOW_CTX_TASK_ID='run_dbt_trusted' AIRFLOW_CTX_EXECUTION_DATE='2025-07-02T07:43:00+00:00' AIRFLOW_CTX_TRY_NUMBER='1' AIRFLOW_CTX_DAG_RUN_ID='scheduled__2025-07-02T07:43:00+00:00'
[2025-07-02T16:23:33.568+0000] {taskinstance.py:731} INFO - ::endgroup::
[2025-07-02T16:23:33.595+0000] {subprocess.py:63} INFO - Tmp dir root location: /tmp
[2025-07-02T16:23:33.596+0000] {subprocess.py:75} INFO - Running command: ['/usr/bin/bash', '-c', 'set -x; cd /opt/***/dbt && dbt run --select tag:trusted']
[2025-07-02T16:23:33.612+0000] {subprocess.py:86} INFO - Output:
[2025-07-02T16:23:33.615+0000] {subprocess.py:93} INFO - + cd /opt/***/dbt
[2025-07-02T16:23:33.615+0000] {subprocess.py:93} INFO - + dbt run --select tag:trusted
[2025-07-02T16:23:37.091+0000] {subprocess.py:93} INFO - [0m16:23:37  Running with dbt=1.8.0
[2025-07-02T16:23:37.413+0000] {subprocess.py:93} INFO - [0m16:23:37  Registered adapter: postgres=1.8.2
[2025-07-02T16:23:38.056+0000] {subprocess.py:93} INFO - [0m16:23:38  Found 9 models, 10 sources, 428 macros
[2025-07-02T16:23:38.059+0000] {subprocess.py:93} INFO - [0m16:23:38
[2025-07-02T16:23:38.259+0000] {subprocess.py:93} INFO - [0m16:23:38  Concurrency: 1 threads (target='dev')
[2025-07-02T16:23:38.260+0000] {subprocess.py:93} INFO - [0m16:23:38
[2025-07-02T16:23:38.277+0000] {subprocess.py:93} INFO - [0m16:23:38  1 of 4 START sql table model driven_trusted.non_pii_data ....................... [RUN]
[2025-07-02T16:24:36.658+0000] {job.py:229} INFO - Heartbeat recovered after 10.96 seconds
[2025-07-02T16:24:42.698+0000] {subprocess.py:93} INFO - [0m16:24:42  1 of 4 OK created sql table model driven_trusted.non_pii_data .................. [[32mSELECT 703347[0m in 64.42s]
[2025-07-02T16:24:42.704+0000] {subprocess.py:93} INFO - [0m16:24:42  2 of 4 START sql table model driven_trusted.payment_data ....................... [RUN]
[2025-07-02T16:25:06.485+0000] {subprocess.py:93} INFO - [0m16:25:06  2 of 4 OK created sql table model driven_trusted.payment_data .................. [[32mSELECT 400611[0m in 23.78s]
[2025-07-02T16:25:06.491+0000] {subprocess.py:93} INFO - [0m16:25:06  3 of 4 START sql table model driven_trusted.pii_data ........................... [RUN]
[2025-07-02T16:25:17.125+0000] {job.py:229} INFO - Heartbeat recovered after 10.76 seconds
[2025-07-02T16:25:27.893+0000] {job.py:229} INFO - Heartbeat recovered after 15.35 seconds
[2025-07-02T16:25:34.555+0000] {job.py:229} INFO - Heartbeat recovered after 12.34 seconds
[2025-07-02T16:27:12.037+0000] {subprocess.py:93} INFO - [0m16:27:12  3 of 4 OK created sql table model driven_trusted.pii_data ...................... [[32mSELECT 703347[0m in 125.54s]
[2025-07-02T16:27:12.041+0000] {subprocess.py:93} INFO - [0m16:27:12  4 of 4 START sql table model driven_trusted.technical_data ..................... [RUN]
[2025-07-02T16:27:33.880+0000] {subprocess.py:93} INFO - [0m16:27:33  4 of 4 OK created sql table model driven_trusted.technical_data ................ [[32mSELECT 400611[0m in 21.83s]
[2025-07-02T16:27:33.903+0000] {subprocess.py:93} INFO - [0m16:27:33
[2025-07-02T16:27:33.904+0000] {subprocess.py:93} INFO - [0m16:27:33  Finished running 4 table models in 0 hours 3 minutes and 55.84 seconds (235.84s).
[2025-07-02T16:27:33.956+0000] {subprocess.py:93} INFO - [0m16:27:33
[2025-07-02T16:27:33.957+0000] {subprocess.py:93} INFO - [0m16:27:33  [32mCompleted successfully[0m
[2025-07-02T16:27:33.957+0000] {subprocess.py:93} INFO - [0m16:27:33
[2025-07-02T16:27:33.958+0000] {subprocess.py:93} INFO - [0m16:27:33  Done. PASS=4 WARN=0 ERROR=0 SKIP=0 TOTAL=4
[2025-07-02T16:27:34.699+0000] {subprocess.py:97} INFO - Command exited with return code 0
[2025-07-02T16:27:35.358+0000] {taskinstance.py:340} INFO - ::group::Post task execution logs
[2025-07-02T16:27:35.359+0000] {taskinstance.py:352} INFO - Marking task as SUCCESS. dag_id=extract_raw_data_pipeline, task_id=run_dbt_trusted, run_id=scheduled__2025-07-02T07:43:00+00:00, execution_date=20250702T074300, start_date=20250702T162332, end_date=20250702T162735
[2025-07-02T16:27:35.514+0000] {local_task_job_runner.py:266} INFO - Task exited with return code 0
[2025-07-02T16:27:35.602+0000] {taskinstance.py:3900} INFO - 0 downstream tasks scheduled from follow-on schedule check
[2025-07-02T16:27:35.810+0000] {local_task_job_runner.py:245} INFO - ::endgroup::
