[2025-07-02T07:07:10.985+0000] {local_task_job_runner.py:123} INFO - ::group::Pre task execution logs
[2025-07-02T07:07:11.004+0000] {taskinstance.py:2612} INFO - Dependencies all met for dep_context=non-requeueable deps ti=<TaskInstance: extract_raw_data_pipeline.run_dbt_staging scheduled__2025-07-02T07:06:00+00:00 [queued]>
[2025-07-02T07:07:11.013+0000] {taskinstance.py:2612} INFO - Dependencies all met for dep_context=requeueable deps ti=<TaskInstance: extract_raw_data_pipeline.run_dbt_staging scheduled__2025-07-02T07:06:00+00:00 [queued]>
[2025-07-02T07:07:11.014+0000] {taskinstance.py:2865} INFO - Starting attempt 1 of 1
[2025-07-02T07:07:11.065+0000] {taskinstance.py:2888} INFO - Executing <Task(BashOperator): run_dbt_staging> on 2025-07-02 07:06:00+00:00
[2025-07-02T07:07:11.074+0000] {warnings.py:112} WARNING - /home/***/.local/lib/python3.12/site-packages/***/task/task_runner/standard_task_runner.py:70: DeprecationWarning: This process (pid=3879) is multi-threaded, use of fork() may lead to deadlocks in the child.
  pid = os.fork()

[2025-07-02T07:07:11.075+0000] {standard_task_runner.py:72} INFO - Started process 3881 to run task
[2025-07-02T07:07:11.075+0000] {standard_task_runner.py:104} INFO - Running: ['***', 'tasks', 'run', 'extract_raw_data_pipeline', 'run_dbt_staging', 'scheduled__2025-07-02T07:06:00+00:00', '--job-id', '81', '--raw', '--subdir', 'DAGS_FOLDER/driven_data_pipeline.py', '--cfg-path', '/tmp/tmpieo8y69r']
[2025-07-02T07:07:11.076+0000] {standard_task_runner.py:105} INFO - Job 81: Subtask run_dbt_staging
[2025-07-02T07:07:11.162+0000] {task_command.py:467} INFO - Running <TaskInstance: extract_raw_data_pipeline.run_dbt_staging scheduled__2025-07-02T07:06:00+00:00 [running]> on host 48b6d860598d
[2025-07-02T07:07:11.318+0000] {taskinstance.py:3131} INFO - Exporting env vars: AIRFLOW_CTX_DAG_OWNER='***' AIRFLOW_CTX_DAG_ID='extract_raw_data_pipeline' AIRFLOW_CTX_TASK_ID='run_dbt_staging' AIRFLOW_CTX_EXECUTION_DATE='2025-07-02T07:06:00+00:00' AIRFLOW_CTX_TRY_NUMBER='1' AIRFLOW_CTX_DAG_RUN_ID='scheduled__2025-07-02T07:06:00+00:00'
[2025-07-02T07:07:11.319+0000] {taskinstance.py:731} INFO - ::endgroup::
[2025-07-02T07:07:11.335+0000] {subprocess.py:63} INFO - Tmp dir root location: /tmp
[2025-07-02T07:07:11.336+0000] {subprocess.py:75} INFO - Running command: ['/usr/bin/bash', '-c', 'set -x; cd /opt/***/dbt && dbt run --select tag:staging']
[2025-07-02T07:07:11.352+0000] {subprocess.py:86} INFO - Output:
[2025-07-02T07:07:11.355+0000] {subprocess.py:93} INFO - + cd /opt/***/dbt
[2025-07-02T07:07:11.355+0000] {subprocess.py:93} INFO - + dbt run --select tag:staging
[2025-07-02T07:07:14.223+0000] {subprocess.py:93} INFO - [0m07:07:14  Running with dbt=1.8.0
[2025-07-02T07:07:14.507+0000] {subprocess.py:93} INFO - [0m07:07:14  Registered adapter: postgres=1.8.2
[2025-07-02T07:07:14.972+0000] {subprocess.py:93} INFO - [0m07:07:14  Found 9 models, 10 sources, 428 macros
[2025-07-02T07:07:14.976+0000] {subprocess.py:93} INFO - [0m07:07:14
[2025-07-02T07:07:15.114+0000] {subprocess.py:93} INFO - [0m07:07:15  Concurrency: 1 threads (target='dev')
[2025-07-02T07:07:15.116+0000] {subprocess.py:93} INFO - [0m07:07:15
[2025-07-02T07:07:15.127+0000] {subprocess.py:93} INFO - [0m07:07:15  1 of 5 START sql table model driven_staging.dim_address ........................ [RUN]
[2025-07-02T07:07:15.726+0000] {subprocess.py:93} INFO - [0m07:07:15  1 of 5 OK created sql table model driven_staging.dim_address ................... [[32mSELECT 35922[0m in 0.60s]
[2025-07-02T07:07:15.729+0000] {subprocess.py:93} INFO - [0m07:07:15  2 of 5 START sql table model driven_staging.dim_date ........................... [RUN]
[2025-07-02T07:07:15.971+0000] {subprocess.py:93} INFO - [0m07:07:15  2 of 5 OK created sql table model driven_staging.dim_date ...................... [[32mSELECT 35922[0m in 0.24s]
[2025-07-02T07:07:15.978+0000] {subprocess.py:93} INFO - [0m07:07:15  3 of 5 START sql table model driven_staging.dim_finance ........................ [RUN]
[2025-07-02T07:07:16.449+0000] {subprocess.py:93} INFO - [0m07:07:16  3 of 5 OK created sql table model driven_staging.dim_finance ................... [[32mSELECT 35922[0m in 0.47s]
[2025-07-02T07:07:16.452+0000] {subprocess.py:93} INFO - [0m07:07:16  4 of 5 START sql table model driven_staging.dim_person ......................... [RUN]
[2025-07-02T07:07:17.177+0000] {subprocess.py:93} INFO - [0m07:07:17  4 of 5 OK created sql table model driven_staging.dim_person .................... [[32mSELECT 35922[0m in 0.72s]
[2025-07-02T07:07:17.185+0000] {subprocess.py:93} INFO - [0m07:07:17  5 of 5 START sql table model driven_staging.fact_network_usage ................. [RUN]
[2025-07-02T07:07:18.075+0000] {subprocess.py:93} INFO - [0m07:07:18  5 of 5 OK created sql table model driven_staging.fact_network_usage ............ [[32mSELECT 35922[0m in 0.88s]
[2025-07-02T07:07:18.098+0000] {subprocess.py:93} INFO - [0m07:07:18
[2025-07-02T07:07:18.100+0000] {subprocess.py:93} INFO - [0m07:07:18  Finished running 5 table models in 0 hours 0 minutes and 3.12 seconds (3.12s).
[2025-07-02T07:07:18.141+0000] {subprocess.py:93} INFO - [0m07:07:18
[2025-07-02T07:07:18.142+0000] {subprocess.py:93} INFO - [0m07:07:18  [32mCompleted successfully[0m
[2025-07-02T07:07:18.142+0000] {subprocess.py:93} INFO - [0m07:07:18
[2025-07-02T07:07:18.143+0000] {subprocess.py:93} INFO - [0m07:07:18  Done. PASS=5 WARN=0 ERROR=0 SKIP=0 TOTAL=5
[2025-07-02T07:07:18.935+0000] {subprocess.py:97} INFO - Command exited with return code 0
[2025-07-02T07:07:19.117+0000] {taskinstance.py:340} INFO - ::group::Post task execution logs
[2025-07-02T07:07:19.118+0000] {taskinstance.py:352} INFO - Marking task as SUCCESS. dag_id=extract_raw_data_pipeline, task_id=run_dbt_staging, run_id=scheduled__2025-07-02T07:06:00+00:00, execution_date=20250702T070600, start_date=20250702T070711, end_date=20250702T070719
[2025-07-02T07:07:19.195+0000] {local_task_job_runner.py:266} INFO - Task exited with return code 0
[2025-07-02T07:07:19.213+0000] {taskinstance.py:3900} INFO - 1 downstream tasks scheduled from follow-on schedule check
[2025-07-02T07:07:19.249+0000] {local_task_job_runner.py:245} INFO - ::endgroup::
