[2025-07-02T07:22:07.006+0000] {local_task_job_runner.py:123} INFO - ::group::Pre task execution logs
[2025-07-02T07:22:07.031+0000] {taskinstance.py:2612} INFO - Dependencies all met for dep_context=non-requeueable deps ti=<TaskInstance: extract_raw_data_pipeline.extract_raw_data scheduled__2025-07-02T07:21:00+00:00 [queued]>
[2025-07-02T07:22:07.045+0000] {taskinstance.py:2612} INFO - Dependencies all met for dep_context=requeueable deps ti=<TaskInstance: extract_raw_data_pipeline.extract_raw_data scheduled__2025-07-02T07:21:00+00:00 [queued]>
[2025-07-02T07:22:07.045+0000] {taskinstance.py:2865} INFO - Starting attempt 1 of 1
[2025-07-02T07:22:07.460+0000] {taskinstance.py:2888} INFO - Executing <Task(PythonOperator): extract_raw_data> on 2025-07-02 07:21:00+00:00
[2025-07-02T07:22:07.488+0000] {warnings.py:112} WARNING - /home/***/.local/lib/python3.12/site-packages/***/task/task_runner/standard_task_runner.py:70: DeprecationWarning: This process (pid=4681) is multi-threaded, use of fork() may lead to deadlocks in the child.
  pid = os.fork()

[2025-07-02T07:22:07.492+0000] {standard_task_runner.py:72} INFO - Started process 4686 to run task
[2025-07-02T07:22:07.492+0000] {standard_task_runner.py:104} INFO - Running: ['***', 'tasks', 'run', 'extract_raw_data_pipeline', 'extract_raw_data', 'scheduled__2025-07-02T07:21:00+00:00', '--job-id', '157', '--raw', '--subdir', 'DAGS_FOLDER/driven_data_pipeline.py', '--cfg-path', '/tmp/tmpdwwlv2w3']
[2025-07-02T07:22:07.494+0000] {standard_task_runner.py:105} INFO - Job 157: Subtask extract_raw_data
[2025-07-02T07:22:08.077+0000] {task_command.py:467} INFO - Running <TaskInstance: extract_raw_data_pipeline.extract_raw_data scheduled__2025-07-02T07:21:00+00:00 [running]> on host 48b6d860598d
[2025-07-02T07:22:09.359+0000] {taskinstance.py:3131} INFO - Exporting env vars: AIRFLOW_CTX_DAG_OWNER='***' AIRFLOW_CTX_DAG_ID='extract_raw_data_pipeline' AIRFLOW_CTX_TASK_ID='extract_raw_data' AIRFLOW_CTX_EXECUTION_DATE='2025-07-02T07:21:00+00:00' AIRFLOW_CTX_TRY_NUMBER='1' AIRFLOW_CTX_DAG_RUN_ID='scheduled__2025-07-02T07:21:00+00:00'
[2025-07-02T07:22:09.360+0000] {taskinstance.py:731} INFO - ::endgroup::
[2025-07-02T07:22:09.385+0000] {driven_data_pipeline.py:153} INFO - Started batch processing for 2025-07-02.
[2025-07-02T07:22:09.385+0000] {driven_data_pipeline.py:35} INFO - Created synthetic data for MX country code.
[2025-07-02T07:22:09.765+0000] {driven_data_pipeline.py:108} INFO - Written 773 records to the CSV file.
[2025-07-02T07:22:10.114+0000] {driven_data_pipeline.py:125} INFO - Added UUID to the dataset.
[2025-07-02T07:22:10.293+0000] {driven_data_pipeline.py:145} INFO - Updated accessed timestamp.
[2025-07-02T07:22:10.296+0000] {driven_data_pipeline.py:161} INFO - Finished batch processing 2025-07-02.
[2025-07-02T07:22:10.300+0000] {python.py:240} INFO - Done. Returned value was: None
[2025-07-02T07:22:10.362+0000] {taskinstance.py:340} INFO - ::group::Post task execution logs
[2025-07-02T07:22:10.364+0000] {taskinstance.py:352} INFO - Marking task as SUCCESS. dag_id=extract_raw_data_pipeline, task_id=extract_raw_data, run_id=scheduled__2025-07-02T07:21:00+00:00, execution_date=20250702T072100, start_date=20250702T072207, end_date=20250702T072210
[2025-07-02T07:22:10.882+0000] {local_task_job_runner.py:266} INFO - Task exited with return code 0
[2025-07-02T07:22:10.928+0000] {taskinstance.py:3900} INFO - 1 downstream tasks scheduled from follow-on schedule check
[2025-07-02T07:22:11.791+0000] {local_task_job_runner.py:245} INFO - ::endgroup::
