[2025-07-02T07:02:16.471+0000] {local_task_job_runner.py:123} INFO - ::group::Pre task execution logs
[2025-07-02T07:02:16.487+0000] {taskinstance.py:2612} INFO - Dependencies all met for dep_context=non-requeueable deps ti=<TaskInstance: extract_raw_data_pipeline.run_dbt_trusted scheduled__2025-07-02T07:01:00+00:00 [queued]>
[2025-07-02T07:02:16.496+0000] {taskinstance.py:2612} INFO - Dependencies all met for dep_context=requeueable deps ti=<TaskInstance: extract_raw_data_pipeline.run_dbt_trusted scheduled__2025-07-02T07:01:00+00:00 [queued]>
[2025-07-02T07:02:16.496+0000] {taskinstance.py:2865} INFO - Starting attempt 1 of 1
[2025-07-02T07:02:16.543+0000] {taskinstance.py:2888} INFO - Executing <Task(BashOperator): run_dbt_trusted> on 2025-07-02 07:01:00+00:00
[2025-07-02T07:02:16.566+0000] {warnings.py:112} WARNING - /home/***/.local/lib/python3.12/site-packages/***/task/task_runner/standard_task_runner.py:70: DeprecationWarning: This process (pid=3591) is multi-threaded, use of fork() may lead to deadlocks in the child.
  pid = os.fork()

[2025-07-02T07:02:16.570+0000] {standard_task_runner.py:72} INFO - Started process 3593 to run task
[2025-07-02T07:02:16.572+0000] {standard_task_runner.py:104} INFO - Running: ['***', 'tasks', 'run', 'extract_raw_data_pipeline', 'run_dbt_trusted', 'scheduled__2025-07-02T07:01:00+00:00', '--job-id', '52', '--raw', '--subdir', 'DAGS_FOLDER/driven_data_pipeline.py', '--cfg-path', '/tmp/tmptpt6f9ci']
[2025-07-02T07:02:16.575+0000] {standard_task_runner.py:105} INFO - Job 52: Subtask run_dbt_trusted
[2025-07-02T07:02:16.681+0000] {task_command.py:467} INFO - Running <TaskInstance: extract_raw_data_pipeline.run_dbt_trusted scheduled__2025-07-02T07:01:00+00:00 [running]> on host 48b6d860598d
[2025-07-02T07:02:16.857+0000] {taskinstance.py:3131} INFO - Exporting env vars: AIRFLOW_CTX_DAG_OWNER='***' AIRFLOW_CTX_DAG_ID='extract_raw_data_pipeline' AIRFLOW_CTX_TASK_ID='run_dbt_trusted' AIRFLOW_CTX_EXECUTION_DATE='2025-07-02T07:01:00+00:00' AIRFLOW_CTX_TRY_NUMBER='1' AIRFLOW_CTX_DAG_RUN_ID='scheduled__2025-07-02T07:01:00+00:00'
[2025-07-02T07:02:16.861+0000] {taskinstance.py:731} INFO - ::endgroup::
[2025-07-02T07:02:16.891+0000] {subprocess.py:63} INFO - Tmp dir root location: /tmp
[2025-07-02T07:02:16.892+0000] {subprocess.py:75} INFO - Running command: ['/usr/bin/bash', '-c', 'set -x; cd /opt/***/dbt && dbt run --select tag:trusted']
[2025-07-02T07:02:16.906+0000] {subprocess.py:86} INFO - Output:
[2025-07-02T07:02:16.908+0000] {subprocess.py:93} INFO - + cd /opt/***/dbt
[2025-07-02T07:02:16.909+0000] {subprocess.py:93} INFO - + dbt run --select tag:trusted
[2025-07-02T07:02:19.587+0000] {subprocess.py:93} INFO - [0m07:02:19  Running with dbt=1.8.0
[2025-07-02T07:02:19.872+0000] {subprocess.py:93} INFO - [0m07:02:19  Registered adapter: postgres=1.8.2
[2025-07-02T07:02:20.324+0000] {subprocess.py:93} INFO - [0m07:02:20  Found 9 models, 10 sources, 428 macros
[2025-07-02T07:02:20.328+0000] {subprocess.py:93} INFO - [0m07:02:20
[2025-07-02T07:02:20.481+0000] {subprocess.py:93} INFO - [0m07:02:20  Concurrency: 1 threads (target='dev')
[2025-07-02T07:02:20.482+0000] {subprocess.py:93} INFO - [0m07:02:20
[2025-07-02T07:02:20.496+0000] {subprocess.py:93} INFO - [0m07:02:20  1 of 4 START sql table model driven_trusted.non_pii_data ....................... [RUN]
[2025-07-02T07:02:21.539+0000] {subprocess.py:93} INFO - [0m07:02:21  1 of 4 OK created sql table model driven_trusted.non_pii_data .................. [[32mSELECT 14292[0m in 1.04s]
[2025-07-02T07:02:21.544+0000] {subprocess.py:93} INFO - [0m07:02:21  2 of 4 START sql table model driven_trusted.payment_data ....................... [RUN]
[2025-07-02T07:02:21.796+0000] {subprocess.py:93} INFO - [0m07:02:21  2 of 4 OK created sql table model driven_trusted.payment_data .................. [[32mSELECT 14292[0m in 0.25s]
[2025-07-02T07:02:21.799+0000] {subprocess.py:93} INFO - [0m07:02:21  3 of 4 START sql table model driven_trusted.pii_data ........................... [RUN]
[2025-07-02T07:02:23.433+0000] {subprocess.py:93} INFO - [0m07:02:23  3 of 4 OK created sql table model driven_trusted.pii_data ...................... [[32mSELECT 14292[0m in 1.63s]
[2025-07-02T07:02:23.438+0000] {subprocess.py:93} INFO - [0m07:02:23  4 of 4 START sql table model driven_trusted.technical_data ..................... [RUN]
[2025-07-02T07:02:23.998+0000] {subprocess.py:93} INFO - [0m07:02:23  4 of 4 OK created sql table model driven_trusted.technical_data ................ [[32mSELECT 14292[0m in 0.56s]
[2025-07-02T07:02:24.017+0000] {subprocess.py:93} INFO - [0m07:02:24
[2025-07-02T07:02:24.018+0000] {subprocess.py:93} INFO - [0m07:02:24  Finished running 4 table models in 0 hours 0 minutes and 3.69 seconds (3.69s).
[2025-07-02T07:02:24.069+0000] {subprocess.py:93} INFO - [0m07:02:24
[2025-07-02T07:02:24.070+0000] {subprocess.py:93} INFO - [0m07:02:24  [32mCompleted successfully[0m
[2025-07-02T07:02:24.070+0000] {subprocess.py:93} INFO - [0m07:02:24
[2025-07-02T07:02:24.071+0000] {subprocess.py:93} INFO - [0m07:02:24  Done. PASS=4 WARN=0 ERROR=0 SKIP=0 TOTAL=4
[2025-07-02T07:02:24.804+0000] {subprocess.py:97} INFO - Command exited with return code 0
[2025-07-02T07:02:25.183+0000] {taskinstance.py:340} INFO - ::group::Post task execution logs
[2025-07-02T07:02:25.184+0000] {taskinstance.py:352} INFO - Marking task as SUCCESS. dag_id=extract_raw_data_pipeline, task_id=run_dbt_trusted, run_id=scheduled__2025-07-02T07:01:00+00:00, execution_date=20250702T070100, start_date=20250702T070216, end_date=20250702T070225
[2025-07-02T07:02:25.277+0000] {local_task_job_runner.py:266} INFO - Task exited with return code 0
[2025-07-02T07:02:25.336+0000] {taskinstance.py:3900} INFO - 0 downstream tasks scheduled from follow-on schedule check
[2025-07-02T07:02:25.377+0000] {local_task_job_runner.py:245} INFO - ::endgroup::
