[2025-07-02T01:29:39.710+0000] {local_task_job_runner.py:123} INFO - ::group::Pre task execution logs
[2025-07-02T01:29:39.726+0000] {taskinstance.py:2612} INFO - Dependencies all met for dep_context=non-requeueable deps ti=<TaskInstance: extract_raw_data_pipeline.run_dbt_trusted manual__2025-07-02T01:29:20.005894+00:00 [queued]>
[2025-07-02T01:29:39.735+0000] {taskinstance.py:2612} INFO - Dependencies all met for dep_context=requeueable deps ti=<TaskInstance: extract_raw_data_pipeline.run_dbt_trusted manual__2025-07-02T01:29:20.005894+00:00 [queued]>
[2025-07-02T01:29:39.735+0000] {taskinstance.py:2865} INFO - Starting attempt 1 of 1
[2025-07-02T01:29:39.781+0000] {taskinstance.py:2888} INFO - Executing <Task(BashOperator): run_dbt_trusted> on 2025-07-02 01:29:20.005894+00:00
[2025-07-02T01:29:39.790+0000] {warnings.py:112} WARNING - /home/***/.local/lib/python3.12/site-packages/***/task/task_runner/standard_task_runner.py:70: DeprecationWarning: This process (pid=380) is multi-threaded, use of fork() may lead to deadlocks in the child.
  pid = os.fork()

[2025-07-02T01:29:39.792+0000] {standard_task_runner.py:72} INFO - Started process 382 to run task
[2025-07-02T01:29:39.793+0000] {standard_task_runner.py:104} INFO - Running: ['***', 'tasks', 'run', 'extract_raw_data_pipeline', 'run_dbt_trusted', 'manual__2025-07-02T01:29:20.005894+00:00', '--job-id', '20', '--raw', '--subdir', 'DAGS_FOLDER/driven_data_pipeline.py', '--cfg-path', '/tmp/tmp6_wfle_y']
[2025-07-02T01:29:39.795+0000] {standard_task_runner.py:105} INFO - Job 20: Subtask run_dbt_trusted
[2025-07-02T01:29:39.868+0000] {task_command.py:467} INFO - Running <TaskInstance: extract_raw_data_pipeline.run_dbt_trusted manual__2025-07-02T01:29:20.005894+00:00 [running]> on host 48b6d860598d
[2025-07-02T01:29:40.023+0000] {taskinstance.py:3131} INFO - Exporting env vars: AIRFLOW_CTX_DAG_OWNER='***' AIRFLOW_CTX_DAG_ID='extract_raw_data_pipeline' AIRFLOW_CTX_TASK_ID='run_dbt_trusted' AIRFLOW_CTX_EXECUTION_DATE='2025-07-02T01:29:20.005894+00:00' AIRFLOW_CTX_TRY_NUMBER='1' AIRFLOW_CTX_DAG_RUN_ID='manual__2025-07-02T01:29:20.005894+00:00'
[2025-07-02T01:29:40.028+0000] {taskinstance.py:731} INFO - ::endgroup::
[2025-07-02T01:29:40.091+0000] {subprocess.py:63} INFO - Tmp dir root location: /tmp
[2025-07-02T01:29:40.092+0000] {subprocess.py:75} INFO - Running command: ['/usr/bin/bash', '-c', 'set -x; cd /opt/***/dbt && dbt run --select tag:trusted']
[2025-07-02T01:29:40.113+0000] {subprocess.py:86} INFO - Output:
[2025-07-02T01:29:40.115+0000] {subprocess.py:93} INFO - + cd /opt/***/dbt
[2025-07-02T01:29:40.116+0000] {subprocess.py:93} INFO - + dbt run --select tag:trusted
[2025-07-02T01:29:42.852+0000] {subprocess.py:93} INFO - [0m01:29:42  Running with dbt=1.8.0
[2025-07-02T01:29:43.192+0000] {subprocess.py:93} INFO - [0m01:29:43  Registered adapter: postgres=1.8.2
[2025-07-02T01:29:43.683+0000] {subprocess.py:93} INFO - [0m01:29:43  Found 9 models, 10 sources, 428 macros
[2025-07-02T01:29:43.686+0000] {subprocess.py:93} INFO - [0m01:29:43
[2025-07-02T01:29:43.829+0000] {subprocess.py:93} INFO - [0m01:29:43  Concurrency: 1 threads (target='dev')
[2025-07-02T01:29:43.830+0000] {subprocess.py:93} INFO - [0m01:29:43
[2025-07-02T01:29:43.842+0000] {subprocess.py:93} INFO - [0m01:29:43  1 of 4 START sql table model driven_trusted.non_pii_data ....................... [RUN]
[2025-07-02T01:29:45.003+0000] {subprocess.py:93} INFO - [0m01:29:45  1 of 4 OK created sql table model driven_trusted.non_pii_data .................. [[32mSELECT 2017[0m in 1.15s]
[2025-07-02T01:29:45.009+0000] {subprocess.py:93} INFO - [0m01:29:45  2 of 4 START sql table model driven_trusted.payment_data ....................... [RUN]
[2025-07-02T01:29:45.157+0000] {subprocess.py:93} INFO - [0m01:29:45  2 of 4 OK created sql table model driven_trusted.payment_data .................. [[32mSELECT 2017[0m in 0.14s]
[2025-07-02T01:29:45.161+0000] {subprocess.py:93} INFO - [0m01:29:45  3 of 4 START sql table model driven_trusted.pii_data ........................... [RUN]
[2025-07-02T01:29:45.457+0000] {subprocess.py:93} INFO - [0m01:29:45  3 of 4 OK created sql table model driven_trusted.pii_data ...................... [[32mSELECT 2017[0m in 0.29s]
[2025-07-02T01:29:45.466+0000] {subprocess.py:93} INFO - [0m01:29:45  4 of 4 START sql table model driven_trusted.technical_data ..................... [RUN]
[2025-07-02T01:29:46.040+0000] {subprocess.py:93} INFO - [0m01:29:46  4 of 4 OK created sql table model driven_trusted.technical_data ................ [[32mSELECT 2017[0m in 0.57s]
[2025-07-02T01:29:46.064+0000] {subprocess.py:93} INFO - [0m01:29:46
[2025-07-02T01:29:46.065+0000] {subprocess.py:93} INFO - [0m01:29:46  Finished running 4 table models in 0 hours 0 minutes and 2.38 seconds (2.38s).
[2025-07-02T01:29:46.107+0000] {subprocess.py:93} INFO - [0m01:29:46
[2025-07-02T01:29:46.108+0000] {subprocess.py:93} INFO - [0m01:29:46  [32mCompleted successfully[0m
[2025-07-02T01:29:46.109+0000] {subprocess.py:93} INFO - [0m01:29:46
[2025-07-02T01:29:46.109+0000] {subprocess.py:93} INFO - [0m01:29:46  Done. PASS=4 WARN=0 ERROR=0 SKIP=0 TOTAL=4
[2025-07-02T01:29:46.993+0000] {subprocess.py:97} INFO - Command exited with return code 0
[2025-07-02T01:29:47.663+0000] {taskinstance.py:340} INFO - ::group::Post task execution logs
[2025-07-02T01:29:47.665+0000] {taskinstance.py:352} INFO - Marking task as SUCCESS. dag_id=extract_raw_data_pipeline, task_id=run_dbt_trusted, run_id=manual__2025-07-02T01:29:20.005894+00:00, execution_date=20250702T012920, start_date=20250702T012939, end_date=20250702T012947
[2025-07-02T01:29:47.740+0000] {local_task_job_runner.py:266} INFO - Task exited with return code 0
[2025-07-02T01:29:47.757+0000] {taskinstance.py:3900} INFO - 0 downstream tasks scheduled from follow-on schedule check
[2025-07-02T01:29:47.775+0000] {local_task_job_runner.py:245} INFO - ::endgroup::
